06-04 17:07:15.748  1046  2001 I am_proc_start: [0,7015,1000,com.lge.ckerrorreporterui,broadcast,com.lge.ckerrorreporterui/.CKErrorReporterReceiver]
06-04 17:07:15.773  1046  1449 I am_proc_bound: [0,7015,com.lge.ckerrorreporterui]
06-04 17:07:15.810  1046  2050 I am_create_task: [0,6]
06-04 17:07:15.810  1046  2050 I am_create_activity: [0,256464992,6,com.lge.ckerrorreporterui/.CKErrorReporterListActivity,lge.android.intent.action.CKERROR,NULL,NULL,880803840]
06-04 17:07:15.811  1046  2050 I wm_task_created: [6,1]
06-04 17:07:15.811  1046  2050 I wm_task_moved: [6,1,0]
06-04 17:07:15.814  1046  2050 I am_pause_activity: [0,764306954,com.lge.launcher2/.Launcher]
06-04 17:07:15.855  1046  1963 I am_proc_start: [0,7035,10158,com.lge.qremote,broadcast,com.lge.qremote/.appwidget.RemoteAppWidgetProvider]
06-04 17:07:15.857  1046  1963 I am_kill : [0,6450,com.lge.eula,15,empty #17]
06-04 17:07:15.940  1046  1776 I am_proc_died: [0,6450,com.lge.eula]
06-04 17:07:15.942  2115  2115 I am_on_paused_called: [0,com.lge.launcher2.Launcher]
06-04 17:07:15.942  1046  2058 I am_proc_bound: [0,7035,com.lge.qremote]
06-04 17:07:15.954  1046  1962 I am_resume_activity: [0,256464992,6,com.lge.ckerrorreporterui/.CKErrorReporterListActivity]
06-04 17:07:15.955  1046  1046 I notification_cancel: [1000,1046,android,1000,NULL,0,0,0,8,NULL]
06-04 17:07:16.129  7015  7015 I am_on_resume_called: [0,com.lge.ckerrorreporterui.CKErrorReporterListActivity]
06-04 17:07:16.201  7015  7015 I am_on_resume_called: [0,com.lge.ckerrorreporterui.CKErrorReporterListActivity]
06-04 17:07:16.212  1046  1419 I am_proc_start: [0,7066,10127,com.uei.lg.quicksetsdk.lite,service,com.uei.lg.quicksetsdk.lite/com.uei.control.Service]
06-04 17:07:16.255  1046  2095 I am_proc_bound: [0,7066,com.uei.lg.quicksetsdk.lite]
06-04 17:07:16.379  1046  2050 I am_proc_start: [0,7101,1000,com.lge.sync,broadcast,com.lge.sync/.StartReceiver]
06-04 17:07:16.380  1046  1962 I dvm_lock_sample: [system_server,1,Binder_9,28,ActivityManagerService.java,16731,BroadcastQueue.java,592,5]
06-04 17:07:16.407  1046  2058 I am_proc_bound: [0,7101,com.lge.sync]
06-04 17:07:16.459   282   282 I sf_frame_dur: [com.lge.launcher2/com.lge.launcher2.Launcher,148,16,21,6,3,0,4]
06-04 17:07:16.470  1046  2050 I am_proc_start: [0,7129,10074,com.kddi.android.lismobookstore,broadcast,com.kddi.android.lismobookstore/.broadcast.WifiStateBroadcastReceiver]
06-04 17:07:16.472  1046  1117 I am_activity_launch_time: [0,256464992,com.lge.ckerrorreporterui/.CKErrorReporterListActivity,529,529]
06-04 17:07:16.501  1046  2058 I am_proc_bound: [0,7129,com.kddi.android.lismobookstore]
06-04 17:07:16.560  1046  2058 I am_kill : [0,6474,com.google.android.youtube,15,empty #17]
06-04 17:07:16.640  1046  2001 I am_proc_died: [0,6474,com.google.android.youtube]
06-04 17:07:16.678  1046  2058 I dvm_lock_sample: [system_server,0,Binder_F,38,ActivityManagerService.java,16826,-,1233,7]
06-04 17:07:16.855  1046  1963 I am_proc_start: [0,7162,10026,com.android.contacts,broadcast,com.android.contacts/com.lge.contacts.util.RcsServiceBroadcastReceiver]
06-04 17:07:16.879  1046  2001 I am_proc_bound: [0,7162,com.android.contacts]
06-04 17:07:16.923  1046  1963 I am_kill : [0,6629,com.kddi.pass.launcher,15,empty #17]
06-04 17:07:17.050  1046  1963 I am_kill : [0,6554,com.kddi.android.auclouduploader,15,empty #18]
06-04 17:07:17.142  1046  1449 I dvm_lock_sample: [system_server,1,Binder_4,211,ActivityManagerService.java,10175,-,15706,42]
06-04 17:07:17.144  1046  1799 I am_proc_died: [0,6629,com.kddi.pass.launcher]
06-04 17:07:17.152  1046  1943 I am_proc_died: [0,6554,com.kddi.android.auclouduploader]
06-04 17:07:17.287  1046  1046 I notification_cancel: [10061,3429,com.kddi.android.au_wifi_connect,8,NULL,0,0,64,8,NULL]
06-04 17:07:17.288  1046  1046 I notification_cancel: [10061,3429,com.kddi.android.au_wifi_connect,1,NULL,0,0,64,8,NULL]
06-04 17:07:17.383  1046  2095 I am_kill : [0,6741,com.lge.drmservice,15,empty #17]
06-04 17:07:17.415  1046  1963 I am_proc_died: [0,6741,com.lge.drmservice]
06-04 17:07:17.419  1046  2058 I am_finish_activity: [0,256464992,6,com.lge.ckerrorreporterui/.CKErrorReporterListActivity,app-request]
06-04 17:07:17.420  1046  2058 I wm_task_moved: [5,1,0]
06-04 17:07:17.437  1046  2058 I am_pause_activity: [0,256464992,com.lge.ckerrorreporterui/.CKErrorReporterListActivity]
06-04 17:07:17.440  7015  7015 I am_on_paused_called: [0,com.lge.ckerrorreporterui.CKErrorReporterListActivity]
06-04 17:07:17.450  1046  1943 I am_resume_activity: [0,764306954,5,com.lge.launcher2/.Launcher]
06-04 17:07:17.485  2115  2115 I am_on_resume_called: [0,com.lge.launcher2.Launcher]
06-04 17:07:17.574  1046  1117 I am_activity_launch_time: [0,764306954,com.lge.launcher2/.Launcher,125,9812]
06-04 17:07:17.633  1046  1776 I am_proc_start: [0,7222,1000,com.lge.hiddenmenu,broadcast,com.lge.hiddenmenu/.kddi_only.sms_setting.AssistReceiver]
06-04 17:07:17.657  1046  2050 I am_proc_bound: [0,7222,com.lge.hiddenmenu]
06-04 17:07:17.744  1046  1943 I am_proc_start: [0,7248,10005,jp.united.app.cocoppa,broadcast,jp.united.app.cocoppa/com.inmobi.commons.analytics.androidsdk.IMAdTrackerReceiver]
06-04 17:07:17.746  1046  1943 I am_kill : [0,6775,com.google.android.setupwizard,15,empty #17]
06-04 17:07:17.800  1046  1112 I dvm_lock_sample: [system_server,0,ActivityManager,53,ActivityManagerService.java,3783,-,18976,10]
06-04 17:07:17.800  1046  2036 I am_proc_died: [0,6775,com.google.android.setupwizard]
06-04 17:07:17.805  1046  1063 I am_proc_bound: [0,7248,jp.united.app.cocoppa]
06-04 17:07:17.830  1046  1112 I am_destroy_activity: [0,256464992,6,com.lge.ckerrorreporterui/.CKErrorReporterListActivity,finish-imm]
06-04 17:07:17.834  1046  1112 I am_kill : [0,6797,com.lge.clock,15,empty #17]
06-04 17:07:17.915  1046  1943 I am_proc_died: [0,6797,com.lge.clock]
06-04 17:07:17.980  1046  1799 I am_kill : [0,6840,com.lge.myplace.engine:MyplaceWifiReceiver,15,empty #17]
06-04 17:07:18.002  1046  1117 I wm_task_removed: [6,removeAppToken: last token]
06-04 17:07:18.002  1046  1117 I wm_task_removed: [6,removeTask]
06-04 17:07:18.013   282   282 I sf_frame_dur: [com.lge.ckerrorreporterui/com.lge.ckerrorreporterui.CKErrorReporterListActivity,4,1,1,0,0,1,0]
06-04 17:07:18.051  1046  1419 I dvm_lock_sample: [system_server,1,Binder_3,56,ActivityManagerService.java,15668,BroadcastQueue.java,592,11]
06-04 17:07:18.054  1046  1963 I am_proc_died: [0,6840,com.lge.myplace.engine:MyplaceWifiReceiver]
06-04 17:07:18.160  1046  2036 I am_proc_start: [0,7286,10019,com.lge.appbox.client,broadcast,com.lge.appbox.client/com.lge.appbox.receiver.NetworkStateForAutoUpdateMonitor]
06-04 17:07:18.192  1046  1962 I am_proc_bound: [0,7286,com.lge.appbox.client]
06-04 17:07:18.282  1046  2050 I notification_cancel_all: [10028,4783,com.android.providers.downloads,0,0,64,9,NULL]
06-04 17:07:18.319  1046  1963 I am_proc_start: [0,7316,10030,com.lge.email,broadcast,com.lge.email/.adapter.eas.EasBroadcastReceiver]
06-04 17:07:18.326  1046  1963 I am_kill : [0,6925,com.lge.fullsize.auhome.widget,15,empty #17]
06-04 17:07:18.352  1046  1449 I am_proc_died: [0,6925,com.lge.fullsize.auhome.widget]
06-04 17:07:18.366  1046  1799 I am_proc_bound: [0,7316,com.lge.email]
06-04 17:07:18.690  1046  1983 I am_proc_start: [0,7347,10167,com.lge.myplace,broadcast,com.lge.myplace/.Receiver]
06-04 17:07:18.733  1046  1983 I am_proc_bound: [0,7347,com.lge.myplace]
06-04 17:07:18.810  1046  2171 I force_gc: Binder
06-04 17:07:18.824  1046  1963 I am_kill : [0,6391,com.lge.sizechangable.weather,15,empty #17]
06-04 17:07:18.911  1046  1943 I dvm_lock_sample: [system_server,1,Binder_8,82,ActivityManagerService.java,16731,-,15706,16]
06-04 17:07:18.911  1046  1983 I am_proc_died: [0,6391,com.lge.sizechangable.weather]
06-04 17:07:18.914  1046  1111 I dvm_lock_sample: [system_server,0,android.bg,69,ActivityManagerService.java,2102,-,15706,13]
06-04 17:07:19.025  1046  2001 I am_proc_start: [0,7401,10053,com.google.android.setupwizard,broadcast,com.google.android.setupwizard/.carrier.MobileConnectivityChangeReceiver]
06-04 17:07:19.026  1046  2001 I am_kill : [0,6949,com.lge.lifetracker,15,empty #17]
06-04 17:07:19.127  1046  1419 I am_proc_died: [0,6949,com.lge.lifetracker]
06-04 17:07:19.134  1046  1776 I am_proc_bound: [0,7401,com.google.android.setupwizard]
06-04 17:07:19.276  1046  1799 I am_proc_start: [0,7428,10065,com.kddi.android.email:EventReceiver,broadcast,com.kddi.android.email/com.access_company.android.nfcommunicator.sendSchedule.ConnectivityReceiver]
06-04 17:07:19.276  1046  1799 I am_kill : [0,6982,com.lge.lgaccount,15,empty #17]
06-04 17:07:19.436  1046  2036 I dvm_lock_sample: [system_server,1,Binder_D,208,ActivityManagerService.java,16731,BroadcastQueue.java,592,41]
06-04 17:07:19.439  1046  1449 I am_proc_died: [0,6982,com.lge.lgaccount]
06-04 17:07:19.444  1046  1983 I am_proc_bound: [0,7428,com.kddi.android.email:EventReceiver]
06-04 17:07:19.567  1046  1799 I am_proc_start: [0,7458,10065,com.kddi.android.email,service,com.kddi.android.email/com.access_company.android.nfcommunicator.sendSchedule.SchedService]
06-04 17:07:19.652  1046  2001 I am_proc_start: [0,7478,10079,com.android.chrome,broadcast,com.android.chrome/com.google.android.apps.chrome.precache.PrecacheServiceLauncher]
06-04 17:07:19.653  1046  2001 I am_kill : [0,7035,com.lge.qremote,15,empty #17]
06-04 17:07:19.681  1046  1962 I dvm_lock_sample: [system_server,1,Binder_9,28,ActivityManagerService.java,6741,-,18976,5]
06-04 17:07:19.681  1046  1962 I am_proc_bound: [0,7458,com.kddi.android.email]
06-04 17:07:19.688  1046  2050 I am_proc_died: [0,7035,com.lge.qremote]
06-04 17:07:19.707  1046  1963 I am_proc_bound: [0,7478,com.android.chrome]
06-04 17:07:19.973  1046  1046 I notification_cancel: [10065,7458,com.kddi.android.email,1000,com.kddi.android.email.update.UpdateShow,0,0,64,8,NULL]
06-04 17:07:19.991  1046  1983 I am_proc_start: [0,7520,10086,com.lge.drmservice,broadcast,com.lge.drmservice/.DrmBroadcastReceiver]
06-04 17:07:19.992  1046  1983 I am_kill : [0,7066,com.uei.lg.quicksetsdk.lite,15,empty #17]
06-04 17:07:20.110  1046  1776 I am_proc_died: [0,7066,com.uei.lg.quicksetsdk.lite]
06-04 17:07:20.112  1046  1449 I dvm_lock_sample: [system_server,1,Binder_4,78,ActivityManagerService.java,6741,-,18976,15]
06-04 17:07:20.113  1046  1449 I am_proc_bound: [0,7520,com.lge.drmservice]
06-04 17:07:20.118  1046  1112 I notification_enqueue: [10065,7458,com.kddi.android.email,2131492877,NULL,0,Notification(pri=0 contentView=com.kddi.android.email/0x1090079 vibrate=null sound=null defaults=0x0 flags=0x40 color=0x00000000 vis=PRIVATE)]
06-04 17:07:20.129  1046  1112 I notification_enqueue: [10065,7458,com.kddi.android.email,2131492877,NULL,0,Notification(pri=0 contentView=com.kddi.android.email/0x1090079 vibrate=null sound=null defaults=0x0 flags=0x40 color=0x00000000 vis=PRIVATE)]
06-04 17:07:20.178  1046  1063 I am_proc_start: [0,7565,10071,com.kddi.android.aumanagementsystem,service,com.kddi.android.aumanagementsystem/.AuManagementSystemService]
06-04 17:07:20.188  1046  1449 I notification_expansion: [0|com.kddi.android.email|2131492877|null|10065,0,1]
06-04 17:07:20.188  1046  1062 I notification_expansion: [0|com.kddi.android.screenshotshare|100|null|10063,0,0]
06-04 17:07:20.194  1046  1046 I notification_cancel: [1000,1046,com.kddi.android.email,2131492877,NULL,0,0,0,8,NULL]
06-04 17:07:20.231  1046  2058 I am_proc_start: [0,7584,10097,jp.gree.android.pf.greeapp1753,broadcast,jp.gree.android.pf.greeapp1753/net.gree.asdk.api.ConnectionChangeReceiver]
06-04 17:07:20.232  1046  2058 I am_kill : [0,7101,com.lge.sync,15,empty #17]
06-04 17:07:20.269  1046  1962 I am_proc_bound: [0,7565,com.kddi.android.aumanagementsystem]
06-04 17:07:20.271  1046  1112 I dvm_lock_sample: [system_server,0,ActivityManager,40,ActivityManagerService.java,3783,-,18976,8]
06-04 17:07:20.272  1046  1943 I am_proc_died: [0,7101,com.lge.sync]
06-04 17:07:20.274  1046  1963 I am_proc_bound: [0,7584,jp.gree.android.pf.greeapp1753]
06-04 17:07:20.277  1046  2058 I notification_expansion: [0|com.kddi.android.screenshotshare|100|null|10063,0,1]
06-04 17:07:20.363  1046  1046 I notification_cancel: [1000,1046,com.kddi.android.email,2131492877,NULL,0,0,0,8,NULL]
06-04 17:07:20.365  1046  2058 I am_kill : [0,6867,com.android.settings,15,empty #17]
06-04 17:07:20.430  1046  1799 I am_proc_died: [0,6867,com.android.settings]
06-04 17:07:20.659  1046  1347 I am_new_intent: [0,633229476,5,com.lge.launcher2/.Launcher,android.intent.action.MAIN,NULL,NULL,270532608]
06-04 17:07:20.782  1046  2001 I am_proc_start: [0,7674,10114,com.lge.sizechangable.weather,broadcast,com.lge.sizechangable.weather/.layout.WeatherWidget]
06-04 17:07:20.783  1046  2001 I am_kill : [0,6597,com.kddi.cs.app001,15,empty #17]
06-04 17:07:20.811  1046  1943 I am_proc_died: [0,6597,com.kddi.cs.app001]
06-04 17:07:20.813  1046  2036 I am_proc_bound: [0,7674,com.lge.sizechangable.weather]
06-04 17:07:20.936  1046  1063 I am_proc_start: [0,7695,10125,com.google.android.apps.plus,broadcast,com.google.android.apps.plus/.service.ConnectivityReceiver]
06-04 17:07:20.937  1046  1063 I am_kill : [0,7162,com.android.contacts,15,empty #17]
06-04 17:07:20.970  1046  1943 I am_proc_died: [0,7162,com.android.contacts]
06-04 17:07:20.971  1046  1962 I am_proc_bound: [0,7695,com.google.android.apps.plus]
06-04 17:07:21.104  1046  1046 I notification_cancel: [10065,7458,com.kddi.android.email,1000,com.kddi.android.email.update.UpdateShow,0,0,64,8,NULL]
06-04 17:07:21.139  1046  1799 I am_kill : [0,7222,com.lge.hiddenmenu,15,empty #17]
06-04 17:07:21.173  1046  1963 I am_proc_died: [0,7222,com.lge.hiddenmenu]
06-04 17:07:21.397  1046  2050 I am_proc_start: [0,7742,1000,com.lge.myplace.engine:MyplaceWifiReceiver,broadcast,com.lge.myplace.engine/com.lge.wificlustering.manager.WifiReceiver]
06-04 17:07:21.416  1046  1943 I am_proc_bound: [0,7742,com.lge.myplace.engine:MyplaceWifiReceiver]
06-04 17:07:21.474  1046  1943 I am_proc_start: [0,7768,1000,com.android.settings,broadcast,com.android.settings/.wifi.wifioffload.WiFiOffLoadBroadcast]
06-04 17:07:21.475  1046  1943 I am_kill : [0,7248,jp.united.app.cocoppa,15,empty #17]
06-04 17:07:21.520  1046  2036 I am_proc_died: [0,7248,jp.united.app.cocoppa]
06-04 17:07:21.522  1046  2001 I am_proc_bound: [0,7768,com.android.settings]
06-04 17:07:21.726  1046  1776 I am_proc_start: [0,7791,1000,com.lge.sync,broadcast,com.lge.sync/.StartReceiver]
06-04 17:07:21.727  1046  1776 I am_kill : [0,7015,com.lge.ckerrorreporterui,15,empty #17]
06-04 17:07:21.770  1046  2050 I am_proc_died: [0,7015,com.lge.ckerrorreporterui]
06-04 17:07:21.772  1046  1963 I am_proc_bound: [0,7791,com.lge.sync]
06-04 17:07:21.819  1046  1419 I am_kill : [0,7286,com.lge.appbox.client,15,empty #17]
06-04 17:07:21.840  1046  1112 I dvm_lock_sample: [system_server,0,ActivityManager,22,ActivityManagerService.java,3783,BroadcastQueue.java,592,4]
06-04 17:07:21.842  1046  1962 I am_proc_died: [0,7286,com.lge.appbox.client]
06-04 17:07:21.969  1046  1983 I am_proc_start: [0,7816,10143,com.kddi.android.auclouduploader,broadcast,com.kddi.android.auclouduploader/.receive.NetworkChangeReceiver]
06-04 17:07:22.014  1046  1799 I am_proc_bound: [0,7816,com.kddi.android.auclouduploader]
06-04 17:07:22.133  1046  1062 I am_proc_start: [0,7836,10143,com.kddi.android.auclouduploader:uploader,service,com.kddi.android.auclouduploader/.service.AuCloudUploaderService]
06-04 17:07:22.194  1046  1963 I am_proc_start: [0,7862,10158,com.lge.qremote,broadcast,com.lge.qremote/.settings.WiFiStateReceiver]
06-04 17:07:22.195  1046  1963 I am_kill : [0,6706,com.lge.lgdmsclient,15,empty #17]
06-04 17:07:22.219  1046  1943 I am_proc_bound: [0,7836,com.kddi.android.auclouduploader:uploader]
06-04 17:07:22.224  1046  2058 I am_create_task: [0,7]
06-04 17:07:22.224  1046  2058 I am_create_activity: [0,746131516,7,com.example.hello_l/.MainActivity,android.intent.action.MAIN,NULL,NULL,270532608]
06-04 17:07:22.225  1046  2058 I wm_task_created: [7,1]
06-04 17:07:22.225  1046  2058 I wm_task_moved: [7,1,0]
06-04 17:07:22.229  1046  2058 I am_pause_activity: [0,764306954,com.lge.launcher2/.Launcher]
06-04 17:07:22.231  1046  1419 I am_proc_died: [0,6706,com.lge.lgdmsclient]
06-04 17:07:22.232  1046  1776 I am_proc_bound: [0,7862,com.lge.qremote]
06-04 17:07:22.267  1046  1776 I am_proc_start: [0,7883,10165,com.example.hello_l,activity,com.example.hello_l/.MainActivity]
06-04 17:07:22.288  2115  2115 I am_on_paused_called: [0,com.lge.launcher2.Launcher]
06-04 17:07:22.292  1046  2036 I am_proc_bound: [0,7883,com.example.hello_l]
06-04 17:07:22.297  1046  2036 I am_restart_activity: [0,746131516,7,com.example.hello_l/.MainActivity]
06-04 17:07:22.307  1046  1063 I am_kill : [0,7316,com.lge.email,15,empty #17]
06-04 17:07:22.380  1046  2001 I am_proc_died: [0,7316,com.lge.email]
06-04 17:07:22.442  7883  7883 I am_on_resume_called: [0,com.example.hello_l.MainActivity]
06-04 17:07:22.578  1046  1117 I am_activity_launch_time: [0,746131516,com.example.hello_l/.MainActivity,345,345]
06-04 17:07:22.617  1046  2001 I am_proc_start: [0,7927,10127,com.uei.lg.quicksetsdk.lite,service,com.uei.lg.quicksetsdk.lite/com.uei.control.Service]
06-04 17:07:22.617  1046  1117 I dvm_lock_sample: [system_server,0,android.display,23,ActivityRecord.java,968,ActivityManagerService.java,15668,4]
06-04 17:07:22.626   282   282 I sf_frame_dur: [com.lge.launcher2/com.lge.launcher2.Launcher,52,0,0,1,1,3,0]
06-04 17:07:22.639  1046  1799 I am_proc_bound: [0,7927,com.uei.lg.quicksetsdk.lite]
06-04 17:07:22.758  1046  2001 I am_proc_start: [0,7951,10100,com.google.android.talk,broadcast,com.google.android.talk/com.google.android.apps.hangouts.phone.PackageReplacedReceiver]
06-04 17:07:22.777  1046  2050 I am_proc_bound: [0,7951,com.google.android.talk]
06-04 17:07:23.018  1046  1963 I am_proc_start: [0,7985,10006,jp.kddilabs.smartnetwork.troubleshooting,broadcast,jp.kddilabs.smartnetwork.troubleshooting/.common.receiver.CommonReceiver]
06-04 17:07:23.042  1046  1063 I am_proc_bound: [0,7985,jp.kddilabs.smartnetwork.troubleshooting]
06-04 17:07:23.046  1046  1799 I am_kill : [0,7347,com.lge.myplace,15,empty #17]
06-04 17:07:23.053  1046  1046 I notification_cancel: [10100,7951,com.google.android.talk,8,com.google.android.talk:gmscore,0,0,64,8,NULL]
06-04 17:07:23.109  1046  1799 I am_kill : [0,6896,com.lge.formmanager,15,empty #18]
06-04 17:07:23.250  1046  2036 I am_proc_died: [0,7347,com.lge.myplace]
06-04 17:07:23.253  1046  2095 I dvm_lock_sample: [system_server,1,Binder_10,193,ActivityManagerService.java,15495,-,15706,38]
06-04 17:07:23.254  1046  1943 I dvm_lock_sample: [system_server,1,Binder_8,189,ActivityManagerService.java,10175,-,15706,37]
06-04 17:07:23.254  1046  1062 I dvm_lock_sample: [system_server,1,Binder_1,170,ActivityManagerService.java,9732,-,15706,34]
06-04 17:07:23.255  1046  1063 I am_proc_died: [0,6896,com.lge.formmanager]
06-04 17:07:23.275  1046  1776 I am_kill : [0,7401,com.google.android.setupwizard,15,empty #17]
06-04 17:07:23.332  1046  1963 I am_proc_died: [0,7401,com.google.android.setupwizard]
06-04 17:07:23.390  1046  1962 I am_proc_start: [0,8017,10019,com.lge.appbox.client,broadcast,com.lge.appbox.client/com.lge.appbox.manager.PreloadListManagerHelper]
06-04 17:07:23.438  1046  1419 I am_proc_start: [0,8036,10022,com.android.providers.calendar,content provider,com.android.providers.calendar/.CalendarProvider2]
06-04 17:07:23.442  1046  1799 I am_proc_bound: [0,8017,com.lge.appbox.client]
06-04 17:07:23.449  1046  1962 I am_kill : [0,7428,com.kddi.android.email:EventReceiver,15,empty #17]
06-04 17:07:23.522  1046  1063 I dvm_lock_sample: [system_server,1,Binder_2,33,ActivityManagerService.java,6741,-,15706,6]
06-04 17:07:23.522  1046  1449 I am_proc_died: [0,7428,com.kddi.android.email:EventReceiver]
06-04 17:07:23.525  1046  1063 I am_proc_bound: [0,8036,com.android.providers.calendar]
06-04 17:07:23.621  1046  1062 I am_proc_start: [0,8081,10026,com.android.contacts,broadcast,com.android.contacts/.quickcontact.PackageIntentReceiver]
06-04 17:07:23.623  1046  1062 I am_kill : [0,7129,com.kddi.android.lismobookstore,15,empty #17]
06-04 17:07:23.661  1046  1963 I am_proc_died: [0,7129,com.kddi.android.lismobookstore]
06-04 17:07:23.663  1046  1943 I am_proc_bound: [0,8081,com.android.contacts]
06-04 17:07:23.668  1046  1347 I wm_task_moved: [5,1,0]
06-04 17:07:23.684  1046  1347 I am_pause_activity: [0,746131516,com.example.hello_l/.MainActivity]
06-04 17:07:23.685  7883  7883 I am_on_paused_called: [0,com.example.hello_l.MainActivity]
06-04 17:07:23.685  1046  1347 I am_task_to_front: [0,5]
06-04 17:07:23.685  1046  1347 I am_new_intent: [0,996660199,5,com.lge.launcher2/.Launcher,android.intent.action.MAIN,NULL,NULL,274726912]
06-04 17:07:23.699  1046  1449 I am_resume_activity: [0,764306954,5,com.lge.launcher2/.Launcher]
06-04 17:07:23.718  1046  1062 I am_kill : [0,4736,com.android.calendar,15,empty #17]
06-04 17:07:23.750  1046  2058 I am_proc_died: [0,4736,com.android.calendar]
06-04 17:07:23.762  2115  2115 I am_on_resume_called: [0,com.lge.launcher2.Launcher]
06-04 17:07:23.848  1046  2058 I am_kill : [0,7478,com.android.chrome,15,empty #17]
06-04 17:07:23.890  1046  1449 I am_proc_died: [0,7478,com.android.chrome]
06-04 17:07:23.892  1046  1117 I am_activity_launch_time: [0,764306954,com.lge.launcher2/.Launcher,196,196]
06-04 17:07:23.930  1046  2058 I am_proc_start: [0,8113,10034,com.android.gallery3d,broadcast,com.android.gallery3d/.app.PackagesMonitor]
06-04 17:07:23.955  1046  2001 I am_proc_bound: [0,8113,com.android.gallery3d]
06-04 17:07:24.217  1046  1943 I am_proc_start: [0,8137,10051,com.android.vending,broadcast,com.android.vending/com.google.android.finsky.receivers.PackageMonitorReceiver$RegisteredReceiver]
06-04 17:07:24.218  1046  1943 I am_kill : [0,7458,com.kddi.android.email,15,empty #17]
06-04 17:07:24.270  1046  1983 I am_proc_died: [0,7458,com.kddi.android.email]
06-04 17:07:24.271  1046  1776 I am_proc_bound: [0,8137,com.android.vending]
06-04 17:07:24.411  1046  1389 I backup_data_changed: com.android.vending
06-04 17:07:24.431  1046  1046 I notification_cancel: [10051,8137,com.android.vending,-1050172287,NULL,0,0,64,8,NULL]
06-04 17:07:24.447  1046  2095 I am_kill : [0,7520,com.lge.drmservice,15,empty #17]
06-04 17:07:24.462  1046  1063 I am_proc_died: [0,7520,com.lge.drmservice]
06-04 17:07:24.509  1046  1419 I am_proc_start: [0,8181,10062,com.kddi.android.auhomelauncherforisaifl,broadcast,com.kddi.android.auhomelauncherforisaifl/com.kddi.android.auhomelauncher.PackageChangedReceiver]
06-04 17:07:24.545  1046  2001 I am_proc_bound: [0,8181,com.kddi.android.auhomelauncherforisaifl]
06-04 17:07:24.584  1046  1799 I am_crash: [8181,0,com.kddi.android.auhomelauncherforisaifl,1087946309,android.database.sqlite.SQLiteException,Can't downgrade database from version 16 to 15,SQLiteOpenHelper.java,360]
06-04 17:07:24.584  1046  1799 I am_broadcast_discard_app: [0,814567879,android.intent.action.PACKAGE_CHANGED,13,ResolveInfo{200a3f4 com.kddi.android.auhomelauncherforisaifl/com.kddi.android.auhomelauncher.PackageChangedReceiver m=0x208000}]
06-04 17:07:24.584  1046  1799 I am_process_crashed_too_much: [0,com.kddi.android.auhomelauncherforisaifl,10062]
06-04 17:07:24.584  1046  1799 I am_proc_bad: [0,10062,com.kddi.android.auhomelauncherforisaifl]
06-04 17:07:24.585  1046  1799 I am_kill : [0,8181,com.kddi.android.auhomelauncherforisaifl,0,crash]
06-04 17:07:24.653  1046  1112 I am_proc_start: [0,8206,10073,com.lge.isaimotion,broadcast,com.lge.isaimotion/com.kddi.android.klop.Receiver]
06-04 17:07:24.655  1046  1963 I dvm_lock_sample: [system_server,0,Binder_A,59,ActivityManagerService.java,1233,-,12678,11]
06-04 17:07:24.697  1046  1943 I am_proc_bound: [0,8206,com.lge.isaimotion]
06-04 17:07:24.753  1046  1962 I am_kill : [0,7584,jp.gree.android.pf.greeapp1753,15,empty #17]
06-04 17:07:24.860  1046  1062 I am_proc_died: [0,7584,jp.gree.android.pf.greeapp1753]
06-04 17:07:24.932  1046  1962 I am_proc_start: [0,8244,10111,com.lge.lockscreensettings,broadcast,com.lge.lockscreensettings/.PackageIntentReceiver]
06-04 17:07:24.933  1046  1962 I am_kill : [0,7565,com.kddi.android.aumanagementsystem,15,empty #17]
06-04 17:07:24.965  1046  1776 I am_proc_died: [0,7565,com.kddi.android.aumanagementsystem]
06-04 17:07:24.968  1046  1419 I am_proc_bound: [0,8244,com.lge.lockscreensettings]
06-04 17:07:25.025  1046  1449 I am_kill : [0,7674,com.lge.sizechangable.weather,15,empty #17]
06-04 17:07:25.071  1046  1799 I am_proc_died: [0,7674,com.lge.sizechangable.weather]
06-04 17:07:25.117  1046  1063 I am_proc_start: [0,8265,10149,com.kddi.pass.launcher,broadcast,com.kddi.pass.launcher/com.kddi.android.klop.Receiver]
06-04 17:07:25.151  1046  1962 I am_proc_bound: [0,8265,com.kddi.pass.launcher]
06-04 17:07:25.226  1046  2171 I force_gc: Binder
06-04 17:07:25.575  1046  1419 I am_kill : [0,7791,com.lge.sync,15,empty #17]
06-04 17:07:25.603  1046  2036 I am_proc_died: [0,7791,com.lge.sync]
06-04 17:07:25.648  1046  2001 I am_proc_start: [0,8313,1000,com.lge.sync,broadcast,com.lge.sync/.StartReceiver]
06-04 17:07:25.686  1046  2058 I am_proc_bound: [0,8313,com.lge.sync]
06-04 17:07:25.816  1046  2050 I am_broadcast_discard_app: [0,154493033,android.intent.action.BADGE_COUNT_UPDATE,1,ResolveInfo{29503aee com.kddi.android.auhomelauncherforisaifl/com.kddi.android.auhomelauncher.BadgeCountUpdateReceiver m=0x108000}]
06-04 17:07:25.852  1046  1112 I am_proc_start: [0,8346,10097,jp.gree.android.pf.greeapp1753,broadcast,jp.gree.android.pf.greeapp1753/.widget.MarketWidgetProvider]
06-04 17:07:25.881  1046  2095 I am_proc_bound: [0,8346,jp.gree.android.pf.greeapp1753]
06-04 17:07:26.291  1046  1062 I am_kill : [0,7816,com.kddi.android.auclouduploader,15,empty #17]
06-04 17:07:26.327  1046  2058 I am_proc_died: [0,7816,com.kddi.android.auclouduploader]
06-04 17:07:26.421  1046  1063 I am_kill : [0,7836,com.kddi.android.auclouduploader:uploader,15,empty #17]
06-04 17:07:26.480  1046  1962 I am_proc_died: [0,7836,com.kddi.android.auclouduploader:uploader]
06-04 17:07:26.644  1046  1962 I am_proc_start: [0,8431,10018,com.lge.clock,broadcast,com.lge.clock/.widget.DigitalAppWidgetProvider]
06-04 17:07:26.677  1046  1962 I am_proc_bound: [0,8431,com.lge.clock]
06-04 17:07:26.756  1046  1449 I am_proc_start: [0,8450,10114,com.lge.sizechangable.weather,broadcast,com.lge.sizechangable.weather/.layout.WeatherWidget]
06-04 17:07:26.757  1046  1449 I am_kill : [0,7951,com.google.android.talk,15,empty #17]
06-04 17:07:26.812  1046  2001 I am_proc_died: [0,7951,com.google.android.talk]
06-04 17:07:26.819  1046  1962 I am_proc_bound: [0,8450,com.lge.sizechangable.weather]
06-04 17:07:26.925  2115  2115 I menu_opened: 0
06-04 17:07:26.970  1046  2050 I am_proc_start: [0,8473,10021,com.android.calendar,broadcast,com.android.calendar/.weather.WeatherReceiver]
06-04 17:07:26.971  1046  2050 I am_kill : [0,7985,jp.kddilabs.smartnetwork.troubleshooting,15,empty #17]
06-04 17:07:27.030  1046  1063 I am_proc_bound: [0,8473,com.android.calendar]
06-04 17:07:27.033  1046  2095 I am_proc_died: [0,7985,jp.kddilabs.smartnetwork.troubleshooting]
06-04 17:07:27.233  1046  1963 I am_proc_start: [0,8516,10053,com.google.android.setupwizard,broadcast,com.google.android.setupwizard/.util.GservicesChangedReceiver]
06-04 17:07:27.258  1046  1983 I am_proc_bound: [0,8516,com.google.android.setupwizard]
06-04 17:07:27.356  1046  1983 I am_kill : [0,8017,com.lge.appbox.client,15,empty #17]
06-04 17:07:27.412  1046  2058 I dvm_lock_sample: [system_server,1,Binder_F,42,ActivityManagerService.java,1233,BroadcastQueue.java,592,8]
06-04 17:07:27.412  1046  2058 I am_proc_died: [0,8017,com.lge.appbox.client]
06-04 17:07:27.502  1046  1063 I am_proc_start: [0,8550,10065,com.kddi.android.email,broadcast,com.kddi.android.email/com.access_company.android.nfcommunicator.event.SDCardReceiver]
06-04 17:07:27.523  1046  1799 I am_proc_bound: [0,8550,com.kddi.android.email]
06-04 17:07:27.656  1046  1962 I force_gc: Binder
06-04 17:07:27.781  1046  1046 I notification_cancel: [10065,8550,com.kddi.android.email,1000,com.kddi.android.email.update.UpdateShow,0,0,64,8,NULL]
06-04 17:07:27.886  4783  4848 I force_gc: Binder
06-04 17:07:27.893  1046  1776 I am_proc_start: [0,8593,10167,com.lge.myplace,broadcast,com.lge.myplace/.Receiver]
06-04 17:07:27.906  2115  2115 I menu_item_selected: [0, ]
06-04 17:07:27.917  1046  1963 I am_create_task: [0,8]
06-04 17:07:27.917  1046  1963 I am_create_activity: [0,947279619,8,com.lge.settings.easy/.EasySettings,android.settings.SETTINGS,NULL,NULL,270532608]
06-04 17:07:27.918  1046  1963 I wm_task_created: [8,1]
06-04 17:07:27.918  1046  1963 I wm_task_moved: [8,1,1]
06-04 17:07:27.919  1046  1963 I am_pause_activity: [0,764306954,com.lge.launcher2/.Launcher]
06-04 17:07:27.926  1046  1962 I am_proc_bound: [0,8593,com.lge.myplace]
06-04 17:07:27.951  1046  1962 I am_proc_start: [0,8614,1000,com.lge.settings.easy,activity,com.lge.settings.easy/.EasySettings]
06-04 17:07:27.981  2115  2115 I am_on_paused_called: [0,com.lge.launcher2.Launcher]
06-04 17:07:27.984  1046  2058 I am_proc_bound: [0,8614,com.lge.settings.easy]
06-04 17:07:27.986  1046  2058 I am_restart_activity: [0,947279619,8,com.lge.settings.easy/.EasySettings]
06-04 17:07:28.147  1046  1943 I am_proc_start: [0,8638,1000,com.lge.myplace.engine:MyplaceMovementService,service,com.lge.myplace.engine/com.lge.movement.manager.MovementService]
06-04 17:07:28.150  1046  2095 I am_kill : [0,8081,com.android.contacts,15,empty #17]
06-04 17:07:28.150  8614  8614 I am_on_resume_called: [0,com.lge.settings.easy.EasySettings]
06-04 17:07:28.209  1046  1112 I dvm_lock_sample: [system_server,0,ActivityManager,60,ActivityManagerService.java,3783,BroadcastQueue.java,592,12]
06-04 17:07:28.211  1046  1449 I am_proc_bound: [0,8638,com.lge.myplace.engine:MyplaceMovementService]
06-04 17:07:28.213  1046  1063 I am_proc_died: [0,8081,com.android.contacts]
06-04 17:07:28.222  1046  1962 I am_broadcast_discard_app: [0,431497301,android.intent.action.BADGE_COUNT_UPDATE,1,ResolveInfo{23fdda6a com.kddi.android.auhomelauncherforisaifl/com.kddi.android.auhomelauncher.BadgeCountUpdateReceiver m=0x108000}]
06-04 17:07:28.292  1046  1046 I free_storage_changed: 24652087296
06-04 17:07:28.342  1046  2050 I am_proc_start: [0,8669,10100,com.google.android.talk,broadcast,com.google.android.talk/com.google.android.apps.hangouts.phone.PackageReplacedReceiver]
06-04 17:07:28.390  1046  1963 I am_proc_bound: [0,8669,com.google.android.talk]
06-04 17:07:28.526   282   282 I sf_frame_dur: [com.lge.launcher2/com.lge.launcher2.Launcher,84,0,0,0,2,0,0]
06-04 17:07:28.526   282   282 I sf_frame_dur: [AtchDlg:com.lge.launcher2/com.lge.launcher2.Launcher,3,1,0,0,0,1,0]
06-04 17:07:28.589  1046  1046 I notification_cancel: [10065,8550,com.kddi.android.email,1000,com.kddi.android.email.update.UpdateShow,0,0,64,8,NULL]
06-04 17:07:28.612  1046  2058 I am_kill : [0,8113,com.android.gallery3d,15,empty #17]
06-04 17:07:28.690  1046  1963 I am_proc_died: [0,8113,com.android.gallery3d]
06-04 17:07:28.811  1046  1776 I am_proc_start: [0,8716,10006,jp.kddilabs.smartnetwork.troubleshooting,broadcast,jp.kddilabs.smartnetwork.troubleshooting/.common.receiver.CommonReceiver]
06-04 17:07:28.815  1046  1117 I am_activity_launch_time: [0,947279619,com.lge.settings.easy/.EasySettings,883,883]
06-04 17:07:28.837  1046  2050 I am_proc_bound: [0,8716,jp.kddilabs.smartnetwork.troubleshooting]
06-04 17:07:28.863  1046  1046 I notification_cancel: [10100,8669,com.google.android.talk,8,com.google.android.talk:gmscore,0,0,64,8,NULL]
06-04 17:07:28.874  1046  2095 I am_kill : [0,8137,com.android.vending,15,empty #17]
06-04 17:07:28.941  1046  2050 I am_proc_died: [0,8137,com.android.vending]
06-04 17:07:28.971  1046  1943 I am_kill : [0,8206,com.lge.isaimotion,15,empty #17]
06-04 17:07:28.979  1046  1389 I backup_data_changed: com.android.providers.settings
06-04 17:07:29.052  1046  1963 I am_proc_died: [0,8206,com.lge.isaimotion]
06-04 17:07:29.055  1046  2095 I dvm_lock_sample: [system_server,1,Binder_10,54,ActivityManagerService.java,15916,BroadcastQueue.java,592,10]
06-04 17:07:29.093  1046  1983 I am_proc_start: [0,8750,10019,com.lge.appbox.client,broadcast,com.lge.appbox.client/com.lge.appbox.manager.PreloadListManagerHelper]
06-04 17:07:29.151  1046  1963 I am_proc_start: [0,8768,1000,com.hy.system.fontserver,service,com.hy.system.fontserver/.FontServer]
06-04 17:07:29.157  1046  1776 I am_proc_bound: [0,8750,com.lge.appbox.client]
06-04 17:07:29.159  1046  1063 I dvm_lock_sample: [system_server,1,Binder_2,7,ActivityManagerService.java,15668,-,15475,1]
06-04 17:07:29.190  1046  1063 I am_proc_bound: [0,8768,com.hy.system.fontserver]
06-04 17:07:29.289  1046  1983 I am_proc_start: [0,8791,10026,com.android.contacts,broadcast,com.android.contacts/.quickcontact.PackageIntentReceiver]
06-04 17:07:29.290  1046  1983 I am_kill : [0,8244,com.lge.lockscreensettings,15,empty #17]
06-04 17:07:29.340  1046  2036 I am_proc_died: [0,8244,com.lge.lockscreensettings]
06-04 17:07:29.342  1046  2058 I am_proc_bound: [0,8791,com.android.contacts]
06-04 17:07:29.421  1046  1389 I backup_data_changed: com.android.providers.settings
06-04 17:07:29.445  1046  1389 I backup_data_changed: com.android.providers.settings
06-04 17:07:29.462  1046  1389 I backup_data_changed: com.android.providers.settings
06-04 17:07:29.528  1046  1419 I am_kill : [0,7695,com.google.android.apps.plus,15,empty #17]
06-04 17:07:29.590  1046  1063 I am_proc_died: [0,7695,com.google.android.apps.plus]
06-04 17:07:29.640  1046  1419 I am_proc_start: [0,8836,10034,com.android.gallery3d,broadcast,com.android.gallery3d/.app.PackagesMonitor]
06-04 17:07:29.687  1046  1063 I am_proc_bound: [0,8836,com.android.gallery3d]
06-04 17:07:29.841  1046  1419 I am_proc_start: [0,8865,10051,com.android.vending,broadcast,com.android.vending/com.google.android.finsky.receivers.PackageMonitorReceiver$RegisteredReceiver]
06-04 17:07:29.842  1046  1419 I am_kill : [0,8265,com.kddi.pass.launcher,15,empty #17]
06-04 17:07:30.052  1046  2001 I dvm_lock_sample: [system_server,1,Binder_C,204,ActivityManagerService.java,10107,-,18976,40]
06-04 17:07:30.067  1046  1943 I dvm_lock_sample: [system_server,1,Binder_8,202,ActivityManagerService.java,6741,-,18976,40]
06-04 17:07:30.068  1046  1943 I am_proc_bound: [0,8865,com.android.vending]
06-04 17:07:30.087  1046  1963 I am_proc_died: [0,8265,com.kddi.pass.launcher]
06-04 17:07:30.316  1046  1389 I backup_data_changed: com.android.vending
06-04 17:07:30.338  1046  1046 I notification_cancel: [10051,8865,com.android.vending,-1050172287,NULL,0,0,64,8,NULL]
06-04 17:07:30.357  1046  1983 I am_kill : [0,7742,com.lge.myplace.engine:MyplaceWifiReceiver,15,empty #17]
06-04 17:07:30.392  1046  1062 I am_proc_died: [0,7742,com.lge.myplace.engine:MyplaceWifiReceiver]
06-04 17:07:30.406  1046  1062 I am_broadcast_discard_app: [0,614806163,android.intent.action.PACKAGE_CHANGED,13,ResolveInfo{207182d0 com.kddi.android.auhomelauncherforisaifl/com.kddi.android.auhomelauncher.PackageChangedReceiver m=0x208000}]
06-04 17:07:30.450  1046  1112 I am_proc_start: [0,8924,10073,com.lge.isaimotion,broadcast,com.lge.isaimotion/com.kddi.android.klop.Receiver]
06-04 17:07:30.502  1046  2036 I am_proc_bound: [0,8924,com.lge.isaimotion]
06-04 17:07:30.669  1046  2036 I am_proc_start: [0,8948,10111,com.lge.lockscreensettings,broadcast,com.lge.lockscreensettings/.PackageIntentReceiver]
06-04 17:07:30.684  1046  2036 I am_kill : [0,7768,com.android.settings,15,empty #17]
06-04 17:07:30.829  1046  1776 I dvm_lock_sample: [system_server,1,Binder_5,159,ActivityManagerService.java,15475,-,18976,31]
06-04 17:07:30.830  1046  1112 I dvm_lock_sample: [system_server,0,ActivityManager,155,ActivityManagerService.java,3783,-,18976,31]
06-04 17:07:30.830  1046  1799 I am_proc_bound: [0,8948,com.lge.lockscreensettings]
06-04 17:07:30.833  1046  2058 I am_proc_died: [0,7768,com.android.settings]
06-04 17:07:30.910  1046  1419 I am_proc_start: [0,8990,10125,com.google.android.apps.plus,broadcast,com.google.android.apps.plus/.service.PackagesMediaMonitor]
06-04 17:07:30.911  1046  1419 I am_kill : [0,7927,com.uei.lg.quicksetsdk.lite,15,empty #17]
06-04 17:07:30.918  1046  2171 I force_gc: Binder
06-04 17:07:31.060  1046  1423 I dvm_lock_sample: [system_server,0,LazyTaskWriterThread,142,TaskPersister.java,555,ActivityManagerService.java,18976,28]
06-04 17:07:31.061  1046  1449 I dvm_lock_sample: [system_server,1,Binder_4,113,ActivityManagerService.java,1233,-,18976,22]
06-04 17:07:31.061  1046  1449 I am_proc_died: [0,7927,com.uei.lg.quicksetsdk.lite]
06-04 17:07:31.061  1046  1449 I am_schedule_service_restart: [0,com.uei.lg.quicksetsdk.lite/com.uei.control.Service,1000]
06-04 17:07:31.063  1046  1776 I dvm_lock_sample: [system_server,1,Binder_5,114,ActivityManagerService.java,6741,-,18976,22]
06-04 17:07:31.063  1046  1776 I am_proc_bound: [0,8990,com.google.android.apps.plus]
06-04 17:07:31.066  1046  1063 I dvm_lock_sample: [system_server,1,Binder_2,109,ActivityManagerService.java,15675,-,18976,21]
06-04 17:07:31.103  1046  1799 I am_proc_start: [0,9013,10127,com.uei.lg.quicksetsdk.lite,service,com.uei.lg.quicksetsdk.lite/com.uei.control.Service]
06-04 17:07:31.124  1046  1776 I am_proc_bound: [0,9013,com.uei.lg.quicksetsdk.lite]
06-04 17:07:31.264  1046  2036 I am_proc_start: [0,9038,10149,com.kddi.pass.launcher,broadcast,com.kddi.pass.launcher/com.kddi.android.klop.Receiver]
06-04 17:07:31.292  1046  1799 I am_proc_bound: [0,9038,com.kddi.pass.launcher]
06-04 17:07:31.329  4783  8578 I force_gc: Binder
06-04 17:07:31.634  1046  1983 I am_kill : [0,7862,com.lge.qremote,15,empty #17]
06-04 17:07:31.673  1046  1943 I am_kill : [0,8346,jp.gree.android.pf.greeapp1753,15,empty #17]
06-04 17:07:31.797  1046  2095 I am_proc_died: [0,7862,com.lge.qremote]
06-04 17:07:31.861  1046  1063 I am_proc_start: [0,9098,10090,com.google.android.gm,broadcast,com.google.android.gm/.widget.GmailWidgetProvider]
06-04 17:07:31.863  1046  2036 I am_proc_died: [0,8346,jp.gree.android.pf.greeapp1753]
06-04 17:07:31.903  1046  1799 I am_proc_bound: [0,9098,com.google.android.gm]
06-04 17:07:32.248  1046  1799 I am_kill : [0,8516,com.google.android.setupwizard,15,empty #17]
06-04 17:07:32.303  1046  2001 I am_proc_died: [0,8516,com.google.android.setupwizard]
06-04 17:07:32.355  1046  1799 I am_proc_start: [0,9162,10097,jp.gree.android.pf.greeapp1753,broadcast,jp.gree.android.pf.greeapp1753/.widget.MarketWidgetProvider]
06-04 17:07:32.393  1046  2095 I am_proc_bound: [0,9162,jp.gree.android.pf.greeapp1753]
06-04 17:07:32.450  1046  1046 I notification_cancel: [10061,3429,com.kddi.android.au_wifi_connect,8,NULL,0,0,64,8,NULL]
06-04 17:07:32.451  1046  1046 I notification_cancel: [10061,3429,com.kddi.android.au_wifi_connect,1,NULL,0,0,64,8,NULL]
06-04 17:07:32.483  1046  1046 I notification_cancel: [10021,8473,com.android.calendar,0,NULL,0,0,64,8,NULL]
06-04 17:07:32.484  1046  1046 I notification_cancel: [10021,8473,com.android.calendar,1,NULL,0,0,64,8,NULL]
06-04 17:07:32.484  1046  1046 I notification_cancel: [10021,8473,com.android.calendar,2,NULL,0,0,64,8,NULL]
06-04 17:07:32.485  1046  1046 I notification_cancel: [10021,8473,com.android.calendar,3,NULL,0,0,64,8,NULL]
06-04 17:07:32.486  1046  1046 I notification_cancel: [10021,8473,com.android.calendar,4,NULL,0,0,64,8,NULL]
06-04 17:07:32.486  1046  1046 I notification_cancel: [10021,8473,com.android.calendar,5,NULL,0,0,64,8,NULL]
06-04 17:07:32.487  1046  1046 I notification_cancel: [10021,8473,com.android.calendar,6,NULL,0,0,64,8,NULL]
06-04 17:07:32.487  1046  1046 I notification_cancel: [10021,8473,com.android.calendar,7,NULL,0,0,64,8,NULL]
06-04 17:07:32.488  1046  1046 I notification_cancel: [10021,8473,com.android.calendar,8,NULL,0,0,64,8,NULL]
06-04 17:07:32.488  1046  1046 I notification_cancel: [10021,8473,com.android.calendar,9,NULL,0,0,64,8,NULL]
06-04 17:07:32.489  1046  1046 I notification_cancel: [10021,8473,com.android.calendar,10,NULL,0,0,64,8,NULL]
06-04 17:07:32.489  1046  1046 I notification_cancel: [10021,8473,com.android.calendar,11,NULL,0,0,64,8,NULL]
06-04 17:07:32.490  1046  1046 I notification_cancel: [10021,8473,com.android.calendar,12,NULL,0,0,64,8,NULL]
06-04 17:07:32.490  1046  1046 I notification_cancel: [10021,8473,com.android.calendar,13,NULL,0,0,64,8,NULL]
06-04 17:07:32.491  1046  1046 I notification_cancel: [10021,8473,com.android.calendar,14,NULL,0,0,64,8,NULL]
06-04 17:07:32.491  1046  1046 I notification_cancel: [10021,8473,com.android.calendar,15,NULL,0,0,64,8,NULL]
06-04 17:07:32.492  1046  1046 I notification_cancel: [10021,8473,com.android.calendar,16,NULL,0,0,64,8,NULL]
06-04 17:07:32.492  1046  1046 I notification_cancel: [10021,8473,com.android.calendar,17,NULL,0,0,64,8,NULL]
06-04 17:07:32.492  1046  1046 I notification_cancel: [10021,8473,com.android.calendar,18,NULL,0,0,64,8,NULL]
06-04 17:07:32.493  1046  1046 I notification_cancel: [10021,8473,com.android.calendar,19,NULL,0,0,64,8,NULL]
06-04 17:07:32.496  1046  1046 I notification_cancel: [10021,8473,com.android.calendar,20,NULL,0,0,64,8,NULL]
06-04 17:07:32.596  1046  1419 I am_kill : [0,8431,com.lge.clock,15,empty #17]
06-04 17:07:32.634  1046  1963 I am_proc_died: [0,8431,com.lge.clock]
06-04 17:07:32.857  1046  2001 I am_kill : [0,8473,com.android.calendar,15,empty #17]
06-04 17:07:32.881  1046  1063 I am_proc_died: [0,8473,com.android.calendar]
06-04 17:07:32.967  1046  1983 I am_proc_start: [0,9215,1000,com.lge.myplace.engine:MyPlaceClusteringReceiver,broadcast,com.lge.myplace.engine/com.lge.PosClustering.PosClusteringReceiver]
06-04 17:07:33.012  1046  2036 I am_proc_bound: [0,9215,com.lge.myplace.engine:MyPlaceClusteringReceiver]
06-04 17:07:33.097  1046  1419 I am_proc_start: [0,9240,1000,com.lge.myplace.engine:MyplaceClusteringService,service,com.lge.myplace.engine/com.lge.PosClustering.PosClusteringService]
06-04 17:07:33.137  1046  2001 I am_proc_start: [0,9261,10067,jp.antenna.app,broadcast,jp.antenna.app/.widget.AntennaWidget]
06-04 17:07:33.140  1046  2001 I am_kill : [0,8550,com.kddi.android.email,15,empty #17]
06-04 17:07:33.171  1046  1063 I am_proc_bound: [0,9240,com.lge.myplace.engine:MyplaceClusteringService]
06-04 17:07:33.174  1046  2036 I am_proc_died: [0,8550,com.kddi.android.email]
06-04 17:07:33.175  1046  2058 I am_proc_bound: [0,9261,jp.antenna.app]
06-04 17:07:33.279  1046  1963 I am_proc_start: [0,9295,10072,com.kddi.market,broadcast,com.kddi.market/.service.RestartActionReceiver]
06-04 17:07:33.280  1046  1963 I am_kill : [0,8450,com.lge.sizechangable.weather,15,empty #17]
06-04 17:07:33.341  1046  2050 I am_proc_died: [0,8450,com.lge.sizechangable.weather]
06-04 17:07:33.344  1046  1062 I am_proc_bound: [0,9295,com.kddi.market]
06-04 17:07:34.026  1046  1799 I am_kill : [0,8036,com.android.providers.calendar,15,empty #17]
06-04 17:07:34.080  1046  1943 I am_proc_died: [0,8036,com.android.providers.calendar]
06-04 17:07:34.419  1046  1449 I am_proc_start: [0,9388,10114,com.lge.sizechangable.weather,broadcast,com.lge.sizechangable.weather/.layout.WeatherWidget]
06-04 17:07:34.448  1046  2050 I am_proc_bound: [0,9388,com.lge.sizechangable.weather]
06-04 17:07:34.526  1046  2036 I am_kill : [0,8593,com.lge.myplace,15,empty #17]
06-04 17:07:34.611  1046  1112 I dvm_lock_sample: [system_server,0,ActivityManager,85,BroadcastQueue.java,592,ActivityManagerService.java,18976,17]
06-04 17:07:34.678  1046  1112 I am_proc_start: [0,9418,10069,com.lge.fullsize.auhome.widget,broadcast,com.lge.fullsize.auhome.widget/.update.ReceiverAutoUpdateManager]
06-04 17:07:34.679  1046  1063 I dvm_lock_sample: [system_server,0,Binder_2,144,ActivityManagerService.java,1233,-,18976,28]
06-04 17:07:34.679  1046  1063 I am_proc_died: [0,8593,com.lge.myplace]
06-04 17:07:34.733  1046  1419 I am_proc_bound: [0,9418,com.lge.fullsize.auhome.widget]
06-04 17:07:34.793  1046  1449 I force_gc: Binder
06-04 17:07:34.976  1046  2036 I am_proc_start: [0,9446,1000,com.lge.myplace.engine:MyplaceWifiReceiver,broadcast,com.lge.myplace.engine/com.lge.wificlustering.manager.WifiReceiver]
06-04 17:07:35.003  1046  2001 I am_proc_bound: [0,9446,com.lge.myplace.engine:MyplaceWifiReceiver]
06-04 17:07:35.005  1046  1046 I notification_cancel: [10100,8669,com.google.android.talk,0,com.google.android.talk:chat:0,0,0,64,8,NULL]
06-04 17:07:35.015  1046  1046 I notification_cancel: [10100,8669,com.google.android.talk,2,com.google.android.talk:missed_ho:0,0,0,64,8,NULL]
06-04 17:07:35.021  1046  1046 I notification_cancel: [10100,8669,com.google.android.talk,7,com.google.android.talk:error:0,0,0,64,8,NULL]
06-04 17:07:35.026  1046  1449 I am_kill : [0,8716,jp.kddilabs.smartnetwork.troubleshooting,15,empty #17]
06-04 17:07:35.161  1046  1112 I dvm_lock_sample: [system_server,0,ActivityManager,134,ActivityManagerService.java,3783,-,15706,26]
06-04 17:07:35.201  1046  1449 I am_proc_start: [0,9469,1000,com.android.settings,broadcast,com.android.settings/.wifi.wifioffload.WiFiOffLoadBroadcast]
06-04 17:07:35.203  1046  2095 I am_proc_died: [0,8716,jp.kddilabs.smartnetwork.troubleshooting]
06-04 17:07:35.207  1046  2095 I am_kill : [0,8750,com.lge.appbox.client,15,empty #17]
06-04 17:07:35.280  1046  1962 I dvm_lock_sample: [system_server,1,Binder_9,55,ActivityManagerService.java,1233,-,1233,11]
06-04 17:07:35.281  1046  1962 I am_proc_died: [0,8750,com.lge.appbox.client]
06-04 17:07:35.283  1046  1943 I am_proc_bound: [0,9469,com.android.settings]
06-04 17:07:35.320  1046  1063 I am_kill : [0,8791,com.android.contacts,15,empty #17]
06-04 17:07:35.420  1046  1449 I am_proc_died: [0,8791,com.android.contacts]
06-04 17:07:35.506  1046  1983 I am_kill : [0,8836,com.android.gallery3d,15,empty #17]
06-04 17:07:35.542  1046  2058 I am_proc_died: [0,8836,com.android.gallery3d]
06-04 17:07:35.605  1046  1776 I am_proc_start: [0,9504,10053,com.google.android.setupwizard,broadcast,com.google.android.setupwizard/.util.GservicesChangedReceiver]
06-04 17:07:35.639  1046  1063 I am_proc_bound: [0,9504,com.google.android.setupwizard]
06-04 17:07:35.770  1046  2001 I am_proc_start: [0,9530,10158,com.lge.qremote,broadcast,com.lge.qremote/.appwidget.RemoteAppWidgetProvider]
06-04 17:07:35.771  1046  2001 I am_kill : [0,8865,com.android.vending,15,empty #17]
06-04 17:07:35.828  1046  1962 I am_proc_bound: [0,9530,com.lge.qremote]
06-04 17:07:35.834  1046  2058 I am_proc_died: [0,8865,com.android.vending]
06-04 17:07:35.859  1046  1389 I backup_data_changed: android
06-04 17:07:35.872  1046  1389 I backup_data_changed: android
06-04 17:07:35.873  1046  1389 I backup_data_changed: android
06-04 17:07:35.887  3047  9549 I aggregation: 1433405255887
06-04 17:07:35.979  2270  2293 I force_gc: Binder
06-04 17:07:36.092  1046  1962 I am_proc_start: [0,9557,10012,com.google.android.gms.unstable,service,com.google.android.gms/.droidguard.DroidGuardService]
06-04 17:07:36.134  1046  2050 I am_proc_bound: [0,9557,com.google.android.gms.unstable]
06-04 17:07:36.214  1046  1419 I am_kill : [0,8924,com.lge.isaimotion,15,empty #17]
06-04 17:07:36.251  3047  3066 I force_gc: Binder
06-04 17:07:36.251  1046  1449 I am_proc_died: [0,8924,com.lge.isaimotion]
06-04 17:07:36.281  1046  1419 I am_broadcast_discard_app: [0,779632201,android.intent.action.BADGE_COUNT_UPDATE,1,ResolveInfo{21a2f34e com.kddi.android.auhomelauncherforisaifl/com.kddi.android.auhomelauncher.BadgeCountUpdateReceiver m=0x108000}]
06-04 17:07:36.388  1046  1062 I am_proc_start: [0,9584,1000,com.lge.ckerrorreporterui,broadcast,com.lge.ckerrorreporterui/.CKErrorReporterReceiver]
06-04 17:07:36.389  1046  1062 I am_kill : [0,8948,com.lge.lockscreensettings,15,empty #17]
06-04 17:07:36.468  1046  1943 I am_proc_died: [0,8948,com.lge.lockscreensettings]
06-04 17:07:36.472  1046  1419 I am_proc_bound: [0,9584,com.lge.ckerrorreporterui]
06-04 17:07:36.520  1046  1419 I am_create_task: [0,9]
06-04 17:07:36.520  1046  1419 I am_create_activity: [0,963300732,9,com.lge.ckerrorreporterui/.CKErrorReporterListActivity,lge.android.intent.action.CKERROR,NULL,NULL,880803840]
06-04 17:07:36.522  1046  1419 I wm_task_created: [9,1]
06-04 17:07:36.522  1046  1419 I wm_task_moved: [9,1,2]
06-04 17:07:36.570  1046  1419 I am_pause_activity: [0,947279619,com.lge.settings.easy/.EasySettings]
06-04 17:07:36.632  1046  1776 I am_proc_start: [0,9604,10021,com.android.calendar,broadcast,com.android.calendar/.alerts.AlertReceiver]
06-04 17:07:36.633  1046  1776 I am_kill : [0,9038,com.kddi.pass.launcher,15,empty #17]
06-04 17:07:36.883  1046  2001 I dvm_lock_sample: [system_server,1,Binder_C,252,ActivityManagerService.java,15675,BroadcastQueue.java,592,50]
06-04 17:07:36.884  1046  2036 I dvm_lock_sample: [system_server,1,Binder_D,251,ActivityManagerService.java,16039,-,18976,50]
06-04 17:07:36.884  1046  1112 I dvm_lock_sample: [system_server,0,ActivityManager,251,ActivityManagerService.java,3783,-,18976,50]
06-04 17:07:36.885  1046  1983 I am_proc_died: [0,9038,com.kddi.pass.launcher]
06-04 17:07:36.887  1046  2058 I dvm_lock_sample: [system_server,1,Binder_F,217,ActivityManagerService.java,6741,-,18976,43]
06-04 17:07:36.887  1046  2058 I am_proc_bound: [0,9604,com.android.calendar]
06-04 17:07:36.902  8614  8614 I am_on_paused_called: [0,com.lge.settings.easy.EasySettings]
06-04 17:07:36.911  1046  2095 I am_resume_activity: [0,963300732,9,com.lge.ckerrorreporterui/.CKErrorReporterListActivity]
06-04 17:07:36.912  1046  1046 I notification_cancel: [1000,1046,android,1000,NULL,0,0,0,8,NULL]
06-04 17:07:37.034  9584  9584 I am_on_resume_called: [0,com.lge.ckerrorreporterui.CKErrorReporterListActivity]
06-04 17:07:37.211  1046  2050 I dvm_lock_sample: [system_server,1,Binder_E,33,WindowManagerServiceEx.java,700,WindowAnimator.java,122,6]
