01-01 09:00:00.390   283   283 I auditd  : type=2000 audit(0.0:1): initialized
01-01 10:18:19.670   283   283 I auditd  : type=1403 audit(0.0:2): policy loaded auid=4294967295 ses=4294967295
01-01 10:18:19.680   283   283 I auditd  : type=1404 audit(0.0:3): enforcing=1 old_enforcing=0 auid=4294967295 ses=4294967295
02-14 17:05:04.036   408   408 I boot_progress_start: 6868
02-14 17:05:04.521   408   408 I boot_progress_preload_start: 7353
02-14 17:05:07.056   408   408 I boot_progress_preload_end: 9889
02-14 17:05:07.259  1057  1057 I boot_progress_system_run: 10091
02-14 17:05:07.806  1057  1057 I boot_progress_pms_start: 10639
02-14 17:05:07.975  1057  1057 I boot_progress_pms_system_scan_start: 10808
02-14 17:05:10.600  1057  1057 I pm_critical_info: System package com.lguplus.easyroamingservice.servicemodule signature changed; retaining data.
02-14 17:05:11.239  1057  1057 I pm_critical_info: System package com.lguplus.common.wificm.mwlan signature changed; retaining data.
02-14 17:05:12.091  1057  1057 I pm_critical_info: System package com.lguplus.rms signature changed; retaining data.
02-14 17:05:12.470  1057  1057 I pm_critical_info: System package com.lguplus.nsrm_client signature changed; retaining data.
02-14 17:05:12.507  1057  1057 I boot_progress_pms_data_scan_start: 15340
02-14 17:05:15.296  1057  1057 I boot_progress_pms_scan_end: 18129
02-14 17:05:15.394  1057  1057 I boot_progress_pms_ready: 18226
02-14 17:05:15.544  1057  1149 I battery_status: [2,2,1,1,Li-ion]
02-14 17:05:15.544  1057  1149 I battery_level: [94,4,320]
02-14 17:05:15.887  1057  1057 I wm_stack_created: [0,0,0,0,0]
02-14 17:05:15.961  1057  1057 I configuration_changed: 7672
02-14 17:05:15.977  1057  1057 I configuration_changed: 1288
02-14 17:05:16.721  1057  1057 I free_storage_left: [24661635072,715579392,860336128]
02-14 17:05:16.721  1057  1057 I free_storage_changed: 24661635072
02-14 17:05:16.987  1057  1057 I backup_data_changed: com.android.providers.userdictionary
02-14 17:05:17.023  1057  1057 I backup_data_changed: com.google.android.googlequicksearchbox
02-14 17:05:17.030  1057  1057 I backup_data_changed: com.google.android.gm
02-14 17:05:17.034  1057  1057 I backup_data_changed: com.android.nfc
02-14 17:05:17.037  1057  1057 I backup_data_changed: com.android.vending
02-14 17:05:17.041  1057  1057 I backup_data_changed: com.android.calendar
02-14 17:05:17.045  1057  1057 I backup_data_changed: com.google.android.marvin.talkback
02-14 17:05:17.047  1057  1057 I backup_data_changed: android
02-14 17:05:17.051  1057  1057 I backup_data_changed: com.google.android.talk
02-14 17:05:17.054  1057  1057 I backup_data_changed: com.android.sharedstoragebackup
02-14 17:05:17.060  1057  1057 I backup_data_changed: com.android.providers.settings
02-14 17:05:17.071  1057  1057 I backup_data_changed: com.android.providers.userdictionary
02-14 17:05:17.071  1057  1057 I backup_data_changed: com.google.android.googlequicksearchbox
02-14 17:05:17.071  1057  1057 I backup_data_changed: com.google.android.gm
02-14 17:05:17.071  1057  1057 I backup_data_changed: com.android.nfc
02-14 17:05:17.071  1057  1057 I backup_data_changed: com.android.vending
02-14 17:05:17.071  1057  1057 I backup_data_changed: com.android.calendar
02-14 17:05:17.071  1057  1057 I backup_data_changed: com.google.android.marvin.talkback
02-14 17:05:17.071  1057  1057 I backup_data_changed: android
02-14 17:05:17.071  1057  1057 I backup_data_changed: com.google.android.talk
02-14 17:05:17.071  1057  1057 I backup_data_changed: com.android.sharedstoragebackup
02-14 17:05:17.071  1057  1057 I backup_data_changed: com.android.providers.settings
02-14 17:05:17.245  1057  1057 I configuration_changed: 512
02-14 17:05:17.287  1057  1057 I am_proc_start: [0,1356,10019,com.lge.smartcover,service,com.lge.smartcover/.SmartCoverViewManagerService]
02-14 17:05:17.310  1057  1149 I am_proc_bound: [0,1356,com.lge.smartcover]
02-14 17:05:17.391  1057  1057 I wm_stack_created: [1,0,0,0,0]
02-14 17:05:17.397  1057  1057 I boot_progress_ams_ready: 20230
02-14 17:05:17.399  1057  1057 I configuration_changed: 536870912
02-14 17:05:17.435  1057  1057 I am_proc_start: [0,1380,1037,WebViewLoader-armeabi-v7a,,]
02-14 17:05:17.473  1057  1057 I am_proc_start: [0,1401,10019,com.android.systemui,service,com.android.systemui/.SystemUIService]
02-14 17:05:17.514  1057  1135 I am_proc_start: [0,1432,10025,com.lge.formmanager,broadcast,com.lge.formmanager/.FormServiceReceiver]
02-14 17:05:17.519  1057  1416 I am_proc_bound: [0,1401,com.android.systemui]
02-14 17:05:17.575  1057  1441 I am_proc_bound: [0,1432,com.lge.formmanager]
02-14 17:05:17.783  1057  1149 I am_proc_start: [0,1552,1001,com.lge.ltecall,broadcast,com.lge.ltecall/.videocall.receiver.VideoTelephonyReceiver]
02-14 17:05:17.853  1057  1073 I am_proc_bound: [0,1552,com.lge.ltecall]
02-14 17:05:18.103  1057  1057 I am_proc_start: [0,1652,10054,com.google.android.googlequicksearchbox:interactor,service,com.google.android.googlequicksearchbox/com.google.android.voiceinteraction.GsaVoiceInteractionService]
02-14 17:05:18.172  1057  1057 I am_proc_start: [0,1675,10088,com.lge.ime,service,com.lge.ime/.LgeImeImpl]
02-14 17:05:18.223  1057  1441 I am_proc_start: [0,1693,1001,com.lge.ims,content provider,com.lge.ims/.provider.uc.UCProvider]
02-14 17:05:18.223  1057  1074 I am_proc_bound: [0,1652,com.google.android.googlequicksearchbox:interactor]
02-14 17:05:18.262  1057  1073 I am_proc_bound: [0,1675,com.lge.ime]
02-14 17:05:18.305  1057  1074 I am_proc_bound: [0,1693,com.lge.ims]
02-14 17:05:18.418  1057  1416 I am_proc_start: [0,1739,10092,com.lge.lockscreensettings,content provider,com.lge.lockscreensettings/.LockSettingsProvider]
02-14 17:05:18.455  1057  1073 I force_gc: Binder
02-14 17:05:18.490  1057  1435 I am_proc_bound: [0,1739,com.lge.lockscreensettings]
02-14 17:05:18.632  1057  1441 I am_proc_start: [0,1784,10018,android.process.acore,content provider,com.android.providers.contacts/.ContactsProvider2ForLG]
02-14 17:05:18.680  1057  1074 I am_proc_bound: [0,1784,android.process.acore]
02-14 17:05:18.780  1057  1416 I am_proc_start: [0,1814,1001,com.android.phone,service,com.android.phone/.phoneservice.aidl.PhoneService]
02-14 17:05:18.868  1057  1074 I am_proc_start: [0,1844,1000,com.lge.sync,broadcast,com.lge.sync/.StartReceiver]
02-14 17:05:18.869  1057  1149 I am_proc_bound: [0,1814,com.android.phone]
02-14 17:05:18.904  1057  1840 I am_proc_bound: [0,1844,com.lge.sync]
02-14 17:05:19.018  1057  1140 I notification_enqueue: [1000,1057,android,34406860,NULL,-1,Notification(pri=-1 contentView=null vibrate=default sound=null defaults=0x2 flags=0x2 color=0x00000000 vis=PUBLIC)]
02-14 17:05:19.053  1057  1843 I am_proc_start: [0,1869,1000,com.android.settings,broadcast,com.android.settings/.wifi.wifioffload.WiFiOffLoadBroadcast]
02-14 17:05:19.055  1057  1140 I notification_enqueue: [1000,1057,android,17040642,NULL,-1,Notification(pri=-1 contentView=null vibrate=null sound=null defaults=0x0 flags=0x2 color=0x00000000 vis=PUBLIC)]
02-14 17:05:19.069  1057  1323 I netstats_mobile_sample: [0,0,0,0,0,0,0,0,0,0,0,0,-1]
02-14 17:05:19.069  1057  1323 I netstats_wifi_sample: [0,0,0,0,0,0,0,0,0,0,0,0,-1]
02-14 17:05:19.093  1057  1441 I am_proc_bound: [0,1869,com.android.settings]
02-14 17:05:19.416  1057  1149 I am_proc_start: [0,1897,10118,com.lguplus.appstore,broadcast,com.lguplus.appstore/.util.ConnReceiver]
02-14 17:05:19.444  1057  1074 I am_proc_bound: [0,1897,com.lguplus.appstore]
02-14 17:05:19.465  1057  1134 I dvm_lock_sample: [system_server,0,android.bg,1036,LocationManagerService.java,1676,Object.java,-2,100]
02-14 17:05:19.512  1057  1057 I am_proc_start: [0,1922,10052,com.lge.splitwindow,added application,com.lge.splitwindow]
02-14 17:05:19.550  1057  1057 I am_proc_start: [0,1940,1000,com.qualcomm.services.location,added application,com.qualcomm.services.location]
02-14 17:05:19.586  1057  1057 I am_proc_start: [0,1961,10009,com.lge.mrg.service,added application,com.lge.mrg.service]
02-14 17:05:19.625  1057  1057 I am_proc_start: [0,1979,1027,com.android.nfc,added application,com.android.nfc]
02-14 17:05:19.663  1057  1057 I am_proc_start: [0,1997,1000,com.lge.systemserver,added application,com.lge.systemserver]
02-14 17:05:19.737  1057  1057 I am_proc_start: [0,2015,1000,com.qualcomm.qti.services.secureui:sui_service,added application,com.qualcomm.qti.services.secureui:sui_service]
02-14 17:05:19.773  1057  1057 I am_proc_start: [0,2035,1000,com.lge.keepscreenon,added application,com.lge.keepscreenon]
02-14 17:05:19.801  1057  1057 I am_proc_start: [0,2053,1000,com.lge.atservice,added application,com.lge.atservice]
02-14 17:05:19.837  1057  1057 I am_proc_start: [0,2073,10030,com.lge.ia,added application,com.lge.ia]
02-14 17:05:19.850  1057  1057 I am_create_task: [0,32]
02-14 17:05:19.850  1057  1057 I am_create_activity: [0,648958403,32,com.lge.launcher2/.Launcher,android.intent.action.MAIN,NULL,NULL,268435456]
02-14 17:05:19.851  1057  1057 I wm_task_created: [32,0]
02-14 17:05:19.852  1057  1057 I wm_task_moved: [32,1,0]
02-14 17:05:19.887  1057  1057 I am_proc_start: [0,2092,10028,com.lge.launcher2,activity,com.lge.launcher2/.Launcher]
02-14 17:05:19.889  1057  1135 I dvm_lock_sample: [system_server,0,ActivityManager,404,BroadcastQueue.java,561,ActivityManagerService.java,11727,80]
02-14 17:05:19.889  1057  1416 I dvm_lock_sample: [system_server,1,Binder_4,401,ActivityManagerService.java,15657,-,11727,80]
02-14 17:05:19.925  1057  1134 I am_proc_start: [0,2112,10112,com.android.printspooler,service,com.android.printspooler/.model.PrintSpoolerService]
02-14 17:05:19.926  1057  1073 I dvm_lock_sample: [system_server,1,Binder_1,383,ActivityManagerService.java,6599,-,11727,76]
02-14 17:05:19.926  1057  1073 I am_proc_bound: [0,1922,com.lge.splitwindow]
02-14 17:05:19.928  1057  1149 I dvm_lock_sample: [system_server,1,Binder_3,356,ActivityManagerService.java,6599,-,11727,71]
02-14 17:05:19.928  1057  1149 I am_proc_bound: [0,1940,com.qualcomm.services.location]
02-14 17:05:19.930  1057  1843 I dvm_lock_sample: [system_server,1,Binder_9,342,ActivityManagerService.java,15657,-,11727,68]
02-14 17:05:19.931  1057  1441 I dvm_lock_sample: [system_server,1,Binder_6,322,ActivityManagerService.java,6599,-,11727,64]
02-14 17:05:19.932  1057  1441 I am_proc_bound: [0,1961,com.lge.mrg.service]
02-14 17:05:19.937  1057  1074 I am_proc_bound: [0,1979,com.android.nfc]
02-14 17:05:19.940  1057  1842 I am_proc_bound: [0,1997,com.lge.systemserver]
02-14 17:05:19.944  1057  1840 I am_proc_bound: [0,2015,com.qualcomm.qti.services.secureui:sui_service]
02-14 17:05:19.945  1057  2033 I dvm_lock_sample: [system_server,1,Binder_A,151,ActivityManagerService.java,6599,-,11727,30]
02-14 17:05:19.945  1057  2033 I am_proc_bound: [0,2035,com.lge.keepscreenon]
02-14 17:05:19.947  1057  2034 I dvm_lock_sample: [system_server,1,Binder_B,126,ActivityManagerService.java,6599,-,11727,25]
02-14 17:05:19.947  1057  2034 I am_proc_bound: [0,2053,com.lge.atservice]
02-14 17:05:19.950  1057  2071 I am_proc_bound: [0,2073,com.lge.ia]
02-14 17:05:19.958  1057  1416 I dvm_lock_sample: [system_server,1,Binder_4,48,ActivityManagerService.java,6599,-,15409,9]
02-14 17:05:19.958  1057  1416 I am_proc_bound: [0,2092,com.lge.launcher2]
02-14 17:05:19.960  1057  1416 I am_restart_activity: [0,648958403,32,com.lge.launcher2/.Launcher]
02-14 17:05:19.981  1057  1843 I am_proc_bound: [0,2112,com.android.printspooler]
02-14 17:05:19.996  1057  1074 I force_gc: Binder
02-14 17:05:20.214  1057  1057 I notification_cancel: [10019,1401,com.android.systemui,100,low_battery,0,0,64,8,NULL]
02-14 17:05:20.230  1057  1351 I backup_data_changed: android
02-14 17:05:20.230  1057  1351 I backup_data_changed: android
02-14 17:05:20.274  1057  1840 I am_proc_start: [0,2139,10054,com.google.android.googlequicksearchbox:search,service,com.google.android.googlequicksearchbox/com.google.android.hotword.service.HotwordService]
02-14 17:05:20.325  1057  1057 I am_proc_start: [0,2158,1000,com.qualcomm.location.XT,service,com.qualcomm.location.XT/.XTSrv]
02-14 17:05:20.329  1057  1149 I am_proc_bound: [0,2139,com.google.android.googlequicksearchbox:search]
02-14 17:05:20.340  1057  1323 I netstats_mobile_sample: [0,0,0,0,0,0,0,0,0,0,0,0,-1]
02-14 17:05:20.340  1057  1323 I netstats_wifi_sample: [0,0,0,0,0,0,0,0,0,0,0,0,-1]
02-14 17:05:20.384  1057  1073 I am_proc_bound: [0,2158,com.qualcomm.location.XT]
02-14 17:05:20.459  1057  2071 I am_proc_start: [0,2197,1000,com.lge.lgdmsclient,broadcast,com.lge.lgdmsclient/.dmclient.agent.DmDeviceActionReceiver]
02-14 17:05:20.478  1057  1149 I configuration_changed: -2147483648
02-14 17:05:20.556  1057  2071 I dvm_lock_sample: [system_server,1,Binder_C,78,ActivityManagerService.java,15183,-,16811,15]
02-14 17:05:20.594  1057  2071 I am_proc_start: [0,2226,1001,com.qualcomm.qcrilmsgtunnel,service,com.qualcomm.qcrilmsgtunnel/.QcrilMsgTunnelService]
02-14 17:05:20.595  1057  1057 I dvm_lock_sample: [system_server,0,main,99,ActivityManagerService.java,19632,-,16811,19]
02-14 17:05:20.595  1057  2110 I am_proc_bound: [0,2197,com.lge.lgdmsclient]
02-14 17:05:20.605  1057  1351 I backup_data_changed: com.android.providers.settings
02-14 17:05:20.633  1057  1441 I am_proc_start: [0,2244,10005,com.google.process.gapps,content provider,com.google.android.gsf/.settings.GoogleSettingsProvider]
02-14 17:05:20.633  1057  1074 I dvm_lock_sample: [system_server,1,Binder_2,71,ActivityManagerService.java,15657,-,15183,14]
02-14 17:05:20.710  1057  1435 I am_proc_start: [0,2266,10008,com.google.android.partnersetup,content provider,com.google.android.partnersetup/.RlzAppProvider]
02-14 17:05:20.711  1057  1149 I dvm_lock_sample: [system_server,1,Binder_3,113,ActivityManagerService.java,15657,-,9568,22]
02-14 17:05:20.712  1057  1057 I dvm_lock_sample: [system_server,0,main,106,ActivityManagerService.java,16467,-,9568,21]
02-14 17:05:20.712  1057  1840 I dvm_lock_sample: [system_server,1,Binder_7,89,ActivityManagerService.java,6599,-,9568,17]
02-14 17:05:20.712  1057  1840 I am_proc_bound: [0,2226,com.qualcomm.qcrilmsgtunnel]
02-14 17:05:20.750  1057  1135 I am_proc_start: [0,2288,10034,com.lge.music,broadcast,com.lge.music/.MediaButtonIntentReceiver]
02-14 17:05:20.752  1057  1074 I am_proc_bound: [0,2244,com.google.process.gapps]
02-14 17:05:20.759  1057  2111 I dvm_lock_sample: [system_server,1,Binder_F,20,ActivityManagerService.java,6599,BroadcastQueue.java,561,4]
02-14 17:05:20.766  1057  2111 I am_proc_bound: [0,2266,com.google.android.partnersetup]
02-14 17:05:20.873  1057  1842 I am_proc_start: [0,2312,1000,com.lguplus.common.wificm.mwlan,broadcast,com.lguplus.common.wificm.mwlan/.WifiStateReceiver]
02-14 17:05:20.878  1057  2111 I am_proc_bound: [0,2288,com.lge.music]
02-14 17:05:20.928  1057  1416 I am_proc_bound: [0,2312,com.lguplus.common.wificm.mwlan]
02-14 17:05:20.937  1057  1149 I force_gc: Binder
02-14 17:05:21.008  1057  1057 I backup_transport_lifecycle: [android/com.android.internal.backup.LocalTransportService,1]
02-14 17:05:21.019  1057  1351 I backup_data_changed: android
02-14 17:05:21.069  1057  1057 I notification_cancel: [1000,1997,com.lge.systemservice,33687520,NULL,0,0,0,8,NULL]
02-14 17:05:21.103  1057  2072 I am_proc_start: [0,2376,10045,com.lge.videoplayer,broadcast,com.lge.videoplayer/.service.playonlockscreen.MediaButtonIntentReceiver]
02-14 17:05:21.105  1057  1435 I dvm_lock_sample: [system_server,1,Binder_5,26,ActivityManagerService.java,10011,BroadcastQueue.java,561,5]
02-14 17:05:21.155  1057  1416 I am_proc_bound: [0,2376,com.lge.videoplayer]
02-14 17:05:21.165  1057  1351 I backup_data_changed: android
02-14 17:05:21.165  1057  1351 I backup_data_changed: android
02-14 17:05:21.264  1057  2110 I am_proc_start: [0,2421,1000,com.wsandroid.suite.lge,broadcast,com.wsandroid.suite.lge/com.wavesecure.core.WSAndroidSystemIntentReceiver]
02-14 17:05:21.264  1057  1843 I dvm_lock_sample: [system_server,1,Binder_9,21,ActivityManagerService.java,15427,BroadcastQueue.java,561,4]
02-14 17:05:21.315  1057  2033 I am_proc_start: [0,2449,10107,com.google.android.apps.magazines,broadcast,com.google.android.apps.magazines/com.google.apps.dots.android.newsstand.audio.MediaButtonIntentReceiver]
02-14 17:05:21.317  1057  1057 I dvm_lock_sample: [system_server,0,main,43,ActivityManagerService.java,15657,BroadcastQueue.java,561,8]
02-14 17:05:21.339  1057  2034 I am_proc_bound: [0,2421,com.wsandroid.suite.lge]
02-14 17:05:21.363  1057  1435 I am_proc_bound: [0,2449,com.google.android.apps.magazines]
02-14 17:05:21.619  2092  2092 I am_on_resume_called: [0,com.lge.launcher2.Launcher]
02-14 17:05:21.678  1057  1057 I notification_cancel: [1001,1552,com.lge.ltecall,2,NULL,0,0,64,8,NULL]
02-14 17:05:21.765  1057  2072 I force_gc: Binder
02-14 17:05:21.928  1401  1401 I force_gc: Binder
02-14 17:05:21.995  1814  1814 I gsm_service_state_change: [1,1,3,3]
02-14 17:05:22.031  1057  1057 I notification_cancel: [1001,1814,com.android.phone,51001,NULL,-1,0,64,8,NULL]
02-14 17:05:22.031  1057  1057 I notification_cancel: [1001,1814,com.android.phone,51002,NULL,-1,0,64,8,NULL]
02-14 17:05:22.131  1057  2034 I am_proc_start: [0,2531,10005,com.google.android.gms,service,com.google.android.gms/.ads.identifier.service.AdvertisingIdService]
02-14 17:05:22.168  1057  2110 I am_proc_bound: [0,2531,com.google.android.gms]
02-14 17:05:22.282  1057  1843 I am_proc_start: [0,2565,10137,com.lge.qremote,broadcast,com.lge.qremote/.settings.PhoneStateBroadcastReceiver]
02-14 17:05:22.332  1057  1074 I am_proc_bound: [0,2565,com.lge.qremote]
02-14 17:05:22.475  1057  1135 I boot_progress_enable_screen: 25308
02-14 17:05:22.479  1057  1135 I screen_toggled: 1
02-14 17:05:22.480  1057  1143 I am_activity_launch_time: [0,648958403,com.lge.launcher2/.Launcher,2628,2628]
02-14 17:05:22.780  1057  1057 I notification_cancel: [1001,1814,com.android.phone,5,NULL,0,0,64,8,NULL]
02-14 17:05:22.805  1057  1057 I notification_cancel: [1001,1814,com.android.phone,6,NULL,0,0,64,8,NULL]
02-14 17:05:22.849  1814  1814 I force_gc: Binder
02-14 17:05:22.976  1057  1057 I notification_cancel: [1001,1814,com.android.phone,2550,NULL,0,0,64,8,NULL]
02-14 17:05:22.996  1057  2111 I force_gc: Binder
02-14 17:05:23.133  1814  1814 I gsm_service_state_change: [3,3,1,1]
02-14 17:05:23.139  1057  1149 I am_proc_start: [0,2663,10016,com.lge.concierge,service,com.lge.concierge/.service.ConciergeService]
02-14 17:05:23.163  1057  1057 I notification_cancel: [1001,1814,com.android.phone,51001,NULL,-1,0,64,8,NULL]
02-14 17:05:23.164  1057  1057 I notification_cancel: [1001,1814,com.android.phone,51002,NULL,-1,0,64,8,NULL]
02-14 17:05:23.202  1057  1435 I am_proc_bound: [0,2663,com.lge.concierge]
02-14 17:05:23.368  1057  1057 I notification_cancel: [1001,1814,com.android.phone,6,NULL,0,0,64,8,NULL]
02-14 17:05:23.434  1057  1135 I am_proc_start: [0,2722,10018,com.android.contacts,broadcast,com.android.contacts/com.lge.contacts.sim.SimPhonebookStateReceiver]
02-14 17:05:23.494  1057  1435 I am_proc_bound: [0,2722,com.android.contacts]
02-14 17:05:23.563  1057  1057 I notification_cancel: [1001,1814,com.android.phone,51003,NULL,0,0,64,8,NULL]
02-14 17:05:23.642  1057  2110 I am_proc_start: [0,2774,10003,com.lge.ia.task.process.shared,content provider,com.lge.mrg.boardcontent/.BoardContentProvider]
02-14 17:05:23.709  1057  1149 I am_proc_bound: [0,2774,com.lge.ia.task.process.shared]
02-14 17:05:23.783  1057  1842 I am_proc_start: [0,2798,1000,com.lge.bnr,broadcast,com.lge.bnr/.service.BNRBootReceiver]
02-14 17:05:23.238  1057  1057 I notification_cancel: [1001,1814,com.android.phone,51001,NULL,-1,0,64,8,NULL]
02-14 17:05:23.239  1057  1057 I notification_cancel: [1001,1814,com.android.phone,51002,NULL,-1,0,64,8,NULL]
02-14 17:05:23.287  1057  1073 I configuration_changed: 3
02-14 17:05:23.341  1057  1073 I am_relaunch_resume_activity: [0,648958403,32,com.lge.launcher2/.Launcher]
02-14 17:05:23.362  1057  2111 I am_proc_bound: [0,2798,com.lge.bnr]
02-14 17:05:23.394  1814  1814 I gsm_service_state_change: [1,1,1,0]
02-14 17:05:23.480  1057  1057 I notification_cancel: [1001,1814,com.android.phone,51001,NULL,-1,0,64,8,NULL]
02-14 17:05:23.481  1057  1057 I notification_cancel: [1001,1814,com.android.phone,51003,NULL,-1,0,64,8,NULL]
02-14 17:05:23.483  1057  1057 I notification_cancel: [1001,1814,com.android.phone,51002,NULL,-1,0,64,8,NULL]
02-14 17:05:23.509  2092  2092 I am_on_paused_called: [0,com.lge.launcher2.Launcher]
02-14 17:05:23.563  1057  1149 I am_proc_start: [0,2850,10020,android.process.media,content provider,com.android.providers.media/.MediaProvider]
02-14 17:05:23.608  1057  1073 I am_proc_bound: [0,2850,android.process.media]
02-14 17:05:23.612   288   288 I sf_frame_dur: [com.lge.launcher2/com.lge.launcher2.Launcher,10,0,1,1,3,0,0]
02-14 17:05:23.656  1057  1057 I notification_cancel: [1000,2421,com.wsandroid.suite.lge,4369,NULL,0,0,0,8,NULL]
02-14 17:05:23.674  1057  1057 I notification_cancel: [1000,2421,com.wsandroid.suite.lge,4369,NULL,0,0,0,8,NULL]
02-14 17:05:23.776  1057  1843 I am_proc_start: [0,2880,10130,com.uplus.ipagent,broadcast,com.uplus.ipagent/.call.CallReceiver]
02-14 17:05:23.839  1057  2034 I force_gc: Binder
02-14 17:05:23.845  1057  1435 I am_proc_bound: [0,2880,com.uplus.ipagent]
02-14 17:05:23.900  1057  1435 I notification_cancel_all: [10020,2850,com.android.providers.downloads,0,0,64,9,NULL]
02-14 17:05:24.032  2092  2092 I am_on_resume_called: [0,com.lge.launcher2.Launcher]
02-14 17:05:24.186  1057  1073 I am_proc_start: [0,2923,10147,com.mnsoft.lgunavi,service,com.mnsoft.lgunavi/com.mnsoft.offboardnavi.OBNRemoteService]
02-14 17:05:24.264  1057  1441 I am_proc_bound: [0,2923,com.mnsoft.lgunavi]
02-14 17:05:24.917  1057  2110 I am_kill : [0,1739,com.lge.lockscreensettings,15,empty #17]
02-14 17:05:25.070  1057  1843 I am_proc_died: [0,1739,com.lge.lockscreensettings]
02-14 17:05:25.176  1057  1057 I notification_cancel: [1001,1814,com.android.phone,2550,NULL,0,0,64,8,NULL]
02-14 17:05:25.193  1057  1441 I am_kill : [0,2266,com.google.android.partnersetup,15,empty #17]
02-14 17:05:25.218  1057  1143 I [35017] : Performing post-rotate rotation. total time = 5350ms
02-14 17:05:25.300  1057  1435 I dvm_lock_sample: [system_server,1,Binder_5,107,ActivityManagerService.java,16467,BroadcastQueue.java,561,21]
02-14 17:05:25.304  1057  2033 I dvm_lock_sample: [system_server,0,Binder_A,94,ActivityManagerService.java,1215,BroadcastQueue.java,561,18]
02-14 17:05:25.304  1057  2033 I am_proc_died: [0,2266,com.google.android.partnersetup]
02-14 17:05:25.347  1057  1057 I notification_cancel: [1001,1814,com.android.phone,2550,NULL,0,0,64,8,NULL]
02-14 17:05:25.573  1057  2034 I am_proc_start: [0,2977,10005,com.google.android.gms.ui,broadcast,com.google.android.gms/com.google.android.location.network.LocationProviderChangeReceiver]
02-14 17:05:25.575  1057  2034 I am_kill : [0,2139,com.google.android.googlequicksearchbox:search,15,empty #17]
02-14 17:05:25.712  1057  1840 I am_proc_died: [0,2139,com.google.android.googlequicksearchbox:search]
02-14 17:05:25.720  1057  1843 I am_proc_bound: [0,2977,com.google.android.gms.ui]
02-14 17:05:25.819  1057  1149 I am_kill : [0,2197,com.lge.lgdmsclient,15,empty #17]
02-14 17:05:25.909  1057  1135 I dvm_lock_sample: [system_server,0,ActivityManager,89,ActivityManagerService.java,3667,-,9943,17]
02-14 17:05:25.910  1057  1843 I am_proc_died: [0,2197,com.lge.lgdmsclient]
02-14 17:05:25.958  1057  1416 I am_create_task: [0,33]
02-14 17:05:25.958  1057  1416 I am_create_activity: [0,162179312,33,com.android.settings/.lgesetting.wireless.DataNetworkModePayPopupLGT,android.intent.action.MAIN,NULL,NULL,276824064]
02-14 17:05:25.959  1057  1416 I wm_task_created: [33,1]
02-14 17:05:25.959  1057  1416 I wm_task_moved: [33,1,0]
02-14 17:05:25.964  1057  1416 I am_pause_activity: [0,648958403,com.lge.launcher2/.Launcher]
02-14 17:05:26.029  1057  1057 I notification_cancel: [1001,1814,com.android.phone,5,NULL,0,0,64,8,NULL]
02-14 17:05:26.107  1057  1435 I force_gc: Binder
02-14 17:05:26.114  1057  1149 I am_proc_start: [0,3025,10005,com.google.process.location,broadcast,com.google.android.gms/com.google.android.location.reporting.service.ExternalChangeReceiver]
02-14 17:05:26.115  1057  1149 I am_kill : [0,2288,com.lge.music,15,empty #17]
02-14 17:05:26.182  1057  1843 I am_proc_died: [0,2288,com.lge.music]
02-14 17:05:26.240  1057  1074 I am_proc_bound: [0,3025,com.google.process.location]
02-14 17:05:26.269  2092  2092 I am_on_paused_called: [0,com.lge.launcher2.Launcher]
02-14 17:05:26.279  1057  2071 I am_resume_activity: [0,162179312,33,com.android.settings/.lgesetting.wireless.DataNetworkModePayPopupLGT]
02-14 17:05:26.280  1057  1057 I notification_cancel: [1000,1057,android,1000,NULL,0,0,0,8,NULL]
02-14 17:05:26.297  1057  1135 I dvm_lock_sample: [system_server,0,ActivityManager,27,ActivityStackSupervisor.java,3591,ActivityManagerService.java,6790,5]
02-14 17:05:26.409  1057  2034 I notification_expansion: [-1|android|34406860|null|1000,0,1]
02-14 17:05:26.489  1869  1869 I am_on_resume_called: [0,com.android.settings.lgesetting.wireless.DataNetworkModePayPopupLGT]
02-14 17:05:26.519  1057  1057 I backup_transport_lifecycle: [com.google.android.backuptransport/com.google.android.backup.BackupTransportService,1]
02-14 17:05:26.522  1869  1869 I am_on_resume_called: [0,com.android.settings.lgesetting.wireless.DataNetworkModePayPopupLGT]
02-14 17:05:26.605  1057  1840 I am_proc_start: [0,3058,1000,com.lguplus.rms,broadcast,com.lguplus.rms/.RmsBoradcastReceiver]
02-14 17:05:26.607  1057  2034 I dvm_lock_sample: [system_server,1,Binder_B,44,ActivityManagerService.java,10077,BroadcastQueue.java,561,8]
02-14 17:05:26.702  1057  1073 I am_proc_bound: [0,3058,com.lguplus.rms]
02-14 17:05:26.899  1057  1843 I dvm_lock_sample: [system_server,1,Binder_9,24,WindowManagerService.java,3483,-,3141,4]
02-14 17:05:26.948  1057  1143 I am_activity_launch_time: [0,162179312,com.android.settings/.lgesetting.wireless.DataNetworkModePayPopupLGT,707,707]
02-14 17:05:26.949   383   612 I [55004] : 30380
02-14 17:05:27.087   288   288 I sf_frame_dur: [BootAnimation,29,559,47,0,0,0,0]
02-14 17:05:27.417  1057  1057 I notification_cancel: [10005,3025,com.google.android.backuptransport,1,com.google.android.backup.notification.tag,0,0,64,8,NULL]
02-14 17:05:27.568  1057  2111 I dvm_lock_sample: [system_server,1,Binder_F,30,ActivityManagerService.java,10077,-,16811,6]
02-14 17:05:28.001  1057  1323 I netstats_mobile_sample: [0,0,0,0,0,0,0,0,0,0,0,0,-1]
02-14 17:05:28.002  1057  1323 I netstats_wifi_sample: [0,0,0,0,0,0,0,0,0,0,0,0,-1]
02-14 17:05:28.043  1057  1057 I notification_cancel: [1001,1814,com.android.phone,789,NULL,0,0,64,8,NULL]
02-14 17:05:28.048  1057  1057 I notification_cancel: [1000,1057,android,65537,CaptivePortal.Notification,0,0,0,8,NULL]
02-14 17:05:28.242  1057  2071 I am_proc_start: [0,3275,1000,com.uei.lg.quicksetsdk.maxq616,service,com.uei.lg.quicksetsdk.maxq616/com.uei.control.Service]
02-14 17:05:28.254  1057  1135 I dvm_lock_sample: [system_server,0,ActivityManager,27,ActivityManagerService.java,1461,-,15409,5]
02-14 17:05:28.270  1057  1057 I notification_cancel: [1001,1814,com.android.phone,777,NULL,0,0,64,8,NULL]
02-14 17:05:28.307  1057  2287 I am_proc_bound: [0,3275,com.uei.lg.quicksetsdk.maxq616]
02-14 17:05:28.591  1057  2071 I am_proc_start: [0,3302,10005,com.google.android.gms.wearable,service,com.google.android.gms/.wearable.service.WearableService]
02-14 17:05:28.666  1057  2287 I am_proc_bound: [0,3302,com.google.android.gms.wearable]
02-14 17:05:28.801  1057  1435 I am_proc_start: [0,3324,10128,com.lgu.app.appbundle,broadcast,com.lgu.app.appbundle/.WidgetProvider_5x3]
02-14 17:05:28.890  1057  1416 I am_proc_bound: [0,3324,com.lgu.app.appbundle]
02-14 17:05:29.009  1057  1840 I am_proc_start: [0,3353,10100,com.lge.sizechangable.weather.platform,content provider,com.lge.sizechangable.weather.platform/com.lge.sizechangable.weather.provider.CLWeatherProvider]
02-14 17:05:29.018  1057  1441 I dvm_lock_sample: [system_server,1,Binder_6,20,ActivityManagerService.java,9568,-,9568,4]
02-14 17:05:29.089  1057  2110 I am_proc_bound: [0,3353,com.lge.sizechangable.weather.platform]
02-14 17:05:29.157  1057  2072 I am_proc_start: [0,3379,10092,com.lge.lockscreensettings,content provider,com.lge.lockscreensettings/.LockSettingsProvider]
02-14 17:05:29.217  1057  1843 I am_proc_bound: [0,3379,com.lge.lockscreensettings]
02-14 17:05:29.328  1057  2111 I force_gc: Binder
02-14 17:05:29.351  1057  2033 I notification_cancel_all: [10016,2663,com.lge.concierge,0,0,64,9,NULL]
02-14 17:05:29.351  1057  1416 I notification_cancel_all: [10016,2663,com.lge.concierge,0,0,64,9,NULL]
02-14 17:05:29.354  1057  1057 I notification_cancel: [10016,2663,com.lge.concierge,1052221105,NULL,0,0,64,8,NULL]
02-14 17:05:29.533  1057  2033 I dvm_lock_sample: [system_server,1,Binder_A,74,PowerManagerServiceEx.java,382,PowerManagerService.java,915,14]
02-14 17:05:29.534  1814  1814 I dvm_lock_sample: [com.android.phone,1,main,195,RIL.java,2994,-,2994,39]
02-14 17:05:29.627  3025  3398 I force_gc: Binder
02-14 17:05:29.699  1814  1814 I gsm_service_state_change: [1,0,0,0]
02-14 17:05:29.699  1814  1814 I gsm_rat_switched_new: [52169219,0,14]
02-14 17:05:29.730  1057  1149 I am_proc_start: [0,3424,10054,com.google.android.googlequicksearchbox:search,broadcast,com.google.android.googlequicksearchbox/.SearchWidgetProvider]
02-14 17:05:29.789  1057  1840 I am_proc_bound: [0,3424,com.google.android.googlequicksearchbox:search]
02-14 17:05:29.792  1057  1057 I notification_cancel: [1001,1814,com.android.phone,51001,NULL,-1,0,64,8,NULL]
02-14 17:05:29.793  1057  1057 I notification_cancel: [1001,1814,com.android.phone,51003,NULL,-1,0,64,8,NULL]
02-14 17:05:29.793  1057  1057 I notification_cancel: [1001,1814,com.android.phone,51002,NULL,-1,0,64,8,NULL]
02-14 17:05:29.798  1057  1842 I notification_expansion: [-1|android|17040642|null|1000,0,1]
02-14 17:05:29.800  1057  1435 I notification_expansion: [-1|android|34406860|null|1000,0,0]
02-14 17:05:30.024  1057  1441 I am_kill : [0,2312,com.lguplus.common.wificm.mwlan,15,empty #17]
02-14 17:05:30.141  1057  2034 I am_proc_died: [0,2312,com.lguplus.common.wificm.mwlan]
02-14 17:05:30.204  1057  1073 I am_proc_start: [0,3452,10035,com.lge.sizechangable.musicwidget.widget,broadcast,com.lge.sizechangable.musicwidget.widget/.MusicAppWidgetProvider4x1]
02-14 17:05:30.243  1057  2287 I am_proc_bound: [0,3452,com.lge.sizechangable.musicwidget.widget]
02-14 17:05:30.337  1057  2111 I am_proc_start: [0,3475,10034,com.lge.music,service,com.lge.music/.MediaPlaybackService]
02-14 17:05:30.408  1057  2110 I am_proc_start: [0,3494,10010,com.lge.clock,broadcast,com.lge.clock/.quickcover.QuickCoverProvider]
02-14 17:05:30.412  1057  1843 I am_proc_bound: [0,3475,com.lge.music]
02-14 17:05:30.421  1057  1840 I am_kill : [0,2421,com.wsandroid.suite.lge,15,empty #17]
02-14 17:05:30.425  1057  1057 I notification_cancel: [1001,1814,com.android.phone,2550,NULL,0,0,64,8,NULL]
02-14 17:05:30.499  1057  1840 I am_kill : [0,2376,com.lge.videoplayer,15,empty #18]
02-14 17:05:30.590  1057  1135 I dvm_lock_sample: [system_server,0,ActivityManager,169,ActivityManagerService.java,3667,-,15447,33]
02-14 17:05:30.590  1057  1441 I am_proc_died: [0,2421,com.wsandroid.suite.lge]
02-14 17:05:30.593  1057  2072 I am_proc_bound: [0,3494,com.lge.clock]
02-14 17:05:30.597  1057  1843 I dvm_lock_sample: [system_server,0,Binder_9,85,ActivityManagerService.java,1215,-,15447,17]
02-14 17:05:30.597  1057  1843 I am_proc_died: [0,2376,com.lge.videoplayer]
02-14 17:05:30.919  1057  1435 I force_gc: Binder
02-14 17:05:30.992  1057  1416 I am_proc_start: [0,3519,1000,com.wsandroid.suite.lge,broadcast,com.wsandroid.suite.lge/com.wavesecure.core.WSAndroidSystemIntentReceiver]
02-14 17:05:31.038  1057  1840 I am_proc_bound: [0,3519,com.wsandroid.suite.lge]
02-14 17:05:31.132  1057  1441 I am_kill : [0,2449,com.google.android.apps.magazines,13,empty #17]
02-14 17:05:31.290  1057  1073 I am_proc_died: [0,2449,com.google.android.apps.magazines]
02-14 17:05:32.158  1057  2033 I force_gc: Binder
02-14 17:05:32.191  1057  2287 I am_proc_start: [0,3549,10011,com.lge.appbox.client:SingleBinaryService,broadcast,com.lge.appbox.client/com.lge.appbox.singlebinary.SimChangeReceiver]
02-14 17:05:32.200  1057  2287 I am_kill : [0,2798,com.lge.bnr,13,empty #17]
02-14 17:05:32.310  1057  2071 I dvm_lock_sample: [system_server,1,Binder_C,161,ActivityManagerService.java,16467,BroadcastQueue.java,561,32]
02-14 17:05:32.312  1057  1842 I am_proc_died: [0,2798,com.lge.bnr]
02-14 17:05:32.319  1057  1441 I am_proc_bound: [0,3549,com.lge.appbox.client:SingleBinaryService]
02-14 17:05:32.604  1057  1057 I notification_cancel: [1000,3519,com.wsandroid.suite.lge,4369,NULL,0,0,0,8,NULL]
02-14 17:05:32.618  1057  1057 I notification_cancel: [1000,3519,com.wsandroid.suite.lge,4369,NULL,0,0,0,8,NULL]
02-14 17:05:32.654  1057  2071 I am_proc_start: [0,3572,10011,com.lge.appbox.client,content provider,com.lge.appbox.client/com.lge.appbox.databases.AppBoxContentProvider]
02-14 17:05:32.701  1057  2110 I am_proc_bound: [0,3572,com.lge.appbox.client]
02-14 17:05:32.839  1057  1441 I am_kill : [0,1844,com.lge.sync,13,empty #17]
02-14 17:05:32.937  1057  1840 I am_proc_died: [0,1844,com.lge.sync]
02-14 17:05:33.136  1057  2034 I am_proc_start: [0,3598,10012,com.android.browser,broadcast,com.android.browser/com.lge.browser.settings.BrowserSettingReceiver]
02-14 17:05:33.139  1057  2111 I am_kill : [0,1897,com.lguplus.appstore,13,empty #17]
02-14 17:05:33.201  1057  1843 I am_proc_bound: [0,3598,com.android.browser]
02-14 17:05:33.205  1057  1441 I am_proc_died: [0,1897,com.lguplus.appstore]
02-14 17:05:33.324  1057  2071 I force_gc: Binder
02-14 17:05:33.748  1057  2110 I am_kill : [0,2112,com.android.printspooler,13,empty #17]
02-14 17:05:33.782  1057  1840 I am_proc_died: [0,2112,com.android.printspooler]
02-14 17:05:33.851  1057  1149 I am_proc_start: [0,3624,1000,com.lge.lgdmsclient,broadcast,com.lge.lgdmsclient/.dmclient.agent.DmDeviceActionReceiver]
02-14 17:05:33.904  1057  1842 I am_proc_bound: [0,3624,com.lge.lgdmsclient]
02-14 17:05:34.041  1057  1842 I am_proc_start: [0,3644,10022,com.lge.email,broadcast,com.lge.email/.receiver.EmailBootReceiver]
02-14 17:05:34.084  1057  1435 I am_proc_bound: [0,3644,com.lge.email]
02-14 17:05:34.423  1057  2033 I force_gc: Binder
02-14 17:05:34.736  1057  2034 I am_proc_start: [0,3668,10033,com.android.mms,broadcast,com.android.mms/.transaction.MmsSystemEventReceiver]
02-14 17:05:34.738  1057  2034 I am_kill : [0,2977,com.google.android.gms.ui,13,empty #17]
02-14 17:05:34.822  1057  2111 I am_proc_died: [0,2977,com.google.android.gms.ui]
02-14 17:05:34.825  1057  1843 I am_proc_bound: [0,3668,com.android.mms]
02-14 17:05:35.151  1057  1057 I notification_cancel: [10005,3302,com.google.android.gms,22543,NULL,0,0,64,8,NULL]
02-14 17:05:35.157  1057  2071 I am_kill : [0,2923,com.mnsoft.lgunavi,13,empty #17]
02-14 17:05:35.233  1057  1441 I dvm_lock_sample: [system_server,0,Binder_6,52,ActivityManagerService.java,1215,-,15447,10]
02-14 17:05:35.233  1057  1441 I am_proc_died: [0,2923,com.mnsoft.lgunavi]
02-14 17:05:35.233  1057  1441 I am_schedule_service_restart: [0,com.mnsoft.lgunavi/com.mnsoft.offboardnavi.OBNRemoteService,1000]
02-14 17:05:35.306  1057  1416 I am_kill : [0,2880,com.uplus.ipagent,15,empty #17]
02-14 17:05:35.396  1057  1135 I dvm_lock_sample: [system_server,0,ActivityManager,91,ActivityManagerService.java,3667,-,15447,18]
02-14 17:05:35.397  1057  2034 I am_proc_died: [0,2880,com.uplus.ipagent]
02-14 17:05:35.545  1057  2287 I force_gc: Binder
02-14 17:05:35.690  1057  1842 I dvm_lock_sample: [system_server,1,Binder_8,113,PowerManagerService.java,2569,-,915,22]
02-14 17:05:36.123  1057  1057 I am_proc_start: [0,3719,1000,com.lge.hiddenmenu,broadcast,com.lge.hiddenmenu/.wcdma_only.log_service.FactorySIMReceiver]
02-14 17:05:36.172  1057  1416 I am_proc_bound: [0,3719,com.lge.hiddenmenu]
02-14 17:05:36.404  1057  2110 I am_proc_start: [0,3748,10094,com.android.providers.partnerbookmarks,broadcast,com.android.providers.partnerbookmarks/com.lge.provider.BookmarksProviderReceiver]
02-14 17:05:36.450  1057  1840 I am_proc_bound: [0,3748,com.android.providers.partnerbookmarks]
02-14 17:05:36.516  1057  1149 I force_gc: Binder
02-14 17:05:36.537  1057  2110 I am_proc_start: [0,3769,1000,com.qualcomm.telephony,service,com.qualcomm.atfwd/.AtFwdService]
02-14 17:05:36.577  1057  1840 I am_proc_bound: [0,3769,com.qualcomm.telephony]
02-14 17:05:36.645  1057  1073 I am_proc_start: [0,3789,1000,com.lge.eula,broadcast,com.lge.eula/.service.LicenseSIMObserver]
02-14 17:05:36.646  1057  1073 I am_kill : [0,3353,com.lge.sizechangable.weather.platform,15,empty #17]
02-14 17:05:36.700  1057  2111 I am_proc_died: [0,3353,com.lge.sizechangable.weather.platform]
02-14 17:05:36.702  1057  2071 I am_proc_bound: [0,3789,com.lge.eula]
02-14 17:05:36.887  1057  2071 I am_kill : [0,3379,com.lge.lockscreensettings,15,empty #17]
02-14 17:05:36.950  1057  1840 I am_proc_died: [0,3379,com.lge.lockscreensettings]
02-14 17:05:36.964  1057  1843 I notification_enqueue: [1000,3789,com.lge.eula,262082,NULL,0,Notification(pri=0 contentView=null vibrate=null sound=null defaults=0x0 flags=0x10 color=0x00000000 vis=PRIVATE)]
02-14 17:05:37.015  1057  2111 I am_proc_start: [0,3814,1000,com.lguplus.nsrm_client,broadcast,com.lguplus.nsrm_client/.Receiver]
02-14 17:05:37.018  1057  2111 I am_kill : [0,2774,com.lge.ia.task.process.shared,15,empty #17]
02-14 17:05:37.080  1057  1441 I am_proc_died: [0,2774,com.lge.ia.task.process.shared]
02-14 17:05:37.084  1057  1416 I am_proc_bound: [0,3814,com.lguplus.nsrm_client]
02-14 17:05:37.089  1057  2071 I am_kill : [0,1432,com.lge.formmanager,15,empty #17]
02-14 17:05:37.184  1057  2071 I am_proc_start: [0,3832,10099,com.lge.sizechangable.weather,broadcast,com.lge.sizechangable.weather/.layout.WeatherWidget]
02-14 17:05:37.185  1057  2071 I am_kill : [0,3494,com.lge.clock,15,empty #17]
02-14 17:05:37.246  1057  1073 I am_proc_died: [0,1432,com.lge.formmanager]
02-14 17:05:37.252  1057  1840 I am_proc_died: [0,3494,com.lge.clock]
02-14 17:05:37.253  1057  1416 I notification_expansion: [0|com.lge.eula|262082|null|1000,0,1]
02-14 17:05:37.255  1057  1441 I notification_expansion: [-1|android|17040642|null|1000,0,0]
02-14 17:05:37.255  1057  2072 I am_proc_bound: [0,3832,com.lge.sizechangable.weather]
02-14 17:05:37.521  1057  1074 I am_proc_start: [0,3853,10025,com.lge.formmanager,broadcast,com.lge.formmanager/.FormServiceReceiver]
02-14 17:05:37.523  1057  1074 I am_kill : [0,3424,com.google.android.googlequicksearchbox:search,15,empty #17]
02-14 17:05:37.600  1057  1073 I am_proc_bound: [0,3853,com.lge.formmanager]
02-14 17:05:37.607  1057  2072 I am_proc_died: [0,3424,com.google.android.googlequicksearchbox:search]
02-14 17:05:37.772  1057  1073 I am_kill : [0,3275,com.uei.lg.quicksetsdk.maxq616,15,empty #17]
02-14 17:05:37.983  1057  1135 I dvm_lock_sample: [system_server,0,ActivityManager,212,ActivityManagerService.java,3667,-,15447,42]
02-14 17:05:37.984  1057  1840 I dvm_lock_sample: [system_server,0,Binder_7,198,ActivityManagerService.java,1215,-,15447,39]
02-14 17:05:38.001  1057  1840 I am_proc_died: [0,3275,com.uei.lg.quicksetsdk.maxq616]
02-14 17:05:38.001  1057  1840 I am_schedule_service_restart: [0,com.uei.lg.quicksetsdk.maxq616/com.uei.control.Service,1000]
02-14 17:05:38.069  1057  1843 I am_proc_start: [0,3895,1000,com.uei.lg.quicksetsdk.maxq616,service,com.uei.lg.quicksetsdk.maxq616/com.uei.control.Service]
02-14 17:05:38.115  1057  2110 I am_proc_bound: [0,3895,com.uei.lg.quicksetsdk.maxq616]
02-14 17:05:38.425  2244  3919 I gtalk_connection: 16977919
02-14 17:05:38.611  1057  2071 I am_proc_start: [0,3924,10116,com.lguplus.usimsvcm,broadcast,com.lguplus.usimsvcm/.ui.widgetprovider.SmartwalletWidgetProvider2By2AtLeastHoneycomb]
02-14 17:05:38.661  1057  1441 I am_proc_bound: [0,3924,com.lguplus.usimsvcm]
02-14 17:05:38.949  1057  2033 I am_proc_start: [0,3947,10130,com.uplus.ipagent,broadcast,com.uplus.ipagent/.call.DeviceReceiver]
02-14 17:05:38.983  1057  2072 I am_proc_bound: [0,3947,com.uplus.ipagent]
02-14 17:05:39.076  1057  1073 I am_kill : [0,3519,com.wsandroid.suite.lge,15,empty #17]
02-14 17:05:39.185  1057  2110 I am_proc_start: [0,3975,10147,com.mnsoft.lgunavi,service,com.mnsoft.lgunavi/com.mnsoft.offboardnavi.OBNRemoteService]
02-14 17:05:39.186  1057  2071 I am_proc_died: [0,3519,com.wsandroid.suite.lge]
02-14 17:05:39.228  1057  1149 I am_proc_bound: [0,3975,com.mnsoft.lgunavi]
02-14 17:05:39.793  1057  2071 I am_kill : [0,3572,com.lge.appbox.client,15,empty #17]
02-14 17:05:39.822  1057  2071 I am_kill : [0,3549,com.lge.appbox.client:SingleBinaryService,15,empty #18]
02-14 17:05:39.891  1057  1135 I dvm_lock_sample: [system_server,0,ActivityManager,97,ActivityManagerService.java,3667,BroadcastQueue.java,561,19]
02-14 17:05:39.895  1057  1842 I dvm_lock_sample: [system_server,0,Binder_8,83,ActivityManagerService.java,1215,BroadcastQueue.java,561,16]
02-14 17:05:39.896  1057  1842 I am_proc_died: [0,3572,com.lge.appbox.client]
02-14 17:05:39.898  1057  1843 I am_proc_died: [0,3549,com.lge.appbox.client:SingleBinaryService]
02-14 17:05:39.941  1057  1057 I notification_cancel: [1000,1869,com.android.settings,2130838638,NULL,0,0,0,8,NULL]
02-14 17:05:39.980  1057  1074 I am_proc_start: [0,3999,1000,com.wsandroid.suite.lge,broadcast,com.wsandroid.suite.lge/com.wavesecure.core.WSAndroidSystemIntentReceiver]
02-14 17:05:40.019  1057  1073 I am_proc_bound: [0,3999,com.wsandroid.suite.lge]
02-14 17:05:40.885  1057  1840 I am_proc_start: [0,4024,10010,com.lge.clock,broadcast,com.lge.clock/.alarmclock.ALBootInit]
02-14 17:05:40.897  1057  1073 I am_kill : [0,3598,com.android.browser,15,empty #17]
02-14 17:05:41.022  1057  1135 I dvm_lock_sample: [system_server,0,ActivityManager,123,ActivityManagerService.java,3667,-,15447,24]
02-14 17:05:41.024  1057  1435 I am_proc_died: [0,3598,com.android.browser]
02-14 17:05:41.032  1057  2072 I am_proc_bound: [0,4024,com.lge.clock]
02-14 17:05:41.187  1057  1057 I notification_cancel: [1000,3999,com.wsandroid.suite.lge,4369,NULL,0,0,0,8,NULL]
02-14 17:05:41.196  1057  1057 I notification_cancel: [1000,3999,com.wsandroid.suite.lge,4369,NULL,0,0,0,8,NULL]
02-14 17:05:41.282  1057  1149 I am_proc_start: [0,4066,10013,com.android.calendar,broadcast,com.android.calendar/.widget.CalendarAppWidgetProvider]
02-14 17:05:41.285  1057  1149 I am_kill : [0,2722,com.android.contacts,15,empty #17]
02-14 17:05:41.350  1057  2034 I am_proc_died: [0,2722,com.android.contacts]
02-14 17:05:41.352  1057  2287 I am_proc_bound: [0,4066,com.android.calendar]
02-14 17:05:41.754  1057  2033 I force_gc: Binder
02-14 17:05:42.112  1057  2072 I am_proc_start: [0,4115,10014,com.android.providers.calendar,content provider,com.android.providers.calendar/.CalendarProvider2]
02-14 17:05:42.145  1057  2034 I am_proc_bound: [0,4115,com.android.providers.calendar]
02-14 17:05:42.200  1057  2110 I am_proc_start: [0,4136,10119,lg.uplusbox,broadcast,lg.uplusbox/.musicalarm.AlarmInitReceiver]
02-14 17:05:42.235  1057  2287 I am_proc_bound: [0,4136,lg.uplusbox]
02-14 17:05:42.268  1057  1149 I am_kill : [0,3302,com.google.android.gms.wearable,15,empty #17]
02-14 17:05:42.301  1057  1842 I am_proc_died: [0,3302,com.google.android.gms.wearable]
02-14 17:05:42.339  1057  2111 I am_kill : [0,3719,com.lge.hiddenmenu,15,empty #17]
02-14 17:05:42.368  1057  2071 I am_proc_died: [0,3719,com.lge.hiddenmenu]
02-14 17:05:42.567  1057  2072 I am_kill : [0,3748,com.android.providers.partnerbookmarks,15,empty #17]
02-14 17:05:42.600  1057  1416 I am_proc_died: [0,3748,com.android.providers.partnerbookmarks]
02-14 17:05:42.626  2244  2262 I force_gc: Binder
02-14 17:05:42.838  1057  1435 I am_proc_start: [0,4167,1000,com.qualcomm.timeservice,broadcast,com.qualcomm.timeservice/.TimeServiceBroadcastReceiver]
02-14 17:05:42.868  1057  2072 I am_proc_bound: [0,4167,com.qualcomm.timeservice]
02-14 17:05:42.969  1057  2111 I am_proc_start: [0,4186,10070,com.lge.drmservice,broadcast,com.lge.drmservice/.DrmBroadcastReceiver]
02-14 17:05:42.970  1057  2111 I am_kill : [0,3789,com.lge.eula,15,empty #17]
02-14 17:05:43.020  1057  1135 I dvm_lock_sample: [system_server,0,ActivityManager,48,ActivityManagerService.java,3667,-,18717,9]
02-14 17:05:43.020  1057  2072 I am_proc_died: [0,3789,com.lge.eula]
02-14 17:05:43.023  1057  1416 I am_proc_bound: [0,4186,com.lge.drmservice]
02-14 17:05:43.105  1057  1416 I am_kill : [0,3814,com.lguplus.nsrm_client,15,empty #17]
02-14 17:05:43.167  1057  2034 I am_proc_died: [0,3814,com.lguplus.nsrm_client]
02-14 17:05:43.304  1057  2287 I am_proc_start: [0,4210,10037,com.lge.lifetracker,broadcast,com.lge.lifetracker/.core.receiver.CoreEventReceiver]
02-14 17:05:43.339  1057  2071 I am_proc_bound: [0,4210,com.lge.lifetracker]
02-14 17:05:43.634  1057  1441 I am_proc_start: [0,4233,10084,com.lge.lgaccount,content provider,com.lge.lgaccount/.provider.LGAccountProvider]
02-14 17:05:43.673  1057  2110 I am_proc_bound: [0,4233,com.lge.lgaccount]
02-14 17:05:43.834  1057  1074 I am_proc_start: [0,4253,10003,com.lge.ia.task.process.shared,broadcast,com.lge.ia.task.informant/.ActivationEventReceiver]
02-14 17:05:43.843  1057  1074 I am_kill : [0,2565,com.lge.qremote,15,empty #17]
02-14 17:05:43.950  1057  1074 I am_kill : [0,3895,com.uei.lg.quicksetsdk.maxq616,15,empty #18]
02-14 17:05:44.052  1057  1135 I dvm_lock_sample: [system_server,0,ActivityManager,214,ActivityManagerService.java,3667,-,18717,42]
02-14 17:05:44.052  1057  1416 I dvm_lock_sample: [system_server,1,Binder_4,157,ActivityManagerService.java,6599,-,18717,31]
02-14 17:05:44.055  1057  1416 I am_proc_bound: [0,4253,com.lge.ia.task.process.shared]
02-14 17:05:44.068  1057  2033 I am_proc_died: [0,2565,com.lge.qremote]
02-14 17:05:44.073  1057  1441 I am_proc_died: [0,3895,com.uei.lg.quicksetsdk.maxq616]
02-14 17:05:45.117  1057  1435 I am_proc_start: [0,4303,10082,com.google.android.talk,broadcast,com.google.android.talk/com.google.android.apps.hangouts.phone.PhoneStateReceiver]
02-14 17:05:45.156  1057  1074 I am_proc_bound: [0,4303,com.google.android.talk]
02-14 17:05:45.781  1057  2033 I am_kill : [0,4115,com.android.providers.calendar,15,empty #17]
02-14 17:05:45.840  1057  1135 I dvm_lock_sample: [system_server,0,ActivityManager,61,ActivityManagerService.java,3667,BroadcastQueue.java,561,12]
02-14 17:05:45.842  1057  1842 I am_proc_died: [0,4115,com.android.providers.calendar]
02-14 17:05:45.917  1057  4352 I am_proc_start: [0,4354,1000,com.android.keychain,service,com.android.keychain/.KeyChainService]
02-14 17:05:45.994  1057  2111 I am_proc_start: [0,4383,10018,com.android.contacts,broadcast,com.android.contacts/com.lge.contacts.util.LauncherStateReceiver2]
02-14 17:05:45.996  1057  1149 I force_gc: Binder
02-14 17:05:45.996  1057  1435 I dvm_lock_sample: [system_server,1,Binder_5,37,ActivityManagerService.java,9943,BroadcastQueue.java,561,7]
02-14 17:05:46.183  1057  1149 I am_proc_bound: [0,4354,com.android.keychain]
02-14 17:05:46.190  1057  1435 I dvm_lock_sample: [system_server,1,Binder_5,194,ActivityManagerService.java,9943,-,6599,38]
02-14 17:05:46.191  1057  2033 I dvm_lock_sample: [system_server,1,Binder_A,153,ActivityManagerService.java,6599,-,6599,30]
02-14 17:05:46.191  1057  2033 I am_proc_bound: [0,4383,com.android.contacts]
02-14 17:05:46.264  1057  1057 I notification_cancel: [1000,1057,android,17039592,NULL,0,0,0,8,NULL]
02-14 17:05:46.268  1057  2072 I am_kill : [0,4024,com.lge.clock,15,empty #17]
02-14 17:05:46.360  1057  1074 I am_proc_died: [0,4024,com.lge.clock]
02-14 17:05:46.361  1057  1135 I dvm_lock_sample: [system_server,0,ActivityManager,94,ActivityManagerService.java,3667,-,15447,18]
02-14 17:05:46.530  1057  2111 I am_proc_start: [0,4429,1000,com.qti.diagservices,broadcast,com.qti.diagservices/.Diag_OnBoot]
02-14 17:05:46.568  1057  1057 I notification_cancel: [10018,4383,com.android.contacts,1,DefaultVoicemailNotifier,0,0,64,8,NULL]
02-14 17:05:46.571  1057  2072 I am_kill : [0,4066,com.android.calendar,15,empty #17]
02-14 17:05:46.650  1057  1074 I am_proc_bound: [0,4429,com.qti.diagservices]
02-14 17:05:46.654  1057  2111 I dvm_lock_sample: [system_server,0,Binder_F,62,ActivityManagerService.java,1215,-,15447,12]
02-14 17:05:46.654  1057  2111 I am_proc_died: [0,4066,com.android.calendar]
02-14 17:05:46.892  1057  1074 I am_proc_start: [0,4479,1000,com.lge.hiddenmenu,broadcast,com.lge.hiddenmenu/.wcdma_only.log_service.StorageStatusReceiver]
02-14 17:05:46.929  1057  2111 I am_proc_bound: [0,4479,com.lge.hiddenmenu]
02-14 17:05:46.986  1057  2034 I am_kill : [0,3644,com.lge.email,15,empty #17]
02-14 17:05:47.052  1057  1843 I am_proc_died: [0,3644,com.lge.email]
02-14 17:05:47.110  1057  1057 I notification_cancel: [10005,2531,com.google.android.gms,2130838129,NULL,0,0,64,8,NULL]
02-14 17:05:47.112  1057  1057 I notification_cancel: [10005,2531,com.google.android.gms,2130838130,NULL,0,0,64,8,NULL]
02-14 17:05:47.116  2531  4503 I system_update: [1536,0,0,NULL]
02-14 17:05:47.325  1057  1074 I am_proc_start: [0,4520,10007,com.google.android.onetimeinitializer,broadcast,com.google.android.onetimeinitializer/.OneTimeInitializerReceiver]
02-14 17:05:47.391  1057  1074 I am_proc_bound: [0,4520,com.google.android.onetimeinitializer]
02-14 17:05:47.487  1057  1840 I am_proc_start: [0,4543,10008,com.google.android.partnersetup,broadcast,com.google.android.partnersetup/.GooglePartnerSetup]
02-14 17:05:47.494  1057  2110 I am_kill : [0,3924,com.lguplus.usimsvcm,15,empty #17]
02-14 17:05:47.530  1057  1149 I am_proc_died: [0,3924,com.lguplus.usimsvcm]
02-14 17:05:47.533  1057  2072 I am_proc_bound: [0,4543,com.google.android.partnersetup]
