02-14 17:08:09.441  1057  1351 I backup_data_changed: android
02-14 17:08:09.451  1057  1351 I backup_data_changed: android
02-14 17:08:09.451  1057  1351 I backup_data_changed: android
02-14 17:08:09.555  1057  1074 I am_proc_start: [0,7208,10042,com.lguplus.common_api_impl,broadcast,com.lguplus.common_api_impl/.UpdateReceiver]
02-14 17:08:09.560  1057  2071 I am_kill : [0,6508,com.lge.clock,15,empty #17]
02-14 17:08:09.620  1057  2110 I am_proc_died: [0,6508,com.lge.clock]
02-14 17:08:09.622  1057  1435 I am_proc_bound: [0,7208,com.lguplus.common_api_impl]
02-14 17:08:09.717  1057  1441 I am_proc_start: [0,7231,10118,com.lguplus.appstore,service,com.lguplus.appstore/.external.ImplicitIntentService]
02-14 17:08:09.755  1057  1073 I am_proc_start: [0,7249,10050,com.google.android.setupwizard,broadcast,com.google.android.setupwizard/.carrier.MobileConnectivityChangeReceiver]
02-14 17:08:09.756  1057  1073 I am_kill : [0,6581,com.lge.bnr,15,empty #17]
02-14 17:08:09.790  1057  1435 I am_proc_bound: [0,7231,com.lguplus.appstore]
02-14 17:08:09.794  1057  1074 I am_proc_died: [0,6581,com.lge.bnr]
02-14 17:08:09.805  1057  2034 I am_proc_bound: [0,7249,com.google.android.setupwizard]
02-14 17:08:09.828  1057  1840 I notification_visibility_changed: [,0|com.android.mms|123|null|10033;-1|android|34406860|null|1000;-1|android|17040642|null|1000;0|com.lge.eula|262082|null|1000]
02-14 17:08:09.828  1057  2072 I notification_panel_hidden: []
02-14 17:08:09.884  1057  1074 I force_gc: Binder
02-14 17:08:09.999  1057  1435 I am_proc_start: [0,7272,10058,com.lguplus.callHelperClosed,broadcast,com.lguplus.callHelperClosed/lgt.callhelper.receiver.CallServiceReceiver]
02-14 17:08:10.000  1057  1435 I am_kill : [0,6077,com.uei.lg.quicksetsdk.maxq616,15,empty #17]
02-14 17:08:10.151  1057  1135 I dvm_lock_sample: [system_server,0,ActivityManager,150,ActivityManagerService.java,3667,-,18717,30]
02-14 17:08:10.152  1057  2072 I dvm_lock_sample: [system_server,0,Binder_D,133,ActivityManagerService.java,1215,-,18717,26]
02-14 17:08:10.156  1057  1149 I am_proc_bound: [0,7272,com.lguplus.callHelperClosed]
02-14 17:08:10.159  1057  1840 I dvm_lock_sample: [system_server,1,Binder_7,117,ActivityManagerService.java,9568,-,18717,23]
02-14 17:08:10.207  1057  1840 I am_proc_start: [0,7299,10043,com.lge.updatecenter,content provider,com.lge.updatecenter/.databases.UpdateCenterCP]
02-14 17:08:10.208  1057  2072 I am_proc_died: [0,6077,com.uei.lg.quicksetsdk.maxq616]
02-14 17:08:10.239  1057  2287 I am_proc_start: [0,7316,10062,com.android.chrome,broadcast,com.android.chrome/com.google.android.apps.chrome.precache.PrecacheServiceLauncher]
02-14 17:08:10.241  1057  2287 I am_kill : [0,6053,com.lge.qremote,15,empty #17]
02-14 17:08:10.329  1057  2034 I am_proc_start: [0,7336,1000,com.uei.lg.quicksetsdk.maxq616,service,com.uei.lg.quicksetsdk.maxq616/com.uei.control.Service]
02-14 17:08:10.331  1057  2111 I am_proc_bound: [0,7299,com.lge.updatecenter]
02-14 17:08:10.334  1057  1441 I am_proc_died: [0,6053,com.lge.qremote]
02-14 17:08:10.337  1057  1842 I am_proc_bound: [0,7316,com.android.chrome]
02-14 17:08:10.362  1057  2287 I am_proc_bound: [0,7336,com.uei.lg.quicksetsdk.maxq616]
02-14 17:08:10.406  1057  1441 I am_kill : [0,6628,com.google.android.gm,15,empty #17]
02-14 17:08:10.500  1057  1435 I dvm_lock_sample: [system_server,1,Binder_5,94,ActivityManagerService.java,16467,-,9943,18]
02-14 17:08:10.501  1057  1074 I dvm_lock_sample: [system_server,0,Binder_2,85,ActivityManagerService.java,1215,-,9943,17]
02-14 17:08:10.502  1057  1074 I am_proc_died: [0,6628,com.google.android.gm]
02-14 17:08:10.569  1057  1840 I am_proc_start: [0,7359,10070,com.lge.drmservice,broadcast,com.lge.drmservice/.DrmBroadcastReceiver]
02-14 17:08:10.570  1057  1840 I am_kill : [0,6666,com.google.android.talk,15,empty #17]
02-14 17:08:10.680  1057  1073 I am_proc_died: [0,6666,com.google.android.talk]
02-14 17:08:10.682  1057  1441 I am_proc_bound: [0,7359,com.lge.drmservice]
02-14 17:08:10.721  1057  1435 I am_kill : [0,4702,com.android.calendar,15,empty #17]
02-14 17:08:10.843  1057  1135 I dvm_lock_sample: [system_server,0,ActivityManager,123,ActivityManagerService.java,3667,BroadcastQueue.java,561,24]
02-14 17:08:10.846  1057  2034 I dvm_lock_sample: [system_server,0,Binder_B,113,ActivityManagerService.java,1215,BroadcastQueue.java,561,22]
02-14 17:08:10.846  1057  2034 I am_proc_died: [0,4702,com.android.calendar]
02-14 17:08:10.926  1057  1416 I am_proc_start: [0,7385,10107,com.google.android.apps.magazines,broadcast,com.google.android.apps.magazines/com.google.apps.dots.android.newsstand.appwidget.NewsWidgetProvider]
02-14 17:08:10.928  1057  1843 I dvm_lock_sample: [system_server,1,Binder_9,50,ActivityManagerService.java,16467,BroadcastQueue.java,561,10]
02-14 17:08:10.960  1057  2072 I am_proc_bound: [0,7385,com.google.android.apps.magazines]
02-14 17:08:10.970  1057  2110 I am_kill : [0,6605,com.android.providers.calendar,15,empty #17]
02-14 17:08:11.025  1057  1416 I am_proc_died: [0,6605,com.android.providers.calendar]
02-14 17:08:11.555  1057  1840 I am_proc_start: [0,7453,10111,com.google.android.apps.plus,broadcast,com.google.android.apps.plus/.service.ConnectivityReceiver]
02-14 17:08:11.557  1057  1840 I am_kill : [0,3475,com.lge.music,15,empty #17]
02-14 17:08:11.581  1057  2033 I force_gc: Binder
02-14 17:08:11.656  1057  1074 I am_proc_died: [0,3475,com.lge.music]
02-14 17:08:11.671  1057  2033 I am_proc_bound: [0,7453,com.google.android.apps.plus]
02-14 17:08:11.933  1057  1315 I am_new_intent: [0,150207809,32,com.lge.launcher2/.Launcher,android.intent.action.MAIN,NULL,NULL,270532608]
02-14 17:08:12.025  1057  1441 I am_proc_start: [0,7498,1000,com.lguplus.nsrm_client,broadcast,com.lguplus.nsrm_client/.Receiver]
02-14 17:08:12.050  1057  2110 I am_proc_bound: [0,7498,com.lguplus.nsrm_client]
02-14 17:08:12.078  1057  2072 I am_kill : [0,6551,com.lguplus.usimsvcm,15,empty #17]
02-14 17:08:12.132  1057  1840 I am_proc_died: [0,6551,com.lguplus.usimsvcm]
02-14 17:08:12.517  2244  7519 I c2dm    : [-2,NULL,1,1]
02-14 17:08:12.822  2244  7529 I c2dm    : [3,NULL,1,1]
02-14 17:08:12.828  2244  7529 I gtalk_heartbeat_reset: [3480,64.233.187.188:5228]
02-14 17:08:12.842  2244  7529 I gtalk_connection: 0
02-14 17:08:12.847  2244  7529 I c2dm    : [8,com.google.android.gsf.gtalkservice:,1,1]
02-14 17:08:12.865  2244  7519 I c2dm    : [-8,com.google.android.gsf.gtalkservice:,2,2]
02-14 17:08:12.868  2244  7529 I c2dm    : [7,,2,2]
02-14 17:08:13.321  1057  1149 I am_kill : [0,7020,com.lge.lgaccount,15,empty #17]
02-14 17:08:13.356  1057  2071 I am_proc_died: [0,7020,com.lge.lgaccount]
02-14 17:08:16.094  1057  1135 I am_proc_start: [0,7548,10082,com.google.android.talk,broadcast,com.google.android.talk/com.google.android.apps.hangouts.phone.PackageReplacedReceiver]
02-14 17:08:16.095  1057  2287 I dvm_lock_sample: [system_server,1,Binder_10,69,ActivityManagerService.java,19632,BroadcastQueue.java,561,13]
02-14 17:08:16.135  1057  1843 I am_proc_bound: [0,7548,com.google.android.talk]
02-14 17:08:16.418  1057  1057 I notification_cancel: [10082,7548,com.google.android.talk,8,com.google.android.talk:gmscore,0,0,64,8,NULL]
02-14 17:08:16.431  1057  2287 I am_proc_start: [0,7586,10018,com.android.contacts,broadcast,com.android.contacts/.quickcontact.PackageIntentReceiver]
02-14 17:08:16.436  1057  2033 I am_kill : [0,6998,com.lge.lifetracker,15,empty #17]
02-14 17:08:16.531  1057  1842 I am_proc_bound: [0,7586,com.android.contacts]
02-14 17:08:16.542  1057  2071 I am_proc_died: [0,6998,com.lge.lifetracker]
02-14 17:08:16.715  1057  2034 I am_kill : [0,7146,com.lge.email,15,empty #17]
02-14 17:08:16.744  1057  2287 I am_proc_died: [0,7146,com.lge.email]
02-14 17:08:16.781  1057  2034 I am_proc_start: [0,7611,10026,com.android.gallery3d,broadcast,com.android.gallery3d/.app.PackagesMonitor]
02-14 17:08:16.810  1057  1842 I am_proc_bound: [0,7611,com.android.gallery3d]
02-14 17:08:16.951  1057  2033 I am_kill : [0,6976,com.lge.formmanager,15,empty #17]
02-14 17:08:17.010  1057  1842 I am_proc_died: [0,6976,com.lge.formmanager]
02-14 17:08:17.128  1057  1073 I am_proc_start: [0,7637,10048,com.android.vending,broadcast,com.android.vending/com.google.android.finsky.receivers.PackageMonitorReceiver$RegisteredReceiver]
02-14 17:08:17.131  1057  1073 I am_kill : [0,6110,com.wsandroid.suite.lge,15,empty #17]
02-14 17:08:17.180  1057  2111 I am_proc_died: [0,6110,com.wsandroid.suite.lge]
02-14 17:08:17.183  1057  1441 I am_proc_bound: [0,7637,com.android.vending]
02-14 17:08:17.374  1057  1351 I backup_data_changed: com.android.vending
02-14 17:08:17.401  1057  1057 I notification_cancel: [10048,7637,com.android.vending,-1050172287,NULL,0,0,64,8,NULL]
02-14 17:08:17.421  1057  1149 I am_kill : [0,7208,com.lguplus.common_api_impl,15,empty #17]
02-14 17:08:17.442  1057  2111 I am_proc_died: [0,7208,com.lguplus.common_api_impl]
02-14 17:08:17.489  1057  2034 I am_proc_start: [0,7676,10071,com.lguplus.easyRoamingServiceClosed,broadcast,com.lguplus.easyRoamingServiceClosed/com.pineone.easyRoamingService.ERAppStateReceiver]
02-14 17:08:17.526  1057  1435 I am_proc_bound: [0,7676,com.lguplus.easyRoamingServiceClosed]
02-14 17:08:17.595  1057  2033 I force_gc: Binder
02-14 17:08:17.736  1057  1842 I am_proc_start: [0,7707,10092,com.lge.lockscreensettings,broadcast,com.lge.lockscreensettings/.PackageIntentReceiver]
02-14 17:08:17.739  1057  1842 I am_kill : [0,7272,com.lguplus.callHelperClosed,15,empty #17]
02-14 17:08:17.793  1057  2071 I dvm_lock_sample: [system_server,1,Binder_C,89,ActivityManagerService.java,15216,BroadcastQueue.java,561,17]
02-14 17:08:17.796  1057  1149 I dvm_lock_sample: [system_server,0,Binder_3,45,ActivityManagerService.java,1215,-,18717,9]
02-14 17:08:17.796  1057  1149 I am_proc_died: [0,7272,com.lguplus.callHelperClosed]
02-14 17:08:17.800  1057  1416 I am_proc_bound: [0,7707,com.lge.lockscreensettings]
02-14 17:08:17.885  1057  1435 I am_kill : [0,7316,com.android.chrome,15,empty #17]
02-14 17:08:17.941  1057  2072 I dvm_lock_sample: [system_server,1,Binder_D,49,ActivityManagerService.java,15183,-,15447,9]
02-14 17:08:17.948  1057  1843 I am_proc_died: [0,7316,com.android.chrome]
02-14 17:08:53.433  1057  1351 I backup_data_changed: android
02-14 17:08:53.440  1057  1351 I backup_data_changed: android
02-14 17:08:53.441  1057  1351 I backup_data_changed: android
02-14 17:08:53.442  2531  7801 I aggregation: 1423901333442
02-14 17:08:55.558  1057  1351 I backup_data_changed: android
02-14 17:08:55.572  1057  1351 I backup_data_changed: android
02-14 17:08:55.572  1057  1351 I backup_data_changed: android
02-14 17:09:01.978  1057  1840 I am_create_task: [0,34]
02-14 17:09:01.978  1057  1840 I am_create_activity: [0,792701883,34,com.android.contacts/.activities.DialtactsActivity,android.intent.action.MAIN,NULL,NULL,270532608]
02-14 17:09:01.979  1057  1840 I wm_task_created: [34,1]
02-14 17:09:01.979  1057  1840 I wm_task_moved: [34,1,0]
02-14 17:09:01.982  1057  1840 I am_pause_activity: [0,648958403,com.lge.launcher2/.Launcher]
02-14 17:09:02.006  2092  2092 I am_on_paused_called: [0,com.lge.launcher2.Launcher]
02-14 17:09:02.011  1057  1441 I am_restart_activity: [0,792701883,34,com.android.contacts/.activities.DialtactsActivity]
02-14 17:09:02.313  7586  7586 I am_on_resume_called: [0,com.android.contacts.activities.DialtactsActivity]
02-14 17:09:02.395   288   288 I sf_frame_dur: [com.lge.launcher2/com.lge.launcher2.Launcher,174,27,25,19,13,4,33]
02-14 17:09:02.580  1057  1143 I am_activity_launch_time: [0,792701883,com.android.contacts/.activities.DialtactsActivity,573,573]
02-14 17:09:03.732  1057  1057 I notification_cancel: [10082,7548,com.google.android.talk,8,com.google.android.talk:gmscore,0,0,64,8,NULL]
02-14 17:09:03.876  1057  1057 I force_gc: Binder
02-14 17:09:19.929  1057  1351 I backup_data_changed: com.android.providers.settings
02-14 17:09:20.875  1057  1351 I backup_data_changed: com.android.providers.settings
02-14 17:09:25.157   288   288 I sf_frame_dur: [VolumePanel,17,0,0,0,1,1,0]
02-14 17:09:28.254  1057  1149 I wm_task_moved: [34,0,0]
02-14 17:09:28.260  1057  1149 I wm_task_moved: [32,1,0]
02-14 17:09:28.286  1057  1149 I am_pause_activity: [0,792701883,com.android.contacts/.activities.DialtactsActivity]
02-14 17:09:28.300  7586  7586 I am_on_paused_called: [0,com.android.contacts.activities.DialtactsActivity]
02-14 17:09:28.302  1057  1840 I am_resume_activity: [0,648958403,32,com.lge.launcher2/.Launcher]
02-14 17:09:28.329  2092  2092 I am_on_resume_called: [0,com.lge.launcher2.Launcher]
02-14 17:09:28.907   288   288 I sf_frame_dur: [com.android.contacts/com.android.contacts.activities.DialtactsActivity,99,5,6,0,7,4,2]
02-14 17:09:29.061  1057  1135 I am_proc_start: [0,8110,10025,com.lge.formmanager,broadcast,com.lge.formmanager/.FormServiceReceiver]
02-14 17:09:29.061  1057  2287 I dvm_lock_sample: [system_server,1,Binder_10,24,ActivityManagerService.java,15183,BroadcastQueue.java,561,4]
02-14 17:09:29.084  1057  1073 I am_proc_bound: [0,8110,com.lge.formmanager]
02-14 17:09:29.159  1057  2111 I am_proc_start: [0,8132,10037,com.lge.lifetracker,broadcast,com.lge.lifetracker/.core.receiver.CoreEventReceiver]
02-14 17:09:29.198  1057  1435 I am_proc_bound: [0,8132,com.lge.lifetracker]
02-14 17:09:29.333  1057  1842 I am_proc_start: [0,8154,10084,com.lge.lgaccount,content provider,com.lge.lgaccount/.provider.LGAccountProvider]
02-14 17:09:29.356  1057  2033 I am_proc_bound: [0,8154,com.lge.lgaccount]
02-14 17:09:29.436  1057  2287 I am_kill : [0,7359,com.lge.drmservice,15,empty #17]
02-14 17:09:29.509  1057  2287 I am_kill : [0,7336,com.uei.lg.quicksetsdk.maxq616,15,empty #18]
02-14 17:09:29.652  1057  1135 I dvm_lock_sample: [system_server,0,ActivityManager,217,ActivityManagerService.java,3667,BroadcastQueue.java,561,43]
02-14 17:09:29.652  1057  1435 I am_proc_died: [0,7359,com.lge.drmservice]
02-14 17:09:29.652  1057  2034 I dvm_lock_sample: [system_server,1,Binder_B,218,ActivityManagerService.java,9943,BroadcastQueue.java,561,43]
02-14 17:09:29.656  1057  1441 I dvm_lock_sample: [system_server,0,Binder_6,136,ActivityManagerService.java,1215,BroadcastQueue.java,561,27]
02-14 17:09:29.657  1057  1441 I am_proc_died: [0,7336,com.uei.lg.quicksetsdk.maxq616]
02-14 17:09:29.972  1057  1073 I wm_task_moved: [34,1,0]
02-14 17:09:29.972  1057  1073 I am_pause_activity: [0,648958403,com.lge.launcher2/.Launcher]
02-14 17:09:29.975  1057  1073 I am_task_to_front: [0,34]
02-14 17:09:29.975  1057  1073 I am_new_intent: [0,286811453,34,com.android.contacts/.activities.PeopleActivity,android.intent.action.MAIN,NULL,NULL,274726912]
02-14 17:09:30.033  2092  2092 I am_on_paused_called: [0,com.lge.launcher2.Launcher]
02-14 17:09:30.037  1057  1842 I am_resume_activity: [0,792701883,34,com.android.contacts/.activities.DialtactsActivity]
02-14 17:09:30.137  7586  7586 I am_on_resume_called: [0,com.android.contacts.activities.DialtactsActivity]
02-14 17:09:30.525   288   288 I sf_frame_dur: [com.lge.launcher2/com.lge.launcher2.Launcher,17,4,3,3,0,1,0]
02-14 17:09:33.556  1057  2033 I force_gc: Binder
02-14 17:09:35.234  1057  1441 I wm_task_moved: [34,1,0]
02-14 17:09:35.234  1057  1441 I am_create_activity: [0,682301497,34,com.android.contacts/.activities.GroupDetailActivity,NULL,NULL,content://com.android.contacts/groups/3,0]
02-14 17:09:35.238  1057  1441 I am_pause_activity: [0,792701883,com.android.contacts/.activities.DialtactsActivity]
02-14 17:09:35.273  7586  7586 I am_on_paused_called: [0,com.android.contacts.activities.DialtactsActivity]
02-14 17:09:35.276  1057  1073 I am_restart_activity: [0,682301497,34,com.android.contacts/.activities.GroupDetailActivity]
02-14 17:09:35.485  7586  7586 I am_on_resume_called: [0,com.android.contacts.activities.GroupDetailActivity]
02-14 17:09:35.691  1057  1143 I am_activity_launch_time: [0,682301497,com.android.contacts/.activities.GroupDetailActivity,416,416]
02-14 17:09:35.979   288   288 I sf_frame_dur: [com.android.contacts/com.android.contacts.activities.DialtactsActivity,83,3,2,1,1,1,2]
02-14 17:09:36.867  1057  1315 I wm_task_moved: [32,1,0]
02-14 17:09:36.887  1057  1315 I am_pause_activity: [0,682301497,com.android.contacts/.activities.GroupDetailActivity]
02-14 17:09:36.889  1057  1315 I am_task_to_front: [0,32]
02-14 17:09:36.889  1057  1315 I am_new_intent: [0,344677335,32,com.lge.launcher2/.Launcher,android.intent.action.MAIN,NULL,NULL,274726912]
02-14 17:09:36.892  7586  7586 I am_on_paused_called: [0,com.android.contacts.activities.GroupDetailActivity]
02-14 17:09:36.897  1057  2072 I am_resume_activity: [0,648958403,32,com.lge.launcher2/.Launcher]
02-14 17:09:36.926  2092  2092 I am_on_resume_called: [0,com.lge.launcher2.Launcher]
02-14 17:09:37.556   288   288 I sf_frame_dur: [com.android.contacts/com.android.contacts.activities.GroupDetailActivity,15,1,0,0,1,1,0]
02-14 17:09:39.117  1057  1073 I am_create_task: [0,35]
02-14 17:09:39.117  1057  1073 I am_create_activity: [0,262901605,35,com.android.systemui/.recents.RecentsActivity,com.android.systemui.recents.SHOW_RECENTS,NULL,NULL,276840448]
02-14 17:09:39.118  1057  1073 I wm_task_created: [35,0]
02-14 17:09:39.118  1057  1073 I wm_task_moved: [35,1,1]
02-14 17:09:39.120  1057  1073 I am_pause_activity: [0,648958403,com.lge.launcher2/.Launcher]
02-14 17:09:39.127  1057  1073 I am_restart_activity: [0,262901605,35,com.android.systemui/.recents.RecentsActivity]
02-14 17:09:39.147  2092  2092 I am_on_paused_called: [0,com.lge.launcher2.Launcher]
02-14 17:09:39.550  1057  1351 I backup_data_changed: android
02-14 17:09:39.557  1057  1351 I backup_data_changed: android
02-14 17:09:39.558  1057  1351 I backup_data_changed: android
02-14 17:09:39.567  1401  1401 I am_on_resume_called: [0,com.android.systemui.recents.RecentsActivity]
02-14 17:09:39.722  1057  1143 I am_activity_launch_time: [0,262901605,com.android.systemui/.recents.RecentsActivity,597,597]
02-14 17:09:39.906   288   288 I sf_frame_dur: [com.lge.launcher2/com.lge.launcher2.Launcher,1,4,0,0,2,1,0]
02-14 17:09:41.273  1057  2072 I am_pause_activity: [0,262901605,com.android.systemui/.recents.RecentsActivity]
02-14 17:09:41.277  1057  2072 I am_task_to_front: [0,28]
02-14 17:09:41.277  1057  2072 I am_create_activity: [0,158920845,28,com.lge.settings.easy/.EasySettings,android.settings.SETTINGS,NULL,NULL,271581184]
02-14 17:09:41.278  1057  2072 I wm_task_created: [28,1]
02-14 17:09:41.278  1057  2072 I wm_task_moved: [28,1,1]
02-14 17:09:41.293  1401  1401 I am_on_paused_called: [0,com.android.systemui.recents.RecentsActivity]
02-14 17:09:41.346  1057  2034 I am_proc_start: [0,8297,1000,com.lge.settings.easy,activity,com.lge.settings.easy/.EasySettings]
02-14 17:09:41.403  1057  2071 I am_proc_bound: [0,8297,com.lge.settings.easy]
02-14 17:09:41.406  1057  2071 I am_restart_activity: [0,158920845,28,com.lge.settings.easy/.EasySettings]
02-14 17:09:41.587  8297  8297 I am_on_resume_called: [0,com.lge.settings.easy.EasySettings]
02-14 17:09:41.777   288   288 I sf_frame_dur: [com.android.systemui/com.android.systemui.recents.RecentsActivity,29,4,0,1,0,1,0]
02-14 17:09:42.132  1057  1441 I am_proc_start: [0,8335,1000,com.hy.system.fontserver,service,com.hy.system.fontserver/.FontServer]
02-14 17:09:42.192  1057  2111 I am_proc_bound: [0,8335,com.hy.system.fontserver]
02-14 17:09:42.617  1057  1351 I backup_data_changed: com.android.providers.settings
02-14 17:09:42.875  1057  1143 I am_activity_launch_time: [0,158920845,com.lge.settings.easy/.EasySettings,1578,1578]
02-14 17:09:42.882  1057  1351 I backup_data_changed: com.android.providers.settings
02-14 17:09:42.911  1057  1351 I backup_data_changed: com.android.providers.settings
02-14 17:09:42.937  1057  1351 I backup_data_changed: com.android.providers.settings
02-14 17:09:43.966  1057  1315 I wm_task_moved: [32,1,1]
02-14 17:09:43.981  1057  1315 I am_pause_activity: [0,158920845,com.lge.settings.easy/.EasySettings]
02-14 17:09:43.984  1057  1315 I am_task_to_front: [0,32]
02-14 17:09:43.984  1057  1315 I am_new_intent: [0,734455369,32,com.lge.launcher2/.Launcher,android.intent.action.MAIN,NULL,NULL,274726912]
02-14 17:09:43.993  8297  8297 I am_on_paused_called: [0,com.lge.settings.easy.EasySettings]
02-14 17:09:43.999  1057  2287 I am_resume_activity: [0,648958403,32,com.lge.launcher2/.Launcher]
02-14 17:09:44.024  2092  2092 I am_on_resume_called: [0,com.lge.launcher2.Launcher]
02-14 17:09:44.590   288   288 I sf_frame_dur: [com.lge.settings.easy/com.lge.settings.easy.EasySettings,15,1,0,2,0,0,0]
02-14 17:09:45.867  1057  1073 I wm_task_moved: [35,1,1]
02-14 17:09:45.868  1057  1073 I am_pause_activity: [0,648958403,com.lge.launcher2/.Launcher]
02-14 17:09:45.880  1057  1073 I am_resume_activity: [0,262901605,35,com.android.systemui/.recents.RecentsActivity]
02-14 17:09:45.886  1057  1073 I am_task_to_front: [0,35]
02-14 17:09:45.886  1057  1073 I am_new_intent: [0,977053222,35,com.android.systemui/.recents.RecentsActivity,com.android.systemui.recents.SHOW_RECENTS,NULL,NULL,281034752]
02-14 17:09:45.904  2092  2092 I am_on_paused_called: [0,com.lge.launcher2.Launcher]
02-14 17:09:45.919  1401  1401 I am_on_resume_called: [0,com.android.systemui.recents.RecentsActivity]
02-14 17:09:46.290   288   288 I sf_frame_dur: [com.lge.launcher2/com.lge.launcher2.Launcher,0,4,0,0,1,1,0]
02-14 17:09:47.296  1057  2034 I am_finish_activity: [0,158920845,28,com.lge.settings.easy/.EasySettings,clear]
02-14 17:09:47.318  1057  2034 I am_destroy_activity: [0,158920845,28,com.lge.settings.easy/.EasySettings,finish-imm]
02-14 17:09:47.322  1057  2034 I am_kill : [0,7385,com.google.android.apps.magazines,15,empty #17]
02-14 17:09:47.438  1057  2034 I am_kill : [0,8297,com.lge.settings.easy,9,remove task]
02-14 17:09:47.500  1057  1143 I dvm_lock_sample: [system_server,1,android.display,148,ActivityManagerService.java,2750,-,8902,29]
02-14 17:09:47.500  1057  1135 I dvm_lock_sample: [system_server,0,ActivityManager,180,ActivityManagerService.java,3667,-,8902,36]
02-14 17:09:47.501  1057  2110 I am_finish_activity: [0,792701883,34,com.android.contacts/.activities.DialtactsActivity,clear]
02-14 17:09:47.504  1057  2110 I am_destroy_activity: [0,792701883,34,com.android.contacts/.activities.DialtactsActivity,finish-imm]
02-14 17:09:47.504  1057  2110 I am_finish_activity: [0,682301497,34,com.android.contacts/.activities.GroupDetailActivity,clear]
02-14 17:09:47.510  1057  2110 I am_destroy_activity: [0,682301497,34,com.android.contacts/.activities.GroupDetailActivity,finish-imm]
02-14 17:09:47.513  1057  2110 I am_kill : [0,7586,com.android.contacts,9,remove task]
02-14 17:09:47.619  1057  1840 I dvm_lock_sample: [system_server,0,Binder_7,149,ActivityManagerService.java,1215,-,8902,29]
02-14 17:09:47.620  1057  1840 I am_proc_died: [0,8297,com.lge.settings.easy]
02-14 17:09:47.620  1057  1840 I wm_task_removed: [28,removeAppToken: last token]
02-14 17:09:47.621  1057  1840 I wm_task_removed: [28,removeTask]
02-14 17:09:47.625  1057  1140 I dvm_lock_sample: [system_server,0,android.fg,140,ActivityManagerService.java,18955,-,8902,28]
02-14 17:09:47.626  1057  1143 I dvm_lock_sample: [system_server,1,android.display,125,ActivityManagerService.java,2750,-,8902,25]
02-14 17:09:47.627  1057  2111 I dvm_lock_sample: [system_server,0,Binder_F,124,ActivityManagerService.java,1215,-,8902,24]
02-14 17:09:47.627  1057  2111 I am_proc_died: [0,7385,com.google.android.apps.magazines]
02-14 17:09:47.640  1057  2034 I am_proc_died: [0,7586,com.android.contacts]
02-14 17:09:47.659  1057  2034 I wm_task_removed: [34,removeAppToken: last token]
02-14 17:09:47.661  1057  2034 I wm_task_removed: [34,removeTask]
02-14 17:09:47.666  1057  1416 I am_kill : [0,1869,com.android.settings,9,remove task]
02-14 17:09:47.730  1057  2033 I dvm_lock_sample: [system_server,0,Binder_A,107,ActivityManagerService.java,15447,-,1215,21]
02-14 17:09:47.731  1057  2071 I am_proc_died: [0,1869,com.android.settings]
02-14 17:09:47.740  1057  1149 I am_kill : [0,3668,com.android.mms,5,remove task]
02-14 17:09:47.790  1057  2072 I am_proc_died: [0,3668,com.android.mms]
02-14 17:09:47.792  1057  2072 I am_schedule_service_restart: [0,com.android.mms/.service.SwitchedService,1000]
02-14 17:09:47.808  1057  1435 I am_kill : [0,4770,com.lge.lgdmsclient,8,remove task]
02-14 17:09:47.851  1057  1840 I am_proc_died: [0,4770,com.lge.lgdmsclient]
02-14 17:09:47.851  1057  1840 I am_schedule_service_restart: [0,com.lge.lgdmsclient/.service.DmDownloadService,10942]
02-14 17:09:48.124   288   288 I sf_frame_dur: [com.android.systemui/com.android.systemui.recents.RecentsActivity,28,1,0,0,0,0,0]
02-14 17:09:48.794  1057  1435 I wm_task_moved: [32,1,1]
02-14 17:09:48.796  1057  1435 I am_pause_activity: [0,262901605,com.android.systemui/.recents.RecentsActivity]
02-14 17:09:48.797  1057  1435 I am_task_to_front: [0,32]
02-14 17:09:48.797  1057  1435 I am_new_intent: [0,107926359,32,com.lge.launcher2/.Launcher,android.intent.action.MAIN,NULL,NULL,274726912]
02-14 17:09:48.835  1057  1135 I am_proc_start: [0,8461,10033,com.android.mms,service,com.android.mms/.service.SwitchedService]
02-14 17:09:48.836  1401  1401 I am_on_paused_called: [0,com.android.systemui.recents.RecentsActivity]
02-14 17:09:48.842  1057  1840 I am_resume_activity: [0,648958403,32,com.lge.launcher2/.Launcher]
02-14 17:09:48.866  2092  2092 I am_on_resume_called: [0,com.lge.launcher2.Launcher]
02-14 17:09:48.869  1057  1149 I am_proc_bound: [0,8461,com.android.mms]
02-14 17:09:49.157   288   288 I sf_frame_dur: [com.android.systemui/com.android.systemui.recents.RecentsActivity,30,0,0,2,1,0,0]
02-14 17:09:49.341  1057  1149 I force_gc: Binder
02-14 17:09:54.868  1057  2034 I am_create_task: [0,36]
02-14 17:09:54.868  1057  2034 I am_create_activity: [0,746057557,36,com.lge.settings.easy/.EasySettings,android.settings.SETTINGS,NULL,NULL,270532608]
02-14 17:09:54.869  1057  2034 I wm_task_created: [36,1]
02-14 17:09:54.869  1057  2034 I wm_task_moved: [36,1,0]
02-14 17:09:54.875  1057  2034 I am_pause_activity: [0,648958403,com.lge.launcher2/.Launcher]
02-14 17:09:54.894  2092  2092 I am_on_paused_called: [0,com.lge.launcher2.Launcher]
02-14 17:09:54.943  1057  1840 I am_proc_start: [0,8527,1000,com.lge.settings.easy,activity,com.lge.settings.easy/.EasySettings]
02-14 17:09:54.977  1057  2033 I am_proc_bound: [0,8527,com.lge.settings.easy]
02-14 17:09:54.979  1057  2033 I am_restart_activity: [0,746057557,36,com.lge.settings.easy/.EasySettings]
02-14 17:09:55.092  8527  8527 I am_on_resume_called: [0,com.lge.settings.easy.EasySettings]
02-14 17:09:55.284   288   288 I sf_frame_dur: [com.lge.launcher2/com.lge.launcher2.Launcher,1,4,1,1,2,1,1]
02-14 17:09:55.935  1057  1143 I am_activity_launch_time: [0,746057557,com.lge.settings.easy/.EasySettings,1040,1040]
02-14 17:09:58.847  1057  1135 I am_proc_start: [0,8578,1000,com.lge.lgdmsclient,service,com.lge.lgdmsclient/.service.DmDownloadService]
02-14 17:09:58.880  1057  2111 I am_proc_bound: [0,8578,com.lge.lgdmsclient]
02-14 17:10:04.534  1057  1351 I backup_data_changed: com.android.providers.settings
02-14 17:10:04.585  1057  1143 I dvm_lock_sample: [system_server,1,android.display,17,WindowManagerService.java,7882,-,2672,3]
02-14 17:10:04.696  1057  1057 I notification_cancel: [1001,1814,com.android.phone,2550,NULL,0,0,64,8,NULL]
02-14 17:10:04.872   288   288 I sf_frame_dur: [com.lge.settings.easy/com.lge.settings.easy.EasySettings,15,2,0,0,0,1,0]
02-14 17:10:05.055  1057  1351 I backup_data_changed: com.android.providers.settings
02-14 17:10:05.095  1057  1057 I notification_cancel: [1001,1814,com.android.phone,2550,NULL,0,0,64,8,NULL]
02-14 17:10:24.855  1057  1435 I wm_task_moved: [36,1,0]
02-14 17:10:24.855  1057  1435 I am_create_activity: [0,950534307,36,com.android.settings/.Settings$DeviceInfoLgeActivity,android.intent.action.MAIN,NULL,NULL,0]
02-14 17:10:24.865  1057  1435 I am_pause_activity: [0,746057557,com.lge.settings.easy/.EasySettings]
02-14 17:10:24.931  8527  8527 I am_on_paused_called: [0,com.lge.settings.easy.EasySettings]
02-14 17:10:25.022  1057  2287 I am_proc_start: [0,8828,1000,com.android.settings,activity,com.android.settings/.Settings$DeviceInfoLgeActivity]
02-14 17:10:25.058  1057  1441 I am_proc_bound: [0,8828,com.android.settings]
02-14 17:10:25.063  1057  1441 I am_restart_activity: [0,950534307,36,com.android.settings/.Settings$DeviceInfoLgeActivity]
02-14 17:10:25.353   288   288 I sf_frame_dur: [com.lge.settings.easy/com.lge.settings.easy.EasySettings,661,20,6,6,9,1,7]
02-14 17:10:25.476  1057  1351 I backup_data_changed: com.android.providers.settings
02-14 17:10:25.695  8828  8828 I am_on_resume_called: [0,com.android.settings.Settings$DeviceInfoLgeActivity]
02-14 17:10:26.243  1057  1143 I am_activity_launch_time: [0,950534307,com.android.settings/.Settings$DeviceInfoLgeActivity,1276,1276]
02-14 17:10:27.205  1057  1141 I configuration_changed: 1152
02-14 17:10:27.974  1057  1143 I [35017] : Performing post-rotate rotation. total time = 815ms
02-14 17:10:29.660  1057  1141 I configuration_changed: 1152
02-14 17:10:30.382  1057  1143 I [35017] : Performing post-rotate rotation. total time = 749ms
02-14 17:10:33.844  1057  2033 I am_finish_activity: [0,950534307,36,com.android.settings/.Settings$DeviceInfoLgeActivity,app-request]
02-14 17:10:33.847  1057  2033 I am_pause_activity: [0,950534307,com.android.settings/.Settings$DeviceInfoLgeActivity]
02-14 17:10:33.851  8828  8828 I am_on_paused_called: [0,com.android.settings.Settings$DeviceInfoLgeActivity]
02-14 17:10:33.858  1057  1843 I am_resume_activity: [0,746057557,36,com.lge.settings.easy/.EasySettings]
02-14 17:10:33.858  1057  1057 I notification_cancel: [1000,1057,android,1000,NULL,0,0,0,8,NULL]
02-14 17:10:34.037  8527  8527 I am_on_resume_called: [0,com.lge.settings.easy.EasySettings]
02-14 17:10:34.470  1057  1135 I am_destroy_activity: [0,950534307,36,com.android.settings/.Settings$DeviceInfoLgeActivity,finish-imm]
02-14 17:10:34.485   288   288 I sf_frame_dur: [com.android.settings/com.android.settings.Settings$DeviceInfoLgeActivity,8,5,1,0,0,1,1]
02-14 17:10:36.775  1057  1842 I wm_task_moved: [36,1,0]
02-14 17:10:36.775  1057  1842 I am_create_activity: [0,504531010,36,com.android.settings/.Settings$BatterySettingsActivity,com.lge.settings.BATTERY_SETTINGS,NULL,NULL,0]
02-14 17:10:36.778  1057  1842 I am_pause_activity: [0,746057557,com.lge.settings.easy/.EasySettings]
02-14 17:10:36.795  8527  8527 I am_on_paused_called: [0,com.lge.settings.easy.EasySettings]
02-14 17:10:36.799  1057  2034 I am_restart_activity: [0,504531010,36,com.android.settings/.Settings$BatterySettingsActivity]
02-14 17:10:37.050  8828  8828 I am_on_resume_called: [0,com.android.settings.Settings$BatterySettingsActivity]
02-14 17:10:37.424  1057  1143 I am_activity_launch_time: [0,504531010,com.android.settings/.Settings$BatterySettingsActivity,628,628]
02-14 17:10:37.671   288   288 I sf_frame_dur: [com.lge.settings.easy/com.lge.settings.easy.EasySettings,51,0,1,0,1,1,1]
02-14 17:10:41.271  1057  1351 I backup_data_changed: com.android.providers.settings
02-14 17:10:43.575  1057  1315 I wm_task_moved: [32,1,1]
02-14 17:10:43.594  1057  1315 I am_pause_activity: [0,504531010,com.android.settings/.Settings$BatterySettingsActivity]
02-14 17:10:43.599  1057  1315 I am_task_to_front: [0,32]
02-14 17:10:43.599  1057  1315 I am_new_intent: [0,536322796,32,com.lge.launcher2/.Launcher,android.intent.action.MAIN,NULL,NULL,274726912]
02-14 17:10:43.605  8828  8828 I am_on_paused_called: [0,com.android.settings.Settings$BatterySettingsActivity]
02-14 17:10:43.608  1057  1416 I am_resume_activity: [0,648958403,32,com.lge.launcher2/.Launcher]
02-14 17:10:43.636  2092  2092 I am_on_resume_called: [0,com.lge.launcher2.Launcher]
02-14 17:10:44.216   288   288 I sf_frame_dur: [com.android.settings/com.android.settings.Settings$BatterySettingsActivity,64,1,2,0,0,1,1]
02-14 17:10:48.063  1057  2110 I wm_task_moved: [35,1,1]
02-14 17:10:48.063  1057  2110 I am_pause_activity: [0,648958403,com.lge.launcher2/.Launcher]
02-14 17:10:48.071  1057  2110 I am_resume_activity: [0,262901605,35,com.android.systemui/.recents.RecentsActivity]
02-14 17:10:48.078  1057  2110 I am_task_to_front: [0,35]
02-14 17:10:48.078  1057  2110 I am_new_intent: [0,1072809837,35,com.android.systemui/.recents.RecentsActivity,com.android.systemui.recents.SHOW_RECENTS,NULL,NULL,281034752]
02-14 17:10:48.097  1401  1401 I am_on_resume_called: [0,com.android.systemui.recents.RecentsActivity]
02-14 17:10:48.101  2092  2092 I am_on_paused_called: [0,com.lge.launcher2.Launcher]
02-14 17:10:48.473   288   288 I sf_frame_dur: [com.lge.launcher2/com.lge.launcher2.Launcher,1,0,4,1,2,1,0]
02-14 17:10:49.847  1057  2034 I wm_task_moved: [36,1,0]
02-14 17:10:49.848  1057  2034 I am_pause_activity: [0,262901605,com.android.systemui/.recents.RecentsActivity]
02-14 17:10:49.853  1057  2034 I am_task_to_front: [0,36]
02-14 17:10:49.857  1401  1401 I am_on_paused_called: [0,com.android.systemui.recents.RecentsActivity]
02-14 17:10:49.863  1057  1840 I am_resume_activity: [0,504531010,36,com.android.settings/.Settings$BatterySettingsActivity]
02-14 17:10:49.864  1057  1057 I notification_cancel: [1000,1057,android,1000,NULL,0,0,0,8,NULL]
02-14 17:10:50.000  8828  8828 I am_on_resume_called: [0,com.android.settings.Settings$BatterySettingsActivity]
02-14 17:10:50.544   288   288 I sf_frame_dur: [com.android.systemui/com.android.systemui.recents.RecentsActivity,36,4,0,1,0,1,0]
02-14 17:10:51.577  1057  1141 I configuration_changed: 1152
02-14 17:10:51.608  1057  1141 I am_relaunch_resume_activity: [0,504531010,36,com.android.settings/.Settings$BatterySettingsActivity]
02-14 17:10:51.633  8828  8828 I am_on_paused_called: [0,com.android.settings.Settings$BatterySettingsActivity]
02-14 17:10:51.656   288   288 I sf_frame_dur: [com.android.settings/com.android.settings.Settings$BatterySettingsActivity,15,0,0,0,1,1,0]
02-14 17:10:51.795  8828  8828 I am_on_resume_called: [0,com.android.settings.Settings$BatterySettingsActivity]
02-14 17:10:52.395  1057  1143 I [35017] : Performing post-rotate rotation. total time = 867ms
02-14 17:10:53.310  1057  1141 I configuration_changed: 1152
02-14 17:10:53.330  1057  1141 I am_relaunch_resume_activity: [0,504531010,36,com.android.settings/.Settings$BatterySettingsActivity]
02-14 17:10:53.382  1057  2072 I dvm_lock_sample: [system_server,1,Binder_D,20,ActivityManagerService.java,19632,-,16811,4]
02-14 17:10:53.385  8828  8828 I am_on_paused_called: [0,com.android.settings.Settings$BatterySettingsActivity]
02-14 17:10:53.423   288   288 I sf_frame_dur: [com.android.settings/com.android.settings.Settings$BatterySettingsActivity,15,1,0,0,0,0,1]
02-14 17:10:53.556  8828  8828 I am_on_resume_called: [0,com.android.settings.Settings$BatterySettingsActivity]
02-14 17:10:54.190  1057  1143 I [35017] : Performing post-rotate rotation. total time = 911ms
02-14 17:10:57.348  1057  1441 I am_finish_activity: [0,504531010,36,com.android.settings/.Settings$BatterySettingsActivity,app-request]
02-14 17:10:57.352  1057  1441 I am_pause_activity: [0,504531010,com.android.settings/.Settings$BatterySettingsActivity]
02-14 17:10:57.355  8828  8828 I am_on_paused_called: [0,com.android.settings.Settings$BatterySettingsActivity]
02-14 17:10:57.361  1057  1842 I am_resume_activity: [0,746057557,36,com.lge.settings.easy/.EasySettings]
02-14 17:10:57.362  1057  1057 I notification_cancel: [1000,1057,android,1000,NULL,0,0,0,8,NULL]
02-14 17:10:57.536  8527  8527 I am_on_resume_called: [0,com.lge.settings.easy.EasySettings]
02-14 17:10:57.941  1057  1135 I am_destroy_activity: [0,504531010,36,com.android.settings/.Settings$BatterySettingsActivity,finish-imm]
02-14 17:10:57.956   288   288 I sf_frame_dur: [com.android.settings/com.android.settings.Settings$BatterySettingsActivity,16,1,0,0,0,1,0]
02-14 17:10:58.278  1057  2287 I am_finish_activity: [0,746057557,36,com.lge.settings.easy/.EasySettings,app-request]
02-14 17:10:58.280  1057  2287 I wm_task_moved: [32,1,1]
02-14 17:10:58.297  1057  2287 I am_pause_activity: [0,746057557,com.lge.settings.easy/.EasySettings]
02-14 17:10:58.306  8527  8527 I am_on_paused_called: [0,com.lge.settings.easy.EasySettings]
02-14 17:10:58.309  1057  1843 I am_resume_activity: [0,648958403,32,com.lge.launcher2/.Launcher]
02-14 17:10:58.371  2092  2092 I am_on_resume_called: [0,com.lge.launcher2.Launcher]
02-14 17:10:58.759  1057  1135 I am_destroy_activity: [0,746057557,36,com.lge.settings.easy/.EasySettings,finish-imm]
02-14 17:10:58.929  1057  1143 I wm_task_removed: [36,removeAppToken: last token]
02-14 17:10:58.929  1057  1143 I wm_task_removed: [36,removeTask]
02-14 17:10:58.940   288   288 I sf_frame_dur: [com.lge.settings.easy/com.lge.settings.easy.EasySettings,0,0,1,0,0,0,0]
02-14 17:11:03.663  1057  1843 I am_create_task: [0,37]
02-14 17:11:03.663  1057  1843 I am_create_activity: [0,291970102,37,com.android.contacts/.activities.DialtactsActivity,android.intent.action.MAIN,NULL,NULL,270532608]
02-14 17:11:03.664  1057  1843 I wm_task_created: [37,1]
02-14 17:11:03.664  1057  1843 I wm_task_moved: [37,1,0]
02-14 17:11:03.665  1057  1843 I am_pause_activity: [0,648958403,com.lge.launcher2/.Launcher]
02-14 17:11:03.696  2092  2092 I am_on_paused_called: [0,com.lge.launcher2.Launcher]
02-14 17:11:03.755  1057  1840 I am_proc_start: [0,9206,10018,com.android.contacts,activity,com.android.contacts/.activities.DialtactsActivity]
02-14 17:11:03.812  1057  2034 I am_proc_bound: [0,9206,com.android.contacts]
02-14 17:11:03.815  1057  2034 I am_restart_activity: [0,291970102,37,com.android.contacts/.activities.DialtactsActivity]
02-14 17:11:04.120   288   288 I sf_frame_dur: [com.lge.launcher2/com.lge.launcher2.Launcher,1,2,3,2,3,0,1]
02-14 17:11:04.164  9206  9206 I am_on_resume_called: [0,com.android.contacts.activities.DialtactsActivity]
02-14 17:11:04.637  1057  1143 I am_activity_launch_time: [0,291970102,com.android.contacts/.activities.DialtactsActivity,925,925]
02-14 17:11:08.989  1057  1315 I wm_task_moved: [32,1,1]
02-14 17:11:09.004  1057  1315 I am_pause_activity: [0,291970102,com.android.contacts/.activities.DialtactsActivity]
02-14 17:11:09.010  1057  1315 I am_task_to_front: [0,32]
02-14 17:11:09.010  1057  1315 I am_new_intent: [0,485877830,32,com.lge.launcher2/.Launcher,android.intent.action.MAIN,NULL,NULL,274726912]
02-14 17:11:09.012  9206  9206 I am_on_paused_called: [0,com.android.contacts.activities.DialtactsActivity]
02-14 17:11:09.019  1057  1416 I am_resume_activity: [0,648958403,32,com.lge.launcher2/.Launcher]
02-14 17:11:09.045  2092  2092 I am_on_resume_called: [0,com.lge.launcher2.Launcher]
02-14 17:11:09.640   288   288 I sf_frame_dur: [com.android.contacts/com.android.contacts.activities.DialtactsActivity,10,1,3,3,0,1,0]
02-14 17:11:11.667  1401  1401 I sysui_panelholder_touch: [0,203,84]
02-14 17:11:11.671  1401  1401 I sysui_panelbar_touch: [0,203,84,0]
02-14 17:11:11.675  1057  1842 I notification_panel_revealed: []
02-14 17:11:11.678  1057  2111 I notification_visibility_changed: [0|com.lge.eula|262082|null|1000;0|com.android.mms|123|null|10033;-1|android|17040642|null|1000,]
02-14 17:11:12.017  1401  1401 I sysui_panelbar_touch: [1,245,8,0]
02-14 17:11:12.122  1057  1840 I notification_visibility_changed: [,0|com.android.mms|123|null|10033;-1|android|17040642|null|1000;0|com.lge.eula|262082|null|1000]
02-14 17:11:12.122  1057  1073 I notification_panel_hidden: []
