06-04 17:06:49.263  1046  2095 I dvm_lock_sample: [system_server,1,Binder_10,78,ActivityManagerService.java,10175,BroadcastQueue.java,592,15]
06-04 17:06:49.264  1046  1449 I am_proc_bound: [0,4253,jibe.android.activity]
06-04 17:06:49.289  1046  2058 I am_proc_bound: [0,4271,com.google.android.gms.unstable]
06-04 17:06:49.303  1046  1062 I force_gc: Binder
06-04 17:06:49.428  1046  1419 I am_proc_start: [0,4298,1000,com.qualcomm.timeservice,broadcast,com.qualcomm.timeservice/.TimeServiceBroadcastReceiver]
06-04 17:06:49.430  1046  1419 I am_kill : [0,3810,com.lge.appbox.client,15,empty #17]
06-04 17:06:49.488  1046  1112 I dvm_lock_sample: [system_server,0,ActivityManager,60,PendingIntentRecord.java,337,ActivityManagerService.java,18976,12]
06-04 17:06:49.488  1046  1963 I am_proc_died: [0,3810,com.lge.appbox.client]
06-04 17:06:49.490  1046  2001 I am_proc_bound: [0,4298,com.qualcomm.timeservice]
06-04 17:06:49.540  1046  2095 I am_kill : [0,3835,com.android.browser,15,empty #17]
06-04 17:06:49.552  1046  1046 I notification_cancel: [10065,4015,com.kddi.android.email,1000,com.kddi.android.email.update.UpdateShow,0,0,64,8,NULL]
06-04 17:06:49.612  1046  1962 I am_proc_died: [0,3835,com.android.browser]
06-04 17:06:49.646  1046  1776 I am_proc_start: [0,4327,10143,com.kddi.android.auclouduploader,broadcast,com.kddi.android.auclouduploader/.receive.AlarmRestartEventReceiver]
06-04 17:06:49.650  1046  2095 I am_kill : [0,3359,com.lge.email,15,empty #17]
06-04 17:06:49.713  1046  1046 I notification_cancel: [10010,4253,jibe.android.activity,953688596,NULL,0,0,64,8,NULL]
06-04 17:06:49.747  1046  2058 I am_proc_died: [0,3359,com.lge.email]
06-04 17:06:49.750  1046  2095 I am_kill : [0,1765,com.android.settings,15,empty #17]
06-04 17:06:49.871  1046  2036 I dvm_lock_sample: [system_server,0,Binder_D,112,ActivityManagerService.java,1233,BroadcastQueue.java,592,22]
06-04 17:06:49.871  1046  2036 I am_proc_died: [0,1765,com.android.settings]
06-04 17:06:49.873  1046  1111 I dvm_lock_sample: [system_server,0,android.bg,110,ActivityManagerService.java,2102,BroadcastQueue.java,592,22]
06-04 17:06:49.873  1046  1776 I am_proc_bound: [0,4327,com.kddi.android.auclouduploader]
06-04 17:06:49.910  1046  1449 I am_proc_start: [0,4354,10073,com.lge.isaimotion,broadcast,com.lge.isaimotion/com.kddi.android.klop.Receiver]
06-04 17:06:49.933  1046  2095 I am_proc_bound: [0,4354,com.lge.isaimotion]
06-04 17:06:49.961  1046  1943 I am_proc_start: [0,4374,10144,com.kddi.cs.app001,broadcast,com.kddi.cs.app001/com.kddi.cs.common.logic.UpdateAutoReciever]
06-04 17:06:49.967  1046  1943 I am_kill : [0,3551,com.lge.fullsize.auhome.widget,15,empty #17]
06-04 17:06:50.030  1046  1963 I am_proc_died: [0,3551,com.lge.fullsize.auhome.widget]
06-04 17:06:50.032  1046  2058 I am_proc_bound: [0,4374,com.kddi.cs.app001]
06-04 17:06:50.082  1046  1983 I am_proc_start: [0,4397,10074,com.kddi.android.lismobookstore,broadcast,com.kddi.android.lismobookstore/.task.GetDeliveryDataTask$DeliveryBroadcastReceiver]
06-04 17:06:50.082  1046  1983 I am_kill : [0,3938,com.lge.hiddenmenu,15,empty #17]
06-04 17:06:50.203  1046  1112 I dvm_lock_sample: [system_server,0,ActivityManager,119,ActivityManagerService.java,3783,-,18976,23]
06-04 17:06:50.203  1046  1449 I am_proc_bound: [0,4397,com.kddi.android.lismobookstore]
06-04 17:06:50.206  1046  2001 I am_proc_died: [0,3938,com.lge.hiddenmenu]
06-04 17:06:50.219  1046  1046 I notification_cancel: [10144,4374,com.kddi.cs.app001,1000000,NULL,0,0,64,8,NULL]
06-04 17:06:50.239  1046  1983 I am_proc_start: [0,4415,10149,com.kddi.pass.launcher,broadcast,com.kddi.pass.launcher/.receive.AlarmResetReceiver]
06-04 17:06:50.241  1046  1983 I am_kill : [0,3962,com.android.providers.partnerbookmarks,15,empty #17]
06-04 17:06:50.390  1046  2058 I dvm_lock_sample: [system_server,0,Binder_F,136,ActivityManagerService.java,1233,-,18976,27]
06-04 17:06:50.391  1046  1112 I dvm_lock_sample: [system_server,0,ActivityManager,151,ActivityManagerService.java,3783,-,18976,30]
06-04 17:06:50.417  1046  1983 I am_proc_start: [0,4435,1000,com.lge.hiddenmenu,broadcast,com.lge.hiddenmenu/.wcdma_only.log_service.StorageStatusReceiver]
06-04 17:06:50.418  1046  1983 I am_kill : [0,3674,com.uei.lg.quicksetsdk.lite,15,empty #17]
06-04 17:06:50.654  1046  2058 I dvm_lock_sample: [system_server,0,Binder_F,263,ActivityManagerService.java,1233,BroadcastQueue.java,592,52]
06-04 17:06:50.654  1046  2058 I am_proc_died: [0,3962,com.android.providers.partnerbookmarks]
06-04 17:06:50.655  1046  2036 I dvm_lock_sample: [system_server,1,Binder_D,238,ActivityManagerService.java,6741,-,18976,47]
06-04 17:06:50.656  1046  2036 I am_proc_bound: [0,4415,com.kddi.pass.launcher]
06-04 17:06:50.657  1046  1962 I am_proc_died: [0,3674,com.uei.lg.quicksetsdk.lite]
06-04 17:06:50.658  1046  1962 I am_schedule_service_restart: [0,com.uei.lg.quicksetsdk.lite/com.uei.control.Service,1000]
06-04 17:06:50.660  1046  1449 I dvm_lock_sample: [system_server,1,Binder_4,224,ActivityManagerService.java,6741,-,18976,44]
06-04 17:06:50.664  1046  1449 I am_proc_bound: [0,4435,com.lge.hiddenmenu]
06-04 17:06:50.700  1046  2001 I am_proc_start: [0,4455,10127,com.uei.lg.quicksetsdk.lite,service,com.uei.lg.quicksetsdk.lite/com.uei.control.Service]
06-04 17:06:50.738  1046  2095 I am_proc_start: [0,4473,10121,jp.co.optim.oru,broadcast,jp.co.optim.oru/.OruReceiver]
06-04 17:06:50.739  1046  2095 I am_kill : [0,3982,com.lge.eula,15,empty #17]
06-04 17:06:50.809  1046  2036 I dvm_lock_sample: [system_server,1,Binder_D,99,ActivityManagerService.java,9732,BroadcastQueue.java,592,19]
06-04 17:06:50.809  1046  1063 I am_proc_bound: [0,4455,com.uei.lg.quicksetsdk.lite]
06-04 17:06:50.811  1046  2050 I dvm_lock_sample: [system_server,1,Binder_E,72,ActivityManagerService.java,10107,-,18976,14]
06-04 17:06:50.812  1046  1799 I am_proc_died: [0,3982,com.lge.eula]
06-04 17:06:50.813  1046  1062 I am_proc_bound: [0,4473,jp.co.optim.oru]
06-04 17:06:50.899  1046  1983 I am_proc_start: [0,4493,10132,com.gemalto.tsmproxy,broadcast,com.gemalto.tsmproxy/.debug.LowMemoryChecker]
06-04 17:06:50.900  1046  1983 I am_kill : [0,2467,com.lge.qremote,15,empty #17]
06-04 17:06:50.990  1046  1943 I dvm_lock_sample: [system_server,1,Binder_8,80,ActivityManagerService.java,5949,-,18976,16]
06-04 17:06:50.990  1046  2036 I am_proc_died: [0,2467,com.lge.qremote]
06-04 17:06:50.994  1046  1419 I am_proc_bound: [0,4493,com.gemalto.tsmproxy]
06-04 17:06:51.019  1046  1449 I am_kill : [0,3881,com.lge.lgdmsclient,15,empty #17]
06-04 17:06:51.081  1046  1063 I am_proc_died: [0,3881,com.lge.lgdmsclient]
06-04 17:06:51.281  1046  2036 I am_proc_start: [0,4537,10006,jp.kddilabs.smartnetwork.troubleshooting,broadcast,jp.kddilabs.smartnetwork.troubleshooting/.common.receiver.ActionReceiver]
06-04 17:06:51.282  1046  1046 I dvm_lock_sample: [system_server,0,main,31,ActivityManagerService.java,16826,-,16826,6]
06-04 17:06:51.308  1046  1962 I am_proc_bound: [0,4537,jp.kddilabs.smartnetwork.troubleshooting]
06-04 17:06:51.345  1046  1063 I am_kill : [0,4045,com.android.keychain,15,empty #17]
06-04 17:06:51.412  1046  1799 I am_proc_died: [0,4045,com.android.keychain]
06-04 17:06:51.574  1046  2036 I force_gc: Binder
06-04 17:06:51.595  1046  1046 I power_screen_broadcast_done: [1,7325,1]
06-04 17:06:51.595  1046  1046 I power_screen_broadcast_send: 1
06-04 17:06:51.598  1046  1046 I notification_cancel: [10012,3047,com.google.android.gms,2130838182,NULL,0,0,64,8,NULL]
06-04 17:06:51.598  1046  1046 I notification_cancel: [10012,3047,com.google.android.gms,2130838183,NULL,0,0,64,8,NULL]
06-04 17:06:51.606  3047  4564 I system_update: [1536,0,0,NULL]
06-04 17:06:51.660  1046  1062 I notification_visibility_changed: [,-1|android|17040690|null|1000;0|com.android.systemui|2130839094|null|10027;0|com.lge.eula|262082|null|1000;-1|android|34406876|null|1000]
06-04 17:06:51.665  1452  1452 I sysui_heads_up_status: [,0]
06-04 17:06:51.668  3047  4587 I force_gc: Binder
06-04 17:06:51.785  1046  2036 I am_proc_start: [0,4613,10014,com.google.android.onetimeinitializer,broadcast,com.google.android.onetimeinitializer/.OneTimeInitializerReceiver]
06-04 17:06:51.819  1046  1063 I am_proc_bound: [0,4613,com.google.android.onetimeinitializer]
06-04 17:06:51.872  1046  1046 I power_screen_broadcast_done: [0,277,1]
06-04 17:06:51.873  1046  2036 I am_kill : [0,4089,android.process.media,15,empty #17]
06-04 17:06:51.951  1046  1419 I am_proc_died: [0,4089,android.process.media]
06-04 17:06:51.986  1046  2095 I am_proc_start: [0,4638,10015,com.google.android.partnersetup,broadcast,com.google.android.partnersetup/.GooglePartnerSetup]
06-04 17:06:51.988  1046  2095 I am_kill : [0,4015,com.kddi.android.email,15,empty #17]
06-04 17:06:52.049  1046  1112 I dvm_lock_sample: [system_server,0,ActivityManager,62,ActivityManagerService.java,3783,-,15706,12]
06-04 17:06:52.050  1046  2095 I am_kill : [0,4119,jp.united.app.cocoppa,15,empty #17]
06-04 17:06:52.104  1046  1799 I am_proc_died: [0,4015,com.kddi.android.email]
06-04 17:06:52.106  1046  1063 I am_proc_bound: [0,4638,com.google.android.partnersetup]
06-04 17:06:52.109  1046  2050 I am_proc_died: [0,4119,jp.united.app.cocoppa]
06-04 17:06:52.145  2270  2287 I force_gc: Binder
06-04 17:06:52.178  1046  1983 I am_proc_start: [0,4661,10018,com.lge.clock,broadcast,com.lge.clock/.alarmclock.ALBootInit]
06-04 17:06:52.198  1046  1963 I am_proc_bound: [0,4661,com.lge.clock]
06-04 17:06:52.286  1046  1962 I am_kill : [0,4148,jp.gree.android.pf.greeapp1753,15,empty #17]
06-04 17:06:52.440  1046  2095 I am_proc_died: [0,4148,jp.gree.android.pf.greeapp1753]
06-04 17:06:52.501  1046  2058 I am_proc_start: [0,4694,10019,com.lge.appbox.client:SingleBinaryService,broadcast,com.lge.appbox.client/com.lge.appbox.singlebinary.SimChangeReceiver]
06-04 17:06:52.502  1046  2058 I am_kill : [0,4229,com.lge.sizechangable.weather,15,empty #17]
06-04 17:06:52.540  1046  1063 I am_proc_died: [0,4229,com.lge.sizechangable.weather]
06-04 17:06:52.541  1046  2050 I am_proc_bound: [0,4694,com.lge.appbox.client:SingleBinaryService]
06-04 17:06:52.593  1046  1799 I am_proc_start: [0,4712,10019,com.lge.appbox.client,content provider,com.lge.appbox.client/com.lge.appbox.databases.AppBoxContentProvider]
06-04 17:06:52.630  1046  2058 I am_proc_bound: [0,4712,com.lge.appbox.client]
06-04 17:06:52.730  1046  2095 I am_kill : [0,4253,jibe.android.activity,15,empty #17]
06-04 17:06:52.797  2270  4600 I c2dm    : [-2,NULL,1,1]
06-04 17:06:52.821  1046  1112 I dvm_lock_sample: [system_server,0,ActivityManager,92,ActivityManagerService.java,3783,BroadcastQueue.java,592,18]
06-04 17:06:52.823  1046  1062 I dvm_lock_sample: [system_server,0,Binder_1,41,ActivityManagerService.java,1233,BroadcastQueue.java,592,8]
06-04 17:06:52.823  1046  1062 I am_proc_died: [0,4253,jibe.android.activity]
06-04 17:06:52.935  1046  2036 I am_proc_start: [0,4736,10021,com.android.calendar,broadcast,com.android.calendar/.alerts.AlertReceiver]
06-04 17:06:52.936  1046  2036 I am_kill : [0,4298,com.qualcomm.timeservice,15,empty #17]
06-04 17:06:52.990  1046  1943 I am_proc_died: [0,4298,com.qualcomm.timeservice]
06-04 17:06:52.996  1046  1063 I am_proc_bound: [0,4736,com.android.calendar]
06-04 17:06:53.208  1046  1776 I am_proc_start: [0,4761,10022,com.android.providers.calendar,broadcast,com.android.providers.calendar/.CalendarReceiver]
06-04 17:06:53.263  1046  1449 I am_proc_start: [0,4783,10028,android.process.media,content provider,com.android.providers.media/.MediaProvider]
06-04 17:06:53.266  1046  1799 I am_proc_bound: [0,4761,com.android.providers.calendar]
06-04 17:06:53.295  1046  2050 I am_proc_bound: [0,4783,android.process.media]
06-04 17:06:53.355  1046  2050 I force_gc: Binder
06-04 17:06:53.478  2270  4732 I c2dm    : [3,NULL,1,1]
06-04 17:06:53.482  2270  4732 I gtalk_heartbeat_reset: [3480,64.233.187.188:5228]
06-04 17:06:53.486  2270  4732 I gtalk_connection: 0
06-04 17:06:53.525  1046  1419 I am_proc_start: [0,4818,1000,com.lge.lgdmsclient,broadcast,com.lge.lgdmsclient/.receiver.DmReceiver]
06-04 17:06:53.532  2270  4732 I c2dm    : [7,,1,1]
06-04 17:06:53.563  1046  2058 I am_proc_bound: [0,4818,com.lge.lgdmsclient]
06-04 17:06:53.650  1046  1389 I backup_data_changed: android
06-04 17:06:53.670  1046  1389 I backup_data_changed: android
06-04 17:06:53.670  1046  1389 I backup_data_changed: android
06-04 17:06:53.671  1046  1062 I notification_cancel_all: [10028,4783,com.android.providers.downloads,0,0,64,9,NULL]
06-04 17:06:53.722  1046  1062 I am_proc_start: [0,4849,10030,com.lge.email,broadcast,com.lge.email/.ui.widget.EmailWidgetProvider]
06-04 17:06:53.723  1046  1063 I dvm_lock_sample: [system_server,1,Binder_2,25,ActivityManagerService.java,15495,BroadcastQueue.java,592,5]
06-04 17:06:53.750  1046  1449 I am_proc_bound: [0,4849,com.lge.email]
06-04 17:06:53.760  1046  1449 I am_kill : [0,4327,com.kddi.android.auclouduploader,15,empty #17]
06-04 17:06:53.810  1046  1983 I dvm_lock_sample: [system_server,1,Binder_B,42,ActivityManagerService.java,15495,-,10107,8]
06-04 17:06:53.814  1046  1062 I am_proc_died: [0,4327,com.kddi.android.auclouduploader]
06-04 17:06:53.846  1046  1449 I am_kill : [0,4354,com.lge.isaimotion,15,empty #17]
06-04 17:06:53.921  1046  1112 I dvm_lock_sample: [system_server,0,ActivityManager,74,ActivityManagerService.java,3783,-,15706,14]
06-04 17:06:53.921  1046  1983 I am_proc_died: [0,4354,com.lge.isaimotion]
06-04 17:06:54.113  1046  1449 I am_proc_start: [0,4877,10033,com.lge.formmanager,broadcast,com.lge.formmanager/.FormServiceReceiver]
06-04 17:06:54.114  1046  1449 I am_kill : [0,4374,com.kddi.cs.app001,15,empty #17]
06-04 17:06:54.212  1046  1983 I am_proc_died: [0,4374,com.kddi.cs.app001]
06-04 17:06:54.218  1046  2036 I am_proc_bound: [0,4877,com.lge.formmanager]
06-04 17:06:54.327  1046  1983 I am_proc_start: [0,4899,1000,com.lge.oneseg,broadcast,com.lge.oneseg/.reservation.Dmb_ReservationStartupReceiver]
06-04 17:06:54.372  1046  1983 I am_kill : [0,4397,com.kddi.android.lismobookstore,15,empty #17]
06-04 17:06:54.502  1046  2050 I dvm_lock_sample: [system_server,1,Binder_E,126,ActivityManagerService.java,6741,-,15706,25]
06-04 17:06:54.502  1046  2050 I am_proc_bound: [0,4899,com.lge.oneseg]
06-04 17:06:54.512  1046  1776 I am_proc_died: [0,4397,com.kddi.android.lismobookstore]
06-04 17:06:54.527  1046  1419 I am_kill : [0,4435,com.lge.hiddenmenu,15,empty #17]
06-04 17:06:54.642  1046  1962 I am_proc_died: [0,4435,com.lge.hiddenmenu]
06-04 17:06:54.648  1046  1111 I dvm_lock_sample: [system_server,0,android.bg,82,ActivityManagerService.java,2102,-,15706,16]
06-04 17:06:54.655  1046  1943 I am_kill : [0,4473,jp.co.optim.oru,15,empty #17]
06-04 17:06:54.757  1046  2036 I am_proc_died: [0,4473,jp.co.optim.oru]
06-04 17:06:55.065  1046  1962 I am_proc_start: [0,4928,10167,com.lge.myplace,broadcast,com.lge.myplace/.Receiver]
06-04 17:06:55.158  1046  1063 I am_proc_start: [0,4952,10003,com.lge.ia.task.process.shared,service,com.lge.ia.task.mrgdblogger/.MrGDBLoggerService]
06-04 17:06:55.160  1046  2095 I am_proc_bound: [0,4928,com.lge.myplace]
06-04 17:06:55.160  1046  1962 I dvm_lock_sample: [system_server,1,Binder_9,20,ActivityManagerService.java,19901,-,15442,4]
06-04 17:06:55.194  1046  2058 I am_proc_bound: [0,4952,com.lge.ia.task.process.shared]
06-04 17:06:55.264  1046  2095 I am_proc_start: [0,4974,10042,com.lge.lifetracker,broadcast,com.lge.lifetracker/.receiver.BootReceiver]
06-04 17:06:55.293  1046  2058 I am_proc_bound: [0,4974,com.lge.lifetracker]
06-04 17:06:55.418  1046  1943 I am_proc_start: [0,4995,10102,com.lge.lgaccount,content provider,com.lge.lgaccount/.provider.LGAccountProvider]
06-04 17:06:55.447  1046  1799 I am_proc_bound: [0,4995,com.lge.lgaccount]
06-04 17:06:55.561  1046  1062 I am_kill : [0,4493,com.gemalto.tsmproxy,15,empty #17]
06-04 17:06:55.663  1046  1112 I dvm_lock_sample: [system_server,0,ActivityManager,102,ActivityManagerService.java,3783,-,10107,20]
06-04 17:06:55.664  1046  1983 I am_proc_died: [0,4493,com.gemalto.tsmproxy]
06-04 17:06:55.737  1046  2058 I am_proc_start: [0,5025,1000,com.android.settings,broadcast,com.android.settings/.lockscreen.LockSettingsReceiver]
06-04 17:06:55.740  1046  2058 I am_kill : [0,4415,com.kddi.pass.launcher,15,empty #17]
06-04 17:06:55.742  1046  1962 I force_gc: Binder
06-04 17:06:55.871  1046  1112 I dvm_lock_sample: [system_server,0,ActivityManager,130,ActivityManagerService.java,3783,-,15706,26]
06-04 17:06:55.871  1046  1943 I am_proc_bound: [0,5025,com.android.settings]
06-04 17:06:55.881  1046  1776 I am_proc_died: [0,4415,com.kddi.pass.launcher]
06-04 17:06:55.911  1046  2036 I am_kill : [0,3860,com.android.contacts,15,empty #17]
06-04 17:06:56.062  1046  2058 I dvm_lock_sample: [system_server,1,Binder_F,141,ActivityManagerService.java,15668,-,15706,28]
06-04 17:06:56.064  1046  1962 I dvm_lock_sample: [system_server,1,Binder_9,122,ActivityManagerService.java,1233,-,15706,24]
06-04 17:06:56.064  1046  1962 I am_proc_died: [0,3860,com.android.contacts]
06-04 17:06:56.328  1046  1389 I backup_data_changed: com.android.providers.settings
06-04 17:06:56.339  1046  1389 I backup_data_changed: com.android.providers.settings
06-04 17:06:56.423  1046  1389 I backup_data_changed: com.android.providers.settings
06-04 17:06:56.444  1046  1776 I am_kill : [0,4455,com.uei.lg.quicksetsdk.lite,15,empty #17]
06-04 17:06:56.711  1046  2095 I dvm_lock_sample: [system_server,0,Binder_10,255,ActivityManagerService.java,1233,BroadcastQueue.java,592,51]
06-04 17:06:56.712  1046  2095 I am_proc_died: [0,4455,com.uei.lg.quicksetsdk.lite]
06-04 17:06:56.719  1046  1963 I dvm_lock_sample: [system_server,1,Binder_A,172,ActivityManagerService.java,15675,BroadcastQueue.java,592,34]
06-04 17:06:56.768  1046  1046 I notification_cancel: [1001,2039,com.android.phone,2131493582,NULL,0,0,64,8,NULL]
06-04 17:06:56.822  1046  1419 I am_proc_start: [0,5071,10048,com.lge.voicerecorder,broadcast,com.lge.voicerecorder/.bookmarkdb.BootCompletedReceiver]
06-04 17:06:56.866  1046  1776 I am_proc_bound: [0,5071,com.lge.voicerecorder]
06-04 17:06:56.980  1046  1063 I am_kill : [0,4537,jp.kddilabs.smartnetwork.troubleshooting,15,empty #17]
06-04 17:06:57.117  1046  1112 I dvm_lock_sample: [system_server,0,ActivityManager,137,ActivityManagerService.java,3783,BroadcastQueue.java,592,27]
06-04 17:06:57.121  1046  1799 I dvm_lock_sample: [system_server,0,Binder_7,125,ActivityManagerService.java,1233,BroadcastQueue.java,592,25]
06-04 17:06:57.122  1046  1799 I am_proc_died: [0,4537,jp.kddilabs.smartnetwork.troubleshooting]
06-04 17:06:57.173  1046  1046 I notification_cancel: [10049,2410,com.kddi.android.imp,2131166134,NULL,0,0,64,8,NULL]
06-04 17:06:57.222  1046  1963 I am_proc_start: [0,5103,1000,com.lge.mlt,broadcast,com.lge.mlt/.MptOnBootReceiver]
06-04 17:06:57.273  1046  1983 I am_proc_bound: [0,5103,com.lge.mlt]
06-04 17:06:57.451  1046  1062 I am_proc_start: [0,5124,10050,com.android.managedprovisioning,broadcast,com.android.managedprovisioning/.BootReminder]
06-04 17:06:57.481  1046  1962 I am_proc_bound: [0,5124,com.android.managedprovisioning]
06-04 17:06:57.578  1046  1062 I am_proc_start: [0,5145,10051,com.android.vending,broadcast,com.android.vending/com.google.android.finsky.receivers.BootCompletedReceiver]
06-04 17:06:57.585  1046  1062 I am_kill : [0,4613,com.google.android.onetimeinitializer,15,empty #17]
06-04 17:06:57.639  1046  1983 I dvm_lock_sample: [system_server,1,Binder_B,60,ActivityManagerService.java,7106,-,18976,12]
06-04 17:06:57.640  1046  1962 I am_proc_died: [0,4613,com.google.android.onetimeinitializer]
06-04 17:06:57.642  1046  1063 I am_proc_bound: [0,5145,com.android.vending]
06-04 17:06:57.671  1046  2001 I force_gc: Binder
06-04 17:06:58.025  1046  1389 I backup_data_changed: com.android.vending
06-04 17:06:58.078  1046  1046 I notification_cancel: [10051,5145,com.android.vending,-1050172287,NULL,0,0,64,8,NULL]
06-04 17:06:58.124  1046  1419 I am_proc_start: [0,5197,1040,org.simalliance.openmobileapi.service,broadcast,org.simalliance.openmobileapi.service/.SmartcardServiceBootCompletedBroadcastReceiver]
06-04 17:06:58.126  1046  1419 I am_kill : [0,4638,com.google.android.partnersetup,15,empty #17]
06-04 17:06:58.192  1046  2036 I am_proc_died: [0,4638,com.google.android.partnersetup]
06-04 17:06:58.198  1046  1449 I am_proc_bound: [0,5197,org.simalliance.openmobileapi.service]
06-04 17:06:58.302  1046  1063 I am_proc_start: [0,5222,10057,com.google.android.googlequicksearchbox:search,broadcast,com.google.android.googlequicksearchbox/com.google.android.search.core.StartUpReceiver]
06-04 17:06:58.370  1046  1449 I am_proc_bound: [0,5222,com.google.android.googlequicksearchbox:search]
06-04 17:06:58.578  1046  1062 I am_proc_start: [0,5244,10015,com.google.android.partnersetup,content provider,com.google.android.partnersetup/.RlzAppProvider]
06-04 17:06:58.629  1046  2036 I am_proc_bound: [0,5244,com.google.android.partnersetup]
06-04 17:06:58.988  1046  1062 I am_kill : [0,4661,com.lge.clock,15,empty #17]
06-04 17:06:59.172  1046  1112 I dvm_lock_sample: [system_server,0,ActivityManager,183,ActivityManagerService.java,3783,-,10107,36]
06-04 17:06:59.173  1046  1111 I dvm_lock_sample: [system_server,0,android.bg,185,ActivityManagerService.java,2041,-,10107,37]
06-04 17:06:59.175  1046  1943 I am_proc_died: [0,4661,com.lge.clock]
06-04 17:06:59.235  1046  1799 I am_proc_start: [0,5284,10060,com.kddi.android.ausdbackup,broadcast,com.kddi.android.ausdbackup/.auto.AutoBackupReceiver]
06-04 17:06:59.266  1046  1943 I am_proc_bound: [0,5284,com.kddi.android.ausdbackup]
06-04 17:06:59.387  1046  2001 I am_kill : [0,4694,com.lge.appbox.client:SingleBinaryService,15,empty #17]
06-04 17:06:59.504  1046  1963 I am_proc_died: [0,4694,com.lge.appbox.client:SingleBinaryService]
06-04 17:06:59.524  1046  1419 I dvm_lock_sample: [system_server,1,Binder_3,118,ActivityManagerService.java,9732,BroadcastQueue.java,592,23]
06-04 17:06:59.626  1046  1112 I am_proc_start: [0,5309,10063,com.kddi.android.screenshotshare,broadcast,com.kddi.android.screenshotshare/.ShareReceiver]
06-04 17:06:59.684  1046  1983 I am_proc_bound: [0,5309,com.kddi.android.screenshotshare]
06-04 17:06:59.779  1046  2095 I am_proc_start: [0,5334,10063,com.kddi.android.screenshotshare:ShareService,service,com.kddi.android.screenshotshare/.ShareService]
06-04 17:06:59.830  1046  1983 I am_proc_start: [0,5351,10064,com.kddi.android.auoneidsetting,broadcast,com.kddi.android.auoneidsetting/com.kddi.android.ast.BootReceiver]
06-04 17:06:59.833  1046  1983 I am_kill : [0,4712,com.lge.appbox.client,15,empty #17]
06-04 17:07:00.005  1046  1962 I am_proc_bound: [0,5334,com.kddi.android.screenshotshare:ShareService]
06-04 17:07:00.014  1046  1449 I dvm_lock_sample: [system_server,1,Binder_4,161,ActivityManagerService.java,1233,-,18976,32]
06-04 17:07:00.015  1046  1449 I am_proc_died: [0,4712,com.lge.appbox.client]
06-04 17:07:00.022  1046  1063 I am_proc_bound: [0,5351,com.kddi.android.auoneidsetting]
06-04 17:07:00.115  1046  1112 I notification_enqueue: [10063,5334,com.kddi.android.screenshotshare,100,NULL,0,Notification(pri=0 contentView=com.kddi.android.screenshotshare/0x1090079 vibrate=null sound=null defaults=0x0 flags=0x40 color=0x00000000 vis=PRIVATE)]
06-04 17:07:00.854  1046  1962 I am_proc_start: [0,5421,10065,com.kddi.android.email,broadcast,com.kddi.android.email/com.access_company.android.nfcommunicator.event.BootReceiver]
06-04 17:07:00.856  1046  1962 I am_kill : [0,4761,com.android.providers.calendar,15,empty #17]
06-04 17:07:00.960  1046  1419 I am_proc_died: [0,4761,com.android.providers.calendar]
06-04 17:07:00.964  1046  1063 I am_proc_bound: [0,5421,com.kddi.android.email]
06-04 17:07:01.283  1046  1046 I notification_cancel: [10065,5421,com.kddi.android.email,1000,com.kddi.android.email.update.UpdateShow,0,0,64,8,NULL]
06-04 17:07:01.420  1046  1046 I am_proc_start: [0,5461,10066,com.kddi.disasterapp,broadcast,com.kddi.disasterapp/.sms.SmsBroadcastReceiver]
06-04 17:07:01.471  1046  1112 I notification_enqueue: [10065,5421,com.kddi.android.email,2131492877,NULL,0,Notification(pri=0 contentView=com.kddi.android.email/0x1090079 vibrate=null sound=null defaults=0x0 flags=0x40 color=0x00000000 vis=PRIVATE)]
06-04 17:07:01.472  1046  1943 I am_proc_bound: [0,5461,com.kddi.disasterapp]
06-04 17:07:01.542  1046  2058 I am_proc_start: [0,5485,10071,com.kddi.android.aumanagementsystem,service,com.kddi.android.aumanagementsystem/.AuManagementSystemService]
06-04 17:07:01.560  1046  2058 I force_gc: Binder
06-04 17:07:01.668  1046  1943 I am_proc_bound: [0,5485,com.kddi.android.aumanagementsystem]
06-04 17:07:01.739  1046  1062 I am_proc_start: [0,5510,10018,com.lge.clock,content provider,com.lge.clock/.alarmclock.ALProvider]
06-04 17:07:01.811  1046  2095 I am_proc_start: [0,5549,10067,jp.antenna.app,broadcast,jp.antenna.app/.widget.AntennaWidget]
06-04 17:07:01.812  1046  2095 I am_kill : [0,4818,com.lge.lgdmsclient,15,empty #17]
06-04 17:07:01.952  1046  1112 I dvm_lock_sample: [system_server,0,ActivityManager,139,ActivityManagerService.java,3783,-,18976,27]
06-04 17:07:01.953  1046  1962 I dvm_lock_sample: [system_server,1,Binder_9,140,ActivityManagerService.java,6741,-,18976,28]
06-04 17:07:01.954  1046  1962 I am_proc_bound: [0,5510,com.lge.clock]
06-04 17:07:01.961  1046  1419 I am_proc_died: [0,4818,com.lge.lgdmsclient]
06-04 17:07:01.970  1046  2050 I dvm_lock_sample: [system_server,1,Binder_E,124,ActivityManagerService.java,6741,-,18976,24]
06-04 17:07:01.970  1046  2050 I am_proc_bound: [0,5549,jp.antenna.app]
06-04 17:07:01.981  1046  1962 I am_kill : [0,4849,com.lge.email,15,empty #17]
06-04 17:07:02.093  1046  1449 I am_proc_died: [0,4849,com.lge.email]
06-04 17:07:02.094  1046  1046 I notification_cancel: [1000,1046,com.kddi.android.email,2131492877,NULL,0,0,0,8,NULL]
06-04 17:07:02.145  1046  1449 I am_kill : [0,4899,com.lge.oneseg,15,empty #17]
06-04 17:07:02.241  1046  1419 I am_proc_died: [0,4899,com.lge.oneseg]
06-04 17:07:02.256  1046  1062 I am_kill : [0,4928,com.lge.myplace,15,empty #17]
06-04 17:07:02.383  1046  2095 I dvm_lock_sample: [system_server,0,Binder_10,115,ActivityManagerService.java,16826,-,10107,23]
06-04 17:07:02.384  1046  1962 I dvm_lock_sample: [system_server,1,Binder_9,94,ActivityManagerService.java,1233,-,10107,18]
06-04 17:07:02.418  1046  2095 I am_proc_start: [0,5590,10069,com.lge.fullsize.auhome.widget,broadcast,com.lge.fullsize.auhome.widget/.update.ReceiverAutoUpdateManager]
06-04 17:07:02.420  1046  2095 I am_kill : [0,4995,com.lge.lgaccount,15,empty #17]
06-04 17:07:02.454  1046  1046 I notification_cancel: [10065,5421,com.kddi.android.email,1000,com.kddi.android.email.update.UpdateShow,0,0,64,8,NULL]
06-04 17:07:02.581  1046  1962 I am_proc_died: [0,4928,com.lge.myplace]
06-04 17:07:02.587  1046  1799 I dvm_lock_sample: [system_server,0,Binder_7,156,ActivityManagerService.java,1233,-,18976,31]
06-04 17:07:02.588  1046  1799 I am_proc_died: [0,4995,com.lge.lgaccount]
06-04 17:07:02.594  1046  2001 I am_proc_bound: [0,5590,com.lge.fullsize.auhome.widget]
06-04 17:07:02.652  1046  1943 I am_kill : [0,4271,com.google.android.gms.unstable,15,empty #17]
06-04 17:07:02.782  1046  1449 I am_proc_died: [0,4271,com.google.android.gms.unstable]
06-04 17:07:02.892  1046  1063 I am_proc_start: [0,5610,10019,com.lge.appbox.client:AppBoxCommonService,service,com.lge.appbox.client/com.lge.appbox.service.AppBoxCommonService]
06-04 17:07:02.954  1046  1983 I am_proc_start: [0,5628,10070,com.lge.isaimagazine,broadcast,com.lge.isaimagazine/.update.UpdateManagerReceiver]
06-04 17:07:02.956  1046  1983 I am_kill : [0,4974,com.lge.lifetracker,15,empty #17]
06-04 17:07:03.021  1046  2001 I am_proc_bound: [0,5610,com.lge.appbox.client:AppBoxCommonService]
06-04 17:07:03.033  1046  2050 I am_proc_died: [0,4974,com.lge.lifetracker]
06-04 17:07:03.040  1046  2095 I am_proc_bound: [0,5628,com.lge.isaimagazine]
06-04 17:07:03.195  1046  1943 I am_proc_start: [0,5649,10019,com.lge.appbox.client,content provider,com.lge.appbox.client/com.lge.appbox.databases.AppBoxContentProvider]
06-04 17:07:03.316  1046  1419 I am_proc_start: [0,5669,10072,com.kddi.market,broadcast,com.kddi.market/.service.RestartActionReceiver]
06-04 17:07:03.318  1046  1419 I am_kill : [0,5025,com.android.settings,15,empty #17]
06-04 17:07:03.418  1046  1983 I dvm_lock_sample: [system_server,1,Binder_B,99,ActivityManagerService.java,6741,-,18976,19]
06-04 17:07:03.420  1046  1983 I am_proc_bound: [0,5649,com.lge.appbox.client]
06-04 17:07:03.442  1046  1963 I am_proc_died: [0,5025,com.android.settings]
06-04 17:07:03.445  1046  1062 I am_proc_bound: [0,5669,com.kddi.market]
06-04 17:07:03.628  1046  2050 I am_kill : [0,5071,com.lge.voicerecorder,15,empty #17]
06-04 17:07:03.650  1046  1112 I dvm_lock_sample: [system_server,0,ActivityManager,22,ActivityManagerService.java,3783,-,10107,4]
06-04 17:07:03.650  1046  1419 I am_proc_died: [0,5071,com.lge.voicerecorder]
06-04 17:07:03.708  1046  1063 I am_kill : [0,5124,com.android.managedprovisioning,15,empty #17]
06-04 17:07:03.767  1046  2058 I am_proc_died: [0,5124,com.android.managedprovisioning]
06-04 17:07:04.135  1046  1046 I backup_transport_lifecycle: [com.google.android.gms/.backup.BackupTransportService,1]
06-04 17:07:04.316  2896  3275 I force_gc: Binder
06-04 17:07:04.751  1046  2095 I am_proc_start: [0,5753,10076,com.kddi.android.btdun,broadcast,com.kddi.android.btdun/.broadcast.BootCompleteReceiver]
06-04 17:07:04.795  1046  2001 I am_proc_bound: [0,5753,com.kddi.android.btdun]
06-04 17:07:04.912  1046  1063 I am_proc_start: [0,5776,10080,com.lge.cloudhub,broadcast,com.lge.cloudhub/.service.CloudHubReceiver]
06-04 17:07:04.917  1046  1063 I am_kill : [0,5197,org.simalliance.openmobileapi.service,15,empty #17]
06-04 17:07:05.012  1046  1449 I am_proc_died: [0,5197,org.simalliance.openmobileapi.service]
06-04 17:07:05.019  1046  1943 I am_proc_bound: [0,5776,com.lge.cloudhub]
06-04 17:07:05.027  1046  1063 I dvm_lock_sample: [system_server,0,Binder_2,12,ActivityManagerService.java,15706,-,1233,2]
06-04 17:07:05.284  1046  1799 I am_proc_start: [0,5800,10083,com.google.android.configupdater,broadcast,com.google.android.configupdater/.CertPin.CertPinUpdateRequestReceiver]
06-04 17:07:05.285  1046  1799 I am_kill : [0,4877,com.lge.formmanager,15,empty #17]
06-04 17:07:05.437  1046  2050 I dvm_lock_sample: [system_server,1,Binder_E,123,ActivityManagerService.java,6741,-,18976,24]
06-04 17:07:05.438  1046  2050 I am_proc_bound: [0,5800,com.google.android.configupdater]
06-04 17:07:05.449  1046  2095 I am_proc_died: [0,4877,com.lge.formmanager]
06-04 17:07:05.620  1046  1943 I am_proc_start: [0,5838,10086,com.lge.drmservice,broadcast,com.lge.drmservice/.DrmBroadcastReceiver]
06-04 17:07:05.621  1046  1943 I am_kill : [0,5145,com.android.vending,15,empty #17]
06-04 17:07:05.731  1046  1112 I dvm_lock_sample: [system_server,0,ActivityManager,109,ActivityManagerService.java,3783,-,18976,21]
06-04 17:07:05.731  1046  1419 I am_proc_bound: [0,5838,com.lge.drmservice]
06-04 17:07:05.736  1046  1983 I am_proc_died: [0,5145,com.android.vending]
06-04 17:07:05.809  1046  1943 I am_proc_start: [0,5857,10087,com.kddi.android.easysettingwizard,broadcast,com.kddi.android.easysettingwizard/.BootCompleteBroadcast]
06-04 17:07:05.831  1046  1419 I am_kill : [0,5244,com.google.android.partnersetup,15,empty #17]
06-04 17:07:05.893  1046  2050 I am_proc_bound: [0,5857,com.kddi.android.easysettingwizard]
06-04 17:07:05.898  1046  1062 I am_proc_died: [0,5244,com.google.android.partnersetup]
06-04 17:07:05.911  1046  1963 I am_kill : [0,5284,com.kddi.android.ausdbackup,15,empty #17]
06-04 17:07:05.965  1046  1112 I dvm_lock_sample: [system_server,0,ActivityManager,55,ActivityManagerService.java,3783,-,15706,11]
06-04 17:07:05.966  1046  1776 I am_proc_died: [0,5284,com.kddi.android.ausdbackup]
06-04 17:07:06.024  1046  2058 I am_proc_start: [0,5882,10090,com.google.android.gm,broadcast,com.google.android.gm/.GoogleMailDeviceStartupReceiver]
06-04 17:07:06.029  1046  2058 I am_kill : [0,5309,com.kddi.android.screenshotshare,15,empty #17]
06-04 17:07:06.133  1046  1943 I dvm_lock_sample: [system_server,0,Binder_8,86,ActivityManagerService.java,1233,-,18976,17]
06-04 17:07:06.135  1046  1943 I am_proc_died: [0,5309,com.kddi.android.screenshotshare]
06-04 17:07:06.145  1046  2001 I am_proc_bound: [0,5882,com.google.android.gm]
06-04 17:07:06.249  1046  1046 I power_screen_state: [1,0,0,0]
06-04 17:07:06.251  1046  1046 I screen_toggled: 1
06-04 17:07:06.251  1046  1046 I power_screen_broadcast_send: 1
06-04 17:07:06.257  1046  1119 I dvm_lock_sample: [system_server,1,PowerManagerService,5,PowerManagerService.java,4096,-,1304,1]
06-04 17:07:06.307  1046  2058 I force_gc: Binder
06-04 17:07:06.506   282   282 I sf_frame_dur: [ColorFade,23,0,0,0,0,0,0]
06-04 17:07:06.536  1046  1962 I notification_visibility_changed: [0|com.kddi.android.screenshotshare|100|null|10063;0|com.lge.eula|262082|null|1000;0|com.android.systemui|2130839094|null|10027;-1|android|17040690|null|1000;-1|android|34406876|null|1000,]
06-04 17:07:06.719  5882  5934 I dvm_lock_sample: [com.google.android.gm,0,AsyncTask #4,109,SourceFile,113,-,478,21]
06-04 17:07:06.797  1046  2036 I am_proc_start: [0,5960,10091,com.lge.gnss.airtest,broadcast,com.lge.gnss.airtest/.GnssAirTestReceiver]
06-04 17:07:06.807  1046  2036 I am_kill : [0,5351,com.kddi.android.auoneidsetting,15,empty #17]
06-04 17:07:06.924  1046  2001 I dvm_lock_sample: [system_server,1,Binder_C,115,ActivityManagerService.java,7106,-,15706,23]
06-04 17:07:06.925  1046  2050 I am_proc_died: [0,5351,com.kddi.android.auoneidsetting]
06-04 17:07:06.930  1046  2095 I dvm_lock_sample: [system_server,1,Binder_10,96,ActivityManagerService.java,6741,-,15706,19]
06-04 17:07:06.930  1046  2095 I am_proc_bound: [0,5960,com.lge.gnss.airtest]
06-04 17:07:06.967  1046  1046 I power_screen_broadcast_done: [1,715,1]
06-04 17:07:07.049  1046  2095 I am_proc_start: [0,5989,10097,jp.gree.android.pf.greeapp1753,broadcast,jp.gree.android.pf.greeapp1753/.widget.MarketWidgetRestartReceiver]
06-04 17:07:07.088  1046  1419 I am_proc_bound: [0,5989,jp.gree.android.pf.greeapp1753]
06-04 17:07:07.220  1046  1046 I notification_cancel: [10049,2410,com.kddi.android.imp,2131166243,NULL,0,0,64,8,NULL]
06-04 17:07:07.597  1046  2036 I am_proc_start: [0,6044,10098,com.gunosy.au,broadcast,com.gunosy.au/com.gunosy.android.BootReceiver]
06-04 17:07:07.599  1046  2036 I am_kill : [0,5421,com.kddi.android.email,15,empty #17]
06-04 17:07:07.656  1452  1452 I screen_toggled: 2
06-04 17:07:07.662  1046  2001 I am_proc_died: [0,5421,com.kddi.android.email]
06-04 17:07:07.665  1046  2050 I am_proc_bound: [0,6044,com.gunosy.au]
06-04 17:07:07.686  1046  1963 I notification_expansion: [0|com.kddi.android.screenshotshare|100|null|10063,0,1]
06-04 17:07:07.686  1046  2058 I notification_expansion: [0|com.android.systemui|2130839094|null|10027,0,1]
06-04 17:07:07.687  1046  1943 I notification_expansion: [0|com.android.systemui|2130839094|null|10027,0,0]
06-04 17:07:07.754   282   282 I sf_frame_dur: [SurfaceView,17,3,2,0,0,1,0]
06-04 17:07:07.762  1046  2001 I am_resume_activity: [0,764306954,5,com.lge.launcher2/.Launcher]
06-04 17:07:07.780  1046  1062 I dvm_lock_sample: [system_server,1,Binder_1,39,ActivityManagerService.java,11221,-,10710,7]
06-04 17:07:07.791  1046  1063 I notification_visibility_changed: [,0|com.kddi.android.screenshotshare|100|null|10063;-1|android|17040690|null|1000;0|com.android.systemui|2130839094|null|10027;0|com.lge.eula|262082|null|1000;-1|android|34406876|null|1000]
06-04 17:07:07.791  1046  1449 I notification_panel_hidden: []
06-04 17:07:07.842  2115  2115 I am_on_resume_called: [0,com.lge.launcher2.Launcher]
06-04 17:07:08.539  1046  1449 I am_proc_start: [0,6143,10100,com.google.android.talk,broadcast,com.google.android.talk/com.google.android.apps.hangouts.service.BootReceiver]
06-04 17:07:08.541  1046  1449 I am_kill : [0,5461,com.kddi.disasterapp,15,empty #17]
06-04 17:07:08.671  1046  1112 I dvm_lock_sample: [system_server,0,ActivityManager,131,ActivityManagerService.java,3783,-,18976,26]
06-04 17:07:08.677  1046  1963 I am_proc_died: [0,5461,com.kddi.disasterapp]
06-04 17:07:08.679  1046  1983 I am_proc_bound: [0,6143,com.google.android.talk]
06-04 17:07:08.906  1046  2058 I force_gc: Binder
06-04 17:07:09.037  1046  1962 I am_proc_start: [0,6206,1000,com.lge.hiddenmenu,broadcast,com.lge.hiddenmenu/.kddi_only.sms_setting.AssistReceiver]
06-04 17:07:09.038  1046  1962 I am_kill : [0,5510,com.lge.clock,15,empty #17]
06-04 17:07:09.080  1046  1112 I dvm_lock_sample: [system_server,0,ActivityManager,42,ActivityManagerService.java,3783,-,18976,8]
06-04 17:07:09.080  1046  2001 I am_proc_died: [0,5510,com.lge.clock]
06-04 17:07:09.082  1046  1063 I am_proc_bound: [0,6206,com.lge.hiddenmenu]
06-04 17:07:09.140  1046  1776 I am_proc_start: [0,6228,10102,com.lge.lgaccount,broadcast,com.lge.lgaccount/.service.LGAccountReceiver]
06-04 17:07:09.140  1046  1776 I am_kill : [0,5485,com.kddi.android.aumanagementsystem,15,empty #17]
06-04 17:07:09.221  1046  1799 I am_proc_died: [0,5485,com.kddi.android.aumanagementsystem]
06-04 17:07:09.222  1046  2001 I am_proc_bound: [0,6228,com.lge.lgaccount]
06-04 17:07:09.301  1046  1062 I am_proc_start: [0,6264,10103,com.lge.defaultaccount,broadcast,com.lge.defaultaccount/.receiver.ReceiverBootUp]
06-04 17:07:09.302  1046  1062 I am_kill : [0,5549,jp.antenna.app,15,empty #17]
06-04 17:07:09.340  1046  1063 I am_proc_died: [0,5549,jp.antenna.app]
06-04 17:07:09.342  1046  1419 I am_proc_bound: [0,6264,com.lge.defaultaccount]
06-04 17:07:09.425  1046  2095 I am_proc_start: [0,6288,1000,com.lge.lgfota.permission,broadcast,com.lge.lgfota.permission/.DmcTargetValidationReceiver]
06-04 17:07:09.429  1046  2095 I am_kill : [0,5610,com.lge.appbox.client:AppBoxCommonService,15,empty #17]
06-04 17:07:09.511  1046  1963 I am_proc_died: [0,5610,com.lge.appbox.client:AppBoxCommonService]
06-04 17:07:09.515  1046  2036 I dvm_lock_sample: [system_server,1,Binder_D,45,ActivityManagerService.java,6741,-,18976,9]
06-04 17:07:09.515  1046  2036 I am_proc_bound: [0,6288,com.lge.lgfota.permission]
06-04 17:07:09.580  1046  1799 I am_proc_start: [0,6308,10022,com.android.providers.calendar,content provider,com.android.providers.calendar/.CalendarProvider2]
06-04 17:07:09.632  1046  2095 I am_proc_start: [0,6326,10111,com.lge.lockscreensettings,broadcast,com.lge.lockscreensettings/.LockSettingsReceiver]
06-04 17:07:09.633  1046  2095 I am_kill : [0,5628,com.lge.isaimagazine,15,empty #17]
06-04 17:07:09.700  1046  1449 I am_proc_bound: [0,6308,com.android.providers.calendar]
06-04 17:07:09.702  1046  1449 I am_kill : [0,5649,com.lge.appbox.client,15,empty #17]
06-04 17:07:09.742  1046  1776 I am_proc_died: [0,5628,com.lge.isaimagazine]
06-04 17:07:09.745  1046  2036 I dvm_lock_sample: [system_server,1,Binder_D,67,ActivityManagerService.java,6741,-,18976,13]
06-04 17:07:09.746  1046  2036 I am_proc_bound: [0,6326,com.lge.lockscreensettings]
06-04 17:07:09.753  1046  1062 I am_proc_died: [0,5649,com.lge.appbox.client]
06-04 17:07:09.858  1046  2036 I am_proc_start: [0,6348,1000,com.lge.springcleaning,broadcast,com.lge.springcleaning/.receiver.BootCompleteReceiver]
06-04 17:07:09.860  1046  2036 I am_kill : [0,5669,com.kddi.market,15,empty #17]
06-04 17:07:09.921  1046  1963 I am_proc_died: [0,5669,com.kddi.market]
06-04 17:07:09.926  1046  2058 I am_proc_bound: [0,6348,com.lge.springcleaning]
06-04 17:07:10.019  1046  1963 I am_proc_start: [0,6371,1000,com.lge.springcleaning:AppCleanupService,service,com.lge.springcleaning/.service.AppCleanupService]
06-04 17:07:10.039  1046  2095 I am_proc_died: [0,6264,com.lge.defaultaccount]
06-04 17:07:10.105  1046  1062 I am_proc_start: [0,6391,10114,com.lge.sizechangable.weather,broadcast,com.lge.sizechangable.weather/.layout.WeatherWidget]
06-04 17:07:10.107  1046  1419 I am_proc_bound: [0,6371,com.lge.springcleaning:AppCleanupService]
06-04 17:07:10.155  1046  1962 I am_proc_bound: [0,6391,com.lge.sizechangable.weather]
06-04 17:07:10.402  1046  1419 I am_proc_start: [0,6419,1000,com.qualcomm.svi,broadcast,com.qualcomm.svi/.SVIReceiver]
06-04 17:07:10.403  1046  1419 I am_kill : [0,5753,com.kddi.android.btdun,15,empty #17]
06-04 17:07:10.454  1046  2095 I am_proc_died: [0,5753,com.kddi.android.btdun]
06-04 17:07:10.460  1046  1063 I am_proc_bound: [0,6419,com.qualcomm.svi]
06-04 17:07:10.549  1046  1419 I am_proc_start: [0,6450,1000,com.lge.eula,broadcast,com.lge.eula/.service.LicenseSIMObserver]
06-04 17:07:10.590  1046  2095 I am_proc_bound: [0,6450,com.lge.eula]
06-04 17:07:10.736  1046  1799 I am_proc_start: [0,6474,10139,com.google.android.youtube,broadcast,com.google.android.youtube/com.google.android.apps.youtube.core.transfer.DownloadService$BootReceiver]
06-04 17:07:10.741  1046  1799 I am_kill : [0,5776,com.lge.cloudhub,15,empty #17]
06-04 17:07:10.791  1046  1449 I am_proc_died: [0,5776,com.lge.cloudhub]
06-04 17:07:10.795  1046  2050 I am_proc_bound: [0,6474,com.google.android.youtube]
06-04 17:07:11.133  2270  2287 I force_gc: Binder
06-04 17:07:11.441  1046  1046 I notification_cancel: [10139,6474,com.google.android.youtube,2,NULL,0,0,64,8,NULL]
06-04 17:07:11.573  1046  1062 I am_proc_start: [0,6554,10143,com.kddi.android.auclouduploader,broadcast,com.kddi.android.auclouduploader/.receive.AlarmRestartEventReceiver]
06-04 17:07:11.575  1046  1799 I dvm_lock_sample: [system_server,1,Binder_7,28,ActivityManagerService.java,15495,BroadcastQueue.java,592,5]
06-04 17:07:11.576  1046  2058 I dvm_lock_sample: [system_server,1,Binder_F,29,ActivityManagerService.java,7106,BroadcastQueue.java,592,5]
06-04 17:07:11.585  1046  1063 I am_kill : [0,5800,com.google.android.configupdater,15,empty #17]
06-04 17:07:11.640  1046  1419 I am_proc_died: [0,5800,com.google.android.configupdater]
06-04 17:07:11.643  1046  1776 I am_proc_bound: [0,6554,com.kddi.android.auclouduploader]
06-04 17:07:11.751  1046  1419 I am_proc_start: [0,6597,10144,com.kddi.cs.app001,broadcast,com.kddi.cs.app001/com.kddi.cs.common.logic.UpdateAutoReciever]
06-04 17:07:11.753  1046  1419 I am_kill : [0,5838,com.lge.drmservice,15,empty #17]
06-04 17:07:11.800  1046  1962 I am_proc_died: [0,5838,com.lge.drmservice]
06-04 17:07:11.802  1046  2050 I am_proc_bound: [0,6597,com.kddi.cs.app001]
06-04 17:07:11.845  1046  1983 I am_kill : [0,5857,com.kddi.android.easysettingwizard,15,empty #17]
06-04 17:07:11.882  1046  1962 I am_proc_died: [0,5857,com.kddi.android.easysettingwizard]
06-04 17:07:11.886  1046  1046 I notification_cancel: [10144,6597,com.kddi.cs.app001,1000000,NULL,0,0,64,8,NULL]
06-04 17:07:11.952  1046  1943 I am_proc_start: [0,6629,10149,com.kddi.pass.launcher,broadcast,com.kddi.pass.launcher/jp.iridge.popinfo.sdk.PopinfoReceiver]
06-04 17:07:12.006  1046  1983 I am_proc_bound: [0,6629,com.kddi.pass.launcher]
06-04 17:07:12.550  1046  1963 I am_kill : [0,5882,com.google.android.gm,15,empty #17]
06-04 17:07:12.620  1046  2058 I dvm_lock_sample: [system_server,0,Binder_F,49,ActivityManagerService.java,1233,-,15706,9]
06-04 17:07:12.620  1046  2058 I am_proc_died: [0,5882,com.google.android.gm]
06-04 17:07:12.807  1046  2050 I am_proc_start: [0,6706,1000,com.lge.lgdmsclient,broadcast,com.lge.lgdmsclient/.dmclient.agent.DmDeviceActionReceiver]
06-04 17:07:12.837  1046  1062 I am_proc_bound: [0,6706,com.lge.lgdmsclient]
06-04 17:07:12.908  1046  1943 I am_kill : [0,5960,com.lge.gnss.airtest,15,empty #17]
06-04 17:07:12.964  1046  2036 I am_proc_died: [0,5960,com.lge.gnss.airtest]
06-04 17:07:13.028  1046  1799 I am_proc_start: [0,6741,10086,com.lge.drmservice,broadcast,com.lge.drmservice/.DrmBroadcastReceiver]
06-04 17:07:13.062  1046  2001 I am_proc_bound: [0,6741,com.lge.drmservice]
06-04 17:07:13.128  1046  1983 I am_kill : [0,5989,jp.gree.android.pf.greeapp1753,15,empty #17]
06-04 17:07:13.242  1046  2036 I am_proc_died: [0,5989,jp.gree.android.pf.greeapp1753]
06-04 17:07:13.348  1046  1776 I force_gc: Binder
06-04 17:07:13.581  1046  1963 I am_proc_start: [0,6775,10053,com.google.android.setupwizard,broadcast,com.google.android.setupwizard/.util.GservicesChangedReceiver]
06-04 17:07:13.612  1046  1983 I am_proc_bound: [0,6775,com.google.android.setupwizard]
06-04 17:07:13.691  1046  2001 I am_kill : [0,6044,com.gunosy.au,15,empty #17]
06-04 17:07:13.723  1046  1776 I am_proc_died: [0,6044,com.gunosy.au]
06-04 17:07:13.836  1046  2036 I am_proc_start: [0,6797,10018,com.lge.clock,broadcast,com.lge.clock/.widget.DigitalAppWidgetProvider]
06-04 17:07:13.838  1046  2036 I am_kill : [0,5590,com.lge.fullsize.auhome.widget,15,empty #17]
06-04 17:07:13.920  1046  2050 I dvm_lock_sample: [system_server,1,Binder_E,72,ActivityManagerService.java,16731,-,18976,14]
06-04 17:07:13.923  1046  2095 I am_proc_bound: [0,6797,com.lge.clock]
06-04 17:07:13.928  1046  1963 I am_proc_died: [0,5590,com.lge.fullsize.auhome.widget]
06-04 17:07:13.980  1046  1046 I notification_cancel: [10061,3429,com.kddi.android.au_wifi_connect,8,NULL,0,0,64,8,NULL]
06-04 17:07:13.981  1046  1046 I notification_cancel: [10061,3429,com.kddi.android.au_wifi_connect,1,NULL,0,0,64,8,NULL]
06-04 17:07:14.065  1046  1776 I am_proc_start: [0,6840,1000,com.lge.myplace.engine:MyplaceWifiReceiver,broadcast,com.lge.myplace.engine/com.lge.wificlustering.manager.WifiReceiver]
06-04 17:07:14.070  1046  1449 I am_kill : [0,6143,com.google.android.talk,15,empty #17]
06-04 17:07:14.121  1046  2050 I am_proc_died: [0,6143,com.google.android.talk]
06-04 17:07:14.123  1046  1983 I am_proc_bound: [0,6840,com.lge.myplace.engine:MyplaceWifiReceiver]
06-04 17:07:14.213  1046  2095 I am_proc_start: [0,6867,1000,com.android.settings,broadcast,com.android.settings/.wifi.wifioffload.WiFiOffLoadBroadcast]
06-04 17:07:14.215  1046  2095 I am_kill : [0,6206,com.lge.hiddenmenu,15,empty #17]
06-04 17:07:14.250  1046  2058 I am_proc_died: [0,6206,com.lge.hiddenmenu]
06-04 17:07:14.252  1046  1962 I am_proc_bound: [0,6867,com.android.settings]
06-04 17:07:14.417  1046  2095 I am_kill : [0,6228,com.lge.lgaccount,15,empty #17]
06-04 17:07:14.434  1046  1962 I am_proc_died: [0,6228,com.lge.lgaccount]
06-04 17:07:14.553  1046  1046 I notification_cancel: [1001,2039,com.lge.networksettings,5,NULL,0,0,64,8,NULL]
06-04 17:07:14.562  1046  1046 I notification_cancel: [1001,2039,com.lge.networksettings,5,NULL,0,0,64,8,NULL]
06-04 17:07:14.570  1046  1046 I notification_cancel: [1001,2039,com.lge.networksettings,5,NULL,0,0,64,8,NULL]
06-04 17:07:14.582  1046  1046 I notification_cancel: [1001,2039,com.lge.networksettings,5,NULL,0,0,64,8,NULL]
06-04 17:07:14.594  1046  1046 I notification_cancel: [1001,2039,com.lge.networksettings,5,NULL,0,0,64,8,NULL]
06-04 17:07:14.604  1046  1046 I notification_cancel: [1001,2039,com.lge.networksettings,5,NULL,0,0,64,8,NULL]
06-04 17:07:14.625  1046  1046 I notification_cancel: [1001,2039,com.lge.networksettings,5,NULL,0,0,64,8,NULL]
06-04 17:07:14.630  1046  1046 I notification_cancel: [1001,2039,com.lge.networksettings,5,NULL,0,0,64,8,NULL]
06-04 17:07:14.646  1046  1046 I notification_cancel: [1001,2039,com.lge.networksettings,5,NULL,0,0,64,8,NULL]
06-04 17:07:14.657  1046  1046 I notification_cancel: [1001,2039,com.lge.networksettings,5,NULL,0,0,64,8,NULL]
06-04 17:07:14.667  1046  1046 I notification_cancel: [1001,2039,com.lge.networksettings,5,NULL,0,0,64,8,NULL]
06-04 17:07:14.676  1046  1046 I notification_cancel: [1001,2039,com.lge.networksettings,5,NULL,0,0,64,8,NULL]
06-04 17:07:14.689  1046  1046 I notification_cancel: [1001,2039,com.lge.networksettings,5,NULL,0,0,64,8,NULL]
06-04 17:07:14.700  1046  1046 I notification_cancel: [1001,2039,com.lge.networksettings,5,NULL,0,0,64,8,NULL]
06-04 17:07:14.708  1046  1046 I notification_cancel: [1001,2039,com.lge.networksettings,5,NULL,0,0,64,8,NULL]
06-04 17:07:14.717  1046  1046 I notification_cancel: [1001,2039,com.lge.networksettings,5,NULL,0,0,64,8,NULL]
06-04 17:07:14.724  1046  1046 I notification_cancel: [1001,2039,com.lge.networksettings,5,NULL,0,0,64,8,NULL]
06-04 17:07:14.733  1046  1046 I notification_cancel: [1001,2039,com.lge.networksettings,5,NULL,0,0,64,8,NULL]
06-04 17:07:14.812  1046  2058 I am_proc_start: [0,6896,10033,com.lge.formmanager,broadcast,com.lge.formmanager/.FormServiceReceiver]
06-04 17:07:14.857  1046  2095 I am_proc_bound: [0,6896,com.lge.formmanager]
06-04 17:07:14.940  1046  2095 I am_proc_start: [0,6925,10069,com.lge.fullsize.auhome.widget,broadcast,com.lge.fullsize.auhome.widget/.update.ReceiverAutoUpdateManager]
06-04 17:07:14.966  1046  1983 I am_proc_bound: [0,6925,com.lge.fullsize.auhome.widget]
06-04 17:07:14.971  1046  1062 I am_kill : [0,6288,com.lge.lgfota.permission,15,empty #17]
06-04 17:07:15.012  1046  2001 I am_proc_died: [0,6288,com.lge.lgfota.permission]
06-04 17:07:15.066  1046  1943 I am_proc_start: [0,6949,10042,com.lge.lifetracker,broadcast,com.lge.lifetracker/.core.receiver.CoreEventReceiver]
06-04 17:07:15.068  1046  2036 I am_kill : [0,6308,com.android.providers.calendar,15,empty #17]
06-04 17:07:15.110  1046  2050 I am_proc_died: [0,6308,com.android.providers.calendar]
06-04 17:07:15.114  1046  1799 I am_proc_bound: [0,6949,com.lge.lifetracker]
06-04 17:07:15.247  1046  2050 I am_proc_start: [0,6982,10102,com.lge.lgaccount,content provider,com.lge.lgaccount/.provider.LGAccountProvider]
06-04 17:07:15.275  1046  2058 I am_proc_bound: [0,6982,com.lge.lgaccount]
06-04 17:07:15.355  1046  2050 I am_kill : [0,6348,com.lge.springcleaning,15,empty #17]
06-04 17:07:15.399  1046  2050 I am_kill : [0,6326,com.lge.lockscreensettings,15,empty #18]
06-04 17:07:15.442  1046  1776 I am_proc_died: [0,6348,com.lge.springcleaning]
06-04 17:07:15.444  1046  2036 I am_proc_died: [0,6326,com.lge.lockscreensettings]
06-04 17:07:15.469  4952  4952 I force_gc: Binder
