02-14 17:05:47.651  1057  1073 I am_proc_start: [0,4566,10010,com.lge.clock,broadcast,com.lge.clock/.alarmclock.ALBootInit]
02-14 17:05:47.687  1057  2111 I am_proc_bound: [0,4566,com.lge.clock]
02-14 17:05:47.831  1057  1073 I am_kill : [0,4167,com.qualcomm.timeservice,15,empty #17]
02-14 17:05:47.880  1057  1842 I am_proc_died: [0,4167,com.qualcomm.timeservice]
02-14 17:05:48.063  1057  2071 I am_proc_start: [0,4594,10011,com.lge.appbox.client:SingleBinaryService,broadcast,com.lge.appbox.client/com.lge.appbox.singlebinary.SimChangeReceiver]
02-14 17:05:48.066  1057  2071 I am_kill : [0,4136,lg.uplusbox,15,empty #17]
02-14 17:05:48.133  1057  2072 I am_proc_died: [0,4136,lg.uplusbox]
02-14 17:05:48.139  1057  1843 I am_proc_bound: [0,4594,com.lge.appbox.client:SingleBinaryService]
02-14 17:05:48.149  1057  1842 I force_gc: Binder
02-14 17:05:48.448  1057  1441 I am_proc_start: [0,4620,10011,com.lge.appbox.client,content provider,com.lge.appbox.client/com.lge.appbox.databases.AppBoxContentProvider]
02-14 17:05:48.450  1057  2072 I dvm_lock_sample: [system_server,1,Binder_D,59,ActivityManagerService.java,19632,-,9568,11]
02-14 17:05:48.497  1057  1843 I am_proc_bound: [0,4620,com.lge.appbox.client]
02-14 17:05:48.594  1057  2110 I am_kill : [0,4186,com.lge.drmservice,15,empty #17]
02-14 17:05:48.648  1057  1074 I am_proc_died: [0,4186,com.lge.drmservice]
02-14 17:05:48.759  1057  1073 I am_proc_start: [0,4648,1000,com.lge.bnr,broadcast,com.lge.bnr/.service.BNRViaWifiReceiver]
02-14 17:05:48.761  1057  1073 I am_kill : [0,3624,com.lge.lgdmsclient,15,empty #17]
02-14 17:05:48.842  1057  2034 I am_proc_died: [0,3624,com.lge.lgdmsclient]
02-14 17:05:48.844  1057  2033 I am_proc_bound: [0,4648,com.lge.bnr]
02-14 17:05:49.099  1057  1441 I am_proc_start: [0,4678,10012,com.android.browser,broadcast,com.android.browser/com.lge.browser.settings.BrowserBootCompleteReceiver]
02-14 17:05:49.105  1057  1441 I am_kill : [0,3832,com.lge.sizechangable.weather,15,empty #17]
02-14 17:05:49.170  1057  1842 I am_proc_bound: [0,4678,com.android.browser]
02-14 17:05:49.175  1057  2071 I am_proc_died: [0,3832,com.lge.sizechangable.weather]
02-14 17:05:49.350  1057  2111 I am_proc_start: [0,4702,10013,com.android.calendar,broadcast,com.android.calendar/.alerts.AlertReceiver]
02-14 17:05:49.351  1057  2111 I am_kill : [0,4233,com.lge.lgaccount,15,empty #17]
02-14 17:05:49.451  1057  1842 I am_proc_died: [0,4233,com.lge.lgaccount]
02-14 17:05:49.457  1057  2034 I am_proc_bound: [0,4702,com.android.calendar]
02-14 17:05:49.846  1057  2071 I am_proc_start: [0,4740,10014,com.android.providers.calendar,broadcast,com.android.providers.calendar/.CalendarReceiver]
02-14 17:05:49.907  1057  1842 I am_proc_bound: [0,4740,com.android.providers.calendar]
02-14 17:05:50.071  1057  1843 I am_proc_start: [0,4770,1000,com.lge.lgdmsclient,broadcast,com.lge.lgdmsclient/.receiver.DmReceiver]
02-14 17:05:50.071  1057  1441 I dvm_lock_sample: [system_server,1,Binder_6,36,ActivityManagerService.java,10077,BroadcastQueue.java,561,7]
02-14 17:05:50.106  1057  2110 I am_proc_bound: [0,4770,com.lge.lgdmsclient]
02-14 17:05:50.190  1057  2071 I notification_cancel_all: [10020,2850,com.android.providers.downloads,0,0,64,9,NULL]
02-14 17:05:50.226  1057  2111 I am_proc_start: [0,4796,10022,com.lge.email,broadcast,com.lge.email/.receiver.EmailBootReceiver]
02-14 17:05:50.263  1057  2287 I am_proc_bound: [0,4796,com.lge.email]
02-14 17:05:50.751  1057  1135 I am_proc_start: [0,4825,10029,com.lge.killswitchagent,broadcast,com.lge.killswitchagent/.BootUpReceiver]
02-14 17:05:50.752  1057  1441 I dvm_lock_sample: [system_server,0,Binder_6,49,ActivityManagerService.java,15447,BroadcastQueue.java,561,9]
02-14 17:05:50.791  1057  1149 I am_kill : [0,4210,com.lge.lifetracker,15,empty #17]
02-14 17:05:50.845  1057  1843 I am_proc_bound: [0,4825,com.lge.killswitchagent]
02-14 17:05:50.852  1057  1416 I am_proc_died: [0,4210,com.lge.lifetracker]
02-14 17:05:50.940  1057  2110 I am_kill : [0,4303,com.google.android.talk,15,empty #17]
02-14 17:05:50.973  1057  1840 I am_proc_died: [0,4303,com.google.android.talk]
02-14 17:05:51.042  1057  2071 I am_kill : [0,3975,com.mnsoft.lgunavi,15,empty #17]
02-14 17:05:51.113  1057  2034 I dvm_lock_sample: [system_server,1,Binder_B,67,ActivityManagerService.java,15183,-,15447,13]
02-14 17:05:51.114  1057  2110 I am_proc_died: [0,3975,com.mnsoft.lgunavi]
02-14 17:05:51.114  1057  2110 I am_schedule_service_restart: [0,com.mnsoft.lgunavi/com.mnsoft.offboardnavi.OBNRemoteService,1000]
02-14 17:05:51.281  1057  1842 I am_proc_start: [0,4859,10037,com.lge.lifetracker,broadcast,com.lge.lifetracker/.receiver.BootReceiver]
02-14 17:05:51.310  1057  1416 I force_gc: Binder
02-14 17:05:51.371  1057  1435 I am_proc_start: [0,4880,10144,com.lge.ia.task.textlink,service,com.lge.ia.task.textlink/.TextLinkService]
02-14 17:05:51.372  1057  2110 I am_proc_bound: [0,4859,com.lge.lifetracker]
02-14 17:05:51.413  1057  1149 I am_proc_bound: [0,4880,com.lge.ia.task.textlink]
02-14 17:05:51.486  1057  1057 I notification_cancel: [10033,3668,com.android.mms,947,NULL,0,0,64,8,NULL]
02-14 17:05:51.528  1057  1073 I am_proc_start: [0,4900,10084,com.lge.lgaccount,content provider,com.lge.lgaccount/.provider.LGAccountProvider]
02-14 17:05:51.565  1057  1149 I am_proc_bound: [0,4900,com.lge.lgaccount]
02-14 17:05:51.624  1057  1441 I notification_enqueue: [10033,3668,com.android.mms,123,NULL,0,Notification(pri=0 contentView=null vibrate=null sound=null defaults=0x0 flags=0x200 color=0x00000000 groupKey=group_key_msg_wear vis=PRIVATE)]
02-14 17:05:51.730  1057  1441 I am_kill : [0,3947,com.uplus.ipagent,15,empty #17]
02-14 17:05:51.780  1057  1842 I dvm_lock_sample: [system_server,1,Binder_8,48,ActivityManagerService.java,10077,-,15447,9]
02-14 17:05:51.782  1057  2034 I am_proc_died: [0,3947,com.uplus.ipagent]
02-14 17:05:51.845  1057  1843 I am_kill : [0,4354,com.android.keychain,15,empty #17]
02-14 17:05:51.923  1057  1135 I dvm_lock_sample: [system_server,0,ActivityManager,77,ActivityManagerService.java,3667,-,9943,15]
02-14 17:05:51.924  1057  2071 I am_proc_died: [0,4354,com.android.keychain]
02-14 17:05:51.963  1057  2033 I notification_enqueue: [10033,3668,com.android.mms,1,NULL,0,Notification(pri=0 contentView=null vibrate=[0,0] sound=null defaults=0x0 flags=0x0 color=0x00000000 groupKey=group_key_msg_wear sortKey=9223370612958335807 vis=PRIVATE)]
02-14 17:05:51.992  1057  1057 I notification_cancel: [1001,1814,com.lge.networksettings,6,NULL,0,0,64,8,NULL]
02-14 17:05:52.008  1057  1057 I notification_cancel: [1001,1814,com.lge.networksettings,5,NULL,0,0,64,8,NULL]
02-14 17:05:52.133  1057  1416 I am_kill : [0,4383,com.android.contacts,15,empty #17]
02-14 17:05:52.166  1057  1351 I backup_data_changed: com.android.providers.settings
02-14 17:05:52.175  1057  1351 I backup_data_changed: com.android.providers.settings
02-14 17:05:52.176  1057  1057 I notification_cancel: [1001,1814,com.android.phone,2131493999,NULL,0,0,64,8,NULL]
02-14 17:05:52.217  1057  1416 I am_proc_start: [0,4950,10040,com.lguplus.downloader,broadcast,com.lguplus.downloader/.receiver.IncompleteDownloadReceiver]
02-14 17:05:52.220  1057  2111 I dvm_lock_sample: [system_server,1,Binder_F,76,ActivityManagerService.java,9568,-,15447,15]
02-14 17:05:52.221  1057  2033 I am_proc_died: [0,4383,com.android.contacts]
02-14 17:05:52.225  1057  2110 I dvm_lock_sample: [system_server,1,Binder_E,45,ActivityManagerService.java,10077,BroadcastQueue.java,561,9]
02-14 17:05:52.245  1057  2033 I notification_enqueue: [10033,3668,com.android.mms,2,NULL,0,Notification(pri=0 contentView=null vibrate=[0,0] sound=null defaults=0x0 flags=0x0 color=0x00000000 groupKey=group_key_msg_wear sortKey=9223370613064683807 vis=PRIVATE)]
02-14 17:05:52.278  1057  1416 I am_proc_bound: [0,4950,com.lguplus.downloader]
02-14 17:05:52.354  1057  1435 I notification_enqueue: [10033,3668,com.android.mms,3,NULL,0,Notification(pri=0 contentView=null vibrate=[0,0] sound=null defaults=0x0 flags=0x0 color=0x00000000 groupKey=group_key_msg_wear sortKey=9223370613223535807 vis=PRIVATE)]
02-14 17:05:52.361  1057  1057 I notification_cancel: [10033,3668,com.android.mms,4,NULL,0,0,64,8,NULL]
02-14 17:05:52.361  1057  1057 I notification_cancel: [10033,3668,com.android.mms,5,NULL,0,0,64,8,NULL]
02-14 17:05:52.362  1057  1057 I notification_cancel: [10033,3668,com.android.mms,6,NULL,0,0,64,8,NULL]
02-14 17:05:52.362  1057  1057 I notification_cancel: [10033,3668,com.android.mms,7,NULL,0,0,64,8,NULL]
02-14 17:05:52.362  1057  1057 I notification_cancel: [10033,3668,com.android.mms,8,NULL,0,0,64,8,NULL]
02-14 17:05:52.441  1057  1840 I force_gc: Binder
02-14 17:05:52.475  1057  1843 I am_proc_start: [0,4979,10046,com.lge.voicerecorder,broadcast,com.lge.voicerecorder/.bookmarkdb.BootCompletedReceiver]
02-14 17:05:52.476  1057  1843 I am_kill : [0,4479,com.lge.hiddenmenu,15,empty #17]
02-14 17:05:52.571  1057  1441 I dvm_lock_sample: [system_server,0,Binder_6,76,ActivityManagerService.java,1215,-,18717,15]
02-14 17:05:52.571  1057  1441 I am_proc_died: [0,4479,com.lge.hiddenmenu]
02-14 17:05:52.574  1057  1074 I am_proc_bound: [0,4979,com.lge.voicerecorder]
02-14 17:05:52.576  1814  2950 I force_gc: Binder
02-14 17:05:52.742  1057  1840 I am_proc_start: [0,5002,1000,com.lge.mlt,broadcast,com.lge.mlt/.MptOnBootReceiver]
02-14 17:05:52.744  1057  1840 I am_kill : [0,4520,com.google.android.onetimeinitializer,15,empty #17]
02-14 17:05:52.780  1057  2287 I am_proc_died: [0,4520,com.google.android.onetimeinitializer]
02-14 17:05:52.783  1057  1842 I am_proc_bound: [0,5002,com.lge.mlt]
02-14 17:05:52.842  1057  2072 I am_proc_start: [0,5020,10092,com.lge.lockscreensettings,content provider,com.lge.lockscreensettings/.LockSettingsProvider]
02-14 17:05:52.887  1057  2110 I am_proc_bound: [0,5020,com.lge.lockscreensettings]
02-14 17:05:52.955  3668  4876 I dvm_lock_sample: [com.android.mms,0,Thread-358,1487,MessagingNotification.java,820,Binder.java,-2,100]
02-14 17:05:53.036  1057  1435 I am_proc_start: [0,5047,10100,com.lge.sizechangable.weather.platform,content provider,com.lge.sizechangable.weather.platform/com.lge.sizechangable.weather.provider.CLWeatherProvider]
02-14 17:05:53.102  1057  1057 I notification_cancel: [10033,3668,com.android.mms,234,NULL,0,0,64,8,NULL]
02-14 17:05:53.117  1057  2034 I am_proc_start: [0,5065,10047,com.android.managedprovisioning,broadcast,com.android.managedprovisioning/.BootReminder]
02-14 17:05:53.119  1057  2033 I am_proc_bound: [0,5047,com.lge.sizechangable.weather.platform]
02-14 17:05:53.164  1057  1840 I am_proc_bound: [0,5065,com.android.managedprovisioning]
02-14 17:05:53.196  1057  1057 I notification_cancel: [10033,3668,com.android.mms,947,NULL,0,0,64,8,NULL]
02-14 17:05:53.250  1057  2287 I notification_enqueue: [10033,3668,com.android.mms,123,NULL,0,Notification(pri=0 contentView=null vibrate=null sound=null defaults=0x0 flags=0x200 color=0x00000000 groupKey=group_key_msg_wear vis=PRIVATE)]
02-14 17:05:53.282  1057  1149 I am_proc_start: [0,5089,10048,com.android.vending,broadcast,com.android.vending/com.google.android.finsky.receivers.BootCompletedReceiver]
02-14 17:05:53.283  1057  1149 I am_kill : [0,4543,com.google.android.partnersetup,15,empty #17]
02-14 17:05:53.361  1057  1843 I am_proc_died: [0,4543,com.google.android.partnersetup]
02-14 17:05:53.367  1057  2034 I am_proc_bound: [0,5089,com.android.vending]
02-14 17:05:53.434  1057  1416 I notification_enqueue: [10033,3668,com.android.mms,1,NULL,0,Notification(pri=0 contentView=null vibrate=[0,0] sound=null defaults=0x0 flags=0x0 color=0x00000000 groupKey=group_key_msg_wear sortKey=9223370612958335807 vis=PRIVATE)]
02-14 17:05:53.476  1057  1073 I notification_enqueue: [10033,3668,com.android.mms,2,NULL,0,Notification(pri=0 contentView=null vibrate=[0,0] sound=null defaults=0x0 flags=0x0 color=0x00000000 groupKey=group_key_msg_wear sortKey=9223370613064683807 vis=PRIVATE)]
02-14 17:05:53.516  1057  1843 I notification_enqueue: [10033,3668,com.android.mms,3,NULL,0,Notification(pri=0 contentView=null vibrate=[0,0] sound=null defaults=0x0 flags=0x0 color=0x00000000 groupKey=group_key_msg_wear sortKey=9223370613223535807 vis=PRIVATE)]
02-14 17:05:53.523  1057  1057 I notification_cancel: [10033,3668,com.android.mms,4,NULL,0,0,64,8,NULL]
02-14 17:05:53.523  1057  1057 I notification_cancel: [10033,3668,com.android.mms,5,NULL,0,0,64,8,NULL]
02-14 17:05:53.525  1057  1057 I notification_cancel: [10033,3668,com.android.mms,6,NULL,0,0,64,8,NULL]
02-14 17:05:53.525  1057  1057 I notification_cancel: [10033,3668,com.android.mms,7,NULL,0,0,64,8,NULL]
02-14 17:05:53.531  1057  1057 I notification_cancel: [10033,3668,com.android.mms,8,NULL,0,0,64,8,NULL]
02-14 17:05:53.788  1057  1351 I backup_data_changed: com.android.vending
02-14 17:05:53.836  1057  1057 I notification_cancel: [10048,5089,com.android.vending,-1050172287,NULL,0,0,64,8,NULL]
02-14 17:05:53.908  1057  2287 I am_proc_start: [0,5137,10054,com.google.android.googlequicksearchbox:search,broadcast,com.google.android.googlequicksearchbox/com.google.android.search.core.StartUpReceiver]
02-14 17:05:53.910  1057  2287 I am_kill : [0,4566,com.lge.clock,15,empty #17]
02-14 17:05:53.951  1057  2072 I am_proc_died: [0,4566,com.lge.clock]
02-14 17:05:53.956  1057  2071 I am_proc_bound: [0,5137,com.google.android.googlequicksearchbox:search]
02-14 17:05:54.188  1057  1073 I am_proc_start: [0,5166,10008,com.google.android.partnersetup,content provider,com.google.android.partnersetup/.RlzAppProvider]
02-14 17:05:54.233  1057  2034 I am_proc_bound: [0,5166,com.google.android.partnersetup]
02-14 17:05:54.449  1057  1435 I force_gc: Binder
02-14 17:05:54.697  1057  1073 I am_kill : [0,4594,com.lge.appbox.client:SingleBinaryService,15,empty #17]
02-14 17:05:54.791  1057  1135 I dvm_lock_sample: [system_server,0,ActivityManager,96,ActivityManagerService.java,3667,-,9943,19]
02-14 17:05:54.795  1057  1441 I am_proc_died: [0,4594,com.lge.appbox.client:SingleBinaryService]
02-14 17:05:54.887  1057  1057 I am_proc_start: [0,5201,10063,com.lge.cloudhub,broadcast,com.lge.cloudhub/.service.CloudHubReceiver]
02-14 17:05:54.932  1057  1435 I am_proc_bound: [0,5201,com.lge.cloudhub]
02-14 17:05:55.195  1057  1149 I am_proc_start: [0,5219,10066,com.google.android.configupdater,broadcast,com.google.android.configupdater/.CertPin.CertPinUpdateRequestReceiver]
02-14 17:05:55.196  1057  1149 I am_kill : [0,4620,com.lge.appbox.client,15,empty #17]
02-14 17:05:55.256  1057  1842 I am_proc_died: [0,4620,com.lge.appbox.client]
02-14 17:05:55.260  1057  2111 I am_proc_bound: [0,5219,com.google.android.configupdater]
02-14 17:05:55.526  1057  2110 I am_proc_start: [0,5249,10070,com.lge.drmservice,broadcast,com.lge.drmservice/.DrmBroadcastReceiver]
02-14 17:05:55.530  1057  2110 I am_kill : [0,4648,com.lge.bnr,15,empty #17]
02-14 17:05:55.585  1057  1416 I am_proc_died: [0,4648,com.lge.bnr]
02-14 17:05:55.589  1057  1073 I am_proc_bound: [0,5249,com.lge.drmservice]
02-14 17:05:55.685  1057  2110 I am_proc_start: [0,5267,10071,com.lguplus.easyRoamingServiceClosed,broadcast,com.lguplus.easyRoamingServiceClosed/com.pineone.easyRoamingService.OnBootReceiver]
02-14 17:05:55.692  1057  2287 I am_kill : [0,4678,com.android.browser,15,empty #17]
02-14 17:05:55.770  1057  1073 I am_proc_bound: [0,5267,com.lguplus.easyRoamingServiceClosed]
02-14 17:05:55.775  1057  1074 I am_proc_died: [0,4678,com.android.browser]
02-14 17:05:56.011  1057  1842 I am_proc_start: [0,5286,10071,com.lguplus.easyRoamingServiceClosed:remote,service,com.lguplus.easyRoamingServiceClosed/com.pineone.easyRoamingService.CheckRoamingService]
02-14 17:05:56.070  1057  2111 I am_proc_start: [0,5304,10074,com.google.android.gm,broadcast,com.google.android.gm/.GoogleMailDeviceStartupReceiver]
02-14 17:05:56.075  1057  2111 I am_kill : [0,4740,com.android.providers.calendar,15,empty #17]
02-14 17:05:56.160  1057  2033 I am_proc_bound: [0,5286,com.lguplus.easyRoamingServiceClosed:remote]
02-14 17:05:56.181  1057  1074 I am_proc_died: [0,4740,com.android.providers.calendar]
02-14 17:05:56.201  1057  1840 I dvm_lock_sample: [system_server,1,Binder_7,57,ActivityManagerService.java,10077,-,18717,11]
02-14 17:05:56.201  1057  2034 I am_proc_bound: [0,5304,com.google.android.gm]
02-14 17:05:56.285  1057  2071 I am_proc_start: [0,5324,10010,com.lge.clock,content provider,com.lge.clock/.alarmclock.ALProvider]
02-14 17:05:56.288  1057  1134 I dvm_lock_sample: [system_server,0,android.bg,42,ActivityManagerService.java,2066,-,9568,8]
02-14 17:05:56.321  1057  1074 I am_proc_bound: [0,5324,com.lge.clock]
02-14 17:05:56.416  1057  2072 I am_kill : [0,4796,com.lge.email,15,empty #17]
02-14 17:05:56.521  1057  1135 I dvm_lock_sample: [system_server,0,ActivityManager,105,ActivityManagerService.java,3667,-,9943,21]
02-14 17:05:56.522  1057  1073 I am_proc_died: [0,4796,com.lge.email]
02-14 17:05:56.534  1057  2287 I am_kill : [0,4825,com.lge.killswitchagent,15,empty #17]
02-14 17:05:56.610  1057  1135 I dvm_lock_sample: [system_server,0,ActivityManager,76,ActivityManagerService.java,3667,-,9943,15]
02-14 17:05:56.614  1057  1842 I am_proc_died: [0,4825,com.lge.killswitchagent]
02-14 17:05:56.868  1057  2287 I am_proc_start: [0,5375,10075,com.lge.gnss.airtest,broadcast,com.lge.gnss.airtest/.GnssAirTestReceiver]
02-14 17:05:56.899  1057  1842 I am_kill : [0,3999,com.wsandroid.suite.lge,15,empty #17]
02-14 17:05:56.992  1057  2071 I am_proc_bound: [0,5375,com.lge.gnss.airtest]
02-14 17:05:57.007  1057  1441 I am_proc_died: [0,3999,com.wsandroid.suite.lge]
02-14 17:05:57.022  1057  1135 I dvm_lock_sample: [system_server,0,ActivityManager,19,ActivityManagerService.java,3667,-,6599,3]
02-14 17:05:57.067  1057  2111 I am_kill : [0,4900,com.lge.lgaccount,15,empty #17]
02-14 17:05:57.097  1057  2034 I am_proc_died: [0,4900,com.lge.lgaccount]
02-14 17:05:57.147  1057  1416 I am_proc_start: [0,5401,10082,com.google.android.talk,broadcast,com.google.android.talk/com.google.android.apps.hangouts.service.BootReceiver]
02-14 17:05:57.188  1057  2034 I am_proc_bound: [0,5401,com.google.android.talk]
02-14 17:05:57.355  2244  4577 I force_gc: Binder
02-14 17:05:57.645  1057  1842 I am_proc_start: [0,5447,1000,com.lge.hiddenmenu,broadcast,com.lge.hiddenmenu/.lgodm.LGODMReceiver]
02-14 17:05:57.646  1057  1842 I am_kill : [0,4880,com.lge.ia.task.textlink,15,empty #17]
02-14 17:05:57.721  1057  2110 I dvm_lock_sample: [system_server,1,Binder_E,133,ActivityManagerService.java,6941,BroadcastQueue.java,561,26]
02-14 17:05:57.721  1057  2072 I dvm_lock_sample: [system_server,1,Binder_D,75,ActivityManagerService.java,9943,-,18717,15]
02-14 17:05:57.724  1057  1840 I am_proc_died: [0,4880,com.lge.ia.task.textlink]
02-14 17:05:57.729  1057  2033 I am_proc_bound: [0,5447,com.lge.hiddenmenu]
02-14 17:05:57.735  1057  2071 I force_gc: Binder
02-14 17:05:57.849  1057  2072 I am_proc_start: [0,5465,10084,com.lge.lgaccount,broadcast,com.lge.lgaccount/.service.LGAccountReceiver]
02-14 17:05:57.854  1057  2072 I am_kill : [0,4859,com.lge.lifetracker,15,empty #17]
02-14 17:05:57.950  1057  2287 I am_proc_died: [0,4859,com.lge.lifetracker]
02-14 17:05:57.952  1057  1073 I am_proc_bound: [0,5465,com.lge.lgaccount]
02-14 17:05:58.095  1057  2033 I am_proc_start: [0,5484,10085,com.lge.defaultaccount,broadcast,com.lge.defaultaccount/.receiver.ReceiverBootUp]
02-14 17:05:58.096  1057  2033 I am_kill : [0,4950,com.lguplus.downloader,15,empty #17]
02-14 17:05:58.190  1057  1135 I dvm_lock_sample: [system_server,0,ActivityManager,94,ActivityManagerService.java,3667,-,18717,18]
02-14 17:05:58.191  1057  2111 I am_proc_died: [0,4950,com.lguplus.downloader]
02-14 17:05:58.195  1057  1416 I am_proc_bound: [0,5484,com.lge.defaultaccount]
02-14 17:05:58.292  1057  2111 I am_proc_start: [0,5506,1000,com.lge.settings.easy,broadcast,com.lge.settings.easy/com.lge.settings.bluetooth.LGBluetoothProfileConnectionReceiver]
02-14 17:05:58.295  1057  2111 I am_kill : [0,4979,com.lge.voicerecorder,15,empty #17]
02-14 17:05:58.331  1057  2287 I am_proc_died: [0,4979,com.lge.voicerecorder]
02-14 17:05:58.333  1057  1842 I am_proc_bound: [0,5506,com.lge.settings.easy]
02-14 17:05:58.407  1057  2071 I am_proc_start: [0,5524,10014,com.android.providers.calendar,content provider,com.android.providers.calendar/.CalendarProvider2]
02-14 17:05:58.489  1057  2034 I am_proc_start: [0,5543,1000,com.lge.lgfota.permission,broadcast,com.lge.lgfota.permission/.DmcTargetValidationReceiver]
02-14 17:05:58.491  1057  2034 I am_kill : [0,3853,com.lge.formmanager,15,empty #17]
02-14 17:05:58.560  1057  1435 I am_proc_bound: [0,5524,com.android.providers.calendar]
02-14 17:05:58.563  1057  1435 I am_kill : [0,5020,com.lge.lockscreensettings,15,empty #17]
02-14 17:05:58.614  1057  1149 I am_proc_died: [0,3853,com.lge.formmanager]
02-14 17:05:58.625  1057  1842 I am_proc_bound: [0,5543,com.lge.lgfota.permission]
02-14 17:05:58.635  1057  1840 I am_proc_died: [0,5020,com.lge.lockscreensettings]
02-14 17:05:58.730  1057  2111 I am_proc_start: [0,5567,10092,com.lge.lockscreensettings,broadcast,com.lge.lockscreensettings/.LockSettingsReceiver]
02-14 17:05:58.733  1057  2111 I am_kill : [0,5065,com.android.managedprovisioning,15,empty #17]
02-14 17:05:58.791  1057  2287 I am_proc_died: [0,5065,com.android.managedprovisioning]
02-14 17:05:58.793  1057  2072 I dvm_lock_sample: [system_server,1,Binder_D,26,ActivityManagerService.java,6599,-,18717,5]
02-14 17:05:58.793  1057  2072 I am_proc_bound: [0,5567,com.lge.lockscreensettings]
02-14 17:05:58.801  1057  2033 I am_kill : [0,5047,com.lge.sizechangable.weather.platform,15,empty #17]
02-14 17:05:58.860  1057  2110 I am_proc_died: [0,5047,com.lge.sizechangable.weather.platform]
02-14 17:05:58.918  1057  2072 I am_proc_start: [0,5588,1000,com.lge.springcleaning,broadcast,com.lge.springcleaning/.receiver.BootCompleteReceiver]
02-14 17:05:58.922  1057  2072 I am_kill : [0,5089,com.android.vending,15,empty #17]
02-14 17:05:59.030  1057  2034 I am_proc_died: [0,5484,com.lge.defaultaccount]
02-14 17:05:59.036  1057  2111 I am_proc_died: [0,5089,com.android.vending]
02-14 17:05:59.039  1057  1842 I am_proc_bound: [0,5588,com.lge.springcleaning]
02-14 17:05:59.134  1057  2034 I am_proc_start: [0,5606,1000,com.lge.springcleaning:AppCleanupService,service,com.lge.springcleaning/.service.AppCleanupService]
02-14 17:05:59.210  1057  1416 I am_proc_start: [0,5625,10098,com.lgt.arm,broadcast,com.lgt.arm/.receiver.ArmReciever]
02-14 17:05:59.212  1057  2072 I am_proc_bound: [0,5606,com.lge.springcleaning:AppCleanupService]
02-14 17:05:59.271  1057  2110 I am_proc_bound: [0,5625,com.lgt.arm]
02-14 17:05:59.365  1057  2072 I am_proc_start: [0,5644,10098,com.lgt.arm:ARMService,service,com.lgt.arm/.ArmService]
02-14 17:05:59.423  1057  1416 I am_proc_start: [0,5665,10099,com.lge.sizechangable.weather,broadcast,com.lge.sizechangable.weather/.layout.WeatherWidget]
02-14 17:05:59.424  1057  1416 I am_kill : [0,5166,com.google.android.partnersetup,15,empty #17]
02-14 17:05:59.471  1057  2287 I am_proc_bound: [0,5644,com.lgt.arm:ARMService]
02-14 17:05:59.477  1057  1073 I am_proc_died: [0,5166,com.google.android.partnersetup]
02-14 17:05:59.482  1057  2071 I am_proc_bound: [0,5665,com.lge.sizechangable.weather]
02-14 17:05:59.552  1057  1416 I am_proc_start: [0,5683,1000,com.lguplus.common.wificm.mwlan,content provider,com.lguplus.common.wificm.mwlan/.MwlanContentProvider]
02-14 17:05:59.592  1057  1842 I am_proc_bound: [0,5683,com.lguplus.common.wificm.mwlan]
02-14 17:05:59.739  1057  2072 I am_proc_start: [0,5704,10104,com.lguplus.pushagent,broadcast,com.lguplus.pushagent/.service.PushAgentServiceManager]
02-14 17:05:59.740  1057  2072 I am_kill : [0,5201,com.lge.cloudhub,15,empty #17]
02-14 17:05:59.805  1057  1073 I am_proc_died: [0,5201,com.lge.cloudhub]
02-14 17:05:59.807  1057  1435 I am_proc_bound: [0,5704,com.lguplus.pushagent]
02-14 17:05:59.918  1057  2071 I am_proc_start: [0,5728,10116,com.lguplus.usimsvcm,broadcast,com.lguplus.usimsvcm/.receiver.LocalPushReceiver]
02-14 17:05:59.947  1057  2287 I am_proc_bound: [0,5728,com.lguplus.usimsvcm]
02-14 17:06:00.087  1057  2034 I am_proc_start: [0,5749,10118,com.lguplus.appstore,broadcast,com.lguplus.appstore/.util.AutoUpdateBootTimerReceiver]
02-14 17:06:00.088  1057  2034 I am_kill : [0,5219,com.google.android.configupdater,15,empty #17]
02-14 17:06:00.140  1057  1840 I am_proc_bound: [0,5749,com.lguplus.appstore]
02-14 17:06:00.144  1057  2072 I am_proc_died: [0,5219,com.google.android.configupdater]
02-14 17:06:00.315  1057  2034 I am_proc_start: [0,5769,10119,lg.uplusbox,broadcast,lg.uplusbox/.agent.service.StartReceiver]
02-14 17:06:00.317  1057  2034 I am_kill : [0,5249,com.lge.drmservice,15,empty #17]
02-14 17:06:00.400  1057  1135 I dvm_lock_sample: [system_server,0,ActivityManager,85,ActivityManagerService.java,3667,-,18717,17]
02-14 17:06:00.401  1057  1843 I am_proc_died: [0,5249,com.lge.drmservice]
02-14 17:06:00.404  1057  1074 I am_proc_bound: [0,5769,lg.uplusbox]
02-14 17:06:03.255  1057  2287 I am_proc_start: [0,5810,1000,com.lge.eula,broadcast,com.lge.eula/.service.LicenseSIMObserver]
02-14 17:06:03.313  1057  1842 I am_proc_bound: [0,5810,com.lge.eula]
02-14 17:06:03.491  1057  2111 I am_proc_start: [0,5828,10124,com.google.android.youtube,broadcast,com.google.android.youtube/com.google.android.apps.youtube.core.transfer.DownloadService$BootReceiver]
02-14 17:06:03.497  1057  2111 I am_kill : [0,5267,com.lguplus.easyRoamingServiceClosed,15,empty #17]
02-14 17:06:03.547  1057  1842 I am_proc_died: [0,5267,com.lguplus.easyRoamingServiceClosed]
02-14 17:06:03.553  1057  2071 I am_proc_bound: [0,5828,com.google.android.youtube]
02-14 17:06:04.473  1057  1057 I notification_cancel: [10124,5828,com.google.android.youtube,2,NULL,0,0,64,8,NULL]
02-14 17:06:04.663  1057  1435 I am_kill : [0,5324,com.lge.clock,15,empty #17]
02-14 17:06:04.762  1057  1135 I dvm_lock_sample: [system_server,0,ActivityManager,102,ActivityManagerService.java,3667,-,15447,20]
02-14 17:06:04.849  1057  2287 I am_proc_start: [0,5906,1000,com.qualcomm.wfd.service:wfd_service,service,com.qualcomm.wfd.service/.WfdService]
02-14 17:06:04.850  1057  2033 I dvm_lock_sample: [system_server,0,Binder_A,166,ActivityManagerService.java,1215,-,15447,33]
02-14 17:06:04.850  1057  2033 I am_proc_died: [0,5324,com.lge.clock]
02-14 17:06:04.912  1057  1435 I am_proc_start: [0,5924,10130,com.uplus.ipagent,broadcast,com.uplus.ipagent/.call.CallReceiver]
02-14 17:06:04.914  1057  1840 I am_proc_bound: [0,5906,com.qualcomm.wfd.service:wfd_service]
02-14 17:06:04.971  1057  1074 I am_proc_bound: [0,5924,com.uplus.ipagent]
02-14 17:06:05.146  1057  1435 I am_proc_start: [0,5953,10147,com.mnsoft.lgunavi,service,com.mnsoft.lgunavi/com.mnsoft.offboardnavi.OBNRemoteService]
02-14 17:06:05.191  1057  1840 I force_gc: Binder
02-14 17:06:05.341  1057  1840 I am_proc_bound: [0,5953,com.mnsoft.lgunavi]
02-14 17:06:06.268  1057  1074 I am_proc_start: [0,5995,10025,com.lge.formmanager,broadcast,com.lge.formmanager/.FormServiceReceiver]
02-14 17:06:06.273  1057  1073 I dvm_lock_sample: [system_server,1,Binder_1,60,ActivityManagerService.java,10077,BroadcastQueue.java,561,12]
02-14 17:06:06.314  1057  1074 I am_proc_bound: [0,5995,com.lge.formmanager]
02-14 17:06:06.430  1057  1149 I am_proc_start: [0,6018,10037,com.lge.lifetracker,broadcast,com.lge.lifetracker/.core.receiver.CoreEventReceiver]
02-14 17:06:06.464  1057  2110 I am_proc_bound: [0,6018,com.lge.lifetracker]
02-14 17:06:06.474  1057  2033 I am_kill : [0,5304,com.google.android.gm,15,empty #17]
02-14 17:06:06.551  1057  2072 I am_proc_died: [0,5304,com.google.android.gm]
02-14 17:06:06.594  1057  1840 I am_kill : [0,5375,com.lge.gnss.airtest,15,empty #17]
02-14 17:06:06.625  1057  2071 I am_proc_died: [0,5375,com.lge.gnss.airtest]
02-14 17:06:06.630  1057  2110 I dvm_lock_sample: [system_server,1,Binder_E,7,ActivityManagerService.java,9943,-,18717,1]
02-14 17:06:06.961  1057  1073 I am_proc_start: [0,6053,10137,com.lge.qremote,broadcast,com.lge.qremote/.appwidget.RemoteAppWidgetProvider]
02-14 17:06:07.007  1057  1842 I am_proc_bound: [0,6053,com.lge.qremote]
02-14 17:06:07.222  1057  1435 I am_proc_start: [0,6077,1000,com.uei.lg.quicksetsdk.maxq616,service,com.uei.lg.quicksetsdk.maxq616/com.uei.control.Service]
02-14 17:06:07.263  1057  2110 I am_proc_bound: [0,6077,com.uei.lg.quicksetsdk.maxq616]
02-14 17:06:07.504  1057  1073 I am_proc_start: [0,6110,1000,com.wsandroid.suite.lge,broadcast,com.wsandroid.suite.lge/com.wavesecure.core.WSAndroidSystemIntentReceiver]
02-14 17:06:07.504  1057  2033 I dvm_lock_sample: [system_server,1,Binder_A,72,ActivityManagerService.java,9943,BroadcastQueue.java,561,14]
02-14 17:06:07.548  1057  2072 I am_proc_bound: [0,6110,com.wsandroid.suite.lge]
02-14 17:06:08.174  1057  2033 I am_kill : [0,5447,com.lge.hiddenmenu,15,empty #17]
02-14 17:06:08.270  1057  2033 I am_kill : [0,5401,com.google.android.talk,15,empty #18]
02-14 17:06:08.381  1057  1135 I dvm_lock_sample: [system_server,0,ActivityManager,209,ActivityManagerService.java,3667,-,15447,41]
02-14 17:06:08.382  1057  1074 I am_proc_died: [0,5447,com.lge.hiddenmenu]
02-14 17:06:08.395  1057  2034 I am_proc_died: [0,5401,com.google.android.talk]
02-14 17:06:08.439  1057  1416 I am_kill : [0,5506,com.lge.settings.easy,15,empty #17]
02-14 17:06:08.514  1057  1149 I am_proc_died: [0,5506,com.lge.settings.easy]
02-14 17:06:08.620  1057  2111 I am_proc_start: [0,6143,10011,com.lge.appbox.client,broadcast,com.lge.appbox.client/com.lge.appbox.receiver.NetworkStateForAutoUpdateMonitor]
02-14 17:06:08.664  1057  1840 I am_proc_bound: [0,6143,com.lge.appbox.client]
02-14 17:06:08.801  1057  1074 I am_kill : [0,5524,com.android.providers.calendar,15,empty #17]
02-14 17:06:08.805  1057  1057 I notification_cancel: [1000,6110,com.wsandroid.suite.lge,4369,NULL,0,0,0,8,NULL]
02-14 17:06:08.816  1057  1057 I notification_cancel: [1000,6110,com.wsandroid.suite.lge,4369,NULL,0,0,0,8,NULL]
02-14 17:06:08.832  1057  2071 I am_proc_died: [0,5524,com.android.providers.calendar]
02-14 17:06:08.892  1057  2033 I am_proc_start: [0,6178,10022,com.lge.email,broadcast,com.lge.email/.adapter.eas.EasBroadcastReceiver]
02-14 17:06:08.914  1057  2072 I am_proc_bound: [0,6178,com.lge.email]
02-14 17:06:09.027  1057  1842 I force_gc: Binder
02-14 17:06:09.476  1057  2034 I am_kill : [0,5543,com.lge.lgfota.permission,15,empty #17]
02-14 17:06:09.502  1057  2071 I am_proc_died: [0,5543,com.lge.lgfota.permission]
02-14 17:06:09.546  1057  2034 I am_proc_start: [0,6214,10042,com.lguplus.common_api_impl,broadcast,com.lguplus.common_api_impl/.UpdateReceiver]
02-14 17:06:09.608  1057  1842 I am_proc_bound: [0,6214,com.lguplus.common_api_impl]
02-14 17:06:09.711  1057  2110 I am_proc_start: [0,6236,10050,com.google.android.setupwizard,broadcast,com.google.android.setupwizard/.carrier.MobileConnectivityChangeReceiver]
02-14 17:06:09.716  1057  2110 I am_kill : [0,5567,com.lge.lockscreensettings,15,empty #17]
02-14 17:06:09.752  1057  2071 I am_proc_died: [0,5567,com.lge.lockscreensettings]
02-14 17:06:09.757  1057  1843 I am_proc_bound: [0,6236,com.google.android.setupwizard]
02-14 17:06:09.992  1057  1843 I am_proc_start: [0,6260,10058,com.lguplus.callHelperClosed,broadcast,com.lguplus.callHelperClosed/lgt.callhelper.receiver.CallServiceReceiver]
02-14 17:06:09.998  1057  1843 I am_kill : [0,5588,com.lge.springcleaning,15,empty #17]
02-14 17:06:10.074  1057  1441 I am_proc_died: [0,5588,com.lge.springcleaning]
02-14 17:06:10.079  1057  1840 I am_proc_bound: [0,6260,com.lguplus.callHelperClosed]
02-14 17:06:10.197  1057  2287 I am_proc_start: [0,6278,10062,com.android.chrome,broadcast,com.android.chrome/com.google.android.apps.chrome.precache.PrecacheServiceLauncher]
02-14 17:06:10.204  1057  2287 I am_kill : [0,5625,com.lgt.arm,15,empty #17]
02-14 17:06:10.252  1057  1840 I am_proc_bound: [0,6278,com.android.chrome]
02-14 17:06:10.261  1057  1073 I am_proc_died: [0,5625,com.lgt.arm]
02-14 17:06:10.542  1057  2287 I am_proc_start: [0,6297,10070,com.lge.drmservice,broadcast,com.lge.drmservice/.DrmBroadcastReceiver]
02-14 17:06:10.543  1057  2287 I am_kill : [0,5665,com.lge.sizechangable.weather,15,empty #17]
02-14 17:06:10.661  1057  2034 I am_proc_died: [0,5665,com.lge.sizechangable.weather]
02-14 17:06:10.668  1057  2110 I am_proc_bound: [0,6297,com.lge.drmservice]
02-14 17:06:10.723  1057  1073 I am_kill : [0,5728,com.lguplus.usimsvcm,15,empty #17]
02-14 17:06:10.763  1057  1840 I am_proc_died: [0,5728,com.lguplus.usimsvcm]
02-14 17:06:10.858  1057  2071 I am_proc_start: [0,6330,10099,com.lge.sizechangable.weather,broadcast,com.lge.sizechangable.weather/.layout.WeatherWidget]
02-14 17:06:10.901  1057  2072 I am_proc_bound: [0,6330,com.lge.sizechangable.weather]
02-14 17:06:11.115  1057  1843 I am_kill : [0,5749,com.lguplus.appstore,15,empty #17]
02-14 17:06:11.145  1057  1441 I am_proc_died: [0,5749,com.lguplus.appstore]
02-14 17:06:11.192  1057  1843 I am_proc_start: [0,6356,10107,com.google.android.apps.magazines,broadcast,com.google.android.apps.magazines/com.google.apps.dots.android.newsstand.appwidget.NewsWidgetProvider]
02-14 17:06:11.238  1057  1840 I am_proc_bound: [0,6356,com.google.android.apps.magazines]
02-14 17:06:11.858  1057  2287 I am_proc_start: [0,6420,10111,com.google.android.apps.plus,broadcast,com.google.android.apps.plus/.service.ConnectivityReceiver]
02-14 17:06:11.859  1057  1149 I am_kill : [0,5810,com.lge.eula,15,empty #17]
02-14 17:06:11.903  1057  1441 I am_proc_died: [0,5810,com.lge.eula]
02-14 17:06:11.908  1057  2110 I am_proc_bound: [0,6420,com.google.android.apps.plus]
02-14 17:06:12.531  1057  1441 I am_proc_start: [0,6458,10118,com.lguplus.appstore,broadcast,com.lguplus.appstore/.util.ConnReceiver]
02-14 17:06:12.574  1057  1842 I am_proc_bound: [0,6458,com.lguplus.appstore]
02-14 17:06:12.716  1057  2071 I am_kill : [0,5828,com.google.android.youtube,15,empty #17]
02-14 17:06:12.817  1057  2034 I am_proc_died: [0,5828,com.google.android.youtube]
02-14 17:06:12.899  1057  2287 I am_proc_start: [0,6485,1000,com.lguplus.nsrm_client,broadcast,com.lguplus.nsrm_client/.Receiver]
02-14 17:06:12.932  1057  1073 I am_proc_bound: [0,6485,com.lguplus.nsrm_client]
02-14 17:06:12.998  1057  1073 I am_kill : [0,5465,com.lge.lgaccount,15,empty #17]
02-14 17:06:13.045  1057  1416 I am_proc_died: [0,5465,com.lge.lgaccount]
02-14 17:06:13.199  1057  1416 I am_proc_start: [0,6508,10010,com.lge.clock,broadcast,com.lge.clock/.widget.DigitalAppWidgetProvider]
02-14 17:06:13.230  1057  2072 I am_proc_bound: [0,6508,com.lge.clock]
02-14 17:06:13.300  1057  2034 I am_kill : [0,6018,com.lge.lifetracker,15,empty #17]
02-14 17:06:13.343  1057  1840 I am_proc_died: [0,6018,com.lge.lifetracker]
02-14 17:06:13.468  1057  1149 I am_proc_start: [0,6529,1000,com.lge.sync,broadcast,com.lge.sync/.StartReceiver]
02-14 17:06:13.517  1057  2034 I am_proc_bound: [0,6529,com.lge.sync]
02-14 17:06:13.722  1057  1073 I am_proc_start: [0,6551,10116,com.lguplus.usimsvcm,broadcast,com.lguplus.usimsvcm/.ui.widgetprovider.SmartwalletWidgetProvider2By2AtLeastHoneycomb]
02-14 17:06:13.765  1057  1351 I backup_data_changed: com.android.providers.settings
02-14 17:06:13.771  1057  1073 I am_proc_bound: [0,6551,com.lguplus.usimsvcm]
02-14 17:06:13.859  1057  1074 I am_kill : [0,6143,com.lge.appbox.client,15,empty #17]
02-14 17:06:13.916  1057  1073 I am_proc_died: [0,6143,com.lge.appbox.client]
02-14 17:06:14.057  1057  2071 I force_gc: Binder
02-14 17:06:14.162  1057  2111 I am_proc_start: [0,6581,1000,com.lge.bnr,broadcast,com.lge.bnr/.receiver.DamagedFileRemover]
02-14 17:06:14.196  1057  2287 I am_proc_bound: [0,6581,com.lge.bnr]
02-14 17:06:14.369  1057  1074 I am_kill : [0,6178,com.lge.email,15,empty #17]
02-14 17:06:14.427  1057  2071 I am_proc_died: [0,6178,com.lge.email]
02-14 17:06:14.604  1057  2072 I am_proc_start: [0,6605,10014,com.android.providers.calendar,broadcast,com.android.providers.calendar/.CalendarProviderBroadcastReceiver]
02-14 17:06:14.646  1057  1416 I am_proc_bound: [0,6605,com.android.providers.calendar]
02-14 17:06:14.679  2850  2868 I force_gc: Binder
02-14 17:06:14.796  1057  1435 I am_proc_start: [0,6628,10074,com.google.android.gm,broadcast,com.google.android.gm/.widget.GmailWidgetProvider]
02-14 17:06:14.828  1057  1073 I am_proc_bound: [0,6628,com.google.android.gm]
02-14 17:06:14.877  1057  2033 I am_kill : [0,5995,com.lge.formmanager,15,empty #17]
02-14 17:06:14.953  1057  1135 I dvm_lock_sample: [system_server,0,ActivityManager,77,ActivityManagerService.java,3667,-,15447,15]
02-14 17:06:14.953  1057  1840 I am_proc_died: [0,5995,com.lge.formmanager]
02-14 17:06:15.215  1057  2111 I am_kill : [0,6214,com.lguplus.common_api_impl,15,empty #17]
02-14 17:06:15.261  1057  2071 I am_proc_died: [0,6214,com.lguplus.common_api_impl]
02-14 17:06:15.351  1057  2111 I am_proc_start: [0,6666,10082,com.google.android.talk,broadcast,com.google.android.talk/com.google.android.apps.hangouts.realtimechat.RealTimeChatService$AlarmReceiver]
02-14 17:06:15.410  1057  2072 I am_proc_bound: [0,6666,com.google.android.talk]
02-14 17:06:16.022  1057  2110 I force_gc: Binder
02-14 17:06:16.043  1057  1057 I notification_cancel: [10082,6666,com.google.android.talk,0,com.google.android.talk:chat:0,0,0,64,8,NULL]
02-14 17:06:16.053  1057  1057 I notification_cancel: [10082,6666,com.google.android.talk,2,com.google.android.talk:missed_ho:0,0,0,64,8,NULL]
02-14 17:06:16.066  1057  1057 I notification_cancel: [10082,6666,com.google.android.talk,7,com.google.android.talk:error:0,0,0,64,8,NULL]
02-14 17:06:16.124  1057  1057 I free_storage_changed: 24685469696
02-14 17:06:16.235  1057  2111 I am_kill : [0,6260,com.lguplus.callHelperClosed,15,empty #17]
02-14 17:06:16.332  1057  2034 I am_proc_died: [0,6260,com.lguplus.callHelperClosed]
02-14 17:06:17.492  1057  1074 I am_kill : [0,6278,com.android.chrome,15,empty #17]
02-14 17:06:17.523  1057  2071 I am_proc_died: [0,6278,com.android.chrome]
02-14 17:06:19.102  1057  1057 I notification_cancel: [10013,4702,com.android.calendar,0,NULL,0,0,64,8,NULL]
02-14 17:06:19.103  1057  1057 I notification_cancel: [10013,4702,com.android.calendar,1,NULL,0,0,64,8,NULL]
02-14 17:06:19.103  1057  1057 I notification_cancel: [10013,4702,com.android.calendar,2,NULL,0,0,64,8,NULL]
02-14 17:06:19.106  1057  1057 I notification_cancel: [10013,4702,com.android.calendar,3,NULL,0,0,64,8,NULL]
02-14 17:06:19.107  1057  1057 I notification_cancel: [10013,4702,com.android.calendar,4,NULL,0,0,64,8,NULL]
02-14 17:06:19.108  1057  1057 I notification_cancel: [10013,4702,com.android.calendar,5,NULL,0,0,64,8,NULL]
02-14 17:06:19.108  1057  1057 I notification_cancel: [10013,4702,com.android.calendar,6,NULL,0,0,64,8,NULL]
02-14 17:06:19.109  1057  1057 I notification_cancel: [10013,4702,com.android.calendar,7,NULL,0,0,64,8,NULL]
02-14 17:06:19.110  1057  1057 I notification_cancel: [10013,4702,com.android.calendar,8,NULL,0,0,64,8,NULL]
02-14 17:06:19.110  1057  1057 I notification_cancel: [10013,4702,com.android.calendar,9,NULL,0,0,64,8,NULL]
02-14 17:06:19.111  1057  1057 I notification_cancel: [10013,4702,com.android.calendar,10,NULL,0,0,64,8,NULL]
02-14 17:06:19.111  1057  1057 I notification_cancel: [10013,4702,com.android.calendar,11,NULL,0,0,64,8,NULL]
02-14 17:06:19.112  1057  1057 I notification_cancel: [10013,4702,com.android.calendar,12,NULL,0,0,64,8,NULL]
02-14 17:06:19.112  1057  1057 I notification_cancel: [10013,4702,com.android.calendar,13,NULL,0,0,64,8,NULL]
02-14 17:06:19.113  1057  1057 I notification_cancel: [10013,4702,com.android.calendar,14,NULL,0,0,64,8,NULL]
02-14 17:06:19.113  1057  1057 I notification_cancel: [10013,4702,com.android.calendar,15,NULL,0,0,64,8,NULL]
02-14 17:06:19.113  1057  1057 I notification_cancel: [10013,4702,com.android.calendar,16,NULL,0,0,64,8,NULL]
02-14 17:06:19.114  1057  1057 I notification_cancel: [10013,4702,com.android.calendar,17,NULL,0,0,64,8,NULL]
02-14 17:06:19.115  1057  1057 I notification_cancel: [10013,4702,com.android.calendar,18,NULL,0,0,64,8,NULL]
02-14 17:06:19.115  1057  1057 I notification_cancel: [10013,4702,com.android.calendar,19,NULL,0,0,64,8,NULL]
02-14 17:06:19.117  1057  1057 I notification_cancel: [10013,4702,com.android.calendar,20,NULL,0,0,64,8,NULL]
02-14 17:06:25.967  1057  1057 I notification_cancel: [10013,4702,com.android.calendar,0,NULL,0,0,64,8,NULL]
02-14 17:06:25.975  1057  1057 I notification_cancel: [10013,4702,com.android.calendar,1,NULL,0,0,64,8,NULL]
02-14 17:06:25.976  1057  1057 I notification_cancel: [10013,4702,com.android.calendar,2,NULL,0,0,64,8,NULL]
02-14 17:06:25.977  1057  1057 I notification_cancel: [10013,4702,com.android.calendar,3,NULL,0,0,64,8,NULL]
02-14 17:06:25.978  1057  1057 I notification_cancel: [10013,4702,com.android.calendar,4,NULL,0,0,64,8,NULL]
02-14 17:06:25.979  1057  1057 I notification_cancel: [10013,4702,com.android.calendar,5,NULL,0,0,64,8,NULL]
02-14 17:06:25.980  1057  1057 I notification_cancel: [10013,4702,com.android.calendar,6,NULL,0,0,64,8,NULL]
02-14 17:06:25.981  1057  1057 I notification_cancel: [10013,4702,com.android.calendar,7,NULL,0,0,64,8,NULL]
02-14 17:06:25.985  1057  1057 I notification_cancel: [10013,4702,com.android.calendar,8,NULL,0,0,64,8,NULL]
02-14 17:06:25.987  1057  1057 I notification_cancel: [10013,4702,com.android.calendar,9,NULL,0,0,64,8,NULL]
02-14 17:06:25.988  1057  1057 I notification_cancel: [10013,4702,com.android.calendar,10,NULL,0,0,64,8,NULL]
02-14 17:06:25.990  1057  1057 I notification_cancel: [10013,4702,com.android.calendar,11,NULL,0,0,64,8,NULL]
02-14 17:06:25.991  1057  1057 I notification_cancel: [10013,4702,com.android.calendar,12,NULL,0,0,64,8,NULL]
02-14 17:06:25.992  1057  1057 I notification_cancel: [10013,4702,com.android.calendar,13,NULL,0,0,64,8,NULL]
02-14 17:06:25.995  1057  1057 I notification_cancel: [10013,4702,com.android.calendar,14,NULL,0,0,64,8,NULL]
02-14 17:06:25.996  1057  1057 I notification_cancel: [10013,4702,com.android.calendar,15,NULL,0,0,64,8,NULL]
02-14 17:06:25.998  1057  1057 I notification_cancel: [10013,4702,com.android.calendar,16,NULL,0,0,64,8,NULL]
02-14 17:06:26.000  1057  1057 I notification_cancel: [10013,4702,com.android.calendar,17,NULL,0,0,64,8,NULL]
02-14 17:06:26.003  1057  1057 I notification_cancel: [10013,4702,com.android.calendar,18,NULL,0,0,64,8,NULL]
02-14 17:06:26.005  1057  1057 I notification_cancel: [10013,4702,com.android.calendar,19,NULL,0,0,64,8,NULL]
02-14 17:06:26.006  1057  1057 I notification_cancel: [10013,4702,com.android.calendar,20,NULL,0,0,64,8,NULL]
02-14 17:06:26.047  1057  2071 I am_kill : [0,6297,com.lge.drmservice,15,empty #17]
02-14 17:06:26.142  1057  2110 I dvm_lock_sample: [system_server,0,Binder_E,76,ActivityManagerService.java,1215,-,15447,15]
02-14 17:06:26.143  1057  2110 I am_proc_died: [0,6297,com.lge.drmservice]
02-14 17:06:52.395  1057  1416 I am_kill : [0,6356,com.google.android.apps.magazines,15,empty #17]
02-14 17:06:52.504  1057  1135 I dvm_lock_sample: [system_server,0,ActivityManager,108,ActivityManagerService.java,3667,-,15447,21]
02-14 17:06:52.506  1057  2111 I am_proc_died: [0,6356,com.google.android.apps.magazines]
02-14 17:07:53.259  1057  1145 I power_sleep_requested: 0
02-14 17:07:53.292  1057  1057 I power_screen_state: [0,3,0,0]
02-14 17:07:53.292  1057  1057 I screen_toggled: 0
02-14 17:07:53.298  1057  1057 I am_pause_activity: [0,162179312,com.android.settings/.lgesetting.wireless.DataNetworkModePayPopupLGT]
02-14 17:07:53.304  1869  1869 I am_on_paused_called: [0,com.android.settings.lgesetting.wireless.DataNetworkModePayPopupLGT]
02-14 17:07:53.429  1057  1057 I power_screen_broadcast_send: 1
02-14 17:07:53.459  1057  1057 I notification_cancel: [1001,1552,com.lge.ltecall,2,NULL,0,0,64,8,NULL]
02-14 17:07:53.645  1057  1057 I power_screen_broadcast_done: [1,215,1]
02-14 17:07:53.645  1057  1057 I power_screen_broadcast_send: 1
02-14 17:07:53.707  1401  1401 I sysui_heads_up_status: [,0]
02-14 17:07:53.806  1057  1057 I power_screen_broadcast_done: [0,162,1]
02-14 17:08:03.466  1057  1057 I power_screen_state: [1,0,0,0]
02-14 17:08:03.466  1057  1057 I screen_toggled: 1
02-14 17:08:03.500  1057  1057 I am_resume_activity: [0,162179312,33,com.android.settings/.lgesetting.wireless.DataNetworkModePayPopupLGT]
02-14 17:08:03.571  1057  1057 I power_screen_broadcast_send: 1
02-14 17:08:03.604  1869  1869 I am_on_resume_called: [0,com.android.settings.lgesetting.wireless.DataNetworkModePayPopupLGT]
02-14 17:08:03.689  1057  1057 I notification_cancel: [1001,1552,com.lge.ltecall,2,NULL,0,0,64,8,NULL]
02-14 17:08:03.790   288   288 I sf_frame_dur: [ColorFade,22,0,0,0,0,0,0]
02-14 17:08:03.893  1057  1057 I power_screen_broadcast_done: [1,322,1]
02-14 17:08:04.839  1057  1351 I backup_data_changed: com.android.providers.settings
02-14 17:08:05.007  1057  2033 I am_finish_activity: [0,162179312,33,com.android.settings/.lgesetting.wireless.DataNetworkModePayPopupLGT,app-request]
02-14 17:08:05.012  1057  2033 I wm_task_moved: [32,1,0]
02-14 17:08:05.048  1057  2033 I am_pause_activity: [0,162179312,com.android.settings/.lgesetting.wireless.DataNetworkModePayPopupLGT]
02-14 17:08:05.101  1869  1869 I am_on_paused_called: [0,com.android.settings.lgesetting.wireless.DataNetworkModePayPopupLGT]
02-14 17:08:05.108  1057  1416 I am_resume_activity: [0,648958403,32,com.lge.launcher2/.Launcher]
02-14 17:08:05.173  2092  2092 I am_on_resume_called: [0,com.lge.launcher2.Launcher]
02-14 17:08:05.322  1057  1057 I notification_cancel: [1001,1814,com.android.phone,2550,NULL,0,0,64,8,NULL]
02-14 17:08:05.784  1057  1057 I notification_cancel: [1001,1814,com.android.phone,789,NULL,0,0,64,8,NULL]
02-14 17:08:05.785  1057  1057 I notification_cancel: [1000,1057,android,65537,CaptivePortal.Notification,0,0,0,8,NULL]
02-14 17:08:05.850  1057  1323 I netstats_mobile_sample: [0,0,0,0,0,0,0,0,0,0,0,0,-1]
02-14 17:08:05.850  1057  1323 I netstats_wifi_sample: [0,0,0,0,0,0,0,0,0,0,0,0,-1]
02-14 17:08:05.971  1057  1057 I notification_cancel: [1001,1814,com.android.phone,777,NULL,0,0,64,8,NULL]
02-14 17:08:05.981  1057  1351 I backup_data_changed: android
02-14 17:08:05.989  1057  1351 I backup_data_changed: android
02-14 17:08:05.989  1057  1351 I backup_data_changed: android
02-14 17:08:06.075  2531  6951 I aggregation: 1423901286075
02-14 17:08:06.117  1057  1073 I am_destroy_activity: [0,162179312,33,com.android.settings/.lgesetting.wireless.DataNetworkModePayPopupLGT,finish-imm]
02-14 17:08:06.127  1057  2110 I wm_task_removed: [33,removeAppToken: last token]
02-14 17:08:06.128  1057  2110 I wm_task_removed: [33,removeTask]
02-14 17:08:06.160  1057  1135 I am_proc_start: [0,6976,10025,com.lge.formmanager,broadcast,com.lge.formmanager/.FormServiceReceiver]
02-14 17:08:06.189  1057  1416 I am_proc_bound: [0,6976,com.lge.formmanager]
02-14 17:08:06.197  2531  6951 I force_gc: Binder
02-14 17:08:06.254  1057  2033 I am_proc_start: [0,6998,10037,com.lge.lifetracker,broadcast,com.lge.lifetracker/.core.receiver.CoreEventReceiver]
02-14 17:08:06.287  1057  2071 I am_proc_bound: [0,6998,com.lge.lifetracker]
02-14 17:08:06.317  1057  2111 I am_kill : [0,6458,com.lguplus.appstore,15,empty #17]
02-14 17:08:06.371  1057  1135 I dvm_lock_sample: [system_server,0,ActivityManager,54,ActivityManagerService.java,3667,-,15447,10]
02-14 17:08:06.372  1057  1842 I am_proc_died: [0,6458,com.lguplus.appstore]
02-14 17:08:06.410  1057  1441 I am_proc_start: [0,7020,10084,com.lge.lgaccount,content provider,com.lge.lgaccount/.provider.LGAccountProvider]
02-14 17:08:06.438  1057  1416 I am_proc_start: [0,7037,10005,com.google.android.gms.unstable,service,com.google.android.gms/.droidguard.DroidGuardService]
02-14 17:08:06.443  1057  1073 I am_proc_bound: [0,7020,com.lge.lgaccount]
02-14 17:08:06.473  1057  1843 I am_proc_bound: [0,7037,com.google.android.gms.unstable]
02-14 17:08:06.491  1401  1401 I sysui_panelholder_touch: [0,809,40]
02-14 17:08:06.493  1401  1401 I sysui_panelbar_touch: [0,809,40,0]
02-14 17:08:06.501  1057  2072 I notification_panel_revealed: []
02-14 17:08:06.503  1057  2111 I notification_visibility_changed: [0|com.lge.eula|262082|null|1000;0|com.android.mms|123|null|10033;-1|android|17040642|null|1000;-1|android|34406860|null|1000,]
02-14 17:08:06.528  1057  2072 I am_kill : [0,6485,com.lguplus.nsrm_client,15,empty #17]
02-14 17:08:06.590  1057  2072 I am_kill : [0,6420,com.google.android.apps.plus,15,empty #18]
02-14 17:08:06.692  1057  2111 I am_proc_died: [0,6420,com.google.android.apps.plus]
02-14 17:08:06.696  1057  2071 I am_proc_died: [0,6485,com.lguplus.nsrm_client]
02-14 17:08:06.706  2244  2262 I force_gc: Binder
02-14 17:08:06.712  1401  1401 I sysui_panelbar_touch: [1,989,1391,0]
02-14 17:08:06.955  1057  1057 I am_kill : [0,6236,com.google.android.setupwizard,15,empty #17]
02-14 17:08:07.020  1057  2072 I am_proc_died: [0,6236,com.google.android.setupwizard]
02-14 17:08:07.382  1057  1416 I force_gc: Binder
02-14 17:08:08.947  1057  1842 I am_proc_start: [0,7109,10011,com.lge.appbox.client,broadcast,com.lge.appbox.client/com.lge.appbox.receiver.NetworkStateForAutoUpdateMonitor]
02-14 17:08:08.985  1057  1149 I am_proc_bound: [0,7109,com.lge.appbox.client]
02-14 17:08:09.138  1057  1416 I notification_cancel_all: [10020,2850,com.android.providers.downloads,0,0,64,9,NULL]
02-14 17:08:09.160  1057  2034 I am_proc_start: [0,7146,10022,com.lge.email,broadcast,com.lge.email/.adapter.eas.EasBroadcastReceiver]
02-14 17:08:09.190  1057  1057 I notification_cancel: [10011,7109,com.lge.appbox.client,95826280,NULL,0,0,64,8,NULL]
02-14 17:08:09.195  1057  1441 I am_proc_bound: [0,7146,com.lge.email]
02-14 17:08:09.267  1057  1843 I am_proc_start: [0,7166,1000,com.lge.lginstallservies,service,com.lge.lginstallservies/.InstallService]
02-14 17:08:09.298  1057  2034 I am_proc_bound: [0,7166,com.lge.lginstallservies]
