06-04 17:06:14.708   373   373 I boot_progress_start: 6832
06-04 17:06:15.138   373   373 I boot_progress_preload_start: 7262
06-04 17:06:17.070   373   373 I boot_progress_preload_end: 9193
06-04 17:06:17.271  1046  1046 I boot_progress_system_run: 9394
06-04 17:06:17.682  1046  1046 I boot_progress_pms_start: 9805
06-04 17:06:17.862  1046  1046 I boot_progress_pms_system_scan_start: 9985
06-04 17:06:26.589  1046  1046 I boot_progress_pms_data_scan_start: 18713
06-04 17:06:27.510  1046  1046 I boot_progress_pms_scan_end: 19633
06-04 17:06:27.598  1046  1046 I boot_progress_pms_ready: 19722
06-04 17:06:27.708  1046  1063 I battery_status: [5,2,1,2,Li-ion]
06-04 17:06:27.709  1046  1063 I battery_level: [100,4313,317]
06-04 17:06:28.002  1046  1046 I wm_stack_created: [0,0,0,0,0]
06-04 17:06:28.068  1046  1046 I configuration_changed: 7672
06-04 17:06:28.090  1046  1046 I configuration_changed: 1288
06-04 17:06:28.729  1046  1046 I free_storage_left: [24662499328,654274560,1038729216]
06-04 17:06:28.729  1046  1046 I free_storage_changed: 24662499328
06-04 17:06:28.925  1046  1046 I backup_data_changed: com.android.providers.userdictionary
06-04 17:06:28.937  1046  1046 I backup_data_changed: com.google.android.googlequicksearchbox
06-04 17:06:28.940  1046  1046 I backup_data_changed: com.google.android.gm
06-04 17:06:28.944  1046  1046 I backup_data_changed: com.android.nfc
06-04 17:06:28.947  1046  1046 I backup_data_changed: com.android.vending
06-04 17:06:28.950  1046  1046 I backup_data_changed: com.android.calendar
06-04 17:06:28.953  1046  1046 I backup_data_changed: com.google.android.marvin.talkback
06-04 17:06:28.956  1046  1046 I backup_data_changed: android
06-04 17:06:28.959  1046  1046 I backup_data_changed: com.google.android.talk
06-04 17:06:28.962  1046  1046 I backup_data_changed: com.android.sharedstoragebackup
06-04 17:06:28.965  1046  1046 I backup_data_changed: com.android.providers.settings
06-04 17:06:28.972  1046  1046 I backup_data_changed: com.android.providers.userdictionary
06-04 17:06:28.972  1046  1046 I backup_data_changed: com.google.android.googlequicksearchbox
06-04 17:06:28.972  1046  1046 I backup_data_changed: com.google.android.gm
06-04 17:06:28.972  1046  1046 I backup_data_changed: com.android.nfc
06-04 17:06:28.972  1046  1046 I backup_data_changed: com.android.vending
06-04 17:06:28.972  1046  1046 I backup_data_changed: com.android.calendar
06-04 17:06:28.972  1046  1046 I backup_data_changed: com.google.android.marvin.talkback
06-04 17:06:28.972  1046  1046 I backup_data_changed: android
06-04 17:06:28.972  1046  1046 I backup_data_changed: com.google.android.talk
06-04 17:06:28.972  1046  1046 I backup_data_changed: com.android.sharedstoragebackup
06-04 17:06:28.973  1046  1046 I backup_data_changed: com.android.providers.settings
06-04 17:06:29.091  1046  1389 I backup_data_changed: com.android.providers.settings
06-04 17:06:29.113  1046  1389 I backup_data_changed: com.android.providers.settings
06-04 17:06:29.126  1046  1046 I configuration_changed: 512
06-04 17:06:29.162  1046  1046 I am_proc_start: [0,1401,10027,com.lge.smartcover,service,com.lge.smartcover/.SmartCoverViewManagerService]
06-04 17:06:29.182  1046  1062 I am_proc_bound: [0,1401,com.lge.smartcover]
06-04 17:06:29.306  1046  1046 I wm_stack_created: [1,0,0,0,0]
06-04 17:06:29.312  1046  1046 I boot_progress_ams_ready: 21435
06-04 17:06:29.315  1046  1046 I configuration_changed: 536870912
06-04 17:06:29.354  1046  1046 I am_proc_start: [0,1427,1037,WebViewLoader-armeabi-v7a,,]
06-04 17:06:29.378  1046  1046 I am_proc_start: [0,1452,10027,com.android.systemui,service,com.android.systemui/.SystemUIService]
06-04 17:06:29.406  1046  1449 I am_proc_bound: [0,1452,com.android.systemui]
06-04 17:06:29.665  1046  1112 I am_proc_start: [0,1626,1000,com.lge.lgdmsclient,broadcast,com.lge.lgdmsclient/.dmclient.agent.DmDeviceActionReceiver]
06-04 17:06:29.691  1046  1062 I am_proc_bound: [0,1626,com.lge.lgdmsclient]
06-04 17:06:29.720  1046  1367 I netstats_mobile_sample: [0,0,0,0,0,0,0,0,0,0,0,0,-1]
06-04 17:06:29.723  1046  1367 I netstats_wifi_sample: [0,0,0,0,0,0,0,0,0,0,0,0,-1]
06-04 17:06:29.841  1046  1062 I am_proc_start: [0,1687,1000,com.lge.sync,broadcast,com.lge.sync/.StartReceiver]
06-04 17:06:29.841  1046  1046 I dvm_lock_sample: [system_server,0,main,24,ActivityManagerService.java,15916,BroadcastQueue.java,592,4]
06-04 17:06:29.866  1046  1419 I am_proc_bound: [0,1687,com.lge.sync]
06-04 17:06:29.909  1046  1046 I am_proc_start: [0,1716,10057,com.google.android.googlequicksearchbox:interactor,service,com.google.android.googlequicksearchbox/com.google.android.voiceinteraction.GsaVoiceInteractionService]
06-04 17:06:29.947  1046  1046 I am_proc_start: [0,1739,10147,jp.co.omronsoft.iwnnime.ml,service,jp.co.omronsoft.iwnnime.ml/.InputMethodSwitcher]
06-04 17:06:29.951  1046  1449 I am_proc_bound: [0,1716,com.google.android.googlequicksearchbox:interactor]
06-04 17:06:29.995  1046  1419 I am_proc_bound: [0,1739,jp.co.omronsoft.iwnnime.ml]
06-04 17:06:30.043  1046  1063 I am_proc_start: [0,1765,1000,com.android.settings,broadcast,com.android.settings/.wifi.wifioffload.WiFiOffLoadBroadcast]
06-04 17:06:30.047  1046  1062 I force_gc: Binder
06-04 17:06:30.151  1046  1776 I am_proc_bound: [0,1765,com.android.settings]
06-04 17:06:30.411  1046  1799 I am_proc_start: [0,1834,10061,com.kddi.android.au_wifi_connect,broadcast,com.kddi.android.au_wifi_connect/jp.co.netvision.WifiConnect.WifiConnectCneUpdateReceiver]
06-04 17:06:30.431  1046  1419 I am_proc_bound: [0,1834,com.kddi.android.au_wifi_connect]
06-04 17:06:30.717  1046  1114 I notification_enqueue: [1000,1046,android,34406876,NULL,-1,Notification(pri=-1 contentView=null vibrate=default sound=null defaults=0x2 flags=0x2 color=0x00000000 vis=PUBLIC)]
06-04 17:06:30.719  1046  1114 I notification_enqueue: [1000,1046,android,17040690,NULL,-1,Notification(pri=-1 contentView=null vibrate=null sound=null defaults=0x0 flags=0x2 color=0x00000000 vis=PUBLIC)]
06-04 17:06:30.763  1046  1449 I configuration_changed: -2147483648
06-04 17:06:30.921  1046  1799 I am_proc_start: [0,1859,10026,android.process.acore,content provider,com.android.providers.contacts/.ContactsProvider2ForLG]
06-04 17:06:30.944  1046  1776 I am_proc_bound: [0,1859,android.process.acore]
06-04 17:06:31.122  1046  1111 I dvm_lock_sample: [system_server,0,android.bg,1062,LocationManagerService.java,1718,Log.java,-2,100]
06-04 17:06:31.165  1046  1046 I am_proc_start: [0,1889,1001,com.android.server.telecom,added application,com.android.server.telecom]
06-04 17:06:31.196  1046  1046 I am_proc_start: [0,1907,10017,com.lge.mrg.service,added application,com.lge.mrg.service]
06-04 17:06:31.227  1046  1046 I am_proc_start: [0,1925,1027,com.android.nfc,added application,com.android.nfc]
06-04 17:06:31.256  1046  1046 I am_proc_start: [0,1944,1000,com.lge.systemserver,added application,com.lge.systemserver]
06-04 17:06:31.288  1046  1046 I am_proc_start: [0,1964,1000,com.qualcomm.qti.services.secureui:sui_service,added application,com.qualcomm.qti.services.secureui:sui_service]
06-04 17:06:31.320  1046  1046 I am_proc_start: [0,1982,1001,com.lge.ims,added application,com.lge.ims]
06-04 17:06:31.349  1046  1046 I am_proc_start: [0,2002,1000,com.lge.keepscreenon,added application,com.lge.keepscreenon]
06-04 17:06:31.378  1046  1046 I am_proc_start: [0,2020,1000,com.lge.atservice,added application,com.lge.atservice]
06-04 17:06:31.408  1046  1046 I am_proc_start: [0,2039,1001,com.android.phone,added application,com.android.phone]
06-04 17:06:31.467  1046  1046 I am_proc_start: [0,2059,1000,com.lge.osfserver,added application,com.lge.osfserver]
06-04 17:06:31.498  1046  1046 I am_proc_start: [0,2077,10037,com.lge.ia,added application,com.lge.ia]
06-04 17:06:31.528  1046  1046 I am_proc_start: [0,2096,1000,com.lge.myplace.engine,added application,com.lge.myplace.engine]
06-04 17:06:31.536  1046  1046 I am_create_task: [0,5]
06-04 17:06:31.536  1046  1046 I am_create_activity: [0,764306954,5,com.lge.launcher2/.Launcher,android.intent.action.MAIN,NULL,NULL,268435456]
06-04 17:06:31.538  1046  1046 I wm_task_created: [5,0]
06-04 17:06:31.538  1046  1046 I wm_task_moved: [5,1,0]
06-04 17:06:31.568  1046  1046 I am_proc_start: [0,2115,10036,com.lge.launcher2,activity,com.lge.launcher2/.Launcher]
06-04 17:06:31.571  1046  1776 I dvm_lock_sample: [system_server,1,Binder_5,437,ActivityManagerService.java,10175,-,11915,87]
06-04 17:06:31.571  1046  1112 I dvm_lock_sample: [system_server,0,ActivityManager,437,BroadcastQueue.java,592,ActivityManagerService.java,11915,87]
06-04 17:06:31.572  1046  1111 I dvm_lock_sample: [system_server,0,android.bg,421,ActivityManagerService.java,15668,-,11915,84]
06-04 17:06:31.616  1046  1111 I am_proc_start: [0,2133,10126,com.android.printspooler,service,com.android.printspooler/.model.PrintSpoolerService]
06-04 17:06:31.617  1046  1062 I dvm_lock_sample: [system_server,1,Binder_1,423,ActivityManagerService.java,6741,-,11915,84]
06-04 17:06:31.617  1046  1062 I am_proc_bound: [0,1889,com.android.server.telecom]
06-04 17:06:31.618  1046  1798 I dvm_lock_sample: [system_server,1,Binder_6,402,ActivityManagerService.java,6741,-,11915,80]
06-04 17:06:31.618  1046  1798 I am_proc_bound: [0,1907,com.lge.mrg.service]
06-04 17:06:31.620  1046  1419 I dvm_lock_sample: [system_server,1,Binder_3,371,ActivityManagerService.java,6741,-,11915,74]
06-04 17:06:31.620  1046  1419 I am_proc_bound: [0,1925,com.android.nfc]
06-04 17:06:31.621  1046  1063 I am_proc_bound: [0,1944,com.lge.systemserver]
06-04 17:06:31.623  1046  1943 I dvm_lock_sample: [system_server,1,Binder_8,349,ActivityManagerService.java,15916,-,11915,69]
06-04 17:06:31.624  1046  1963 I am_proc_bound: [0,1964,com.qualcomm.qti.services.secureui:sui_service]
06-04 17:06:31.626  1046  1962 I am_proc_bound: [0,1982,com.lge.ims]
06-04 17:06:31.628  1046  1983 I dvm_lock_sample: [system_server,1,Binder_B,257,ActivityManagerService.java,6741,-,11915,51]
06-04 17:06:31.629  1046  1983 I am_proc_bound: [0,2002,com.lge.keepscreenon]
06-04 17:06:31.631  1046  2001 I am_proc_bound: [0,2020,com.lge.atservice]
06-04 17:06:31.633  1046  2036 I dvm_lock_sample: [system_server,1,Binder_D,206,ActivityManagerService.java,6741,-,11915,41]
06-04 17:06:31.633  1046  2036 I am_proc_bound: [0,2039,com.android.phone]
06-04 17:06:31.639  1046  2058 I am_proc_bound: [0,2059,com.lge.osfserver]
06-04 17:06:31.641  1046  2050 I am_proc_bound: [0,2077,com.lge.ia]
06-04 17:06:31.643  1046  2095 I am_proc_bound: [0,2096,com.lge.myplace.engine]
06-04 17:06:31.647  1046  1449 I dvm_lock_sample: [system_server,0,Binder_4,75,ActivityManagerService.java,16826,-,15668,15]
06-04 17:06:31.687  1046  1449 I am_proc_start: [0,2151,10061,com.kddi.android.au_wifi_connect:jp.co.kddi.checker_android,broadcast,com.kddi.android.au_wifi_connect/jp.co.kddi.checker_android.receiver.WifiStateReceiver]
06-04 17:06:31.688  1046  1062 I am_proc_bound: [0,2133,com.android.printspooler]
06-04 17:06:31.690  1046  1799 I am_proc_bound: [0,2115,com.lge.launcher2]
06-04 17:06:31.693  1046  1799 I am_restart_activity: [0,764306954,5,com.lge.launcher2/.Launcher]
06-04 17:06:31.700  1046  1112 I dvm_lock_sample: [system_server,0,ActivityManager,54,BroadcastQueue.java,592,-,592,10]
06-04 17:06:31.714  1046  1963 I notification_enqueue: [10027,1452,com.android.systemui,2130839094,NULL,0,Notification(pri=0 contentView=null vibrate=null sound=file:///system/media/audio/ui/FullBattery.ogg defaults=0x0 flags=0x0 color=0x00000000 category=sys vis=PUBLIC)]
06-04 17:06:31.722  1046  1943 I am_proc_bound: [0,2151,com.kddi.android.au_wifi_connect:jp.co.kddi.checker_android]
06-04 17:06:31.825  1046  1449 I am_proc_start: [0,2176,10111,com.lge.lockscreensettings,content provider,com.lge.lockscreensettings/.LockSettingsProvider]
06-04 17:06:31.831  1046  1046 I notification_cancel: [10027,1452,com.android.systemui,100,low_battery,0,0,64,8,NULL]
06-04 17:06:31.836  1046  1389 I backup_data_changed: android
06-04 17:06:31.836  1046  1389 I backup_data_changed: android
06-04 17:06:31.881  1046  1962 I am_proc_start: [0,2195,10057,com.google.android.googlequicksearchbox:search,service,com.google.android.googlequicksearchbox/com.google.android.hotword.service.HotwordService]
06-04 17:06:31.899  1046  1798 I am_proc_bound: [0,2176,com.lge.lockscreensettings]
06-04 17:06:31.934  1046  1963 I am_proc_start: [0,2218,10143,com.kddi.android.auclouduploader,broadcast,com.kddi.android.auclouduploader/.receive.NetworkChangeReceiver]
06-04 17:06:31.945  1046  1046 I notification_cancel: [10027,1452,com.android.systemui,2130839098,NULL,-1,0,64,8,NULL]
06-04 17:06:31.963  1046  2001 I am_proc_bound: [0,2195,com.google.android.googlequicksearchbox:search]
06-04 17:06:32.004  1046  1798 I am_proc_bound: [0,2218,com.kddi.android.auclouduploader]
06-04 17:06:32.179  1046  1062 I am_proc_start: [0,2249,10015,com.google.android.partnersetup,content provider,com.google.android.partnersetup/.RlzAppProvider]
06-04 17:06:32.213  1046  2058 I am_proc_start: [0,2270,10012,com.google.process.gapps,content provider,com.google.android.gsf/.settings.GoogleSettingsProvider]
06-04 17:06:32.229  1046  1419 I am_proc_bound: [0,2249,com.google.android.partnersetup]
06-04 17:06:32.298  1046  1112 I am_proc_start: [0,2297,10040,com.lge.music,broadcast,com.lge.music/.MediaButtonIntentReceiver]
06-04 17:06:32.299  1046  1419 I dvm_lock_sample: [system_server,1,Binder_3,37,ActivityManagerService.java,7106,BroadcastQueue.java,592,7]
06-04 17:06:32.299  1046  1983 I am_proc_bound: [0,2270,com.google.process.gapps]
06-04 17:06:32.318  1046  1389 I backup_data_changed: com.android.providers.settings
06-04 17:06:32.368  1046  1963 I am_proc_bound: [0,2297,com.lge.music]
06-04 17:06:32.446  1046  1046 I notification_cancel: [10027,1452,com.android.systemui,2130839098,NULL,-1,0,64,8,NULL]
06-04 17:06:32.447  1046  1046 I backup_transport_lifecycle: [android/com.android.internal.backup.LocalTransportService,1]
06-04 17:06:32.505  1046  1046 I notification_cancel: [1000,1944,com.lge.systemservice,33687574,NULL,0,0,0,8,NULL]
06-04 17:06:32.559  1046  2058 I am_proc_start: [0,2369,10047,com.lge.videoplayer,broadcast,com.lge.videoplayer/.service.playonlockscreen.MediaButtonIntentReceiver]
06-04 17:06:32.630  1046  1449 I am_proc_bound: [0,2369,com.lge.videoplayer]
06-04 17:06:32.722  1046  1799 I am_proc_start: [0,2410,10049,com.kddi.android.imp,broadcast,com.kddi.android.imp/.playback.remotecontrol.MediaButtonIntentReceiver]
06-04 17:06:32.778  1046  2001 I am_proc_bound: [0,2410,com.kddi.android.imp]
06-04 17:06:32.816  1046  1963 I am_proc_start: [0,2445,10143,com.kddi.android.auclouduploader:uploader,service,com.kddi.android.auclouduploader/.service.AuCloudUploaderService]
06-04 17:06:32.816  1046  1112 I dvm_lock_sample: [system_server,0,ActivityManager,36,ActivityManagerService.java,3783,-,6741,7]
06-04 17:06:32.846  1046  1799 I am_proc_start: [0,2467,10158,com.lge.qremote,broadcast,com.lge.qremote/.settings.WiFiStateReceiver]
06-04 17:06:32.856  1046  1983 I am_proc_bound: [0,2445,com.kddi.android.auclouduploader:uploader]
06-04 17:06:32.899  1046  1776 I am_proc_bound: [0,2467,com.lge.qremote]
06-04 17:06:32.988  1046  1419 I am_proc_start: [0,2509,10028,android.process.media,content provider,com.android.providers.media/.MediaProvider]
06-04 17:06:33.005  2115  2115 I am_on_resume_called: [0,com.lge.launcher2.Launcher]
06-04 17:06:33.022  1046  1449 I am_proc_bound: [0,2509,android.process.media]
06-04 17:06:33.044  1046  2058 I notification_expansion: [-1|android|34406876|null|1000,0,1]
06-04 17:06:33.109  1046  2036 I notification_expansion: [0|com.android.systemui|2130839094|null|10027,0,1]
06-04 17:06:33.109  1046  1062 I notification_expansion: [-1|android|34406876|null|1000,0,0]
06-04 17:06:33.161  1046  1062 I am_proc_start: [0,2548,1001,com.qualcomm.qcrilmsgtunnel,service,com.qualcomm.qcrilmsgtunnel/.QcrilMsgTunnelService]
06-04 17:06:33.212  1046  1063 I am_proc_bound: [0,2548,com.qualcomm.qcrilmsgtunnel]
06-04 17:06:33.247  1046  1776 I am_proc_start: [0,2587,10033,com.lge.formmanager,broadcast,com.lge.formmanager/.FormServiceReceiver]
06-04 17:06:33.267  1046  1062 I notification_cancel_all: [10028,2509,com.android.providers.downloads,0,0,64,9,NULL]
06-04 17:06:33.284  1046  2095 I am_proc_start: [0,2614,10134,com.android.smspush,service,com.android.smspush/.WapPushManager]
06-04 17:06:33.307  1046  1799 I am_proc_bound: [0,2587,com.lge.formmanager]
06-04 17:06:33.346  1046  1419 I am_proc_bound: [0,2614,com.android.smspush]
06-04 17:06:33.416  1046  2095 I am_proc_start: [0,2654,2500,com.lge.nfclock,service,com.lge.nfclock/.service.NfcLockService]
06-04 17:06:33.422  1046  1117 I am_activity_launch_time: [0,764306954,com.lge.launcher2/.Launcher,1883,1883]
06-04 17:06:33.446  1046  1112 I boot_progress_enable_screen: 25569
06-04 17:06:33.449  1046  1112 I screen_toggled: 1
06-04 17:06:33.455  1046  1798 I am_proc_bound: [0,2654,com.lge.nfclock]
06-04 17:06:33.546  1046  2050 I am_proc_start: [0,2679,10074,com.kddi.android.lismobookstore,broadcast,com.kddi.android.lismobookstore/.broadcast.WifiStateBroadcastReceiver]
06-04 17:06:33.589  1046  1962 I am_proc_bound: [0,2679,com.kddi.android.lismobookstore]
06-04 17:06:33.728  1046  1798 I am_proc_start: [0,2710,10049,com.kddi.android.imp:remote,service,com.kddi.android.imp/.api.service.MediaPlaybackService]
06-04 17:06:33.791  1046  2050 I am_proc_bound: [0,2710,com.kddi.android.imp:remote]
06-04 17:06:33.912  2039  2039 I gsm_service_state_change: [1,1,3,3]
06-04 17:06:33.976  1046  1046 I notification_cancel: [10049,2410,com.kddi.android.imp,2131166134,NULL,0,0,64,8,NULL]
06-04 17:06:34.286  1046  1419 I am_proc_start: [0,2796,10144,com.kddi.cs.app001,broadcast,com.kddi.cs.app001/com.kddi.cs.func.common.logic.AppWidgetTrafficLargeProvider]
06-04 17:06:34.321  1046  1062 I am_proc_bound: [0,2796,com.kddi.cs.app001]
06-04 17:06:34.376  1046  2001 I am_proc_start: [0,2815,10024,com.lge.concierge,service,com.lge.concierge/.service.ConciergeService]
06-04 17:06:34.408  1046  1419 I am_proc_bound: [0,2815,com.lge.concierge]
06-04 17:06:34.459  1046  1367 I netstats_mobile_sample: [0,0,0,0,0,0,0,0,0,0,0,0,-1]
06-04 17:06:34.459  1046  1367 I netstats_wifi_sample: [0,0,0,0,0,0,0,0,0,0,0,0,-1]
06-04 17:06:34.494  1046  1367 I am_proc_start: [0,2847,1000,com.lge.myplace.engine:MyplaceWifiReceiver,broadcast,com.lge.myplace.engine/com.lge.wificlustering.manager.WifiReceiver]
06-04 17:06:34.504   699   709 I [55004] : 26627
06-04 17:06:34.524   282   282 I sf_frame_dur: [BootAnimation,3,2,266,0,0,0,0]
06-04 17:06:34.531  1046  1449 I am_proc_bound: [0,2847,com.lge.myplace.engine:MyplaceWifiReceiver]
06-04 17:06:34.535  2870  2870 I [55000] : 26650
06-04 17:06:34.537  1046  2171 I force_gc: Binder
06-04 17:06:34.648  1046  2036 I notification_expansion: [0|com.android.systemui|2130839094|null|10027,0,0]
06-04 17:06:34.702  1452  1481 I dvm_lock_sample: [com.android.systemui,0,Binder_2,1010,KeyguardViewMediator.java,1061,-,2027,100]
06-04 17:06:34.706  1046  1046 I notification_cancel: [1001,2039,com.android.phone,5,NULL,0,0,64,8,NULL]
06-04 17:06:34.709  1046  1419 I notification_visibility_changed: [0|com.android.systemui|2130839094|null|10027;-1|android|34406876|null|1000;-1|android|17040690|null|1000,]
06-04 17:06:34.711  1046  1046 I notification_cancel: [1001,2039,com.android.phone,6,NULL,0,0,64,8,NULL]
06-04 17:06:34.717  1046  1117 I am_proc_start: [0,2896,10012,com.google.process.location,on-hold,]
06-04 17:06:34.844  1046  1063 I am_proc_bound: [0,2896,com.google.process.location]
06-04 17:06:34.872  1046  1046 I notification_cancel: [1001,2039,com.lge.networksettings,6,NULL,0,0,64,8,NULL]
06-04 17:06:35.030  1046  1962 I am_proc_start: [0,2994,10003,com.lge.ia.task.process.shared,content provider,com.lge.mrg.boardcontent/.BoardContentProvider]
06-04 17:06:35.043  1046  1799 I am_proc_bound: [0,2994,com.lge.ia.task.process.shared]
06-04 17:06:35.137  1046  2095 I am_proc_start: [0,3047,10012,com.google.android.gms,broadcast,com.google.android.gms/com.google.android.location.internal.NlpNetworkProviderSettingsUpdateReceiver]
06-04 17:06:35.138  1046  2095 I am_kill : [0,1626,com.lge.lgdmsclient,15,empty #17]
06-04 17:06:35.218  1046  1798 I am_proc_died: [0,1626,com.lge.lgdmsclient]
06-04 17:06:35.221  1046  1776 I am_proc_bound: [0,3047,com.google.android.gms]
06-04 17:06:35.353  1046  1046 I backup_transport_lifecycle: [com.google.android.gms/.backup.BackupTransportService,1]
06-04 17:06:35.385  1046  1798 I am_kill : [0,1834,com.kddi.android.au_wifi_connect,15,empty #17]
06-04 17:06:35.477  2039  2039 I gsm_service_state_change: [3,3,1,1]
06-04 17:06:35.578  1046  1063 I am_proc_start: [0,3106,10115,com.lge.sizechangable.weather.platform,content provider,com.lge.sizechangable.weather.platform/com.lge.sizechangable.weather.provider.CLWeatherProvider]
06-04 17:06:35.581  1046  2036 I dvm_lock_sample: [system_server,0,Binder_D,109,ActivityManagerService.java,1233,-,10107,21]
06-04 17:06:35.581  1046  2036 I am_proc_died: [0,1834,com.kddi.android.au_wifi_connect]
06-04 17:06:35.583  1046  2050 I dvm_lock_sample: [system_server,1,Binder_E,39,ActivityManagerService.java,15916,-,10107,7]
06-04 17:06:35.610  1046  2095 I am_proc_bound: [0,3106,com.lge.sizechangable.weather.platform]
06-04 17:06:35.329  1046  1112 I am_proc_start: [0,3145,10006,jp.kddilabs.smartnetwork.troubleshooting,broadcast,jp.kddilabs.smartnetwork.troubleshooting/.common.receiver.ActionReceiver]
06-04 17:06:35.338  1046  1046 I notification_cancel: [1001,2039,com.lge.networksettings,6,NULL,0,0,64,8,NULL]
06-04 17:06:35.353  1046  1449 I am_proc_bound: [0,3145,jp.kddilabs.smartnetwork.troubleshooting]
06-04 17:06:35.455  1046  1799 I am_proc_start: [0,3168,10012,com.google.android.gms.ui,broadcast,com.google.android.gms/com.google.android.location.network.LocationProviderChangeReceiver]
06-04 17:06:35.474  1046  1063 I am_proc_bound: [0,3168,com.google.android.gms.ui]
06-04 17:06:35.538  1046  1798 I am_kill : [0,2151,com.kddi.android.au_wifi_connect:jp.co.kddi.checker_android,15,empty #17]
06-04 17:06:35.585  1046  1776 I am_proc_died: [0,2151,com.kddi.android.au_wifi_connect:jp.co.kddi.checker_android]
06-04 17:06:35.616  1046  2050 I am_proc_start: [0,3198,10018,com.lge.clock,broadcast,com.lge.clock/.alarmclock.ALBootInit]
06-04 17:06:35.631  1046  1776 I force_gc: Binder
06-04 17:06:35.671  1046  1389 I backup_data_changed: android
06-04 17:06:35.677  1046  1389 I backup_data_changed: android
06-04 17:06:35.677  1046  1389 I backup_data_changed: android
06-04 17:06:35.717  1046  1062 I am_proc_bound: [0,3198,com.lge.clock]
06-04 17:06:35.730  1046  1449 I am_kill : [0,2218,com.kddi.android.auclouduploader,15,empty #17]
06-04 17:06:35.780  1046  1963 I am_proc_died: [0,2218,com.kddi.android.auclouduploader]
06-04 17:06:35.819  1046  1389 I backup_data_changed: com.android.providers.settings
06-04 17:06:35.829  1046  1962 I am_proc_start: [0,3239,10167,com.lge.myplace,broadcast,com.lge.myplace/.Receiver]
06-04 17:06:35.830  1046  1776 I configuration_changed: 3
06-04 17:06:35.899  1046  1776 I am_relaunch_resume_activity: [0,764306954,5,com.lge.launcher2/.Launcher]
06-04 17:06:35.908  1046  1449 I am_proc_bound: [0,3239,com.lge.myplace]
06-04 17:06:35.919  2039  2039 I gsm_service_state_change: [1,1,0,0]
06-04 17:06:35.919  2039  2039 I gsm_rat_switched_new: [5511951,0,14]
06-04 17:06:35.955  1046  1389 I backup_data_changed: com.android.providers.settings
06-04 17:06:36.002  1046  1046 I notification_cancel: [1001,2039,com.lge.networksettings,6,NULL,0,0,64,8,NULL]
06-04 17:06:36.051  1046  1449 I am_proc_start: [0,3281,10021,com.android.calendar,broadcast,com.android.calendar/.widget.CalendarAppWidgetProvider]
06-04 17:06:36.054  1046  1449 I am_kill : [0,2249,com.google.android.partnersetup,15,empty #17]
06-04 17:06:36.091  1046  2095 I am_proc_died: [0,2249,com.google.android.partnersetup]
06-04 17:06:36.093  1046  1962 I am_proc_bound: [0,3281,com.android.calendar]
06-04 17:06:36.122  2115  2115 I am_on_paused_called: [0,com.lge.launcher2.Launcher]
06-04 17:06:36.169   282   282 I sf_frame_dur: [com.lge.launcher2/com.lge.launcher2.Launcher,11,3,0,0,1,2,0]
06-04 17:06:36.276  1046  2001 I am_proc_start: [0,3307,10012,com.google.android.gms.wearable,service,com.google.android.gms/.wearable.service.WearableService]
06-04 17:06:36.276  1046  1062 I dvm_lock_sample: [system_server,1,Binder_1,29,ActivityManagerService.java,15916,-,15668,5]
06-04 17:06:36.318  1046  1449 I am_proc_bound: [0,3307,com.google.android.gms.wearable]
06-04 17:06:36.439  1046  1798 I force_gc: Binder
06-04 17:06:36.550  1046  1983 I am_proc_start: [0,3338,10022,com.android.providers.calendar,content provider,com.android.providers.calendar/.CalendarProvider2]
06-04 17:06:36.586  1046  2050 I am_proc_start: [0,3359,10030,com.lge.email,broadcast,com.lge.email/.receiver.UpdateScheduleReceiver]
06-04 17:06:36.587  1046  1798 I dvm_lock_sample: [system_server,1,Binder_6,23,ActivityManagerService.java,16731,BroadcastQueue.java,592,4]
06-04 17:06:36.590  1046  1063 I am_proc_bound: [0,3338,com.android.providers.calendar]
06-04 17:06:36.599  1046  1063 I am_kill : [0,2195,com.google.android.googlequicksearchbox:search,15,empty #17]
06-04 17:06:36.651  1046  2001 I am_proc_bound: [0,3359,com.lge.email]
06-04 17:06:36.656  1046  1062 I am_proc_died: [0,2195,com.google.android.googlequicksearchbox:search]
06-04 17:06:36.706  1046  2095 I am_proc_start: [0,3386,10057,com.google.android.googlequicksearchbox:search,broadcast,com.google.android.googlequicksearchbox/.SearchWidgetProvider]
06-04 17:06:36.714  2115  2115 I am_on_resume_called: [0,com.lge.launcher2.Launcher]
06-04 17:06:36.752  1046  1062 I am_proc_bound: [0,3386,com.google.android.googlequicksearchbox:search]
06-04 17:06:36.831  1046  2036 I am_kill : [0,2297,com.lge.music,15,empty #17]
06-04 17:06:36.890  1046  1983 I am_proc_died: [0,2297,com.lge.music]
06-04 17:06:37.004  1046  1799 I am_proc_start: [0,3429,10061,com.kddi.android.au_wifi_connect,broadcast,com.kddi.android.au_wifi_connect/jp.co.netvision.WifiConnect.WifiConnectWidget2]
06-04 17:06:37.006  1046  1799 I am_kill : [0,2369,com.lge.videoplayer,15,empty #17]
06-04 17:06:37.079  1046  2058 I dvm_lock_sample: [system_server,1,Binder_F,100,ActivityManagerService.java,10241,BroadcastQueue.java,592,20]
06-04 17:06:37.079  1046  1962 I dvm_lock_sample: [system_server,1,Binder_9,98,ActivityManagerService.java,19901,BroadcastQueue.java,592,19]
06-04 17:06:37.081  1046  1062 I am_proc_died: [0,2369,com.lge.videoplayer]
06-04 17:06:37.083  1046  1419 I am_proc_bound: [0,3429,com.kddi.android.au_wifi_connect]
06-04 17:06:37.091  1046  2036 I am_kill : [0,2445,com.kddi.android.auclouduploader:uploader,15,empty #17]
06-04 17:06:37.169  1046  1419 I dvm_lock_sample: [system_server,1,Binder_3,77,ActivityManagerService.java,10241,-,15706,15]
06-04 17:06:37.170  1046  1798 I am_proc_died: [0,2445,com.kddi.android.auclouduploader:uploader]
06-04 17:06:37.284  1046  2036 I am_proc_start: [0,3454,1000,com.lge.oneseg,broadcast,com.lge.oneseg/.reservation.Dmb_ReservationStartupReceiver]
06-04 17:06:37.287  1046  2036 I am_kill : [0,1687,com.lge.sync,15,empty #17]
06-04 17:06:37.399  1046  1983 I dvm_lock_sample: [system_server,1,Binder_B,140,ActivityManagerService.java,15916,BroadcastQueue.java,592,28]
06-04 17:06:37.400  1046  2058 I am_proc_died: [0,1687,com.lge.sync]
06-04 17:06:37.401  1046  1419 I am_proc_bound: [0,3454,com.lge.oneseg]
06-04 17:06:37.485  2896  2896 I force_gc: Binder
06-04 17:06:37.548  1046  1449 I am_proc_start: [0,3478,10062,com.kddi.android.auhomelauncherforisaifl,broadcast,com.kddi.android.auhomelauncherforisaifl/com.kddi.android.auhomelauncher.DateTimeChangeReceiver]
06-04 17:06:37.548  1046  1983 I dvm_lock_sample: [system_server,1,Binder_B,30,ActivityManagerService.java,16731,BroadcastQueue.java,592,6]
06-04 17:06:37.549  1046  1449 I am_kill : [0,2679,com.kddi.android.lismobookstore,15,empty #17]
06-04 17:06:37.609  1046  1062 I dvm_lock_sample: [system_server,1,Binder_1,88,ActivityManagerService.java,19901,BroadcastQueue.java,592,17]
06-04 17:06:37.610  1046  1799 I am_proc_died: [0,2679,com.kddi.android.lismobookstore]
06-04 17:06:37.612  1046  2001 I dvm_lock_sample: [system_server,1,Binder_C,46,ActivityManagerService.java,15916,-,18976,9]
06-04 17:06:37.613  1046  2036 I dvm_lock_sample: [system_server,1,Binder_D,34,ActivityManagerService.java,19901,-,18976,6]
06-04 17:06:37.613  1046  2050 I dvm_lock_sample: [system_server,1,Binder_E,19,ActivityManagerService.java,6741,-,18976,3]
06-04 17:06:37.613  1046  2050 I am_proc_bound: [0,3478,com.kddi.android.auhomelauncherforisaifl]
06-04 17:06:37.626  1046  2001 I force_gc: Binder
06-04 17:06:37.715  1046  1798 I am_crash: [3478,0,com.kddi.android.auhomelauncherforisaifl,1087946309,android.database.sqlite.SQLiteException,Can't downgrade database from version 16 to 15,SQLiteOpenHelper.java,360]
06-04 17:06:37.719  1046  1798 I am_broadcast_discard_app: [0,438810305,android.intent.action.TIME_SET,11,ResolveInfo{16ddce66 com.kddi.android.auhomelauncherforisaifl/com.kddi.android.auhomelauncher.DateTimeChangeReceiver m=0x108000}]
06-04 17:06:37.741  2039  2039 I force_gc: Binder
06-04 17:06:37.821  1046  1389 I backup_data_changed: android
06-04 17:06:37.829  1046  1389 I backup_data_changed: android
06-04 17:06:37.829  1046  1389 I backup_data_changed: android
06-04 17:06:37.870  2270  2287 I force_gc: Binder
06-04 17:06:37.874  1046  1389 I backup_data_changed: com.android.providers.settings
06-04 17:06:38.646  1046  1983 I dvm_lock_sample: [system_server,1,Binder_B,770,WindowManagerService.java,4095,-,3156,100]
06-04 17:06:38.671  1046  1117 I dvm_lock_sample: [system_server,0,android.display,770,WindowManagerService.java,8170,-,3156,100]
06-04 17:06:38.680  1046  2001 I dvm_lock_sample: [system_server,1,Binder_C,808,ActivityManagerService.java,19901,-,15668,100]
06-04 17:06:38.681  1046  1062 I dvm_lock_sample: [system_server,1,Binder_1,807,ActivityManagerService.java,12917,-,17066,100]
06-04 17:06:38.684  1046  2036 I dvm_lock_sample: [system_server,1,Binder_D,802,ActivityManagerService.java,15668,-,17066,100]
06-04 17:06:38.691  1046  1419 I dvm_lock_sample: [system_server,1,Binder_3,809,ActivityManagerService.java,10241,-,17066,100]
06-04 17:06:38.692  1046  1799 I dvm_lock_sample: [system_server,1,Binder_7,803,ActivityManagerService.java,9732,-,17066,100]
06-04 17:06:38.698  1046  1449 I dvm_lock_sample: [system_server,0,Binder_4,549,ActivityManagerService.java,16826,-,17066,100]
06-04 17:06:38.764  2896  3320 I dvm_lock_sample: [com.google.process.location,0,UlrDispatchingService,787,ActivityThread.java,4814,-,4848,100]
06-04 17:06:38.831  1046  1046 I notification_cancel: [1001,2039,com.android.phone,5,NULL,0,0,64,8,NULL]
06-04 17:06:38.975  1046  2095 I am_proc_start: [0,3551,10069,com.lge.fullsize.auhome.widget,broadcast,com.lge.fullsize.auhome.widget/.widgetprovider.AuNewsWidgetProvider]
06-04 17:06:38.981  1046  1375 I dvm_lock_sample: [system_server,0,WifiService,15,ActivityManagerService.java,16039,BroadcastQueue.java,592,3]
06-04 17:06:38.996  1046  1046 I notification_cancel: [2500,2654,com.lge.nfclock,7728,NULL,0,0,64,8,NULL]
06-04 17:06:39.020  1046  2001 I am_proc_start: [0,3571,1040,org.simalliance.openmobileapi.service:remote,service,org.simalliance.openmobileapi.service/.SmartcardService]
06-04 17:06:39.024  1046  1112 I dvm_lock_sample: [system_server,0,ActivityManager,44,ActivityManagerService.java,3783,-,15668,8]
06-04 17:06:39.027  1046  2050 I am_proc_bound: [0,3551,com.lge.fullsize.auhome.widget]
06-04 17:06:39.146  1046  1419 I am_proc_bound: [0,3571,org.simalliance.openmobileapi.service:remote]
06-04 17:06:39.175  1046  1117 I [35017] : Performing post-rotate rotation. total time = 4859ms
06-04 17:06:39.225   282   282 I sf_frame_dur: [NavigationBar,8,1,1,0,0,0,1]
06-04 17:06:39.400  1046  2001 I am_kill : [0,2796,com.kddi.cs.app001,15,empty #17]
06-04 17:06:39.443  1046  1046 I notification_cancel: [2500,2654,com.lge.nfclock,7728,NULL,0,0,64,8,NULL]
06-04 17:06:39.469  1046  1062 I dvm_lock_sample: [system_server,0,Binder_1,71,ActivityManagerService.java,15706,-,10107,14]
06-04 17:06:39.473  1046  2058 I am_proc_died: [0,2796,com.kddi.cs.app001]
06-04 17:06:39.479  1046  1046 I notification_cancel: [1001,2039,com.android.phone,5,NULL,0,0,64,8,NULL]
06-04 17:06:39.482  1046  1046 I notification_cancel: [1001,2039,com.android.phone,6,NULL,0,0,64,8,NULL]
06-04 17:06:39.549  1046  1046 I notification_cancel: [1000,1046,android,65537,CaptivePortal.Notification,0,0,0,8,NULL]
06-04 17:06:39.574  1046  1046 I notification_cancel: [10061,3429,com.kddi.android.au_wifi_connect,1,NULL,0,0,64,8,NULL]
06-04 17:06:39.617  1046  1062 I am_proc_start: [0,3644,10142,jp.auone.wallet,broadcast,jp.auone.wallet/.widget.WalletWidget]
06-04 17:06:39.617  1046  1449 I dvm_lock_sample: [system_server,1,Binder_4,25,ActivityManagerService.java,15686,BroadcastQueue.java,592,5]
06-04 17:06:39.627  1046  1943 I force_gc: Binder
06-04 17:06:39.666  1046  1962 I am_proc_bound: [0,3644,jp.auone.wallet]
06-04 17:06:39.904  1046  1046 I notification_cancel: [2500,2654,com.lge.nfclock,7728,NULL,0,0,64,8,NULL]
06-04 17:06:39.996  1046  1046 I notification_cancel: [10061,3429,com.kddi.android.au_wifi_connect,8,NULL,0,0,64,8,NULL]
06-04 17:06:40.001  1046  1046 I notification_cancel: [10061,3429,com.kddi.android.au_wifi_connect,1,NULL,0,0,64,8,NULL]
06-04 17:06:40.138  1046  1963 I am_kill : [0,2847,com.lge.myplace.engine:MyplaceWifiReceiver,15,empty #17]
06-04 17:06:40.219  1046  1419 I am_proc_died: [0,2847,com.lge.myplace.engine:MyplaceWifiReceiver]
06-04 17:06:40.252  1046  2095 I am_proc_start: [0,3674,10127,com.uei.lg.quicksetsdk.lite,service,com.uei.lg.quicksetsdk.lite/com.uei.control.Service]
06-04 17:06:42.838  1046  1367 I netstats_mobile_sample: [0,0,0,0,0,0,0,0,0,0,0,0,-1]
06-04 17:06:42.840  1046  1367 I netstats_wifi_sample: [0,0,0,0,0,0,0,0,0,0,0,0,-1]
06-04 17:06:42.846  1046  1962 I am_proc_bound: [0,3674,com.uei.lg.quicksetsdk.lite]
06-04 17:06:42.907  1046  1943 I am_proc_start: [0,3735,1000,com.qualcomm.telephony,service,com.qualcomm.atfwd/.AtFwdService]
06-04 17:06:42.908  1046  2036 I dvm_lock_sample: [system_server,1,Binder_D,60,ActivityManagerService.java,10241,-,6741,12]
06-04 17:06:42.940  1046  1062 I notification_cancel_all: [10024,2815,com.lge.concierge,0,0,64,9,NULL]
06-04 17:06:42.950  1046  1063 I notification_cancel_all: [10024,2815,com.lge.concierge,0,0,64,9,NULL]
06-04 17:06:42.960  1046  1046 I notification_cancel: [10012,3307,com.google.android.gms,22543,NULL,0,0,64,8,NULL]
06-04 17:06:42.964  1046  1046 I notification_cancel: [10024,2815,com.lge.concierge,1052221105,NULL,0,0,64,8,NULL]
06-04 17:06:43.035  1046  1063 I am_proc_start: [0,3759,10114,com.lge.sizechangable.weather,broadcast,com.lge.sizechangable.weather/.layout.WeatherWidget]
06-04 17:06:43.038  1046  1112 I dvm_lock_sample: [system_server,0,ActivityManager,28,PendingIntentRecord.java,337,BroadcastQueue.java,592,5]
06-04 17:06:43.038  1046  1776 I dvm_lock_sample: [system_server,1,Binder_5,21,ActivityManagerService.java,19901,BroadcastQueue.java,592,4]
06-04 17:06:43.041  1046  2036 I am_proc_bound: [0,3735,com.qualcomm.telephony]
06-04 17:06:43.090  1046  1943 I am_proc_bound: [0,3759,com.lge.sizechangable.weather]
06-04 17:06:43.133  1046  1046 I notification_cancel: [10061,3429,com.kddi.android.au_wifi_connect,8,NULL,0,0,64,8,NULL]
06-04 17:06:43.145  1046  1046 I notification_cancel: [10061,3429,com.kddi.android.au_wifi_connect,1,NULL,0,0,64,8,NULL]
06-04 17:06:43.267  1046  1046 I notification_cancel: [10061,3429,com.kddi.android.au_wifi_connect,8,NULL,0,0,64,8,NULL]
06-04 17:06:43.271  1046  1943 I am_kill : [0,2176,com.lge.lockscreensettings,15,empty #17]
06-04 17:06:43.285  1046  1046 I notification_cancel: [10061,3429,com.kddi.android.au_wifi_connect,1,NULL,0,0,64,8,NULL]
06-04 17:06:43.360  1046  1063 I am_proc_died: [0,2176,com.lge.lockscreensettings]
06-04 17:06:43.412  1046  1983 I am_proc_start: [0,3791,10019,com.lge.appbox.client:SingleBinaryService,broadcast,com.lge.appbox.client/com.lge.appbox.singlebinary.SimChangeReceiver]
06-04 17:06:43.442  1046  2001 I am_proc_bound: [0,3791,com.lge.appbox.client:SingleBinaryService]
06-04 17:06:43.451  1046  1046 I notification_cancel: [10061,3429,com.kddi.android.au_wifi_connect,8,NULL,0,0,64,8,NULL]
06-04 17:06:43.457  1046  1046 I notification_cancel: [10061,3429,com.kddi.android.au_wifi_connect,1,NULL,0,0,64,8,NULL]
06-04 17:06:43.564  1046  1419 I am_proc_start: [0,3810,10019,com.lge.appbox.client,content provider,com.lge.appbox.client/com.lge.appbox.databases.AppBoxContentProvider]
06-04 17:06:43.595  1046  1799 I am_proc_bound: [0,3810,com.lge.appbox.client]
06-04 17:06:43.696  1046  1962 I am_kill : [0,3145,jp.kddilabs.smartnetwork.troubleshooting,15,empty #17]
06-04 17:06:43.791  1046  2001 I dvm_lock_sample: [system_server,1,Binder_C,82,ActivityManagerService.java,1233,BroadcastQueue.java,592,16]
06-04 17:06:43.791  1046  2001 I am_proc_died: [0,3145,jp.kddilabs.smartnetwork.troubleshooting]
06-04 17:06:43.813  1046  1799 I am_kill : [0,3239,com.lge.myplace,15,empty #17]
06-04 17:06:43.889  1046  1799 I am_kill : [0,3168,com.google.android.gms.ui,15,empty #18]
06-04 17:06:43.955  1046  1112 I dvm_lock_sample: [system_server,0,ActivityManager,141,ActivityManagerService.java,3783,-,15706,28]
06-04 17:06:43.955  1046  1983 I am_proc_died: [0,3239,com.lge.myplace]
06-04 17:06:43.958  1046  1063 I am_proc_died: [0,3168,com.google.android.gms.ui]
06-04 17:06:43.982  1046  1062 I am_proc_start: [0,3835,10020,com.android.browser,broadcast,com.android.browser/com.lge.browser.settings.BrowserSettingReceiver]
06-04 17:06:43.984  1046  1943 I am_kill : [0,2509,android.process.media,15,empty #17]
06-04 17:06:44.047  1046  2058 I am_proc_died: [0,2509,android.process.media]
06-04 17:06:44.048  1046  1449 I dvm_lock_sample: [system_server,1,Binder_4,35,ActivityManagerService.java,6741,-,15706,7]
06-04 17:06:44.048  1046  1449 I am_proc_bound: [0,3835,com.android.browser]
06-04 17:06:44.259  1046  1119 I power_sleep_requested: 0
06-04 17:06:44.260  1046  1046 I power_screen_state: [0,3,0,0]
06-04 17:06:44.260  1046  1046 I screen_toggled: 0
06-04 17:06:44.263  1046  1046 I am_pause_activity: [0,764306954,com.lge.launcher2/.Launcher]
06-04 17:06:44.270  1046  1046 I power_screen_broadcast_send: 1
06-04 17:06:44.313  2115  2115 I am_on_paused_called: [0,com.lge.launcher2.Launcher]
06-04 17:06:44.498  1046  1943 I am_proc_start: [0,3860,10026,com.android.contacts,broadcast,com.android.contacts/com.lge.contacts.sim.SimPhonebookStateReceiver]
06-04 17:06:44.498  1046  1943 I am_kill : [0,3281,com.android.calendar,15,empty #17]
06-04 17:06:44.579  1046  2001 I am_proc_died: [0,3281,com.android.calendar]
06-04 17:06:44.580  1046  1062 I am_proc_bound: [0,3860,com.android.contacts]
06-04 17:06:44.775  1046  1963 I am_proc_start: [0,3881,1000,com.lge.lgdmsclient,broadcast,com.lge.lgdmsclient/.dmclient.agent.DmDeviceActionReceiver]
06-04 17:06:44.809  1046  1062 I am_proc_bound: [0,3881,com.lge.lgdmsclient]
06-04 17:06:44.905  1046  1963 I am_kill : [0,3338,com.android.providers.calendar,15,empty #17]
06-04 17:06:44.960  1046  2001 I am_proc_died: [0,3338,com.android.providers.calendar]
06-04 17:06:45.023  1046  1046 I am_proc_start: [0,3904,10061,com.kddi.android.au_wifi_connect:jp.co.kddi.checker_android,broadcast,com.kddi.android.au_wifi_connect/jp.co.kddi.checker_android.receiver.StartReceiver]
06-04 17:06:45.044  1046  1799 I am_proc_bound: [0,3904,com.kddi.android.au_wifi_connect:jp.co.kddi.checker_android]
06-04 17:06:45.143  1046  1449 I am_kill : [0,3198,com.lge.clock,15,empty #17]
06-04 17:06:45.210  1046  1063 I am_proc_died: [0,3198,com.lge.clock]
06-04 17:06:45.843  1046  1449 I am_proc_start: [0,3938,1000,com.lge.hiddenmenu,broadcast,com.lge.hiddenmenu/.wcdma_only.log_service.FactorySIMReceiver]
06-04 17:06:45.902  1046  1962 I am_proc_bound: [0,3938,com.lge.hiddenmenu]
06-04 17:06:45.953  1046  1046 I backup_transport_lifecycle: [com.google.android.gms/.backup.BackupTransportService,1]
06-04 17:06:46.062  1046  1799 I am_proc_start: [0,3962,10113,com.android.providers.partnerbookmarks,broadcast,com.android.providers.partnerbookmarks/com.lge.provider.BookmarksProviderReceiver]
06-04 17:06:46.067  1046  1799 I am_kill : [0,3386,com.google.android.googlequicksearchbox:search,15,empty #17]
06-04 17:06:46.129  1046  2036 I dvm_lock_sample: [system_server,1,Binder_D,114,ActivityManagerService.java,15495,BroadcastQueue.java,592,22]
06-04 17:06:46.130  1046  1112 I dvm_lock_sample: [system_server,0,ActivityManager,66,ActivityManagerService.java,3783,-,18976,13]
06-04 17:06:46.130  1046  1449 I am_proc_bound: [0,3962,com.android.providers.partnerbookmarks]
06-04 17:06:46.134  1046  2058 I am_proc_died: [0,3386,com.google.android.googlequicksearchbox:search]
06-04 17:06:46.139  1046  2058 I force_gc: Binder
06-04 17:06:46.284  1046  1449 I am_proc_start: [0,3982,1000,com.lge.eula,broadcast,com.lge.eula/.service.LicenseSIMObserver]
06-04 17:06:46.285  1046  1449 I am_kill : [0,2133,com.android.printspooler,15,empty #17]
06-04 17:06:46.380  1046  1963 I dvm_lock_sample: [system_server,0,Binder_A,84,ActivityManagerService.java,1233,-,18976,16]
06-04 17:06:46.381  1046  1963 I am_proc_died: [0,2133,com.android.printspooler]
06-04 17:06:46.387  1046  1776 I am_proc_bound: [0,3982,com.lge.eula]
06-04 17:06:46.666  1046  2095 I notification_enqueue: [1000,3982,com.lge.eula,262082,NULL,0,Notification(pri=0 contentView=null vibrate=null sound=null defaults=0x0 flags=0x10 color=0x00000000 vis=PRIVATE)]
06-04 17:06:46.696  1046  1962 I am_kill : [0,3454,com.lge.oneseg,15,empty #17]
06-04 17:06:46.822  1046  1112 I dvm_lock_sample: [system_server,0,ActivityManager,127,ActivityManagerService.java,3783,BroadcastQueue.java,592,25]
06-04 17:06:46.822  1046  2095 I am_proc_died: [0,3454,com.lge.oneseg]
06-04 17:06:46.869  1046  1419 I notification_visibility_changed: [0|com.lge.eula|262082|null|1000,]
06-04 17:06:46.876  1046  2095 I am_wtf  : [0,2039,com.android.phone,1086897741,NotificationMgrNet,init() called multiple times!  sInstance = com.lge.networksettings.NotificationMgr@18064ef0]
06-04 17:06:46.886  1046  1046 I notification_cancel: [10061,3429,com.kddi.android.au_wifi_connect,8,NULL,0,0,64,8,NULL]
06-04 17:06:46.887  1046  1046 I notification_cancel: [10061,3429,com.kddi.android.au_wifi_connect,1,NULL,0,0,64,8,NULL]
06-04 17:06:47.473  1046  1046 I notification_cancel: [1001,2039,com.lge.networksettings,5,NULL,0,0,64,8,NULL]
06-04 17:06:47.487  1046  1046 I notification_cancel: [1001,2039,com.lge.networksettings,5,NULL,0,0,64,8,NULL]
06-04 17:06:47.499  1046  1046 I notification_cancel: [1001,2039,com.lge.networksettings,5,NULL,0,0,64,8,NULL]
06-04 17:06:47.510  1046  1046 I notification_cancel: [1001,2039,com.lge.networksettings,5,NULL,0,0,64,8,NULL]
06-04 17:06:47.524  1046  1046 I notification_cancel: [1001,2039,com.lge.networksettings,5,NULL,0,0,64,8,NULL]
06-04 17:06:47.539  1046  1046 I notification_cancel: [1001,2039,com.lge.networksettings,5,NULL,0,0,64,8,NULL]
06-04 17:06:47.548  1046  1046 I notification_cancel: [1001,2039,com.lge.networksettings,5,NULL,0,0,64,8,NULL]
06-04 17:06:47.559  1046  1046 I notification_cancel: [1001,2039,com.lge.networksettings,5,NULL,0,0,64,8,NULL]
06-04 17:06:47.571  1046  1046 I notification_cancel: [1001,2039,com.lge.networksettings,5,NULL,0,0,64,8,NULL]
06-04 17:06:47.581  1046  1046 I notification_cancel: [1001,2039,com.lge.networksettings,5,NULL,0,0,64,8,NULL]
06-04 17:06:47.592  1046  1046 I notification_cancel: [1001,2039,com.lge.networksettings,5,NULL,0,0,64,8,NULL]
06-04 17:06:47.601  1046  1046 I notification_cancel: [1001,2039,com.lge.networksettings,5,NULL,0,0,64,8,NULL]
06-04 17:06:47.611  1046  1046 I notification_cancel: [1001,2039,com.lge.networksettings,5,NULL,0,0,64,8,NULL]
06-04 17:06:47.621  1046  1046 I notification_cancel: [1001,2039,com.lge.networksettings,5,NULL,0,0,64,8,NULL]
06-04 17:06:47.632  1046  1046 I notification_cancel: [1001,2039,com.lge.networksettings,5,NULL,0,0,64,8,NULL]
06-04 17:06:47.644  1046  1046 I notification_cancel: [1001,2039,com.lge.networksettings,5,NULL,0,0,64,8,NULL]
06-04 17:06:47.655  1046  1046 I notification_cancel: [1001,2039,com.lge.networksettings,5,NULL,0,0,64,8,NULL]
06-04 17:06:47.664  1046  1046 I notification_cancel: [1001,2039,com.lge.networksettings,5,NULL,0,0,64,8,NULL]
06-04 17:06:47.724  1046  1112 I am_broadcast_discard_app: [0,438810305,android.intent.action.TIME_SET,12,ResolveInfo{2f97e5c2 com.kddi.android.auhomelauncherforisaifl/com.kddi.android.auhomelauncher.WeatherInfoUpdater m=0x108000}]
06-04 17:06:47.805  1046  1112 I am_proc_start: [0,4015,10065,com.kddi.android.email,broadcast,com.kddi.android.email/com.access_company.android.nfcommunicator.event.TimeChangedReceiver]
06-04 17:06:47.857  1046  2058 I am_proc_bound: [0,4015,com.kddi.android.email]
06-04 17:06:47.864  1046  2058 I am_kill : [0,3478,com.kddi.android.auhomelauncherforisaifl,15,empty #17]
06-04 17:06:47.952  1046  1799 I dvm_lock_sample: [system_server,0,Binder_7,70,ActivityManagerService.java,1233,-,6741,14]
06-04 17:06:47.952  1046  1799 I am_proc_died: [0,3478,com.kddi.android.auhomelauncherforisaifl]
06-04 17:06:47.985   282   282 I sf_frame_dur: [Application Error: com.kddi.android.auhomelauncherforisaifl,2,2,1,0,0,0,0]
06-04 17:06:47.989  1046  2058 I am_kill : [0,3307,com.google.android.gms.wearable,15,empty #17]
06-04 17:06:48.080  1046  1063 I dvm_lock_sample: [system_server,1,Binder_2,90,ActivityManagerService.java,7106,-,15706,18]
06-04 17:06:48.081  1046  2050 I am_proc_died: [0,3307,com.google.android.gms.wearable]
06-04 17:06:48.207  1046  4040 I am_proc_start: [0,4045,1000,com.android.keychain,service,com.android.keychain/.KeyChainService]
06-04 17:06:48.246  1046  2050 I am_proc_start: [0,4066,1000,com.qti.diagservices,broadcast,com.qti.diagservices/.Diag_OnBoot]
06-04 17:06:48.251  1046  1449 I am_proc_bound: [0,4045,com.android.keychain]
06-04 17:06:48.296  1046  4042 I am_proc_start: [0,4089,10028,android.process.media,content provider,com.android.providers.downloads/.DownloadProvider]
06-04 17:06:48.296  1046  2050 I am_proc_bound: [0,4066,com.qti.diagservices]
06-04 17:06:48.314  1046  1046 I notification_cancel: [1000,1046,android,17039637,NULL,0,0,0,8,NULL]
06-04 17:06:48.318  1046  1063 I am_proc_bound: [0,4089,android.process.media]
06-04 17:06:48.354  1046  1943 I am_kill : [0,2994,com.lge.ia.task.process.shared,15,empty #17]
06-04 17:06:48.361  1046  1389 I backup_data_changed: com.android.providers.settings
06-04 17:06:48.450  1046  1112 I dvm_lock_sample: [system_server,0,ActivityManager,97,ActivityManagerService.java,3783,-,15706,19]
06-04 17:06:48.459  1046  1776 I dvm_lock_sample: [system_server,1,Binder_5,82,ActivityManagerService.java,5949,-,15706,16]
06-04 17:06:48.460  1046  2095 I am_proc_died: [0,2994,com.lge.ia.task.process.shared]
06-04 17:06:48.468  1046  1046 I notification_cancel: [10026,3860,com.android.contacts,1,DefaultVoicemailNotifier,0,0,64,8,NULL]
06-04 17:06:48.531  1046  1046 I notification_cancel: [10065,4015,com.kddi.android.email,1000,com.kddi.android.email.update.UpdateShow,0,0,64,8,NULL]
06-04 17:06:48.558  1046  2001 I am_proc_start: [0,4119,10005,jp.united.app.cocoppa,broadcast,jp.united.app.cocoppa/.broadcast.UpdateBroadcastReceiver]
06-04 17:06:48.589  1046  1419 I am_proc_bound: [0,4119,jp.united.app.cocoppa]
06-04 17:06:48.606  1046  1963 I notification_cancel_all: [10028,4089,com.android.providers.downloads,0,0,64,9,NULL]
06-04 17:06:48.612  1046  2050 I am_proc_start: [0,4148,10097,jp.gree.android.pf.greeapp1753,broadcast,jp.gree.android.pf.greeapp1753/.widget.MarketWidgetRestartReceiver]
06-04 17:06:48.640  1046  1449 I am_proc_bound: [0,4148,jp.gree.android.pf.greeapp1753]
06-04 17:06:48.670  1046  2095 I am_kill : [0,2587,com.lge.formmanager,15,empty #17]
06-04 17:06:48.686  3047  4111 I aggregation: 1433405208686
06-04 17:06:48.719  1046  2001 I am_proc_died: [0,2587,com.lge.formmanager]
06-04 17:06:48.841  1046  1943 I am_proc_start: [0,4192,10009,jp.netstar.familysmile,broadcast,jp.netstar.familysmile/.BootReceiver]
06-04 17:06:48.842  1046  1943 I am_kill : [0,3759,com.lge.sizechangable.weather,15,empty #17]
06-04 17:06:48.910  1046  1983 I dvm_lock_sample: [system_server,1,Binder_B,68,ActivityManagerService.java,15675,-,18976,13]
06-04 17:06:48.910  1046  1112 I dvm_lock_sample: [system_server,0,ActivityManager,67,ActivityManagerService.java,3783,-,18976,13]
06-04 17:06:48.910  1046  2095 I am_proc_died: [0,3759,com.lge.sizechangable.weather]
06-04 17:06:48.912  1046  2036 I am_proc_bound: [0,4192,jp.netstar.familysmile]
06-04 17:06:49.074  1046  2050 I am_proc_start: [0,4229,10114,com.lge.sizechangable.weather,broadcast,com.lge.sizechangable.weather/.layout.WeatherWidget]
06-04 17:06:49.076  1046  2050 I am_kill : [0,3791,com.lge.appbox.client:SingleBinaryService,15,empty #17]
06-04 17:06:49.141  1046  1776 I am_proc_died: [0,3791,com.lge.appbox.client:SingleBinaryService]
06-04 17:06:49.141  1046  1112 I dvm_lock_sample: [system_server,0,ActivityManager,65,ActivityManagerService.java,3783,-,18976,13]
06-04 17:06:49.142  1046  1799 I am_proc_bound: [0,4229,com.lge.sizechangable.weather]
06-04 17:06:49.202  1046  1943 I am_proc_start: [0,4253,10010,jibe.android.activity,broadcast,jibe.android.activity/jibe.android.util.JibeBootCompleteReceiver]
06-04 17:06:49.263  1046  1776 I am_proc_start: [0,4271,10012,com.google.android.gms.unstable,service,com.google.android.gms/.droidguard.DroidGuardService]
