02-14 17:05:56.616  1057  1842 D ActivityManager: resumeTopActivityLocked: Top activity resumed ActivityRecord{9aaa8f0 u0 com.android.settings/.lgesetting.wireless.DataNetworkModePayPopupLGT t33}
02-14 17:05:56.622  1057  2072 W ActivityManager: Unable to start service Intent { act=com.google.android.gm.email.EXCHANGE_INTENT pkg=com.google.android.gm.exchange } U=0: not found
02-14 17:05:56.622  1057  2033 W ActivityManager: Unable to start service Intent { act=com.google.android.gm.email.EXCHANGE_INTENT pkg=com.google.android.gm.exchange } U=0: not found
02-14 17:05:56.714  1057  2110 W ActivityManager: Unable to start service Intent { act=com.google.android.gm.email.EXCHANGE_INTENT pkg=com.google.android.gm.exchange } U=0: not found
02-14 17:05:56.717  1057  1435 W ActivityManager: Unable to start service Intent { cmp=com.google.android.gm/com.android.email.service.AttachmentService } U=0: not found
02-14 17:05:56.717  1057  1435 W ActivityManager: Unable to start service Intent { cmp=com.google.android.gm/com.android.email.service.AttachmentService } U=0: not found
02-14 17:05:56.719  1057  2034 W ActivityManager: Unable to start service Intent { cmp=com.google.android.gm/com.android.email.service.AttachmentService } U=0: not found
02-14 17:05:56.725  1057  2110 W ActivityManager: Unable to start service Intent { act=com.google.android.gm.email.EXCHANGE_INTENT pkg=com.google.android.gm.exchange } U=0: not found
02-14 17:05:56.743  1057  2110 W ActivityManager: Unable to start service Intent { act=com.google.android.gm.email.EXCHANGE_INTENT pkg=com.google.android.gm.exchange } U=0: not found
02-14 17:05:56.777  1057  2287 W ActivityManager: Unable to start service Intent { act=com.google.android.gm.email.EXCHANGE_INTENT pkg=com.google.android.gm.exchange } U=0: not found
02-14 17:05:56.868  1057  2287 I ActivityManager: Start proc com.lge.gnss.airtest for broadcast com.lge.gnss.airtest/.GnssAirTestReceiver: pid=5375 uid=10075 gids={50075, 9997, 1028, 1015} abi=armeabi-v7a
02-14 17:05:56.871  1057  2111 W ActivityManager: Unable to start service Intent { act=com.google.android.gm.email.EXCHANGE_INTENT pkg=com.google.android.gm.exchange } U=0: not found
02-14 17:05:56.877  1057  1435 W ActivityManager: Unable to start service Intent { act=com.google.android.gm.email.EXCHANGE_INTENT pkg=com.google.android.gm.exchange } U=0: not found
02-14 17:05:56.883  5304  5304 E ActivityThread: Service com.android.email.service.EmailBroadcastProcessorService has leaked ServiceConnection com.android.emailcommon.service.J@7003a1f that was originally bound here
02-14 17:05:56.883  5304  5304 E ActivityThread: android.app.ServiceConnectionLeaked: Service com.android.email.service.EmailBroadcastProcessorService has leaked ServiceConnection com.android.emailcommon.service.J@7003a1f that was originally bound here
02-14 17:05:56.883  5304  5304 E ActivityThread: 	at android.app.LoadedApk$ServiceDispatcher.<init>(LoadedApk.java:1167)
02-14 17:05:56.883  5304  5304 E ActivityThread: 	at android.app.LoadedApk.getServiceDispatcher(LoadedApk.java:1061)
02-14 17:05:56.883  5304  5304 E ActivityThread: 	at android.app.ContextImpl.bindServiceCommon(ContextImpl.java:1839)
02-14 17:05:56.883  5304  5304 E ActivityThread: 	at android.app.ContextImpl.bindService(ContextImpl.java:1822)
02-14 17:05:56.883  5304  5304 E ActivityThread: 	at android.content.ContextWrapper.bindService(ContextWrapper.java:538)
02-14 17:05:56.883  5304  5304 E ActivityThread: 	at com.android.emailcommon.service.H.a(SourceFile:181)
02-14 17:05:56.883  5304  5304 E ActivityThread: 	at com.android.emailcommon.service.H.mb(SourceFile:224)
02-14 17:05:56.883  5304  5304 E ActivityThread: 	at com.android.email.service.n.j(SourceFile:160)
02-14 17:05:56.883  5304  5304 E ActivityThread: 	at com.android.email.provider.b.a(SourceFile:171)
02-14 17:05:56.883  5304  5304 E ActivityThread: 	at com.android.email.provider.b.F(SourceFile:115)
02-14 17:05:56.883  5304  5304 E ActivityThread: 	at com.android.email.service.EmailBroadcastProcessorService.kD(SourceFile:305)
02-14 17:05:56.883  5304  5304 E ActivityThread: 	at com.android.email.service.EmailBroadcastProcessorService.onHandleIntent(SourceFile:130)
02-14 17:05:56.883  5304  5304 E ActivityThread: 	at android.app.IntentService$ServiceHandler.handleMessage(IntentService.java:65)
02-14 17:05:56.883  5304  5304 E ActivityThread: 	at android.os.Handler.dispatchMessage(Handler.java:102)
02-14 17:05:56.883  5304  5304 E ActivityThread: 	at android.os.Looper.loop(Looper.java:135)
02-14 17:05:56.883  5304  5304 E ActivityThread: 	at android.os.HandlerThread.run(HandlerThread.java:61)
02-14 17:05:56.886  1057  1435 W ActivityManager: Unbind failed: could not find connection for android.os.BinderProxy@20f19c4b
02-14 17:05:56.899  1057  1842 I ActivityManager: Killing 3999:com.wsandroid.suite.lge/1000 (adj 15): empty #17
02-14 17:05:57.007  1057  1441 W libprocessgroup: failed to open /acct/uid_1000/pid_3999/cgroup.procs: No such file or directory
02-14 17:05:57.011  1057  1441 D ActivityManager: resumeTopActivityLocked: Top activity resumed ActivityRecord{9aaa8f0 u0 com.android.settings/.lgesetting.wireless.DataNetworkModePayPopupLGT t33}
02-14 17:05:57.067  1057  2111 I ActivityManager: Killing 4900:com.lge.lgaccount/u0a84 (adj 15): empty #17
02-14 17:05:57.097  1057  2034 W libprocessgroup: failed to open /acct/uid_10084/pid_4900/cgroup.procs: No such file or directory
02-14 17:05:57.098  1057  2034 D ActivityManager: resumeTopActivityLocked: Top activity resumed ActivityRecord{9aaa8f0 u0 com.android.settings/.lgesetting.wireless.DataNetworkModePayPopupLGT t33}
02-14 17:05:57.147  1057  1416 I ActivityManager: Start proc com.google.android.talk for broadcast com.google.android.talk/com.google.android.apps.hangouts.service.BootReceiver: pid=5401 uid=10082 gids={50082, 9997, 3003, 1028, 1015, 3002} abi=armeabi-v7a
02-14 17:05:57.215  5401  5401 W ResourcesManager: Asset path '/system/framework/com.google.android.media.effects.jar' does not exist or contains no resources.
02-14 17:05:57.271  2531  4506 W ActivityThread: ClassLoader.loadClass: The class loader returned by Thread.getContextClassLoader() may fail for processes that host multiple applications. You should explicitly specify a context class loader. For example: Thread.setContextClassLoader(getClass().getClassLoader());
02-14 17:05:57.278  1057  1140 D DSQN    : DNSproblemNotiEnabled is disabled ignore DNS fail CB
02-14 17:05:57.645  1057  1842 I ActivityManager: Start proc com.lge.hiddenmenu for broadcast com.lge.hiddenmenu/.lgodm.LGODMReceiver: pid=5447 uid=1000 gids={41000, 9997, 1028, 1015, 3003, 3002, 3001, 4002, 1007, 1023, 1021, 3004, 3005, 1000, 3009, 1010, 1004, 2002, 3008, 1026, 1009, 1027, 1003, 1014, 2001, 1002} abi=armeabi-v7a
02-14 17:05:57.646  1057  1842 I ActivityManager: Killing 4880:com.lge.ia.task.textlink/u0a144 (adj 15): empty #17
02-14 17:05:57.724  1057  1840 W libprocessgroup: failed to open /acct/uid_10144/pid_4880/cgroup.procs: No such file or directory
02-14 17:05:57.726  1057  1840 D ActivityManager: resumeTopActivityLocked: Top activity resumed ActivityRecord{9aaa8f0 u0 com.android.settings/.lgesetting.wireless.DataNetworkModePayPopupLGT t33}
02-14 17:05:57.734  1057  1312 V AlarmManager: ELAPSED_WAKEUP set : Alarm{71e176e type 2 when 61146 com.google.android.talk} when 61146
02-14 17:05:57.755  5447  5447 W ResourcesManager: Asset path '/system/framework/com.lge.mdm.jar' does not exist or contains no resources.
02-14 17:05:57.849  1057  2072 I ActivityManager: Start proc com.lge.lgaccount for broadcast com.lge.lgaccount/.service.LGAccountReceiver: pid=5465 uid=10084 gids={50084, 9997, 3003} abi=armeabi-v7a
02-14 17:05:57.854  1057  2072 I ActivityManager: Killing 4859:com.lge.lifetracker/u0a37 (adj 15): empty #17
02-14 17:05:57.950  1057  2287 W libprocessgroup: failed to open /acct/uid_10037/pid_4859/cgroup.procs: No such file or directory
02-14 17:05:57.951  1057  2287 D ActivityManager: resumeTopActivityLocked: Top activity resumed ActivityRecord{9aaa8f0 u0 com.android.settings/.lgesetting.wireless.DataNetworkModePayPopupLGT t33}
02-14 17:05:57.956  1057  2110 W ActivityManager: getRecentTasks: caller 10003 is using old GET_TASKS but privileged; allowing
02-14 17:05:58.095  1057  2033 I ActivityManager: Start proc com.lge.defaultaccount for broadcast com.lge.defaultaccount/.receiver.ReceiverBootUp: pid=5484 uid=10085 gids={50085, 9997} abi=armeabi-v7a
02-14 17:05:58.096  1057  2033 I ActivityManager: Killing 4950:com.lguplus.downloader/u0a40 (adj 15): empty #17
02-14 17:05:58.191  1057  2111 W libprocessgroup: failed to open /acct/uid_10040/pid_4950/cgroup.procs: No such file or directory
02-14 17:05:58.192  1057  2111 D ActivityManager: resumeTopActivityLocked: Top activity resumed ActivityRecord{9aaa8f0 u0 com.android.settings/.lgesetting.wireless.DataNetworkModePayPopupLGT t33}
02-14 17:05:58.292  1057  2111 I ActivityManager: Start proc com.lge.settings.easy for broadcast com.lge.settings.easy/com.lge.settings.bluetooth.LGBluetoothProfileConnectionReceiver: pid=5506 uid=1000 gids={41000, 9997, 1028, 1015, 3003, 3002, 3001, 4002, 1007, 1023, 1021, 3004, 3005, 1000, 3009, 1010, 1004, 2002, 3008, 1026, 1009, 1027, 1003, 1014, 2001, 1002} abi=armeabi-v7a
02-14 17:05:58.295  1057  2111 I ActivityManager: Killing 4979:com.lge.voicerecorder/u0a46 (adj 15): empty #17
02-14 17:05:58.331  1057  2287 W libprocessgroup: failed to open /acct/uid_10046/pid_4979/cgroup.procs: No such file or directory
02-14 17:05:58.332  1057  2287 D ActivityManager: resumeTopActivityLocked: Top activity resumed ActivityRecord{9aaa8f0 u0 com.android.settings/.lgesetting.wireless.DataNetworkModePayPopupLGT t33}
02-14 17:05:58.362  5506  5506 W ResourcesManager: Asset path '/system/framework/com.lge.mdm.jar' does not exist or contains no resources.
02-14 17:05:58.407  1057  2071 I ActivityManager: Start proc com.android.providers.calendar for content provider com.android.providers.calendar/.CalendarProvider2: pid=5524 uid=10014 gids={50014, 9997, 3003, 1028, 1015} abi=armeabi-v7a
02-14 17:05:58.489  1057  2034 I ActivityManager: Start proc com.lge.lgfota.permission for broadcast com.lge.lgfota.permission/.DmcTargetValidationReceiver: pid=5543 uid=1000 gids={41000, 9997, 1028, 1015, 3003, 3002, 3001, 4002, 1007, 1023, 1021, 3004, 3005, 1000, 3009, 1010, 1004, 2002, 3008, 1026, 1009, 1027, 1003, 1014, 2001, 1002} abi=armeabi-v7a
02-14 17:05:58.491  1057  2034 I ActivityManager: Killing 3853:com.lge.formmanager/u0a25 (adj 15): empty #17
02-14 17:05:58.563  1057  1435 I ActivityManager: Killing 5020:com.lge.lockscreensettings/u0a92 (adj 15): empty #17
02-14 17:05:58.613  1057  1149 W libprocessgroup: failed to open /acct/uid_10025/pid_3853/cgroup.procs: No such file or directory
02-14 17:05:58.621  1057  1149 D ActivityManager: resumeTopActivityLocked: Top activity resumed ActivityRecord{9aaa8f0 u0 com.android.settings/.lgesetting.wireless.DataNetworkModePayPopupLGT t33}
02-14 17:05:58.634  1057  1840 W libprocessgroup: failed to open /acct/uid_10092/pid_5020/cgroup.procs: No such file or directory
02-14 17:05:58.642  1057  1840 D ActivityManager: resumeTopActivityLocked: Top activity resumed ActivityRecord{9aaa8f0 u0 com.android.settings/.lgesetting.wireless.DataNetworkModePayPopupLGT t33}
02-14 17:05:58.656  5524  5524 W ResourcesManager: Asset path '/system/framework/android.test.runner.jar' does not exist or contains no resources.
02-14 17:05:58.707  1057  1057 D BatteryServiceEx: Sending ACTION_BATTERYEX_CHANGED.  Battery ID:1, Battery Current:0, Battery Condition:-1000000, Battery charging current:-1000000, mExtPwr:0, Battery level:94, Battery status:2, Battery plugged type:1, Wireless Alignment:0
02-14 17:05:58.730  1057  2111 I ActivityManager: Start proc com.lge.lockscreensettings for broadcast com.lge.lockscreensettings/.LockSettingsReceiver: pid=5567 uid=10092 gids={50092, 9997, 1028, 1015} abi=armeabi-v7a
02-14 17:05:58.733  1057  2111 I ActivityManager: Killing 5065:com.android.managedprovisioning/u0a47 (adj 15): empty #17
02-14 17:05:58.747  1057  1140 D DSQN    : DNSproblemNotiEnabled is disabled ignore DNS fail CB
02-14 17:05:58.790  1057  2287 W libprocessgroup: failed to open /acct/uid_10047/pid_5065/cgroup.procs: No such file or directory
02-14 17:05:58.791  1057  2287 D ActivityManager: resumeTopActivityLocked: Top activity resumed ActivityRecord{9aaa8f0 u0 com.android.settings/.lgesetting.wireless.DataNetworkModePayPopupLGT t33}
02-14 17:05:58.801  1057  2033 I ActivityManager: Killing 5047:com.lge.sizechangable.weather.platform/u0a100 (adj 15): empty #17
02-14 17:05:58.860  1057  2110 W libprocessgroup: failed to open /acct/uid_10100/pid_5047/cgroup.procs: No such file or directory
02-14 17:05:58.861  1057  2110 D ActivityManager: resumeTopActivityLocked: Top activity resumed ActivityRecord{9aaa8f0 u0 com.android.settings/.lgesetting.wireless.DataNetworkModePayPopupLGT t33}
02-14 17:05:58.918  1057  2072 I ActivityManager: Start proc com.lge.springcleaning for broadcast com.lge.springcleaning/.receiver.BootCompleteReceiver: pid=5588 uid=1000 gids={41000, 9997, 1028, 1015, 3003, 3002, 3001, 4002, 1007, 1023, 1021, 3004, 3005, 1000, 3009, 1010, 1004, 2002, 3008, 1026, 1009, 1027, 1003, 1014, 2001, 1002} abi=armeabi-v7a
02-14 17:05:58.922  1057  2072 I ActivityManager: Killing 5089:com.android.vending/u0a48 (adj 15): empty #17
02-14 17:05:59.029  1057  2034 I ActivityManager: Process com.lge.defaultaccount (pid 5484) has died
02-14 17:05:59.031  1057  2034 D ActivityManager: resumeTopActivityLocked: Top activity resumed ActivityRecord{9aaa8f0 u0 com.android.settings/.lgesetting.wireless.DataNetworkModePayPopupLGT t33}
02-14 17:05:59.036  1057  2111 W libprocessgroup: failed to open /acct/uid_10048/pid_5089/cgroup.procs: No such file or directory
02-14 17:05:59.037  1057  2111 D ActivityManager: resumeTopActivityLocked: Top activity resumed ActivityRecord{9aaa8f0 u0 com.android.settings/.lgesetting.wireless.DataNetworkModePayPopupLGT t33}
02-14 17:05:59.085  5588  5588 W ContextImpl: Calling a method in the system process without a qualified user: android.app.ContextImpl.startService:1757 android.content.ContextWrapper.startService:515 android.content.ContextWrapper.startService:515 com.lge.springcleaning.receiver.BootCompleteReceiver.onReceive:36 android.app.ActivityThread.handleReceiver:2586 
02-14 17:05:59.134  1057  2034 I ActivityManager: Start proc com.lge.springcleaning:AppCleanupService for service com.lge.springcleaning/.service.AppCleanupService: pid=5606 uid=1000 gids={41000, 9997, 1028, 1015, 3003, 3002, 3001, 4002, 1007, 1023, 1021, 3004, 3005, 1000, 3009, 1010, 1004, 2002, 3008, 1026, 1009, 1027, 1003, 1014, 2001, 1002} abi=armeabi-v7a
02-14 17:05:59.210  1057  1416 I ActivityManager: Start proc com.lgt.arm for broadcast com.lgt.arm/.receiver.ArmReciever: pid=5625 uid=10098 gids={50098, 9997, 1028, 1015, 3003} abi=armeabi-v7a
02-14 17:05:59.365  1057  2072 I ActivityManager: Start proc com.lgt.arm:ARMService for service com.lgt.arm/.ArmService: pid=5644 uid=10098 gids={50098, 9997, 1028, 1015, 3003} abi=armeabi-v7a
02-14 17:05:59.423  1057  1416 I ActivityManager: Start proc com.lge.sizechangable.weather for broadcast com.lge.sizechangable.weather/.layout.WeatherWidget: pid=5665 uid=10099 gids={50099, 9997, 3003, 1028, 1015} abi=armeabi-v7a
02-14 17:05:59.424  1057  1416 I ActivityManager: Killing 5166:com.google.android.partnersetup/u0a8 (adj 15): empty #17
02-14 17:05:59.477  1057  1073 W libprocessgroup: failed to open /acct/uid_10008/pid_5166/cgroup.procs: No such file or directory
02-14 17:05:59.479  1057  1073 D ActivityManager: resumeTopActivityLocked: Top activity resumed ActivityRecord{9aaa8f0 u0 com.android.settings/.lgesetting.wireless.DataNetworkModePayPopupLGT t33}
02-14 17:05:59.552  1057  1416 I ActivityManager: Start proc com.lguplus.common.wificm.mwlan for content provider com.lguplus.common.wificm.mwlan/.MwlanContentProvider: pid=5683 uid=1000 gids={41000, 9997, 1028, 1015, 3003, 3002, 3001, 4002, 1007, 1023, 1021, 3004, 3005, 1000, 3009, 1010, 1004, 2002, 3008, 1026, 1009, 1027, 1003, 1014, 2001, 1002} abi=armeabi-v7a
02-14 17:05:59.739  1057  2072 I ActivityManager: Start proc com.lguplus.pushagent for broadcast com.lguplus.pushagent/.service.PushAgentServiceManager: pid=5704 uid=10104 gids={50104, 9997, 3003, 1028, 1015} abi=armeabi-v7a
02-14 17:05:59.740  1057  2072 I ActivityManager: Killing 5201:com.lge.cloudhub/u0a63 (adj 15): empty #17
02-14 17:05:59.805  1057  1073 W libprocessgroup: failed to open /acct/uid_10063/pid_5201/cgroup.procs: No such file or directory
02-14 17:05:59.806  1057  1073 D ActivityManager: resumeTopActivityLocked: Top activity resumed ActivityRecord{9aaa8f0 u0 com.android.settings/.lgesetting.wireless.DataNetworkModePayPopupLGT t33}
02-14 17:05:59.817  1057  1140 D DSQN    : DNSproblemNotiEnabled is disabled ignore DNS fail CB
02-14 17:05:59.919  1057  2071 I ActivityManager: Start proc com.lguplus.usimsvcm for broadcast com.lguplus.usimsvcm/.receiver.LocalPushReceiver: pid=5728 uid=10116 gids={50116, 9997, 3003, 1028} abi=armeabi-v7a
02-14 17:05:59.929  1057  1149 W ActivityManager: getRecentTasks: caller 10003 is using old GET_TASKS but privileged; allowing
02-14 17:06:00.087  1057  2034 I ActivityManager: Start proc com.lguplus.appstore for broadcast com.lguplus.appstore/.util.AutoUpdateBootTimerReceiver: pid=5749 uid=10118 gids={50118, 9997, 3003, 1028, 1015} abi=armeabi-v7a
02-14 17:06:00.088  1057  2034 I ActivityManager: Killing 5219:com.google.android.configupdater/u0a66 (adj 15): empty #17
02-14 17:06:00.144  1057  2072 W libprocessgroup: failed to open /acct/uid_10066/pid_5219/cgroup.procs: No such file or directory
02-14 17:06:00.145  1057  2072 D ActivityManager: resumeTopActivityLocked: Top activity resumed ActivityRecord{9aaa8f0 u0 com.android.settings/.lgesetting.wireless.DataNetworkModePayPopupLGT t33}
02-14 17:06:00.315  1057  2034 I ActivityManager: Start proc lg.uplusbox for broadcast lg.uplusbox/.agent.service.StartReceiver: pid=5769 uid=10119 gids={50119, 9997, 3003, 1028, 1015} abi=armeabi-v7a
02-14 17:06:00.317  1057  2034 I ActivityManager: Killing 5249:com.lge.drmservice/u0a70 (adj 15): empty #17
02-14 17:06:00.401  1057  1843 W libprocessgroup: failed to open /acct/uid_10070/pid_5249/cgroup.procs: No such file or directory
02-14 17:06:00.402  1057  1843 D ActivityManager: resumeTopActivityLocked: Top activity resumed ActivityRecord{9aaa8f0 u0 com.android.settings/.lgesetting.wireless.DataNetworkModePayPopupLGT t33}
02-14 17:06:01.879  1057  1135 I ActivityManager: Waited long enough for: ServiceRecord{2fc30faa u0 com.qti.diagservices/.QTIDiagServices}
02-14 17:06:01.930  1057  1073 W ActivityManager: getRecentTasks: caller 10003 is using old GET_TASKS but privileged; allowing
02-14 17:06:03.255  1057  2287 I ActivityManager: Start proc com.lge.eula for broadcast com.lge.eula/.service.LicenseSIMObserver: pid=5810 uid=1000 gids={41000, 9997, 1028, 1015, 3003, 3002, 3001, 4002, 1007, 1023, 1021, 3004, 3005, 1000, 3009, 1010, 1004, 2002, 3008, 1026, 1009, 1027, 1003, 1014, 2001, 1002} abi=armeabi-v7a
02-14 17:06:03.492  1057  2111 I ActivityManager: Start proc com.google.android.youtube for broadcast com.google.android.youtube/com.google.android.apps.youtube.core.transfer.DownloadService$BootReceiver: pid=5828 uid=10124 gids={50124, 9997, 3003, 1028, 1015} abi=armeabi-v7a
02-14 17:06:03.496  1057  2111 I ActivityManager: Killing 5267:com.lguplus.easyRoamingServiceClosed/u0a71 (adj 15): empty #17
02-14 17:06:03.547  1057  1842 W libprocessgroup: failed to open /acct/uid_10071/pid_5267/cgroup.procs: No such file or directory
02-14 17:06:03.549  1057  1842 D ActivityManager: resumeTopActivityLocked: Top activity resumed ActivityRecord{9aaa8f0 u0 com.android.settings/.lgesetting.wireless.DataNetworkModePayPopupLGT t33}
02-14 17:06:03.799  5828  5846 W ResourcesManager: Asset path '/system/framework/com.android.media.remotedisplay.jar' does not exist or contains no resources.
02-14 17:06:03.800  5828  5846 W ResourcesManager: Asset path '/system/framework/com.android.location.provider.jar' does not exist or contains no resources.
02-14 17:06:03.930  1057  1843 W ActivityManager: getRecentTasks: caller 10003 is using old GET_TASKS but privileged; allowing
02-14 17:06:03.982   287   368 E VoldCmdListener: [LGE][VOLD][CommandListener.cpp][VolumeCmd::runCommand()] argv[0]:volume, argv[1]:mkdirs, argc:3
02-14 17:06:03.982   287   368 E Vold    : Failed to find mounted volume for /storage/external_SD/Android/data/com.google.android.youtube/cache/
02-14 17:06:03.982   287   368 W Vold    : Returning OperationFailed - no handler for errno 0
02-14 17:06:04.515  1057  1140 D DSQN    : DNSproblemNotiEnabled is disabled ignore DNS fail CB
02-14 17:06:04.538   287   368 E VoldCmdListener: [LGE][VOLD][CommandListener.cpp][VolumeCmd::runCommand()] argv[0]:volume, argv[1]:mkdirs, argc:3
02-14 17:06:04.538   287   368 E Vold    : Failed to find mounted volume for /storage/external_SD/Android/data/com.google.android.youtube/cache/
02-14 17:06:04.538   287   368 W Vold    : Returning OperationFailed - no handler for errno 0
02-14 17:06:04.544   287   368 E VoldCmdListener: [LGE][VOLD][CommandListener.cpp][VolumeCmd::runCommand()] argv[0]:volume, argv[1]:mkdirs, argc:3
02-14 17:06:04.544   287   368 E Vold    : Failed to find mounted volume for /storage/external_SD/Android/data/com.google.android.youtube/files/
02-14 17:06:04.544   287   368 W Vold    : Returning OperationFailed - no handler for errno 0
02-14 17:06:04.546   287   368 E VoldCmdListener: [LGE][VOLD][CommandListener.cpp][VolumeCmd::runCommand()] argv[0]:volume, argv[1]:mkdirs, argc:3
02-14 17:06:04.546   287   368 E Vold    : Failed to find mounted volume for /storage/external_SD/Android/data/com.google.android.youtube/files/
02-14 17:06:04.546   287   368 W Vold    : Returning OperationFailed - no handler for errno 0
02-14 17:06:04.631  3769  3769 W ContextImpl: Calling a method in the system process without a qualified user: android.app.ContextImpl.startService:1757 android.content.ContextWrapper.startService:515 android.content.ContextWrapper.startService:515 com.qualcomm.atfwd.AtFwdAutoboot.onReceive:24 android.app.ActivityThread.handleReceiver:2586 
02-14 17:06:04.643  2015  2015 W ContextImpl: Calling a method in the system process without a qualified user: android.app.ContextImpl.startService:1757 android.content.ContextWrapper.startService:515 android.content.ContextWrapper.startService:515 com.qualcomm.qti.services.secureui.BootReceiver.onReceive:30 android.app.ActivityThread.handleReceiver:2586 
02-14 17:06:04.648  1057  2034 W BroadcastQueue: Permission Denial: receiving Intent { act=android.intent.action.BOOT_COMPLETED flg=0x8000010 (has extras) } to com.lguplus.mobile.cs/.GCMBootCompleteReceiver requires android.permission.RECEIVE_BOOT_COMPLETED due to sender null (uid 1000)
02-14 17:06:04.663  1057  1435 I ActivityManager: Killing 5324:com.lge.clock/u0a10 (adj 15): empty #17
02-14 17:06:04.667  2015  5902 W ContextImpl: Calling a method in the system process without a qualified user: android.app.ContextImpl.bindService:1821 android.content.ContextWrapper.bindService:538 com.qualcomm.qti.services.secureui.WfdReceiver.<init>:48 com.qualcomm.qti.services.secureui.SecureUIService.run:95 java.lang.Thread.run:818 
02-14 17:06:04.849  1057  2287 I ActivityManager: Start proc com.qualcomm.wfd.service:wfd_service for service com.qualcomm.wfd.service/.WfdService: pid=5906 uid=1000 gids={41000, 9997, 1028, 1015, 3003, 3002, 3001, 4002, 1007, 1023, 1021, 3004, 3005, 1000, 3009, 1010, 1004, 2002, 3008, 1026, 1009, 1027, 1003, 1014, 2001, 1002} abi=armeabi-v7a
02-14 17:06:04.850  1057  2033 W libprocessgroup: failed to open /acct/uid_10010/pid_5324/cgroup.procs: No such file or directory
02-14 17:06:04.852  1057  2033 D ActivityManager: resumeTopActivityLocked: Top activity resumed ActivityRecord{9aaa8f0 u0 com.android.settings/.lgesetting.wireless.DataNetworkModePayPopupLGT t33}
02-14 17:06:04.912  1057  1435 I ActivityManager: Start proc com.uplus.ipagent for broadcast com.uplus.ipagent/.call.CallReceiver: pid=5924 uid=10130 gids={50130, 9997, 3003, 1028, 1015, 3002, 3001} abi=armeabi-v7a
02-14 17:06:04.932  1057  1135 I ActivityManager: Waited long enough for: ServiceRecord{89ceaba u0 com.android.calendar/.alerts.InitAlarmsService}
02-14 17:06:05.041  5906  5906 W ContextImpl: Calling a method in the system process without a qualified user: android.app.ContextImpl.sendBroadcast:1392 android.content.ContextWrapper.sendBroadcast:376 com.qualcomm.wfd.service.SessionManagerService.broadcastWifiDisplayVideoEnabled:1221 com.qualcomm.wfd.service.SessionManagerService.teardown:1053 com.qualcomm.wfd.service.SessionManagerService.<init>:159 
02-14 17:06:05.146  1057  1435 I ActivityManager: Start proc com.mnsoft.lgunavi for service com.mnsoft.lgunavi/com.mnsoft.offboardnavi.OBNRemoteService: pid=5953 uid=10147 gids={50147, 9997, 3003, 1028, 1015, 3002, 3001} abi=armeabi
02-14 17:06:05.229  1057  1135 I ActivityManager: Waited long enough for: ServiceRecord{2d5c60e0 u0 com.lge.lgdmsclient/.service.DmDownloadService}
02-14 17:06:05.930  1057  2111 W ActivityManager: getRecentTasks: caller 10003 is using old GET_TASKS but privileged; allowing
02-14 17:06:06.268  1057  1074 I ActivityManager: Start proc com.lge.formmanager for broadcast com.lge.formmanager/.FormServiceReceiver: pid=5995 uid=10025 gids={50025, 9997, 3003, 1028} abi=armeabi-v7a
02-14 17:06:06.430  1057  1149 I ActivityManager: Start proc com.lge.lifetracker for broadcast com.lge.lifetracker/.core.receiver.CoreEventReceiver: pid=6018 uid=10037 gids={50037, 9997, 3003, 3002, 3001, 1028, 1015} abi=armeabi-v7a
02-14 17:06:06.474  1057  2033 I ActivityManager: Killing 5304:com.google.android.gm/u0a74 (adj 15): empty #17
02-14 17:06:06.551  1057  2072 W libprocessgroup: failed to open /acct/uid_10074/pid_5304/cgroup.procs: No such file or directory
02-14 17:06:06.552  1057  2072 D ActivityManager: resumeTopActivityLocked: Top activity resumed ActivityRecord{9aaa8f0 u0 com.android.settings/.lgesetting.wireless.DataNetworkModePayPopupLGT t33}
02-14 17:06:06.594  1057  1840 I ActivityManager: Killing 5375:com.lge.gnss.airtest/u0a75 (adj 15): empty #17
02-14 17:06:06.624  1057  2071 W libprocessgroup: failed to open /acct/uid_10075/pid_5375/cgroup.procs: No such file or directory
02-14 17:06:06.627  1057  2071 D ActivityManager: resumeTopActivityLocked: Top activity resumed ActivityRecord{9aaa8f0 u0 com.android.settings/.lgesetting.wireless.DataNetworkModePayPopupLGT t33}
02-14 17:06:06.829  1057  1840 W InputMethodManagerService: Starting input on non-focused client com.android.internal.view.IInputMethodClient$Stub$Proxy@83d72ef (uid=10028 pid=2092)
02-14 17:06:06.961  1057  1073 I ActivityManager: Start proc com.lge.qremote for broadcast com.lge.qremote/.appwidget.RemoteAppWidgetProvider: pid=6053 uid=10137 gids={50137, 9997, 1028, 1015, 3003, 3002} abi=armeabi
02-14 17:06:07.029  6053  6053 W ResourcesManager: Asset path '/system/framework/com.lge.mdm.jar' does not exist or contains no resources.
02-14 17:06:07.222  1057  1435 I ActivityManager: Start proc com.uei.lg.quicksetsdk.maxq616 for service com.uei.lg.quicksetsdk.maxq616/com.uei.control.Service: pid=6077 uid=1000 gids={41000, 9997, 1028, 1015, 3003, 3002, 3001, 4002, 1007, 1023, 1021, 3004, 3005, 1000, 3009, 1010, 1004, 2002, 3008, 1026, 1009, 1027, 1003, 1014, 2001, 1002} abi=armeabi-v7a
02-14 17:06:07.270  6053  6053 V LGMDMManager: Create singleton instance
02-14 17:06:07.353  6053  6053 V LGMDMManager: gAIP(NULL) ret:true
02-14 17:06:07.468  1057  1337 D WifiService: New client listening to asynchronous messages
02-14 17:06:07.504  1057  1073 I ActivityManager: Start proc com.wsandroid.suite.lge for broadcast com.wsandroid.suite.lge/com.wavesecure.core.WSAndroidSystemIntentReceiver: pid=6110 uid=1000 gids={41000, 9997, 1028, 1015, 3003, 3002, 3001, 4002, 1007, 1023, 1021, 3004, 3005, 1000, 3009, 1010, 1004, 2002, 3008, 1026, 1009, 1027, 1003, 1014, 2001, 1002} abi=armeabi-v7a
02-14 17:06:07.567  6110  6110 W ResourcesManager: Asset path '/system/framework/com.lge.mdm.jar' does not exist or contains no resources.
02-14 17:06:07.858  1057  1140 D DSQN    : DNSproblemNotiEnabled is disabled ignore DNS fail CB
02-14 17:06:07.930  1057  1416 W ActivityManager: getRecentTasks: caller 10003 is using old GET_TASKS but privileged; allowing
02-14 17:06:08.063  1057  1135 I ActivityManager: Waited long enough for: ServiceRecord{135bc7de u0 com.lge.mlt/.MltMonitorService}
02-14 17:06:08.127  6077  6077 W ContextImpl: Calling a method in the system process without a qualified user: android.app.ContextImpl.bindService:1821 android.content.ContextWrapper.bindService:538 com.uei.control.Service.b:-1 com.uei.control.Service.a:-1 com.uei.control.Service.onCreate:-1 
02-14 17:06:08.174  1057  2033 I ActivityManager: Killing 5447:com.lge.hiddenmenu/1000 (adj 15): empty #17
02-14 17:06:08.270  1057  2033 I ActivityManager: Killing 5401:com.google.android.talk/u0a82 (adj 15): empty #18
02-14 17:06:08.281  6110  6110 V LGMDMManager: Create singleton instance
02-14 17:06:08.358  6110  6110 V LGMDMManager: getMDMVersion ver:4.0.0
02-14 17:06:08.381  1057  1074 W libprocessgroup: failed to open /acct/uid_1000/pid_5447/cgroup.procs: No such file or directory
02-14 17:06:08.388  1057  1074 D ActivityManager: resumeTopActivityLocked: Top activity resumed ActivityRecord{9aaa8f0 u0 com.android.settings/.lgesetting.wireless.DataNetworkModePayPopupLGT t33}
02-14 17:06:08.395  1057  2034 W libprocessgroup: failed to open /acct/uid_10082/pid_5401/cgroup.procs: No such file or directory
02-14 17:06:08.398  1057  2034 D ActivityManager: resumeTopActivityLocked: Top activity resumed ActivityRecord{9aaa8f0 u0 com.android.settings/.lgesetting.wireless.DataNetworkModePayPopupLGT t33}
02-14 17:06:08.437  6110  6139 W ContextImpl: Calling a method in the system process without a qualified user: android.app.ContextImpl.sendBroadcast:1392 android.content.ContextWrapper.sendBroadcast:376 android.content.ContextWrapper.sendBroadcast:376 com.mcafee.framework.a.run:-1 java.lang.Thread.run:818 
02-14 17:06:08.439  1057  1416 I ActivityManager: Killing 5506:com.lge.settings.easy/1000 (adj 15): empty #17
02-14 17:06:08.514  1057  1149 W libprocessgroup: failed to open /acct/uid_1000/pid_5506/cgroup.procs: No such file or directory
02-14 17:06:08.519  1057  1149 D ActivityManager: resumeTopActivityLocked: Top activity resumed ActivityRecord{9aaa8f0 u0 com.android.settings/.lgesetting.wireless.DataNetworkModePayPopupLGT t33}
02-14 17:06:08.620  1057  2111 I ActivityManager: Start proc com.lge.appbox.client for broadcast com.lge.appbox.client/com.lge.appbox.receiver.NetworkStateForAutoUpdateMonitor: pid=6143 uid=10011 gids={50011, 9997, 3003, 1028, 1015, 2001} abi=armeabi-v7a
02-14 17:06:08.670  6110  6138 W ActivityThread: ClassLoader.getResources: The class loader returned by Thread.getContextClassLoader() may fail for processes that host multiple applications. You should explicitly specify a context class loader. For example: Thread.setContextClassLoader(getClass().getClassLoader());
02-14 17:06:08.801  1057  1074 I ActivityManager: Killing 5524:com.android.providers.calendar/u0a14 (adj 15): empty #17
02-14 17:06:08.832  1057  2071 W libprocessgroup: failed to open /acct/uid_10014/pid_5524/cgroup.procs: No such file or directory
02-14 17:06:08.834  1057  2071 D ActivityManager: resumeTopActivityLocked: Top activity resumed ActivityRecord{9aaa8f0 u0 com.android.settings/.lgesetting.wireless.DataNetworkModePayPopupLGT t33}
02-14 17:06:08.840  4770  4770 W ContextImpl: Calling a method in the system process without a qualified user: android.app.ContextImpl.startService:1757 android.content.ContextWrapper.startService:515 com.lge.lgdmsclient.dmclient.agent.DmDeviceActionReceiver.doAction:78 com.lge.lgdmsclient.dmclient.agent.DmDeviceActionReceiver.onReceive:132 android.app.ActivityThread.handleReceiver:2586 
02-14 17:06:08.842  4770  4770 W ContextImpl: Calling a method in the system process without a qualified user: android.app.ContextImpl.startService:1757 android.content.ContextWrapper.startService:515 com.lge.lgdmsclient.dmclient.agent.DmDeviceActionReceiver.doAction:82 com.lge.lgdmsclient.dmclient.agent.DmDeviceActionReceiver.onReceive:132 android.app.ActivityThread.handleReceiver:2586 
02-14 17:06:08.892  1057  2033 I ActivityManager: Start proc com.lge.email for broadcast com.lge.email/.adapter.eas.EasBroadcastReceiver: pid=6178 uid=10022 gids={50022, 9997, 3003, 4002, 1023, 1028, 1015, 3001, 3002} abi=armeabi-v7a
02-14 17:06:08.946  6178  6178 W ResourcesManager: Asset path '/system/framework/com.google.android.maps.jar' does not exist or contains no resources.
02-14 17:06:08.946  6178  6178 W ResourcesManager: Asset path '/system/framework/com.lge.mdm.jar' does not exist or contains no resources.
02-14 17:06:08.947  6178  6178 W ResourcesManager: Asset path '/system/framework/qcrilhook.jar' does not exist or contains no resources.
02-14 17:06:08.948  6178  6178 W ResourcesManager: Asset path '/system/framework/com.lge.zdi.splitwindow.jar' does not exist or contains no resources.
02-14 17:06:09.038  6110  6138 W ContextImpl: Calling a method in the system process without a qualified user: android.app.ContextImpl.sendBroadcast:1392 android.content.ContextWrapper.sendBroadcast:376 com.mcafee.vsmandroid.gh.h:-1 com.mcafee.vsm.ext.common.a.d.a:-1 com.mcafee.vsm.ext.common.api.ExtUtils.stopApp:-1 
02-14 17:06:09.292  1057  1135 I ActivityManager: Waited long enough for: ServiceRecord{2324b850 u0 com.google.android.googlequicksearchbox/com.google.android.search.core.service.SearchService}
02-14 17:06:09.476  1057  2034 I ActivityManager: Killing 5543:com.lge.lgfota.permission/1000 (adj 15): empty #17
02-14 17:06:09.502  1057  2071 W libprocessgroup: failed to open /acct/uid_1000/pid_5543/cgroup.procs: No such file or directory
02-14 17:06:09.502  1057  2071 D ActivityManager: resumeTopActivityLocked: Top activity resumed ActivityRecord{9aaa8f0 u0 com.android.settings/.lgesetting.wireless.DataNetworkModePayPopupLGT t33}
02-14 17:06:09.547  1057  2034 I ActivityManager: Start proc com.lguplus.common_api_impl for broadcast com.lguplus.common_api_impl/.UpdateReceiver: pid=6214 uid=10042 gids={50042, 9997} abi=armeabi-v7a
02-14 17:06:09.711  1057  2110 I ActivityManager: Start proc com.google.android.setupwizard for broadcast com.google.android.setupwizard/.carrier.MobileConnectivityChangeReceiver: pid=6236 uid=10050 gids={50050, 9997, 3003} abi=armeabi-v7a
02-14 17:06:09.716  1057  2110 I ActivityManager: Killing 5567:com.lge.lockscreensettings/u0a92 (adj 15): empty #17
02-14 17:06:09.752  1057  2071 W libprocessgroup: failed to open /acct/uid_10092/pid_5567/cgroup.procs: No such file or directory
02-14 17:06:09.754  1057  2071 D ActivityManager: resumeTopActivityLocked: Top activity resumed ActivityRecord{9aaa8f0 u0 com.android.settings/.lgesetting.wireless.DataNetworkModePayPopupLGT t33}
02-14 17:06:09.930  1057  2072 W ActivityManager: getRecentTasks: caller 10003 is using old GET_TASKS but privileged; allowing
02-14 17:06:09.992  1057  1843 I ActivityManager: Start proc com.lguplus.callHelperClosed for broadcast com.lguplus.callHelperClosed/lgt.callhelper.receiver.CallServiceReceiver: pid=6260 uid=10058 gids={50058, 9997, 3003, 1028, 1015} abi=armeabi-v7a
02-14 17:06:09.998  1057  1843 I ActivityManager: Killing 5588:com.lge.springcleaning/1000 (adj 15): empty #17
02-14 17:06:10.074  1057  1441 W libprocessgroup: failed to open /acct/uid_1000/pid_5588/cgroup.procs: No such file or directory
02-14 17:06:10.077  1057  1441 D ActivityManager: resumeTopActivityLocked: Top activity resumed ActivityRecord{9aaa8f0 u0 com.android.settings/.lgesetting.wireless.DataNetworkModePayPopupLGT t33}
02-14 17:06:10.197  1057  2287 I ActivityManager: Start proc com.android.chrome for broadcast com.android.chrome/com.google.android.apps.chrome.precache.PrecacheServiceLauncher: pid=6278 uid=10062 gids={50062, 9997, 3003, 1028, 1015} abi=armeabi-v7a
02-14 17:06:10.204  1057  2287 I ActivityManager: Killing 5625:com.lgt.arm/u0a98 (adj 15): empty #17
02-14 17:06:10.261  1057  1073 W libprocessgroup: failed to open /acct/uid_10098/pid_5625/cgroup.procs: No such file or directory
02-14 17:06:10.262  1057  1073 D ActivityManager: resumeTopActivityLocked: Top activity resumed ActivityRecord{9aaa8f0 u0 com.android.settings/.lgesetting.wireless.DataNetworkModePayPopupLGT t33}
02-14 17:06:10.542  1057  2287 I ActivityManager: Start proc com.lge.drmservice for broadcast com.lge.drmservice/.DrmBroadcastReceiver: pid=6297 uid=10070 gids={50070, 9997, 4002, 3003, 1028} abi=armeabi-v7a
02-14 17:06:10.543  1057  2287 I ActivityManager: Killing 5665:com.lge.sizechangable.weather/u0a99 (adj 15): empty #17
02-14 17:06:10.661  1057  2034 W libprocessgroup: failed to open /acct/uid_10099/pid_5665/cgroup.procs: No such file or directory
02-14 17:06:10.665  1057  2034 D ActivityManager: resumeTopActivityLocked: Top activity resumed ActivityRecord{9aaa8f0 u0 com.android.settings/.lgesetting.wireless.DataNetworkModePayPopupLGT t33}
02-14 17:06:10.723  1057  1073 I ActivityManager: Killing 5728:com.lguplus.usimsvcm/u0a116 (adj 15): empty #17
02-14 17:06:10.763  1057  1840 W libprocessgroup: failed to open /acct/uid_10116/pid_5728/cgroup.procs: No such file or directory
02-14 17:06:10.764  1057  1840 D ActivityManager: resumeTopActivityLocked: Top activity resumed ActivityRecord{9aaa8f0 u0 com.android.settings/.lgesetting.wireless.DataNetworkModePayPopupLGT t33}
02-14 17:06:10.782  5683  5683 W ContextImpl: Calling a method in the system process without a qualified user: android.app.ContextImpl.startService:1757 android.content.ContextWrapper.startService:515 android.content.ContextWrapper.startService:515 com.lguplus.common.wificm.mwlan.UpdateReceiver.onReceive:-1 android.app.ActivityThread.handleReceiver:2586 
02-14 17:06:10.858  1057  2071 I ActivityManager: Start proc com.lge.sizechangable.weather for broadcast com.lge.sizechangable.weather/.layout.WeatherWidget: pid=6330 uid=10099 gids={50099, 9997, 3003, 1028, 1015} abi=armeabi-v7a
02-14 17:06:11.115  1057  1843 I ActivityManager: Killing 5749:com.lguplus.appstore/u0a118 (adj 15): empty #17
02-14 17:06:11.145  1057  1441 W libprocessgroup: failed to open /acct/uid_10118/pid_5749/cgroup.procs: No such file or directory
02-14 17:06:11.151  1057  1441 D ActivityManager: resumeTopActivityLocked: Top activity resumed ActivityRecord{9aaa8f0 u0 com.android.settings/.lgesetting.wireless.DataNetworkModePayPopupLGT t33}
02-14 17:06:11.192  1057  1843 I ActivityManager: Start proc com.google.android.apps.magazines for broadcast com.google.android.apps.magazines/com.google.apps.dots.android.newsstand.appwidget.NewsWidgetProvider: pid=6356 uid=10107 gids={50107, 9997, 3003, 1028, 1015} abi=armeabi-v7a
02-14 17:06:11.350   287   368 E VoldCmdListener: [LGE][VOLD][CommandListener.cpp][VolumeCmd::runCommand()] argv[0]:volume, argv[1]:mkdirs, argc:3
02-14 17:06:11.350   287   368 E Vold    : Failed to find mounted volume for /storage/external_SD/Android/data/com.google.android.apps.magazines/cache/
02-14 17:06:11.350   287   368 W Vold    : Returning OperationFailed - no handler for errno 0
02-14 17:06:11.358   287   368 E VoldCmdListener: [LGE][VOLD][CommandListener.cpp][VolumeCmd::runCommand()] argv[0]:volume, argv[1]:mkdirs, argc:3
02-14 17:06:11.358   287   368 E Vold    : Failed to find mounted volume for /storage/external_SD/Android/data/com.google.android.apps.magazines/files/
02-14 17:06:11.358   287   368 W Vold    : Returning OperationFailed - no handler for errno 0
02-14 17:06:11.371   287   368 E VoldCmdListener: [LGE][VOLD][CommandListener.cpp][VolumeCmd::runCommand()] argv[0]:volume, argv[1]:mkdirs, argc:3
02-14 17:06:11.371   287   368 E Vold    : Failed to find mounted volume for /storage/external_SD/Android/data/com.google.android.apps.magazines/cache/
02-14 17:06:11.371   287   368 W Vold    : Returning OperationFailed - no handler for errno 0
02-14 17:06:11.378   287   368 E VoldCmdListener: [LGE][VOLD][CommandListener.cpp][VolumeCmd::runCommand()] argv[0]:volume, argv[1]:mkdirs, argc:3
02-14 17:06:11.378   287   368 E Vold    : Failed to find mounted volume for /storage/external_SD/Android/data/com.google.android.apps.magazines/files/
02-14 17:06:11.378   287   368 W Vold    : Returning OperationFailed - no handler for errno 0
02-14 17:06:11.858  1057  2287 I ActivityManager: Start proc com.google.android.apps.plus for broadcast com.google.android.apps.plus/.service.ConnectivityReceiver: pid=6420 uid=10111 gids={50111, 9997, 3003, 3002, 1028, 1015} abi=armeabi-v7a
02-14 17:06:11.859  1057  1149 I ActivityManager: Killing 5810:com.lge.eula/1000 (adj 15): empty #17
02-14 17:06:11.903  1057  1441 W libprocessgroup: failed to open /acct/uid_1000/pid_5810/cgroup.procs: No such file or directory
02-14 17:06:11.905  1057  1441 D ActivityManager: resumeTopActivityLocked: Top activity resumed ActivityRecord{9aaa8f0 u0 com.android.settings/.lgesetting.wireless.DataNetworkModePayPopupLGT t33}
02-14 17:06:11.930  1057  1843 W ActivityManager: getRecentTasks: caller 10003 is using old GET_TASKS but privileged; allowing
02-14 17:06:11.941  6420  6420 W ResourcesManager: Asset path '/system/framework/com.google.android.maps.jar' does not exist or contains no resources.
02-14 17:06:12.531  1057  1441 I ActivityManager: Start proc com.lguplus.appstore for broadcast com.lguplus.appstore/.util.ConnReceiver: pid=6458 uid=10118 gids={50118, 9997, 3003, 1028, 1015} abi=armeabi-v7a
02-14 17:06:12.710  1057  1337 D WifiService: New client listening to asynchronous messages
02-14 17:06:12.716  1057  2071 I ActivityManager: Killing 5828:com.google.android.youtube/u0a124 (adj 15): empty #17
02-14 17:06:12.817  1057  2034 W libprocessgroup: failed to open /acct/uid_10124/pid_5828/cgroup.procs: No such file or directory
02-14 17:06:12.820  1057  2034 D ActivityManager: resumeTopActivityLocked: Top activity resumed ActivityRecord{9aaa8f0 u0 com.android.settings/.lgesetting.wireless.DataNetworkModePayPopupLGT t33}
02-14 17:06:12.900  1057  2287 I ActivityManager: Start proc com.lguplus.nsrm_client for broadcast com.lguplus.nsrm_client/.Receiver: pid=6485 uid=1000 gids={41000, 9997, 1028, 1015, 3003, 3002, 3001, 4002, 1007, 1023, 1021, 3004, 3005, 1000, 3009, 1010, 1004, 2002, 3008, 1026, 1009, 1027, 1003, 1014, 2001, 1002} abi=armeabi-v7a
02-14 17:06:12.998  1057  1073 I ActivityManager: Killing 5465:com.lge.lgaccount/u0a84 (adj 15): empty #17
02-14 17:06:13.045  1057  1416 W libprocessgroup: failed to open /acct/uid_10084/pid_5465/cgroup.procs: No such file or directory
02-14 17:06:13.047  1057  1416 D ActivityManager: resumeTopActivityLocked: Top activity resumed ActivityRecord{9aaa8f0 u0 com.android.settings/.lgesetting.wireless.DataNetworkModePayPopupLGT t33}
02-14 17:06:13.108  6053  6053 V LGMDMManager: gAIP(NULL) ret:true
02-14 17:06:13.199  1057  1416 I ActivityManager: Start proc com.lge.clock for broadcast com.lge.clock/.widget.DigitalAppWidgetProvider: pid=6508 uid=10010 gids={50010, 9997, 3003, 1028, 4002} abi=armeabi-v7a
02-14 17:06:13.300  1057  2034 I ActivityManager: Killing 6018:com.lge.lifetracker/u0a37 (adj 15): empty #17
02-14 17:06:13.343  1057  1840 W libprocessgroup: failed to open /acct/uid_10037/pid_6018/cgroup.procs: No such file or directory
02-14 17:06:13.345  1057  1840 D ActivityManager: resumeTopActivityLocked: Top activity resumed ActivityRecord{9aaa8f0 u0 com.android.settings/.lgesetting.wireless.DataNetworkModePayPopupLGT t33}
02-14 17:06:13.468  1057  1149 I ActivityManager: Start proc com.lge.sync for broadcast com.lge.sync/.StartReceiver: pid=6529 uid=1000 gids={41000, 9997, 1028, 1015, 3003, 3002, 3001, 4002, 1007, 1023, 1021, 3004, 3005, 1000, 3009, 1010, 1004, 2002, 3008, 1026, 1009, 1027, 1003, 1014, 2001, 1002} abi=armeabi-v7a
02-14 17:06:13.584  6529  6529 W ContextImpl: Calling a method in the system process without a qualified user: android.app.ContextImpl.startService:1757 android.content.ContextWrapper.startService:515 android.content.ContextWrapper.startService:515 com.lge.sync.StartReceiver.onReceive:196 android.app.ActivityThread.handleReceiver:2586 
02-14 17:06:13.653  1057  1337 D WifiService: New client listening to asynchronous messages
02-14 17:06:13.722  1057  1073 I ActivityManager: Start proc com.lguplus.usimsvcm for broadcast com.lguplus.usimsvcm/.ui.widgetprovider.SmartwalletWidgetProvider2By2AtLeastHoneycomb: pid=6551 uid=10116 gids={50116, 9997, 3003, 1028} abi=armeabi-v7a
02-14 17:06:13.859  1057  1074 I ActivityManager: Killing 6143:com.lge.appbox.client/u0a11 (adj 15): empty #17
02-14 17:06:13.916  1057  1073 W libprocessgroup: failed to open /acct/uid_10011/pid_6143/cgroup.procs: No such file or directory
02-14 17:06:13.920  1057  1073 D ActivityManager: resumeTopActivityLocked: Top activity resumed ActivityRecord{9aaa8f0 u0 com.android.settings/.lgesetting.wireless.DataNetworkModePayPopupLGT t33}
02-14 17:06:13.931  1057  2111 W ActivityManager: getRecentTasks: caller 10003 is using old GET_TASKS but privileged; allowing
02-14 17:06:13.963  6053  6053 V LGMDMManager: gAIP(NULL) ret:true
02-14 17:06:14.162  1057  2111 I ActivityManager: Start proc com.lge.bnr for broadcast com.lge.bnr/.receiver.DamagedFileRemover: pid=6581 uid=1000 gids={41000, 9997, 1028, 1015, 3003, 3002, 3001, 4002, 1007, 1023, 1021, 3004, 3005, 1000, 3009, 1010, 1004, 2002, 3008, 1026, 1009, 1027, 1003, 1014, 2001, 1002} abi=armeabi-v7a
02-14 17:06:14.164  1057  1135 I ActivityManager: Waited long enough for: ServiceRecord{1841f5d u0 com.lge.springcleaning/.service.AppCleanupService}
02-14 17:06:14.366  1057  1135 I ActivityManager: Waited long enough for: ServiceRecord{2de85459 u0 com.lgt.arm/.ArmService}
02-14 17:06:14.369  1057  1074 I ActivityManager: Killing 6178:com.lge.email/u0a22 (adj 15): empty #17
02-14 17:06:14.427  1057  2071 W libprocessgroup: failed to open /acct/uid_10022/pid_6178/cgroup.procs: No such file or directory
02-14 17:06:14.429  1057  2071 D ActivityManager: resumeTopActivityLocked: Top activity resumed ActivityRecord{9aaa8f0 u0 com.android.settings/.lgesetting.wireless.DataNetworkModePayPopupLGT t33}
02-14 17:06:14.604  1057  2072 I ActivityManager: Start proc com.android.providers.calendar for broadcast com.android.providers.calendar/.CalendarProviderBroadcastReceiver: pid=6605 uid=10014 gids={50014, 9997, 3003, 1028, 1015} abi=armeabi-v7a
02-14 17:06:14.670  6605  6605 W ResourcesManager: Asset path '/system/framework/android.test.runner.jar' does not exist or contains no resources.
02-14 17:06:14.796  1057  1435 I ActivityManager: Start proc com.google.android.gm for broadcast com.google.android.gm/.widget.GmailWidgetProvider: pid=6628 uid=10074 gids={50074, 9997, 3003, 1028, 1015} abi=armeabi-v7a
02-14 17:06:14.866  1057  1135 I ActivityManager: Waited long enough for: ServiceRecord{2b75381e u0 com.lguplus.pushagent/.service.PushAgentService}
02-14 17:06:14.877  1057  2033 I ActivityManager: Killing 5995:com.lge.formmanager/u0a25 (adj 15): empty #17
02-14 17:06:14.953  1057  1840 W libprocessgroup: failed to open /acct/uid_10025/pid_5995/cgroup.procs: No such file or directory
02-14 17:06:14.954  1057  1840 D ActivityManager: resumeTopActivityLocked: Top activity resumed ActivityRecord{9aaa8f0 u0 com.android.settings/.lgesetting.wireless.DataNetworkModePayPopupLGT t33}
02-14 17:06:14.978  1057  2071 W ActivityManager: Unable to start service Intent { act=com.google.android.gm.email.EXCHANGE_INTENT pkg=com.google.android.gm.exchange } U=0: not found
02-14 17:06:14.987  6628  6649 D ActivityThread: Loading provider com.google.android.gmail.provider;com.android.mail.notifier;com.google.android.gm.email.provider;com.google.android.gm.email.notifier: com.android.email.provider.EmailProvider
02-14 17:06:14.990  1057  2111 W ActivityManager: Unable to start service Intent { act=com.google.android.gm.email.EXCHANGE_INTENT pkg=com.google.android.gm.exchange } U=0: not found
02-14 17:06:15.056  1057  2287 W ActivityManager: Unable to start service Intent { cmp=com.google.android.gm/com.android.email.service.AttachmentService } U=0: not found
02-14 17:06:15.057  1057  1441 W ActivityManager: Unable to start service Intent { act=com.google.android.gm.email.EXCHANGE_INTENT pkg=com.google.android.gm.exchange } U=0: not found
02-14 17:06:15.058  1057  1074 W ActivityManager: Unable to start service Intent { cmp=com.google.android.gm/com.android.email.service.AttachmentService } U=0: not found
02-14 17:06:15.072  1057  1073 W ActivityManager: Unable to start service Intent { act=com.google.android.gm.email.EXCHANGE_INTENT pkg=com.google.android.gm.exchange } U=0: not found
02-14 17:06:15.150  1057  1416 W ActivityManager: Unable to start service Intent { act=com.google.android.gm.email.EXCHANGE_INTENT pkg=com.google.android.gm.exchange } U=0: not found
02-14 17:06:15.215  1057  2111 I ActivityManager: Killing 6214:com.lguplus.common_api_impl/u0a42 (adj 15): empty #17
02-14 17:06:15.261  1057  2071 W libprocessgroup: failed to open /acct/uid_10042/pid_6214/cgroup.procs: No such file or directory
02-14 17:06:15.262  1057  2071 D ActivityManager: resumeTopActivityLocked: Top activity resumed ActivityRecord{9aaa8f0 u0 com.android.settings/.lgesetting.wireless.DataNetworkModePayPopupLGT t33}
02-14 17:06:15.351  1057  2111 I ActivityManager: Start proc com.google.android.talk for broadcast com.google.android.talk/com.google.android.apps.hangouts.realtimechat.RealTimeChatService$AlarmReceiver: pid=6666 uid=10082 gids={50082, 9997, 3003, 1028, 1015, 3002} abi=armeabi-v7a
