06-04 17:06:28.125  1046  1362 W PackageManager: Unknown permission com.google.android.providers.gmail.permission.READ_GMAIL in package com.android.contacts
06-04 17:06:28.125  1046  1362 W PackageManager: Unknown permission com.android.email.permission.READ_ATTACHMENT in package com.android.contacts
06-04 17:06:28.125  1046  1362 W PackageManager: Unknown permission com.lge.vvm.permission.READ_VVM_DATA in package com.android.contacts
06-04 17:06:28.125  1046  1362 W PackageManager: Unknown permission com.lge.aab.READ_AAB_STATE in package com.android.contacts
06-04 17:06:28.126  1046  1362 W PackageManager: Unknown permission com.lge.aab.WRITE_AAB_STATE in package com.android.contacts
06-04 17:06:28.126  1046  1362 W PackageManager: Unknown permission com.lge.aab.AAB_OPEN in package com.android.contacts
06-04 17:06:28.126  1046  1362 W PackageManager: Unknown permission com.vcast.mediamanager.CLOUD_PERMISSION in package com.android.contacts
06-04 17:06:28.126  1046  1362 W PackageManager: Not granting permission android.permission.READ_LOGS to package com.kddi.android.videopass (protectionLevel=50 flags=0x183e44)
06-04 17:06:28.126  1046  1362 W PackageManager: Unknown permission com.sdgtl.gateway.configuration.READ_CONFIGURATION in package com.kddi.android.videopass
06-04 17:06:28.126  1046  1362 W PackageManager: Unknown permission com.sonymobile.media.permission.TILES_ACCESS in package com.kddi.android.videopass
06-04 17:06:28.127  1046  1362 W PackageManager: Not granting permission android.permission.DEVICE_POWER to package jp.kddilabs.smartnetwork.troubleshooting (protectionLevel=2 flags=0x4000be45)
06-04 17:06:28.127  1046  1362 W PackageManager: Unknown permission android.permission.ACCESS_4G_STATE in package jp.kddilabs.smartnetwork.troubleshooting
06-04 17:06:28.127  1046  1362 W PackageManager: Unknown permission android.permission.ACCESS_4G_RADIO_DISABLE in package jp.kddilabs.smartnetwork.troubleshooting
06-04 17:06:28.127  1046  1362 W PackageManager: Unknown permission android.permission.CHANGE_4G_STATE in package jp.kddilabs.smartnetwork.troubleshooting
06-04 17:06:28.127  1046  1362 W PackageManager: Unknown permission com.kddi.android.easysettingwizard.permission.READ in package jp.kddilabs.smartnetwork.troubleshooting
06-04 17:06:28.127  1046  1362 W PackageManager: Unknown permission android.permission.LGT_CONTENTS in package com.android.defcontainer
06-04 17:06:28.127  1046  1362 W PackageManager: Not granting permission android.permission.WRITE_SECURE_SETTINGS to package com.lge.gnss.airtest (protectionLevel=50 flags=0x8be45)
06-04 17:06:28.128  1046  1362 W PackageManager: Not granting permission com.lge.permission.LGHIDDEN to package com.lge.gnss.airtest (protectionLevel=18 flags=0x8be45)
06-04 17:06:28.128  1046  1362 W PackageManager: Unknown permission com.google.android.email.permission.READ_ATTACHMENT in package com.google.android.gm
06-04 17:06:28.128  1046  1362 W PackageManager: Unknown permission com.google.android.email.permission.ACCESS_PROVIDER in package com.google.android.gm
06-04 17:06:28.129  1046  1362 W PackageManager: Unknown permission com.lge.sizechangable.weather.platform.permission.USE_WEATHER_INFO in package com.android.systemui
06-04 17:06:28.129  1046  1362 W PackageManager: Unknown permission com.lge.systemui.permission.USE_NOTIFICATION_FLAGS in package com.android.systemui
06-04 17:06:28.129  1046  1362 W PackageManager: Unknown permission com.lge.qpair.permission.USE_QPAIR_SERVICE in package com.android.systemui
06-04 17:06:28.129  1046  1362 W PackageManager: Unknown permission com.nttdocomo.android.screenlockservice.DCM_SCREEN in package com.android.systemui
06-04 17:06:28.129  1046  1362 W PackageManager: Unknown permission jp.co.disney.apps.dm.dmd008charactersettings.permission.READ_APP_SETTING in package com.android.systemui
06-04 17:06:28.130  1046  1362 W PackageManager: Unknown permission android.permission.NFC_UNLOCK in package com.android.nfc
06-04 17:06:28.130  1046  1362 W PackageManager: Unknown permission com.lge.systemui.permission.USE_NOTIFICATION_FLAGS in package com.lge.systemservice
06-04 17:06:28.131  1046  1362 W PackageManager: Not granting permission android.permission.SEND_DOWNLOAD_COMPLETED_INTENTS to package com.android.vending (protectionLevel=2 flags=0x400abe45)
06-04 17:06:28.131  1046  1362 W PackageManager: Unknown permission android.permission.SEND_SMS_NO_CONFIRMATION in package com.android.vending
06-04 17:06:28.132  1046  1362 W PackageManager: Not granting permission android.permission.RECEIVE_EMERGENCY_BROADCAST to package com.lge.fullsize.auhome.widget (protectionLevel=18 flags=0x8be45)
06-04 17:06:28.132  1046  1362 W PackageManager: Unknown permission com.samsung.wmanager.ENABLE_NOTIFICATION in package com.kddi.android.email
06-04 17:06:28.132  1046  1362 W PackageManager: Unknown permission com.lge.systemui.permission.USE_NOTIFICATION_FLAGS in package com.lge.smartshare
06-04 17:06:28.133  1046  1362 W PackageManager: Unknown permission com.kddi.android.klop.permission.USE_KLOP in package com.lge.isaimotion
06-04 17:06:28.133  1046  1362 W PackageManager: Not granting permission android.permission.MANAGE_DOCUMENTS to package com.google.android.youtube (protectionLevel=2 flags=0x183e45)
06-04 17:06:28.133  1046  1362 W PackageManager: Unknown permission com.sprint.id.permission.PACK_ACTIVITY in package com.android.LGSetupWizard
06-04 17:06:28.134  1046  1362 W PackageManager: Unknown permission com.lge.permission.ACCESS_YELLOWPAGE in package com.android.providers.contacts
06-04 17:06:28.134  1046  1362 W PackageManager: Unknown permission com.kddi.android.auclouduploader.permission.ACCESS_SETTINGS in package com.kddi.android.easysettingwizard
06-04 17:06:28.134  1046  1362 W PackageManager: Unknown permission android.permission.READ_MMS in package com.lge.ia.task.informant
06-04 17:06:28.134  1046  1362 W PackageManager: Unknown permission com.lge.formmanager.permission.READ_FORMS_TABLE in package com.lge.ia.task.informant
06-04 17:06:28.134  1046  1362 W PackageManager: Unknown permission com.cequint.ecid.CALLER_ID_LOOKUP in package com.lge.ia.task.informant
06-04 17:06:28.134  1046  1362 W PackageManager: Unknown permission com.samsung.wmanager.ENABLE_NOTIFICATION in package com.kddi.android.cmail
06-04 17:06:28.135  1046  1362 W PackageManager: Unknown permission android.permission.READ_SETTINGS in package com.lge.ims
06-04 17:06:28.135  1046  1362 W PackageManager: Unknown permission com.kddi.android.providers.securitydata.SecurityDataProvider.permission.ACCESS_SECURITYDATA in package com.kddi.android.UtaPass
06-04 17:06:28.135  1046  1362 W PackageManager: Unknown permission com.sonymobile.media.permission.TILES_ACCESS in package com.kddi.android.UtaPass
06-04 17:06:28.135  1046  1362 W PackageManager: Unknown permission android.permission.READ_OWNER_DATA in package com.google.android.setupwizard
06-04 17:06:28.136  1046  1362 W PackageManager: Unknown permission android.permission.WRITE_OWNER_DATA in package com.google.android.setupwizard
06-04 17:06:28.136  1046  1362 W PackageManager: Unknown permission com.cequint.ecid.CALLER_ID_LOOKUP in package com.android.incallui
06-04 17:06:28.136  1046  1362 W PackageManager: Unknown permission com.lge.systemui.permission.USE_NOTIFICATION_FLAGS in package com.android.incallui
06-04 17:06:28.137  1046  1362 W PackageManager: Not granting permission android.permission.INTERACT_ACROSS_USERS_FULL to package com.kddi.android.ausdbackup (protectionLevel=2 flags=0x4018be45)
06-04 17:06:28.137  1046  1362 W PackageManager: Unknown permission com.google.android.apps.enterprise.dmagent.permission.AutoSyncPermission in package com.google.android.gms
06-04 17:06:28.138  1046  1362 W PackageManager: Unknown permission com.google.android.wearable.READ_SETTINGS in package com.google.android.gms
06-04 17:06:28.139  1046  1362 W PackageManager: Unknown permission android.permission.READ_APN_SETTINGS in package com.lge.android.atservice
06-04 17:06:28.140  1046  1362 W PackageManager: Unknown permission android.permission.LGT_CONTENTS in package com.lge.videoplayer
06-04 17:06:28.140  1046  1362 W PackageManager: Unknown permission com.lge.vt.permission.VT_CALL_STATE_CHANGED in package com.lge.videoplayer
06-04 17:06:28.140  1046  1362 W PackageManager: Unknown permission com.lge.cloudhub.provider.permission.read in package com.lge.videoplayer
06-04 17:06:28.140  1046  1362 W PackageManager: Unknown permission com.lge.cloudhub.provider.permission.write in package com.lge.videoplayer
06-04 17:06:28.140  1046  1362 W PackageManager: Unknown permission com.lge.systemui.permission.USE_NOTIFICATION_FLAGS in package com.lge.videoplayer
06-04 17:06:28.141  1046  1362 W PackageManager: Not granting permission android.permission.CONTROL_KEYGUARD to package com.google.android.gsf.login (protectionLevel=2 flags=0x4048be45)
06-04 17:06:28.141  1046  1362 W PackageManager: Unknown permission com.android.vending.billing.IBillingAccountService.BIND2 in package com.google.android.gsf.login
06-04 17:06:28.142  1046  1362 W PackageManager: Not granting permission com.google.android.gm.permission.READ_GMAIL to package com.android.calendar (protectionLevel=2 flags=0x4049be45)
06-04 17:06:28.142  1046  1362 W PackageManager: Unknown permission com.android.email.permission.READ_ATTACHMENT in package com.android.calendar
06-04 17:06:28.142  1046  1362 W PackageManager: Unknown permission com.lge.email.permission.READ_EMAIL in package com.android.calendar
06-04 17:06:28.142  1046  1362 W PackageManager: Unknown permission com.kddi.android.auclouduploader.permission.ACCESS_SETTINGS in package com.kddi.android.auclouduploader
06-04 17:06:28.142  1046  1362 I PackageManager: Un-granting permission android.permission.WRITE_MEDIA_STORAGE from package com.android.providers.downloads.ui (protectionLevel=18 flags=0x48be44)
06-04 17:06:28.143  1046  1362 W PackageManager: Unknown permission android.permission.BIND_CALL_SERVICE in package com.lge.networksettings
06-04 17:06:28.143  1046  1362 W PackageManager: Unknown permission com.cequint.ecid.CALLER_ID_LOOKUP in package com.lge.networksettings
06-04 17:06:28.143  1046  1362 W PackageManager: Unknown permission com.itsoninc.android.permission.USE_ITSON_SERVICE in package com.lge.networksettings
06-04 17:06:28.143  1046  1362 W PackageManager: Unknown permission com.skt.prod.permission.PHONE_SERVICE in package com.lge.networksettings
06-04 17:06:28.143  1046  1362 W PackageManager: Unknown permission com.lge.systemui.permission.USE_NOTIFICATION_FLAGS in package com.lge.networksettings
06-04 17:06:28.144  1046  1362 W PackageManager: Unknown permission com.verizon.vzwavs.permission.READ in package com.lge.networksettings
06-04 17:06:28.144  1046  1362 W PackageManager: Not granting permission android.permission.STOP_APP_SWITCHES to package com.android.calculator2 (protectionLevel=18 flags=0x48be44)
06-04 17:06:28.145  1046  1362 W PackageManager: Unknown permission com.chrome.permission.DEVICE_EXTRAS in package com.android.chrome
06-04 17:06:28.145  1046  1362 W PackageManager: Unknown permission com.sec.enterprise.knox.MDM_CONTENT_PROVIDER in package com.android.chrome
06-04 17:06:28.145  1046  1362 W PackageManager: Unknown permission com.lge.systemui.permission.USE_NOTIFICATION_FLAGS in package com.lge.voicerecorder
06-04 17:06:28.145  1046  1362 W PackageManager: Not granting permission android.permission.MOUNT_UNMOUNT_FILESYSTEMS to package com.lge.sizechangable.favoritecontacts (protectionLevel=18 flags=0x48be44)
06-04 17:06:28.145  1046  1362 W PackageManager: Unknown permission com.kddi.android.antijaywalk.permission.WRITE_TO_ANTIJAYWALK in package com.kddi.disasterapp
06-04 17:06:28.146  1046  1362 W PackageManager: Unknown permission com.lge.vvm.permission.READ_VVM_DATA in package com.lge.camera
06-04 17:06:28.147  1046  1362 W PackageManager: Not granting permission android.permission.INTERACT_ACROSS_USERS_FULL to package com.lge.appbox.client (protectionLevel=2 flags=0x40483e05)
06-04 17:06:28.147  1046  1362 W PackageManager: Unknown permission com.kt.olleh.permission.DOWNLOAD in package com.lge.appbox.client
06-04 17:06:28.147  1046  1362 W PackageManager: Unknown permission android.permission.READ_SETTINGS in package com.lge.oneseg
06-04 17:06:28.147  1046  1362 W PackageManager: Unknown permission android.permission.WRITE_INTERNAL_STORAGE in package com.lge.oneseg
06-04 17:06:28.147  1046  1362 W PackageManager: Unknown permission com.lge.systemui.permission.USE_NOTIFICATION_FLAGS in package com.lge.oneseg
06-04 17:06:28.148  1046  1362 W PackageManager: Unknown permission com.skype.android.permission.READ_CONTACTS in package jibe.android.activity
06-04 17:06:28.148  1046  1362 W PackageManager: Unknown permission com.lge.cloudservice.permission.CLOUD_SYNC in package com.lge.music
06-04 17:06:28.148  1046  1362 W PackageManager: Unknown permission com.lge.cloudservice.permission.FILE_UPLOAD in package com.lge.music
06-04 17:06:28.148  1046  1362 W PackageManager: Unknown permission com.lge.cloudservice.permission.FILE_DOWNLOAD in package com.lge.music
06-04 17:06:28.148  1046  1362 W PackageManager: Unknown permission com.lge.cloudservice.permission.CONTENT_REQUEST in package com.lge.music
06-04 17:06:28.148  1046  1362 W PackageManager: Not granting permission android.permission.ACCESS_ALL_DOWNLOADS to package com.lge.music (protectionLevel=2 flags=0x4058be65)
06-04 17:06:28.148  1046  1362 W PackageManager: Unknown permission com.lge.systemui.permission.USE_NOTIFICATION_FLAGS in package com.lge.music
06-04 17:06:28.148  1046  1362 W PackageManager: Not granting permission android.permission.INTERACT_ACROSS_USERS_FULL to package com.lge.music (protectionLevel=2 flags=0x4058be65)
06-04 17:06:28.149  1046  1362 W PackageManager: Unknown permission com.lge.cloudhub.provider.permission.read in package com.lge.music
06-04 17:06:28.149  1046  1362 W PackageManager: Unknown permission com.lge.cloudhub.provider.permission.write in package com.lge.music
06-04 17:06:28.149  1046  1362 W PackageManager: Unknown permission android.permission.BIND_CALL_SERVICE in package com.android.phone
06-04 17:06:28.149  1046  1362 W PackageManager: Unknown permission com.cequint.ecid.CALLER_ID_LOOKUP in package com.android.phone
06-04 17:06:28.150  1046  1362 W PackageManager: Unknown permission com.itsoninc.android.permission.USE_ITSON_SERVICE in package com.android.phone
06-04 17:06:28.150  1046  1362 W PackageManager: Unknown permission com.android.server.telecom.permission.REGISTER_PROVIDER_OR_SUBSCRIPTION in package com.android.phone
06-04 17:06:28.150  1046  1362 W PackageManager: Unknown permission com.motricity.verizon.ssoengine.SSOContentProviderConstants.CONTENT_URI_SILENT in package com.android.phone
06-04 17:06:28.150  1046  1362 W PackageManager: Unknown permission com.motricity.verizon.ssoengine.SSOContentProviderConstants.TOKEN in package com.android.phone
06-04 17:06:28.150  1046  1362 W PackageManager: Unknown permission com.skt.prod.permission.PHONE_SERVICE in package com.android.phone
06-04 17:06:28.150  1046  1362 W PackageManager: Unknown permission com.lge.systemui.permission.USE_NOTIFICATION_FLAGS in package com.android.phone
06-04 17:06:28.150  1046  1362 W PackageManager: Unknown permission com.verizon.vzwavs.permission.READ in package com.android.phone
06-04 17:06:28.150  1046  1362 W PackageManager: Unknown permission com.android.voicemail.permission.READ_WRITE_ALL_VOICEMAIL in package com.android.phone
06-04 17:06:28.150  1046  1362 W PackageManager: Unknown permission com.lge.qpair.permission.USE_QPAIR_SERVICE in package com.android.phone
06-04 17:06:28.150  1046  1362 W PackageManager: Unknown permission com.lge.permission.SHORT_ALARM in package com.android.phone
06-04 17:06:28.151  1046  1362 W PackageManager: Unknown permission com.lge.formmanager.permission.READ_FORMS_TABLE in package com.lge.concierge
06-04 17:06:28.151  1046  1362 W PackageManager: Unknown permission com.google.android.gallery3d.permission.PICASA_STORE in package com.google.android.apps.plus
06-04 17:06:28.151  1046  1362 W PackageManager: Not granting permission android.permission.DEVICE_POWER to package com.kddi.android.auhomelauncherforisaifl (protectionLevel=2 flags=0x4058be45)
06-04 17:06:28.152  1046  1362 W PackageManager: Unknown permission android.permission.RUN_INSTRUMENTATION in package com.kddi.android.imp
06-04 17:06:28.152  1046  1362 W PackageManager: Unknown permission com.sonymobile.media.permission.TILES_ACCESS in package com.kddi.android.imp
06-04 17:06:28.152  1046  1362 W PackageManager: Unknown permission com.lge.systemui.permission.USE_NOTIFICATION_FLAGS in package com.lge.smartsharepush
06-04 17:06:28.152  1046  1362 W PackageManager: Unknown permission android.permission.READ_SETTINGS in package com.lge.hiddenmenu
06-04 17:06:28.153  1046  1362 W PackageManager: Unknown permission android.permission.READ_ERS in package com.lge.hiddenmenu
06-04 17:06:28.153  1046  1362 W PackageManager: Unknown permission android.permission.WRITE_ERS in package com.lge.hiddenmenu
06-04 17:06:28.153  1046  1362 W PackageManager: Unknown permission com.lge.permission.LGSystemDB_READ in package com.lge.hiddenmenu
06-04 17:06:28.153  1046  1362 W PackageManager: Unknown permission com.lge.permission.LGSystemDB_WRITE in package com.lge.hiddenmenu
06-04 17:06:28.153  1046  1362 W PackageManager: Unknown permission com.android.providers.syncml.permission.READ_SYNCML_PROFILE in package com.lge.hiddenmenu
06-04 17:06:28.153  1046  1362 W PackageManager: Unknown permission com.android.providers.syncml.permission.WRITE_SYNCML_PROFILE in package com.lge.hiddenmenu
06-04 17:06:28.153  1046  1362 W PackageManager: Unknown permission com.lge.systemui.permission.USE_NOTIFICATION_FLAGS in package com.lge.lifetracker
06-04 17:06:28.154  1046  1362 W PackageManager: Unknown permission com.lge.formmanager.permission.READ_FORMS_TABLE in package com.lge.lifetracker
06-04 17:06:28.154  1046  1362 W PackageManager: Unknown permission com.lge.apprecovery.permission.SAFE_MODE_BACKUP in package com.android.settings
06-04 17:06:28.155  1046  1362 W PackageManager: Unknown permission com.lge.ims.rcsservice.permission.READY_FOR_RCS_ACTIVATE in package com.android.settings
06-04 17:06:28.155  1046  1362 W PackageManager: Unknown permission com.lge.ims.rcsservice.permission.REQUEST_RCS_ACTIVATE in package com.android.settings
06-04 17:06:28.155  1046  1362 W PackageManager: Unknown permission com.lge.aab.AAB_OPEN in package com.android.settings
06-04 17:06:28.155  1046  1362 W PackageManager: Unknown permission com.vzw.permission.ALLOW_VOLTE_PERMISSION in package com.android.settings
06-04 17:06:28.155  1046  1362 W PackageManager: Unknown permission com.lge.sizechangable.weather.platform.permission.USE_WEATHER_INFO in package com.android.settings
06-04 17:06:28.155  1046  1362 W PackageManager: Unknown permission com.android.nfc.permission.NFCEE_ADMIN in package org.simalliance.openmobileapi.service
06-04 17:06:28.155  1046  1362 W PackageManager: Unknown permission com.qualcomm.permission.ACCESS_LOCATION_API in package com.qualcomm.location
06-04 17:06:28.156  1046  1362 W PackageManager: Unknown permission com.kddi.android.klop.permission.USE_KLOP in package com.kddi.pass.launcher
06-04 17:06:28.156  1046  1362 W PackageManager: Unknown permission com.facebook.orca.provider.ACCESS in package com.facebook.katana
06-04 17:06:28.156  1046  1362 W PackageManager: Unknown permission com.facebook.pages.app.provider.ACCESS in package com.facebook.katana
06-04 17:06:28.156  1046  1362 W PackageManager: Not granting permission android.permission.BATTERY_STATS to package com.facebook.katana (protectionLevel=50 flags=0x583e45)
06-04 17:06:28.156  1046  1362 W PackageManager: Unknown permission com.sec.android.provider.badge.permission.READ in package com.facebook.katana
06-04 17:06:28.156  1046  1362 W PackageManager: Unknown permission com.sec.android.provider.badge.permission.WRITE in package com.facebook.katana
06-04 17:06:28.157  1046  1362 W PackageManager: Unknown permission com.htc.launcher.permission.READ_SETTINGS in package com.facebook.katana
06-04 17:06:28.157  1046  1362 W PackageManager: Unknown permission com.htc.launcher.permission.UPDATE_SHORTCUT in package com.facebook.katana
06-04 17:06:28.157  1046  1362 W PackageManager: Unknown permission com.sonyericsson.home.permission.BROADCAST_BADGE in package com.facebook.katana
06-04 17:06:28.157  1046  1362 W PackageManager: Unknown permission com.facebook.home.permission.WRITE_BADGES in package com.facebook.katana
06-04 17:06:28.157  1046  1362 W PackageManager: Unknown permission com.nokia.pushnotifications.permission.RECEIVE in package com.facebook.katana
06-04 17:06:28.157  1046  1362 W PackageManager: Unknown permission com.amazon.device.messaging.permission.RECEIVE in package com.facebook.katana
06-04 17:06:28.157  1046  1362 W PackageManager: Not granting permission android.permission.INTERACT_ACROSS_USERS_FULL to package com.lge.app.floating.res (protectionLevel=2 flags=0x4048be45)
06-04 17:06:28.158  1046  1362 W PackageManager: Unknown permission com.lge.launcher.permission.WRITE_SETTINGS in package com.lge.launcher2
06-04 17:06:28.158  1046  1362 W PackageManager: Unknown permission com.lge.launcher.permission.READ_SETTINGS in package com.lge.launcher2
06-04 17:06:28.158  1046  1362 W PackageManager: Unknown permission com.dashwire.homescreen.permission.CONFIGURE_HOMESCREEN in package com.lge.launcher2
06-04 17:06:28.158  1046  1362 W PackageManager: Unknown permission com.android.email.permission.ACCESS_PROVIDER in package com.lge.launcher2
06-04 17:06:28.159  1046  1362 W PackageManager: Unknown permission com.lge.email.permission.READ_EMAIL in package com.lge.launcher2
06-04 17:06:28.159  1046  1362 W PackageManager: Unknown permission com.lge.formmanager.permission.READ_FORMS_TABLE in package com.lge.launcher2
06-04 17:06:28.159  1046  1362 W PackageManager: Unknown permission android.permission.SMARTCARD in package com.gemalto.tsmproxy
06-04 17:06:28.159  1046  1362 W PackageManager: Unknown permission android.permission.WRITE_INTERNAL_STORAGE in package com.lge.myplace.engine
06-04 17:06:28.159  1046  1362 W PackageManager: Unknown permission com.android.email.permission.READ_ATTACHMENT in package com.lge.task
06-04 17:06:28.159  1046  1362 W PackageManager: Not granting permission com.lge.email.permission.ACCESS_PROVIDER to package com.lge.task (protectionLevel=18 flags=0x48be44)
06-04 17:06:28.160  1046  1362 W PackageManager: Unknown permission android.permission.WRITE_SYNC_STATS in package com.google.android.apps.docs
06-04 17:06:28.160  1046  1362 W PackageManager: Unknown permission com.android.voicemail.permission.READ_WRITE_ALL_VOICEMAIL in package com.lge.sync
06-04 17:06:28.160  1046  1362 W PackageManager: Unknown permission com.lge.aab.READ_AAB_STATE in package com.lge.sync
06-04 17:06:28.160  1046  1362 W PackageManager: Unknown permission com.lge.aab.WRITE_AAB_STATE in package com.lge.sync
06-04 17:06:28.160  1046  1362 W PackageManager: Unknown permission com.kddi.android.ausharelink.permission.SHARELINK in package com.lge.sptab_connectctl_source
06-04 17:06:28.161  1046  1362 W PackageManager: Unknown permission android.permission.LGT_CONTENTS in package com.android.providers.media
06-04 17:06:28.161  1046  1362 W PackageManager: Unknown permission com.kddi.android.providers.securitydata.SecurityDataProvider.permission.ACCESS_SECURITYDATA in package com.kddi.market
06-04 17:06:28.161  1046  1362 W PackageManager: Unknown permission com.kddi.android.permission.INSTALL_PROVIDER in package com.kddi.market
06-04 17:06:28.161  1046  1362 W PackageManager: Not granting permission android.permission.REAL_GET_TASKS to package com.kddi.market (protectionLevel=18 flags=0xbe45)
06-04 17:06:28.162  1046  1362 W PackageManager: Unknown permission com.lge.smartcard.apdu.uicc.APDU_SERVICE in package com.lge.nfclock
06-04 17:06:28.162  1046  1362 W PackageManager: Not granting permission android.permission.SEND_DOWNLOAD_COMPLETED_INTENTS to package com.android.browser (protectionLevel=2 flags=0x4048be45)
06-04 17:06:28.162  1046  1362 W PackageManager: Unknown permission com.android.launcher.permission.PRELOAD_WORKSPACE in package com.google.android.partnersetup
06-04 17:06:28.217   281   325 E VoldCmdListener: [LGE][VOLD][CommandListener.cpp][AsecCmd::runCommand()] argv[1]:list, argv[2]:(null), argv[3]:(null), argv[4]:(null), argv[5]:(null), argv[6]:(null)
06-04 17:06:28.217  1046  1362 W MountServiceEx: asec list is empty, lookup AsecMountSet
06-04 17:06:28.286  1046  1046 I SystemServer: Status Bar
06-04 17:06:28.292  1046  1046 I SystemServer: Clipboard Service
06-04 17:06:28.295  1046  1046 W ClipboardService: No security bridge jar found, using default
06-04 17:06:28.295  1046  1046 I SystemServer: NetworkManagement Service
06-04 17:06:28.301  1046  1046 D NetworkManagementService: Creating NetworkManagementService
06-04 17:06:28.301  1046  1046 D NetworkManagementService: Awaiting socket connection
06-04 17:06:28.302  1046  1046 D NetworkManagementService: Connected
06-04 17:06:28.302  1046  1046 I SystemServer: Text Service Manager Service
06-04 17:06:28.304  1046  1046 W TextServicesManagerService: no available spell checker services found
06-04 17:06:28.304  1046  1046 I SystemServer: Network Score Service
06-04 17:06:28.317  1046  1046 I SystemServer: NetworkPolicy Service
06-04 17:06:28.331  1046  1046 I SystemServiceManager: Starting com.android.server.wifi.p2p.WifiP2pService
06-04 17:06:28.353  1046  1046 D LGWifiP2pService: P2P: Wake Lock is Created
06-04 17:06:28.354  1046  1369 D LGWifiP2pService: P2pDisabledState
06-04 17:06:28.374  1046  1046 I SystemServiceManager: Starting com.android.server.wifi.WifiService
06-04 17:06:28.613  1046  1046 I SystemServiceManager: Starting com.android.server.wifi.WifiScanningService
06-04 17:06:28.614  1046  1046 I SystemServiceManager: Starting com.android.server.wifi.RttService
06-04 17:06:28.615  1046  1046 I SystemServer: Connectivity Service
06-04 17:06:28.623  1046  1046 D ConnectivityService: ConnectivityService starting up
06-04 17:06:28.633  1046  1046 D ConnectivityService: [ConnectivityService]LGDBControl
06-04 17:06:28.643  1046  1046 D ConnectivityService: [ConnectivityService] Do Not Use Default DNS.
06-04 17:06:28.643  1046  1046 D ConnectivityService: wifiOnly=false
06-04 17:06:28.644  1046  1046 D ConnectivityService: naString=wifi,1,1,1,-1,true config=android.net.NetworkConfig@12fa4704
06-04 17:06:28.644  1046  1046 D ConnectivityService: naString=mobile,0,0,0,-1,true config=android.net.NetworkConfig@74ba4ed
06-04 17:06:28.644  1046  1046 D ConnectivityService: naString=mobile_mms,2,0,2,60000,true config=android.net.NetworkConfig@23c39f22
06-04 17:06:28.644  1046  1046 D ConnectivityService: naString=mobile_supl,3,0,2,60000,true config=android.net.NetworkConfig@b134db3
06-04 17:06:28.644  1046  1046 D ConnectivityService: naString=mobile_dun,4,0,2,60000,true config=android.net.NetworkConfig@2456cf70
06-04 17:06:28.644  1046  1046 D ConnectivityService: naString=mobile_hipri,5,0,3,-1,true config=android.net.NetworkConfig@ccaa2e9
06-04 17:06:28.644  1046  1046 D ConnectivityService: naString=mobile_fota,10,0,2,60000,true config=android.net.NetworkConfig@19208b6e
06-04 17:06:28.644  1046  1046 D ConnectivityService: naString=mobile_ims,11,0,2,-1,true config=android.net.NetworkConfig@226b120f
06-04 17:06:28.644  1046  1046 D ConnectivityService: naString=mobile_cbs,12,0,2,60000,true config=android.net.NetworkConfig@db1729c
06-04 17:06:28.644  1046  1046 D ConnectivityService: naString=bluetooth,7,7,2,-1,true config=android.net.NetworkConfig@262184a5
06-04 17:06:28.644  1046  1046 D ConnectivityService: naString=wifi_p2p,13,1,0,-1,true config=android.net.NetworkConfig@2f4df07a
06-04 17:06:28.644  1046  1046 D ConnectivityService: naString=mobile_ia,14,0,2,-1,true config=android.net.NetworkConfig@1bd0c02b
06-04 17:06:28.644  1046  1046 D ConnectivityService: naString=mobile_emergency,15,0,2,-1,true config=android.net.NetworkConfig@3eb11c88
06-04 17:06:28.644  1046  1046 D ConnectivityService: naString=mobile_admin,24,0,2,60000,true config=android.net.NetworkConfig@14ac621
06-04 17:06:28.644  1046  1046 D ConnectivityService: naString=mobile_vzwapp,19,0,2,60000,true config=android.net.NetworkConfig@33ba9a46
06-04 17:06:28.644  1046  1046 D ConnectivityService: naString=mobile_vzw800,20,0,2,60000,true config=android.net.NetworkConfig@39993407
06-04 17:06:28.644  1046  1046 D ConnectivityService: naString=mobile_tethering,21,0,2,-1,true config=android.net.NetworkConfig@387f7934
06-04 17:06:28.644  1046  1046 D ConnectivityService: naString=mobile_rcs,22,0,0,-1,true config=android.net.NetworkConfig@176ca35d
06-04 17:06:28.644  1046  1046 D ConnectivityService: naString=mobile_xcap,23,0,2,-1,true config=android.net.NetworkConfig@9f614d2
06-04 17:06:28.644  1046  1046 D ConnectivityService: naString=mobile_uscapp,25,0,2,60000,true config=android.net.NetworkConfig@248b09a3
06-04 17:06:28.644  1046  1046 D ConnectivityService: naString=mobile_wap,26,0,2,60000,true config=android.net.NetworkConfig@334f4a0
06-04 17:06:28.644  1046  1046 D ConnectivityService: mNetworksDefined=21
06-04 17:06:28.644  1046  1046 D ConnectivityService: isePDGsupportChipsetmsm8974
06-04 17:06:28.644  1046  1046 D ConnectivityService: ePDG Feature : Off
06-04 17:06:28.667  1046  1046 I SystemServer: Network Service Discovery Service
06-04 17:06:28.672  1046  1046 D NsdService: Network service discovery enabled true
06-04 17:06:28.674  1046  1046 I SystemServer: DPM Service
06-04 17:06:28.674  1046  1046 I SystemServer: DPM configuration set to 4
06-04 17:06:28.691  1046  1046 I SystemServer: Created DPM Service
06-04 17:06:28.691  1046  1046 I SystemServer: UpdateLock Service
06-04 17:06:28.693  1046  1046 I SystemServer: LG Encryption Service
06-04 17:06:28.698  1046  1046 I SystemServiceManager: Starting com.android.server.notification.NotificationManagerServiceEx
06-04 17:06:28.727  1046  1046 I SystemServiceManager: Starting com.android.server.storage.DeviceStorageMonitorServiceEx
06-04 17:06:28.728  1046  1046 I DeviceStorageMonitorServiceEx: DeviceStorageMonitorServiceEx created
06-04 17:06:28.730  1046  1046 I SystemServer: Location Manager
06-04 17:06:28.734  1046  1046 I SystemServer: Country Detector
06-04 17:06:28.737  1046  1046 I SystemServer: Search Service
06-04 17:06:28.739  1046  1046 I SystemServer: DropBox Service
06-04 17:06:28.740  1046  1046 I SystemServer: Wallpaper Service
06-04 17:06:28.750  1046  1046 I SystemServer: Audio Service
06-04 17:06:28.807  1046  1369 D LGWifiP2pService: P2pDisabledState{ when=0 what=69633 target=com.android.internal.util.StateMachine$SmHandler }
06-04 17:06:28.807  1046  1369 D LGWifiP2pService: DefaultState{ when=0 what=69633 target=com.android.internal.util.StateMachine$SmHandler }
06-04 17:06:28.807  1046  1369 D LGWifiP2pService: P2pDisabledState{ when=0 what=69632 obj=com.android.internal.util.AsyncChannel@329cb7b5 target=com.android.internal.util.StateMachine$SmHandler }
06-04 17:06:28.807  1046  1369 D LGWifiP2pService: DefaultState{ when=0 what=69632 obj=com.android.internal.util.AsyncChannel@329cb7b5 target=com.android.internal.util.StateMachine$SmHandler }
06-04 17:06:28.807  1046  1369 D LGWifiP2pService: Full connection with WifiStateMachine established
06-04 17:06:28.871  1046  1046 I SystemServiceManager: Starting com.android.server.DockObserver
06-04 17:06:28.872  1046  1046 W DockObserver: This kernel does not have dock station support
06-04 17:06:28.872  1046  1046 I SystemServer: Wired Accessory Manager
06-04 17:06:28.874  1046  1046 W WiredAccessoryManager: This kernel does not have wired headset support
06-04 17:06:28.874  1046  1046 W WiredAccessoryManager: This kernel does not have wired headset support
06-04 17:06:28.874  1046  1046 W WiredAccessoryManager: This kernel does not have usb audio support
06-04 17:06:28.874  1046  1046 W WiredAccessoryManager: This kernel does not have HDMI audio support
06-04 17:06:28.875  1046  1046 I SystemServiceManager: Starting com.android.server.usb.UsbService$Lifecycle
06-04 17:06:28.900  1046  1046 D UsbDeviceManager: [AUTORUN] mAutorunEnabled value is set to true
06-04 17:06:28.902  1046  1046 I SystemServer: Serial Service
06-04 17:06:28.902  1046  1046 I SystemServiceManager: Starting com.android.server.twilight.TwilightService
06-04 17:06:28.905  1046  1046 I SystemServiceManager: Starting com.android.server.UiModeManagerService
06-04 17:06:28.908  1046  1046 I SystemServiceManager: Starting com.android.server.job.JobSchedulerService
06-04 17:06:28.914  1046  1046 I SystemServiceManager: Starting com.android.server.backup.BackupManagerService$Lifecycle
06-04 17:06:28.922  1046  1046 V BackupManagerService: No ancestral data
06-04 17:06:28.925  1046  1046 D BackupManagerService: Now staging backup of com.android.providers.userdictionary
06-04 17:06:28.937  1046  1046 D BackupManagerService: Now staging backup of com.google.android.googlequicksearchbox
06-04 17:06:28.940  1046  1046 D BackupManagerService: Now staging backup of com.google.android.gm
06-04 17:06:28.944  1046  1046 D BackupManagerService: Now staging backup of com.android.nfc
06-04 17:06:28.947  1046  1046 D BackupManagerService: Now staging backup of com.android.vending
06-04 17:06:28.950  1046  1046 D BackupManagerService: Now staging backup of com.android.calendar
06-04 17:06:28.953  1046  1046 D BackupManagerService: Now staging backup of com.google.android.marvin.talkback
06-04 17:06:28.956  1046  1046 D BackupManagerService: Now staging backup of android
06-04 17:06:28.959  1046  1046 D BackupManagerService: Now staging backup of com.google.android.talk
06-04 17:06:28.962  1046  1046 D BackupManagerService: Now staging backup of com.android.sharedstoragebackup
06-04 17:06:28.965  1046  1046 D BackupManagerService: Now staging backup of com.android.providers.settings
06-04 17:06:28.968  1046  1046 V BackupManagerService: Starting with transport com.google.android.gms/.backup.BackupTransportService
06-04 17:06:28.968  1046  1046 V BackupManagerService: Found transports: 2
06-04 17:06:28.968  1046  1046 I BackupManagerService: Binding to transport host ComponentInfo{android/com.android.internal.backup.LocalTransportService}
06-04 17:06:28.969  1046  1046 I BackupManagerService: Binding to transport host ComponentInfo{com.google.android.gms/com.google.android.gms.backup.BackupTransportService}
06-04 17:06:28.970  1046  1046 I BackupManagerService: Found stale backup journal, scheduling
06-04 17:06:28.973  1046  1046 I SystemServiceManager: Starting com.android.server.appwidget.AppWidgetService
06-04 17:06:28.977  1046  1046 I SystemServiceManager: Starting com.android.server.voiceinteraction.VoiceInteractionManagerService
06-04 17:06:28.980  1046  1046 W SoundTriggerHelper: listModules status=0, # of modules=0
06-04 17:06:28.980  1046  1046 I SystemServer: DiskStats Service
06-04 17:06:28.980  1046  1046 I SystemServer: SamplingProfiler Service
06-04 17:06:28.986  1046  1046 I SystemServer: NetworkTimeUpdateService
06-04 17:06:28.987  1046  1046 I SystemServer: CommonTimeManagementService
06-04 17:06:28.989  1046  1046 I SystemServer: CertBlacklister
06-04 17:06:28.990  1046  1046 I SystemServiceManager: Starting com.android.server.dreams.DreamManagerService
06-04 17:06:28.994  1046  1046 I SystemServer: Assets Atlas Service
06-04 17:06:28.996  1046  1046 I SystemServer: ThemeIconManager
06-04 17:06:29.004  1046  1046 I SystemServiceManager: Starting com.android.server.print.PrintManagerService
06-04 17:06:29.008  1046  1046 I SystemServiceManager: Starting com.android.server.restrictions.RestrictionsManagerService
06-04 17:06:29.009  1046  1046 I SystemServiceManager: Starting com.android.server.media.MediaSessionService
06-04 17:06:29.018  1046  1046 I SystemServer: DataScheduler Service
06-04 17:06:29.021  1046  1046 I SystemServer: Media Router Service
06-04 17:06:29.023  1046  1046 I SystemServiceManager: Starting com.android.server.trust.TrustManagerService
06-04 17:06:29.027  1046  1046 I SystemServiceManager: Starting com.android.server.fingerprint.FingerprintService
06-04 17:06:29.029  1046  1046 I SystemServer: BackgroundDexOptService
06-04 17:06:29.032  1046  1046 I SystemServiceManager: Starting com.android.server.pm.LauncherAppsService
06-04 17:06:29.034  1046  1046 D SystemServer: Wipower not supported
06-04 17:06:29.036  1046  1046 I SystemServer: 3LM OEM Extended Api Service
06-04 17:06:29.041  1046  1046 D SmartCoverService: onChange(), mSmartCoverEnabled=true
06-04 17:06:29.042  1046  1046 D SmartCoverService: onChange(), mServiceEnabled=true
06-04 17:06:29.045  1046  1046 I SystemServiceManager: Starting com.android.server.media.projection.MediaProjectionManagerService
06-04 17:06:29.056  1046  1046 I SystemServiceManager: Starting com.android.server.MmsServiceBroker
06-04 17:06:29.073  1046  1046 I SystemServiceManager: Starting phase 480
06-04 17:06:29.082  1046  1046 I SystemServiceManager: Starting phase 500
06-04 17:06:29.082  1046  1046 D WifiServiceImplEx: wifiEnabled: true isAirPlaneModeOn: false wifiState: 1
06-04 17:06:29.092  1046  1046 I WifiService: WifiService starting up with Wi-Fi disabled
06-04 17:06:29.094  1046  1370 I LGFTMITEM: [GET_FTM][id=6], offset=12288
06-04 17:06:29.123  1046  1046 D WifiScanningService: New client, channel: null messenger: null
06-04 17:06:29.127  1046  1046 I ActivityManager: Config changes=200 {1.0 ?mcc?mnc ko_KR ldltr sw360dp w360dp h573dp 640dpi nrml port finger -keyb/v/h -nav/h s.4fontTypeIndex-1 defclr=0x0}
06-04 17:06:29.162  1046  1046 I ActivityManager: Start proc com.lge.smartcover for service com.lge.smartcover/.SmartCoverViewManagerService: pid=1401 uid=10027 gids={50027, 9997, 1028, 1015, 1035, 3002, 3001, 3006, 4002, 4004} abi=armeabi-v7a
06-04 17:06:29.162  1046  1046 D SensorUtil: HW_SENSOR : Failed to get Knock_on_code_proximity sensor
06-04 17:06:29.162  1046  1046 W SensorUtil: HW_SENSOR : Failed to get Light Sensor
06-04 17:06:29.204  1046  1046 D SmartCoverService: register callback: PID=1046, binder=com.android.server.display.DisplayPowerControllerEx$1@3d50b651
06-04 17:06:29.204  1046  1046 D SmartCoverService: register callback: PID=1046, binder=com.android.internal.policy.impl.SmartCoverUtil$1@6907eb6
06-04 17:06:29.204  1046  1046 W SmartCoverUtil: setSmartCoverSetting(/sys/devices/virtual/input/lge_touch/use_quick_window): file does not exist
06-04 17:06:29.204  1046  1046 I DisplayPowerControllerEx: register CoverCallback
06-04 17:06:29.209  1046  1046 D PowerManagerService: updateBatteryLowStatus : lowPowerModeEnabled = false, autoLowPowerModeConfigured = false
06-04 17:06:29.209  1046  1046 D PowerManagerService: updateLowPowerModeLocked : autoLowPowerModeEnabled = false, lowPowerModeEnabled = false, mLowPowerModeEnabled = false, mLowPowerModeSetting = false, mAutoLowPowerModeSnoozing = false, mBatteryLevelLow = false
06-04 17:06:29.215  1046  1046 I PowerManagerServiceEx: mSupportWirelessCharging = false
06-04 17:06:29.215  1046  1046 I PowerManagerServiceEx: mSupportWiseScreen = true, mMaximumScreenDimDurationConfig = 7000
06-04 17:06:29.215  1046  1046 I Configs : The framework log level is 1.
06-04 17:06:29.216  1046  1046 I LPWGController: KnockOnService init ...
06-04 17:06:29.216  1046  1046 W LPWGController: cannot find file:/sys/devices/virtual/input/lge_touch/knock_on_type
06-04 17:06:29.216  1046  1046 D LPWGController: mIsTouchKnockOn = true
06-04 17:06:29.216  1046  1046 W LPWGController: this device doesn't support knock_on_code proximity sensor!
06-04 17:06:29.217  1046  1046 D LPWGController: set driver init ...
06-04 17:06:29.218  1046  1046 I LPWGController: cover info : w=1144, h=1101, x=148, y=48
06-04 17:06:29.228  1046  1046 D LPWGController: knockon startObserving
06-04 17:06:29.229  1046  1046 I PowerManagerServiceEx: [WiseScreen] mWiseScreenEnable = 0
06-04 17:06:29.230  1046  1046 I PowerManagerServiceEx: [WiseScreen] mWirelessChargingEnable = 0
06-04 17:06:29.231  1046  1046 I LPWGController: current mode = 1  value = 1 1
06-04 17:06:29.231  1046  1046 I LPWGController: [setLPWGmode2] current mode = 1  value = 9 1 1 1 0
06-04 17:06:29.235  1046  1046 D LPWGController: [updateSettings] mKnockOnSetting = true, mKnockCodeSetting = false, tapcount = 0, mIsSame1st2ndTap =false
06-04 17:06:29.235  1046  1046 D PowerManagerServiceEx: updateUserActivitySummaryLocked: mWakefulness=Awake, mUserActivitySummary=0x1, nextTimeout=120000 (in 98641 ms)
06-04 17:06:29.237  1046  1117 I DisplayManagerService: Display device changed: DisplayDeviceInfo{"기본으로 제공되는 화면": 1440 x 2560, 60.0 fps, supportedRefreshRates [60.0], density 640, 537.882 x 541.866 dpi, appVsyncOff 0, presDeadline 17666667, touch INTERNAL, rotation 0, type BUILT_IN, state ON, FLAG_DEFAULT_DISPLAY, FLAG_ROTATES_WITH_CONTENT, FLAG_SECURE, FLAG_SUPPORTS_PROTECTED_BUFFERS}
06-04 17:06:29.306  1046  1046 V ActivityStackEx: create ActivityStackEx
06-04 17:06:29.311  1046  1046 I AppOps  : Pruning old package media/1013: new uid=-1
06-04 17:06:29.312  1046  1046 I ActivityManager: System now ready
06-04 17:06:29.315  1046  1046 I ActivityManager: Config changes=20000000 {1.0 ?mcc?mnc ko_KR ldltr sw360dp w360dp h573dp 640dpi nrml port finger -keyb/v/h -nav/h s.5fontTypeIndex0 defclr=0x0}
06-04 17:06:29.317  1046  1046 I SystemServer: Making services ready
06-04 17:06:29.317  1046  1046 I SystemServiceManager: Starting phase 550
06-04 17:06:29.317  1046  1046 D BatteryServiceEx: Sending ACTION_BATTERY_CHANGED.  level:100, scale:100, status:5, health:2, present:true, voltage: 4313, temperature: 317, technology: Li-ion, AC powered:false, USB powered:true, Wireless powered:false, icon:17303165, invalid charger:0
06-04 17:06:29.318  1046  1046 D UsbDeviceManager: systemReady
06-04 17:06:29.325  1046  1046 I SystemServer: WebViewFactory preparation
06-04 17:06:29.354  1046  1046 I ActivityManager: Start proc WebViewLoader-armeabi-v7a [android.webkit.WebViewFactory$RelroFileCreator] for : pid=1427 uid=1037 gids={} abi=armeabi-v7a
06-04 17:06:29.354  1046  1419 D SmartCoverService: register callback: PID=1401, binder=android.os.BinderProxy@1e41b013
06-04 17:06:29.378  1046  1046 I ActivityManager: Start proc com.android.systemui for service com.android.systemui/.SystemUIService: pid=1452 uid=10027 gids={50027, 9997, 1028, 1015, 1035, 3002, 3001, 3006, 4002, 4004} abi=armeabi-v7a
06-04 17:06:29.379  1046  1046 D NetworkManagementService: enabling bandwidth control
06-04 17:06:29.379  1046  1360 W MountServiceEx: Duplicate state transition (mounted -> mounted) for /storage/emulated/0
06-04 17:06:29.419  1452  1452 W ResourcesManager: Asset path '/system/framework/com.lge.systemui.jar' does not exist or contains no resources.
06-04 17:06:29.420  1452  1452 W ResourcesManager: Asset path '/system/framework/com.lge.mdm.jar' does not exist or contains no resources.
06-04 17:06:29.420  1452  1452 W ResourcesManager: Asset path '/system/framework/com.lge.zdi.splitwindow.jar' does not exist or contains no resources.
06-04 17:06:29.586  1452  1452 D SensorManager: found sensor: LGE Accelerometer, handle=0
06-04 17:06:29.586  1452  1452 D SensorManager: found sensor: LGE Magnetic Field, handle=10
06-04 17:06:29.586  1452  1452 D SensorManager: found sensor: LGE Magnetic Field Uncalibrated, handle=11
06-04 17:06:29.586  1452  1452 D SensorManager: found sensor: LGE Gyroscope, handle=2
06-04 17:06:29.586  1452  1452 D SensorManager: found sensor: LGE Gyroscope Uncalibrated, handle=8
06-04 17:06:29.586  1452  1452 D SensorManager: found sensor: LGE Proximity, handle=48
06-04 17:06:29.586  1452  1452 D SensorManager: found sensor: LGE Virtual Proximity Sensor, handle=71
06-04 17:06:29.586  1452  1452 D SensorManager: found sensor: LGE Gravity Sensor, handle=29
06-04 17:06:29.586  1452  1452 D SensorManager: found sensor: LGE Linear Acceleration Sensor, handle=30
06-04 17:06:29.586  1452  1452 D SensorManager: found sensor: LGE Rotation Vector Sensor, handle=36
06-04 17:06:29.586  1452  1452 D SensorManager: found sensor: LGE Step Detector Sensor, handle=43
06-04 17:06:29.586  1452  1452 D SensorManager: found sensor: LGE Step Counter Sensor, handle=44
06-04 17:06:29.586  1452  1452 D SensorManager: found sensor: LGE Significant Motion Detector Sensor, handle=47
06-04 17:06:29.586  1452  1452 D SensorManager: found sensor: LGE Game Rotation Vector Sensor, handle=50
06-04 17:06:29.586  1452  1452 D SensorManager: found sensor: LGE GeoMagnetic Rotation Vector Sensor, handle=53
06-04 17:06:29.586  1452  1452 D SensorManager: found sensor: LGE Orientation Sensor, handle=49
06-04 17:06:29.586  1452  1452 D SensorManager: found sensor: LGE Tilt Detector Sensor, handle=55
06-04 17:06:29.586  1452  1452 D SensorManager: found sensor: LGE Absolute Motion Detector Sensor, handle=33
06-04 17:06:29.586  1452  1452 D SensorManager: found sensor: LGE Relative Motion Detector Sensor, handle=34
06-04 17:06:29.586  1452  1452 D SensorManager: found sensor: LGE Basic Gestures Sensor, handle=37
06-04 17:06:29.586  1452  1452 D SensorManager: found sensor: Motion Accel, handle=46
06-04 17:06:29.632  1046  1449 V FingerprintService: startListening(android.service.fingerprint.IFingerprintServiceReceiver$Stub$Proxy@313f373f)
06-04 17:06:29.664  1046  1419 D SmartCoverService: register callback: PID=1452, binder=android.os.BinderProxy@1e3a555
06-04 17:06:29.665  1046  1112 I ActivityManager: Start proc com.lge.lgdmsclient for broadcast com.lge.lgdmsclient/.dmclient.agent.DmDeviceActionReceiver: pid=1626 uid=1000 gids={41000, 9997, 3003, 1028, 1015, 3002, 1023, 1004, 2002, 3001, 3008, 1007, 1026, 3005, 1009, 1027, 1003, 2510, 1014, 1010, 4002, 2001, 1000, 1002, 1021, 3004, 3009} abi=armeabi-v7a
06-04 17:06:29.674  1046  1046 D NetworkManagementService: Prepared
06-04 17:06:29.681  1046  1369 D LGWifiP2pService: P2pDisabledState{ when=0 what=143376 obj=KR target=com.android.internal.util.StateMachine$SmHandler }
06-04 17:06:29.681  1046  1369 D LGWifiP2pService: DefaultState{ when=0 what=143376 obj=KR target=com.android.internal.util.StateMachine$SmHandler }
06-04 17:06:29.755  1046  1046 V NetworkPolicy: [LG_DATA] mRestrictBackgroundforPowerSave:false, mRestrictPower:false
06-04 17:06:29.787  1626  1626 W ContextImpl: Calling a method in the system process without a qualified user: android.app.ContextImpl.startService:1798 android.content.ContextWrapper.startService:515 com.lge.lgdmsclient.dmclient.agent.DmDeviceActionReceiver.doAction:78 com.lge.lgdmsclient.dmclient.agent.DmDeviceActionReceiver.onReceive:128 android.app.ActivityThread.handleReceiver:2663 
06-04 17:06:29.797  1626  1626 W ContextImpl: Calling a method in the system process without a qualified user: android.app.ContextImpl.startService:1798 android.content.ContextWrapper.startService:515 com.lge.lgdmsclient.dmclient.agent.DmDeviceActionReceiver.doAction:82 com.lge.lgdmsclient.dmclient.agent.DmDeviceActionReceiver.onReceive:128 android.app.ActivityThread.handleReceiver:2663 
06-04 17:06:29.841  1046  1062 I ActivityManager: Start proc com.lge.sync for broadcast com.lge.sync/.StartReceiver: pid=1687 uid=1000 gids={41000, 9997, 3003, 1028, 1015, 3002, 1023, 1004, 2002, 3001, 3008, 1007, 1026, 3005, 1009, 1027, 1003, 2510, 1014, 1010, 4002, 2001, 1000, 1002, 1021, 3004, 3009} abi=armeabi-v7a
06-04 17:06:29.860  1046  1046 I SystemServiceManager: Starting phase 600
06-04 17:06:29.861  1046  1046 D ConditionProviders: onServiceAdded ManagedServiceInfo[component=ComponentInfo{android/com.android.server.notification.CountdownConditionProvider},userid=0,isSystem=true,targetSdkVersion=21,connection=null,service=android.service.notification.ConditionProviderService$Provider@2b6fcf63,hasSignBoardPermission=false]
06-04 17:06:29.862  1046  1046 D ConditionProviders: onServiceAdded ManagedServiceInfo[component=ComponentInfo{android/com.android.server.notification.DowntimeConditionProvider},userid=0,isSystem=true,targetSdkVersion=21,connection=null,service=android.service.notification.ConditionProviderService$Provider@195da760,hasSignBoardPermission=false]
06-04 17:06:29.871  1046  1046 I BackupManagerService: Backup enabled => false
06-04 17:06:29.872  1046  1046 I BackupManagerService: Opting out of backup
06-04 17:06:29.909  1046  1046 I ActivityManager: Start proc com.google.android.googlequicksearchbox:interactor for service com.google.android.googlequicksearchbox/com.google.android.voiceinteraction.GsaVoiceInteractionService: pid=1716 uid=10057 gids={50057, 9997, 3003, 3001, 1028, 3002, 1015, 1005} abi=armeabi-v7a
06-04 17:06:29.916  1046  1046 D WallpaperManagerServiceEx: provisioned = true
06-04 17:06:29.917  1046  1046 E InputMethodManagerService: Ignoring setImeWindowStatus due to an invalid token. uid:1000 token:null
06-04 17:06:29.918  1046  1046 W InputMethodInfo: Duplicated subtype definition found: ja, keyboard
06-04 17:06:29.948  1046  1046 I ActivityManager: Start proc jp.co.omronsoft.iwnnime.ml for service jp.co.omronsoft.iwnnime.ml/.InputMethodSwitcher: pid=1739 uid=10147 gids={50147, 9997, 1028, 1015} abi=armeabi-v7a
06-04 17:06:29.948  1046  1046 V InputMethodManagerService: Adding window token: android.os.Binder@2d8d05b5
06-04 17:06:29.963  1046  1046 D LocationBlacklist: whitelist: []
06-04 17:06:29.963  1046  1046 D LocationBlacklist: blacklist: []
06-04 17:06:30.043  1046  1063 I ActivityManager: Start proc com.android.settings for broadcast com.android.settings/.wifi.wifioffload.WiFiOffLoadBroadcast: pid=1765 uid=1000 gids={41000, 9997, 3003, 1028, 1015, 3002, 1023, 1004, 2002, 3001, 3008, 1007, 1026, 3005, 1009, 1027, 1003, 2510, 1014, 1010, 4002, 2001, 1000, 1002, 1021, 3004, 3009} abi=armeabi-v7a
