12-02 12:12:35.438   281   281 I Vold    : Vold 2.1-tuxera (Apr 21 2015 14:31:35) (the revenge) firing up
12-02 12:12:35.472   281   281 D Vold    : Volume external_SD state changing -1 (Initializing) -> 0 (No-Media)
12-02 12:12:35.472   281   281 D Vold    : Volume USBstorage1 state changing -1 (Initializing) -> 0 (No-Media)
12-02 12:12:35.472   281   281 D Vold    : Volume USBstorage2 state changing -1 (Initializing) -> 0 (No-Media)
12-02 12:12:35.472   281   281 D Vold    : Volume USBstorage3 state changing -1 (Initializing) -> 0 (No-Media)
12-02 12:12:35.472   281   281 D Vold    : Volume USBstorage4 state changing -1 (Initializing) -> 0 (No-Media)
12-02 12:12:35.472   281   281 D Vold    : Volume USBstorage5 state changing -1 (Initializing) -> 0 (No-Media)
12-02 12:12:35.472   281   281 D Vold    : Volume USBstorage6 state changing -1 (Initializing) -> 0 (No-Media)
12-02 12:12:35.472   281   281 I Cryptfs : Check if PFE is activated on Boot
12-02 12:12:35.475   281   281 E Cryptfs : Bad magic for real block device /dev/block/platform/msm_sdcc.1/by-name/encrypt
12-02 12:12:35.475   281   281 E Cryptfs : Error getting crypt footer and key
12-02 12:12:35.499   281   323 I Vold    : [LGE][VOLD][VolumeManager.cpp] handleBlockEvent : devtype : disk, devname : ram0
12-02 12:12:35.499   281   323 I Vold    : [LGE][VOLD][VolumeManager.cpp] handleBlockEvent : devtype : disk, devname : ram1
12-02 12:12:35.499   281   323 I Vold    : [LGE][VOLD][VolumeManager.cpp] handleBlockEvent : devtype : disk, devname : ram2
12-02 12:12:35.499   281   323 I Vold    : [LGE][VOLD][VolumeManager.cpp] handleBlockEvent : devtype : disk, devname : ram3
12-02 12:12:35.499   281   323 I Vold    : [LGE][VOLD][VolumeManager.cpp] handleBlockEvent : devtype : disk, devname : ram4
12-02 12:12:35.499   281   323 I Vold    : [LGE][VOLD][VolumeManager.cpp] handleBlockEvent : devtype : disk, devname : ram5
12-02 12:12:35.499   281   323 I Vold    : [LGE][VOLD][VolumeManager.cpp] handleBlockEvent : devtype : disk, devname : ram6
12-02 12:12:35.500   281   323 I Vold    : [LGE][VOLD][VolumeManager.cpp] handleBlockEvent : devtype : disk, devname : ram7
12-02 12:12:35.500   281   323 I Vold    : [LGE][VOLD][VolumeManager.cpp] handleBlockEvent : devtype : disk, devname : ram8
12-02 12:12:35.500   281   323 I Vold    : [LGE][VOLD][VolumeManager.cpp] handleBlockEvent : devtype : disk, devname : ram9
12-02 12:12:35.500   281   323 I Vold    : [LGE][VOLD][VolumeManager.cpp] handleBlockEvent : devtype : disk, devname : loop0
12-02 12:12:35.500   281   323 I Vold    : [LGE][VOLD][VolumeManager.cpp] handleBlockEvent : devtype : disk, devname : loop1
12-02 12:12:35.500   281   323 I Vold    : [LGE][VOLD][VolumeManager.cpp] handleBlockEvent : devtype : disk, devname : loop2
12-02 12:12:35.500   281   323 I Vold    : [LGE][VOLD][VolumeManager.cpp] handleBlockEvent : devtype : disk, devname : loop3
12-02 12:12:35.500   281   323 I Vold    : [LGE][VOLD][VolumeManager.cpp] handleBlockEvent : devtype : disk, devname : loop4
12-02 12:12:35.500   281   323 I Vold    : [LGE][VOLD][VolumeManager.cpp] handleBlockEvent : devtype : disk, devname : loop5
12-02 12:12:35.500   281   323 I Vold    : [LGE][VOLD][VolumeManager.cpp] handleBlockEvent : devtype : disk, devname : loop6
12-02 12:12:35.500   281   323 I Vold    : [LGE][VOLD][VolumeManager.cpp] handleBlockEvent : devtype : disk, devname : loop7
12-02 12:12:35.500   281   323 I Vold    : [LGE][VOLD][VolumeManager.cpp] handleBlockEvent : devtype : disk, devname : ram10
12-02 12:12:35.500   281   323 I Vold    : [LGE][VOLD][VolumeManager.cpp] handleBlockEvent : devtype : disk, devname : ram11
12-02 12:12:35.500   281   323 I Vold    : [LGE][VOLD][VolumeManager.cpp] handleBlockEvent : devtype : disk, devname : ram12
12-02 12:12:35.500   281   323 I Vold    : [LGE][VOLD][VolumeManager.cpp] handleBlockEvent : devtype : disk, devname : ram13
12-02 12:12:35.500   281   323 I Vold    : [LGE][VOLD][VolumeManager.cpp] handleBlockEvent : devtype : disk, devname : ram14
12-02 12:12:35.500   281   323 I Vold    : [LGE][VOLD][VolumeManager.cpp] handleBlockEvent : devtype : disk, devname : ram15
12-02 12:12:35.500   281   323 I Vold    : [LGE][VOLD][VolumeManager.cpp] handleBlockEvent : devtype : disk, devname : zram0
12-02 12:12:35.500   281   323 I Vold    : [LGE][VOLD][VolumeManager.cpp] handleBlockEvent : devtype : disk, devname : mmcblk0rpmb
12-02 12:12:35.500   281   323 I Vold    : [LGE][VOLD][VolumeManager.cpp] handleBlockEvent : devtype : disk, devname : mmcblk0
12-02 12:12:35.500   281   323 I Vold    : [LGE][VOLD][VolumeManager.cpp] handleBlockEvent : devtype : partition, devname : mmcblk0p1
12-02 12:12:35.500   281   323 I Vold    : [LGE][VOLD][VolumeManager.cpp] handleBlockEvent : devtype : partition, devname : mmcblk0p2
12-02 12:12:35.500   281   323 I Vold    : [LGE][VOLD][VolumeManager.cpp] handleBlockEvent : devtype : partition, devname : mmcblk0p3
12-02 12:12:35.500   281   323 I Vold    : [LGE][VOLD][VolumeManager.cpp] handleBlockEvent : devtype : partition, devname : mmcblk0p4
12-02 12:12:35.500   281   323 I Vold    : [LGE][VOLD][VolumeManager.cpp] handleBlockEvent : devtype : partition, devname : mmcblk0p5
12-02 12:12:35.500   281   323 I Vold    : [LGE][VOLD][VolumeManager.cpp] handleBlockEvent : devtype : partition, devname : mmcblk0p6
12-02 12:12:35.500   281   323 I Vold    : [LGE][VOLD][VolumeManager.cpp] handleBlockEvent : devtype : partition, devname : mmcblk0p7
12-02 12:12:35.500   281   323 I Vold    : [LGE][VOLD][VolumeManager.cpp] handleBlockEvent : devtype : partition, devname : mmcblk0p8
12-02 12:12:35.500   281   323 I Vold    : [LGE][VOLD][VolumeManager.cpp] handleBlockEvent : devtype : partition, devname : mmcblk0p9
12-02 12:12:35.500   281   323 I Vold    : [LGE][VOLD][VolumeManager.cpp] handleBlockEvent : devtype : disk, devname : mmcblk0rpmb
12-02 12:12:35.500   281   323 I Vold    : [LGE][VOLD][VolumeManager.cpp] handleBlockEvent : devtype : partition, devname : mmcblk0p10
12-02 12:12:35.500   281   323 I Vold    : [LGE][VOLD][VolumeManager.cpp] handleBlockEvent : devtype : partition, devname : mmcblk0p11
12-02 12:12:35.500   281   323 I Vold    : [LGE][VOLD][VolumeManager.cpp] handleBlockEvent : devtype : partition, devname : mmcblk0p12
12-02 12:12:35.500   281   323 I Vold    : [LGE][VOLD][VolumeManager.cpp] handleBlockEvent : devtype : partition, devname : mmcblk0p13
12-02 12:12:35.500   281   323 I Vold    : [LGE][VOLD][VolumeManager.cpp] handleBlockEvent : devtype : partition, devname : mmcblk0p14
12-02 12:12:35.501   281   323 I Vold    : [LGE][VOLD][VolumeManager.cpp] handleBlockEvent : devtype : partition, devname : mmcblk0p15
12-02 12:12:35.501   281   323 I Vold    : [LGE][VOLD][VolumeManager.cpp] handleBlockEvent : devtype : partition, devname : mmcblk0p16
12-02 12:12:35.501   281   323 I Vold    : [LGE][VOLD][VolumeManager.cpp] handleBlockEvent : devtype : partition, devname : mmcblk0p17
12-02 12:12:35.501   281   323 I Vold    : [LGE][VOLD][VolumeManager.cpp] handleBlockEvent : devtype : partition, devname : mmcblk0p18
12-02 12:12:35.501   281   323 I Vold    : [LGE][VOLD][VolumeManager.cpp] handleBlockEvent : devtype : partition, devname : mmcblk0p19
12-02 12:12:35.501   281   323 I Vold    : [LGE][VOLD][VolumeManager.cpp] handleBlockEvent : devtype : partition, devname : mmcblk0p20
12-02 12:12:35.501   281   323 I Vold    : [LGE][VOLD][VolumeManager.cpp] handleBlockEvent : devtype : partition, devname : mmcblk0p21
12-02 12:12:35.501   281   323 I Vold    : [LGE][VOLD][VolumeManager.cpp] handleBlockEvent : devtype : partition, devname : mmcblk0p22
12-02 12:12:35.501   281   323 I Vold    : [LGE][VOLD][VolumeManager.cpp] handleBlockEvent : devtype : partition, devname : mmcblk0p23
12-02 12:12:35.501   281   323 I Vold    : [LGE][VOLD][VolumeManager.cpp] handleBlockEvent : devtype : partition, devname : mmcblk0p24
12-02 12:12:35.501   281   323 I Vold    : [LGE][VOLD][VolumeManager.cpp] handleBlockEvent : devtype : partition, devname : mmcblk0p25
12-02 12:12:35.501   281   323 I Vold    : [LGE][VOLD][VolumeManager.cpp] handleBlockEvent : devtype : partition, devname : mmcblk0p26
12-02 12:12:35.501   281   323 I Vold    : [LGE][VOLD][VolumeManager.cpp] handleBlockEvent : devtype : partition, devname : mmcblk0p27
12-02 12:12:35.501   281   323 I Vold    : [LGE][VOLD][VolumeManager.cpp] handleBlockEvent : devtype : partition, devname : mmcblk0p28
12-02 12:12:35.501   281   323 I Vold    : [LGE][VOLD][VolumeManager.cpp] handleBlockEvent : devtype : partition, devname : mmcblk0p29
12-02 12:12:35.501   281   323 I Vold    : [LGE][VOLD][VolumeManager.cpp] handleBlockEvent : devtype : partition, devname : mmcblk0p30
12-02 12:12:35.501   281   323 I Vold    : [LGE][VOLD][VolumeManager.cpp] handleBlockEvent : devtype : partition, devname : mmcblk0p31
12-02 12:12:35.501   281   323 I Vold    : [LGE][VOLD][VolumeManager.cpp] handleBlockEvent : devtype : partition, devname : mmcblk0p32
12-02 12:12:35.501   281   323 I Vold    : [LGE][VOLD][VolumeManager.cpp] handleBlockEvent : devtype : partition, devname : mmcblk0p33
12-02 12:12:35.501   281   323 I Vold    : [LGE][VOLD][VolumeManager.cpp] handleBlockEvent : devtype : partition, devname : mmcblk0p34
12-02 12:12:35.501   281   323 I Vold    : [LGE][VOLD][VolumeManager.cpp] handleBlockEvent : devtype : partition, devname : mmcblk0p35
12-02 12:12:35.501   281   323 I Vold    : [LGE][VOLD][VolumeManager.cpp] handleBlockEvent : devtype : partition, devname : mmcblk0p36
12-02 12:12:35.501   281   323 I Vold    : [LGE][VOLD][VolumeManager.cpp] handleBlockEvent : devtype : partition, devname : mmcblk0p37
12-02 12:12:35.501   281   323 I Vold    : [LGE][VOLD][VolumeManager.cpp] handleBlockEvent : devtype : partition, devname : mmcblk0p38
12-02 12:12:35.501   281   323 I Vold    : [LGE][VOLD][VolumeManager.cpp] handleBlockEvent : devtype : partition, devname : mmcblk0p39
12-02 12:12:35.501   281   323 I Vold    : [LGE][VOLD][VolumeManager.cpp] handleBlockEvent : devtype : partition, devname : mmcblk0p40
12-02 12:12:35.501   281   323 I Vold    : [LGE][VOLD][VolumeManager.cpp] handleBlockEvent : devtype : partition, devname : mmcblk0p41
12-02 12:12:35.501   281   323 I Vold    : [LGE][VOLD][VolumeManager.cpp] handleBlockEvent : devtype : partition, devname : mmcblk0p42
12-02 12:12:35.501   281   323 I Vold    : [LGE][VOLD][VolumeManager.cpp] handleBlockEvent : devtype : partition, devname : mmcblk0p43
12-02 12:12:35.501   281   323 I Vold    : [LGE][VOLD][VolumeManager.cpp] handleBlockEvent : devtype : partition, devname : mmcblk0p44
06-04 17:06:14.628   365   365 I LGFTMITEM: [GET_FTM][id=3], offset=6144
06-04 17:06:14.629   365   365 I Atd     : [LGE][ATD] start..
06-04 17:06:14.629   365   365 I Atd     : Current time is 2015/06/04 17:06:14
06-04 17:06:14.629   365   365 I LGFTMITEM: init_ftm_item: FTM device: /dev/block/platform/msm_sdcc.1/by-name/misc
06-04 17:06:14.629   365   365 I LGFTMITEM: [GET_FTM][id=1], offset=2048
06-04 17:06:14.630   365   365 I LGFTMITEM: LGFTM_MAGIC_ITEM: BSP Forever
06-04 17:06:14.631   365   365 I LGFTMITEM: [GET_FTM][id=73], offset=149504
06-04 17:06:14.631   365   365 I Atd     : Get SUFFIX : 
06-04 17:06:14.631   365   365 I Atd     : [LGE][ATD] ro.lge.suffix : 
06-04 17:06:14.631   365   365 I Atd     : [LGE][ATD] bootmode: unknown 
06-04 17:06:14.631   365   365 I Atd     : Not found minios_romcopy_image
06-04 17:06:14.631   365   365 I LGFTMITEM: [GET_FTM][id=31], offset=63488
06-04 17:06:14.632   365   365 I Atd     : get_swfv : Cannot find userdata ubid, set to default
06-04 17:06:14.632   365   365 I LGFTMITEM: [SET_FTM][id=31], offset=63488
06-04 17:06:14.646   365   365 I Atd     : Userdata ID is updated:00000000000-00000000000-00000000000-FFFFFFFFFFF-F
06-04 17:06:14.647   365   365 I Atd     : int init_socket(): sucess init socket .....
06-04 17:06:14.652   365   562 I LGFTMITEM: [GET_FTM][id=3], offset=6144
06-04 17:06:14.652   365   562 I Atd     : [LGE][ATD] monitor_bootevent started. QEM : 0
06-04 17:06:14.658   365   563 I Atd     : modem is present in configuration[ATD_USBMODEMSTATE_CONFIGURED]
06-04 17:06:14.658   365   563 I Atd     : The value returned from ATD_USBSTATE_E atd_getusbstate_fromsys() is 1 
06-04 17:06:14.658   365   563 I Atd     : void atd_post_event(ATD_EVENT_E): 1
06-04 17:06:14.658   365   365 I Atd     : void atd_process_event(atd_event_msg_s) received event (ATD_EVENT_USB_UNPLUG)
06-04 17:06:14.658   365   365 I Atd     : Receive USB disconnection event... stop threads
06-04 17:06:14.658   365   365 I Atd     : Receive USB disconnection event... stop threads - exit 
06-04 17:06:14.664   365   563 I Atd     : got usb DISCONNECTED event 
06-04 17:06:14.664   365   563 I Atd     : ustate is ATD_USBSTATE_UNPLUG
06-04 17:06:14.664   365   563 I Atd     : void atd_post_event(ATD_EVENT_E): 1
06-04 17:06:14.665   365   365 I Atd     : void atd_process_event(atd_event_msg_s) received event (ATD_EVENT_USB_UNPLUG)
06-04 17:06:14.665   365   365 I Atd     : Receive USB disconnection event... stop threads
06-04 17:06:14.665   365   365 I Atd     : Receive USB disconnection event... stop threads - exit 
06-04 17:06:14.857   365   563 I Atd     : got usb CONFIGURED event 
06-04 17:06:14.857   365   563 I Atd     : ustate is ATD_USBSTATE_PLUG
06-04 17:06:14.857   365   563 I Atd     : ustate is present in configuration[ATD_USBMODEMSTATE_CONFIGURED]
06-04 17:06:14.857   365   563 I Atd     : void atd_post_event(ATD_EVENT_E): 2
06-04 17:06:14.857   365   365 I Atd     : void atd_process_event(atd_event_msg_s) received event (ATD_EVENT_USB_PLUG)
06-04 17:06:14.857   365   365 I Atd     : Receive USB connection event... start threads
06-04 17:06:14.857   365   365 I Atd     : lge_diag_init
06-04 17:06:14.859   365   365 I Atd     : int lge_diag_init() : Diag_LSM_Init SUCCESS.
06-04 17:06:14.859   365   365 I Atd     : int lge_diag_init() : init_diag_flag is 0
06-04 17:06:14.859   365   365 I Atd     : int lge_diag_init() : Entered Mutex Lock.
06-04 17:06:14.859   365   365 I Atd     : int lge_diag_init() : init_diag_flag is '0'. init_daig_flag set as '1'
06-04 17:06:14.859   365   365 I Atd     : lge_testmode_kph_init OK
06-04 17:06:14.859   365   365 I Atd     : int lge_diag_init() : After Mutex Lock.
06-04 17:06:14.859   365   365 I LGFTMITEM: [GET_FTM][id=12], offset=24576
06-04 17:06:14.859   365   605 I Atd     : WEBUP : cmd_code = 0xEF, subcmd = 0xA3 len=2
06-04 17:06:14.859   365   605 I LGFTMITEM: [GET_FTM][id=201], offset=7340032
06-04 17:06:14.859   365   365 I Atd     : [void nv_factoryitem_sync()] nv_factoryitem_sync
06-04 17:06:14.859   365   365 I Atd     : GSM VERSION TYPE
06-04 17:06:14.859   365   365 I Atd     : [LGE][ATD] ro.lge.factoryversion is [LGTAHAT-00-V19b_pre1-KDDI-JP-APR-21-2015+0]
06-04 17:06:14.860   365   365 I Atd     : [COMMON_INTERFACE] LGCMD OPCODE: 550
06-04 17:06:14.860   365   365 I Atd     : [COMMON_INTERFACE] Call request_to_modem
06-04 17:06:14.860   365   365 I Atd     : [DMI] request_to_modem:__START!
06-04 17:06:14.860   365   365 I Atd     : [DMI] =======dmi_init:qcci_qmi_lge_dmi_init
06-04 17:06:14.860   365   605 I Atd     : WEBUP : Same version & IMEI 
06-04 17:06:16.778   365   365 I Atd     : [DMI] dmi_init :dmi_client is initialized
06-04 17:06:16.778   365   365 I Atd     : [init_modem_interface] dmi_init :0
06-04 17:06:16.778   365   365 I Atd     : [DMI] Request id: 550
06-04 17:06:16.778   365   365 I Atd     : [DMI] Request data length : 132
06-04 17:06:16.778   365   365 I Atd     : [DMI] =====> request_to_modem_via_dmi : qcci_qmi_lge_dmi_send_cmd
06-04 17:06:16.784   365   365 I Atd     : [DMI] Response data valid : 1
06-04 17:06:16.785   365   365 I Atd     : [DMI] Response data length : 51
06-04 17:06:16.785   365   365 I Atd     : [DMI] request_to_modem return value is 0
06-04 17:06:16.785   365   365 I Atd     : Response Status: 0
06-04 17:06:16.785   365   365 I Atd     : swv_length : 42, nv_buf : LGTAHAT-00-V19b_pre1-KDDI-JP-APR-21-2015+0, swv_buf : LGTAHAT-00-V19b_pre1-KDDI-JP-APR-21-2015+0
06-04 17:06:16.785   365   365 I Atd     : SW Version is already synchronized
06-04 17:06:16.785   365   365 I Atd     : [COMMON_INTERFACE] LGCMD OPCODE: 550
06-04 17:06:16.785   365   365 I Atd     : [COMMON_INTERFACE] Call request_to_modem
06-04 17:06:16.785   365   365 I Atd     : [DMI] request_to_modem:__START!
06-04 17:06:16.785   365   365 I Atd     : [DMI] Request id: 550
06-04 17:06:16.785   365   365 I Atd     : [DMI] Request data length : 132
06-04 17:06:16.785   365   365 I Atd     : [DMI] =====> request_to_modem_via_dmi : qcci_qmi_lge_dmi_send_cmd
06-04 17:06:16.785   365   365 I Atd     : [DMI] Response data valid : 1
06-04 17:06:16.785   365   365 I Atd     : [DMI] Response data length : 11
06-04 17:06:16.785   365   365 I Atd     : [DMI] request_to_modem return value is 0
06-04 17:06:16.785   365   365 I Atd     : Response Status: 0
06-04 17:06:16.785   365   365 I Atd     : hw_rev : rev_10
06-04 17:06:16.785   365   365 I Atd     : hwv_length : 3, nv_buf : 1.0, hwv_buf : 1.0 
06-04 17:06:16.785   365   365 I Atd     : HW Version is already synchronized
06-04 17:06:16.785   365   365 I Atd     : [COMMON_INTERFACE] LGCMD OPCODE: 550
06-04 17:06:16.785   365   365 I Atd     : [COMMON_INTERFACE] Call request_to_modem
06-04 17:06:16.785   365   365 I Atd     : [DMI] request_to_modem:__START!
06-04 17:06:16.785   365   365 I Atd     : [DMI] Request id: 550
06-04 17:06:16.785   365   365 I Atd     : [DMI] Request data length : 132
06-04 17:06:16.785   365   365 I Atd     : [DMI] =====> request_to_modem_via_dmi : qcci_qmi_lge_dmi_send_cmd
06-04 17:06:16.786   365   365 I Atd     : [DMI] Response data valid : 1
06-04 17:06:16.786   365   365 I Atd     : [DMI] Response data length : 21
06-04 17:06:16.786   365   365 I Atd     : [DMI] request_to_modem return value is 0
06-04 17:06:16.786   365   365 I Atd     : Response Status: 0
06-04 17:06:16.786   365   365 I Atd     : model_name_length : 3, nv_buf : LGL24, model_name_buf : TAH
06-04 17:06:16.786   365   365 I Atd     : Model Name is already synchronized
06-04 17:06:16.786   365   365 I Atd     : get_g2a_tty_init_flag() = 0
06-04 17:06:16.786   365   365 I Atd     : lge_tty_init !!!!!!!!!!!!!!!!!!!!!!!
06-04 17:06:16.786   365   365 I Atd     : [tty_port.external=/dev/ttyGS0],[tty_port.internal=/dev/smd0]
06-04 17:06:16.786   365   365 I Atd     : init map table
06-04 17:06:16.786   365   365 I Atd     : ****** [CommonATD] Init Map Table ******
06-04 17:06:16.786   365  1007 I Atd     : init_port...
06-04 17:06:16.786   365  1007 I Atd     : [int open_internal_modem_port(int*, const char*)] bypass port : /dev/smd0 opened
06-04 17:06:16.786   365  1007 I Atd     : Configured external host port in RAW mode
06-04 17:06:16.786   365  1007 I Atd     : internal_port: ready_internal_modem:1
06-04 17:06:16.787   365  1007 I Atd     : **disable_modem_echo: [ate0] 
06-04 17:06:16.787   365  1007 I Atd     : [W:IN_Port] length=5, data=ate0
06-04 17:06:16.787   365  1007 I Atd     : Init_port_thread: ready_internal_modem= 2
06-04 17:06:16.787   365   365 I Atd     : lge_tty_init: pthread_join...[init_tty_thread:0]
06-04 17:06:16.791   365  1009 I Atd     : [void* upstream_fn(void*)][1099] Ready to read.. from internal port
06-04 17:06:16.791   365  1009 I Atd     : [void* upstream_fn(void*)][1105] num_read  from internal port:11
06-04 17:06:16.791   365  1009 I Atd     : [W:OUT_Port] fd=29, length=11, data=ate0
06-04 17:06:16.791   365  1009 I Atd     : OK
06-04 17:06:16.791   365  1009 I Atd     : 
06-04 17:06:16.791   365  1009 I Atd     : [void* upstream_fn(void*)][1099] Ready to read.. from internal port
06-04 17:06:16.989   365  1010 I Atd     : EXTERNAL->INTERNAL: modem_bits 0x0, prev_modem_bits 0x0, init = 1,
06-04 17:06:16.989   365  1010 I Atd     : INTERNAL->EXTERNAL: internalnew 0x140, internalold 0x0, init = 1
06-04 17:06:16.989   365  1010 I Atd     : atd: Turning ON external port bits 0x140
06-04 17:06:17.182  1046  1046 I InstallerConnection: disconnecting...
06-04 17:06:17.271  1046  1046 I SystemServer: Entered the Android system server!
06-04 17:06:17.322  1046  1046 I SystemServiceManager: Starting com.android.server.pm.Installer
06-04 17:06:17.326  1046  1046 I Installer: Waiting for installd to be ready.
06-04 17:06:17.326  1046  1046 I InstallerConnection: connecting...
06-04 17:06:17.329  1046  1046 I SystemServiceManager: Starting com.android.server.am.ActivityManagerService$Lifecycle
06-04 17:06:17.384  1046  1046 I XXXXXX  : choosing minFree values for 32 Bit
06-04 17:06:17.384  1046  1046 I XXXXXX  : choosing minFree values for 32 Bit
06-04 17:06:17.384  1046  1046 I XXXXXX  : choosing minFree values for 32 Bit
06-04 17:06:17.384  1046  1046 I XXXXXX  : choosing minFree values for 32 Bit
06-04 17:06:17.384  1046  1046 I XXXXXX  : choosing minFree values for 32 Bit
06-04 17:06:17.384  1046  1046 I XXXXXX  : choosing minFree values for 32 Bit
06-04 17:06:17.399  1046  1046 I ActivityManager: Memory class: 256
06-04 17:06:17.466  1046  1046 I ThemeTest: Theme info of AM : com.lge.launcher2.theme.tahitiwhite
06-04 17:06:17.583  1046  1046 I IntentFirewall: Read new rules (A:0 B:0 S:0)
06-04 17:06:17.584  1046  1046 V IntentFirewallEx: create IntentFirewallEx
06-04 17:06:17.594  1046  1046 V ActivityManagerServiceEx: create ActivityManagerServiceEx
06-04 17:06:17.598  1046  1046 D AppOps  : AppOpsService published
06-04 17:06:17.628  1046  1046 I SystemServiceManager: Starting com.android.server.power.PowerManagerServiceEx
06-04 17:06:17.648  1046  1046 I SystemServiceManager: Starting com.android.server.display.DisplayManagerServiceEx
06-04 17:06:17.653  1046  1046 I SystemServiceManager: Starting phase 100
06-04 17:06:17.656  1046  1117 I DisplayManagerService: Display device added: DisplayDeviceInfo{"기본으로 제공되는 화면": 1440 x 2560, 60.0 fps, supportedRefreshRates [60.0], density 640, 537.882 x 541.866 dpi, appVsyncOff 0, presDeadline 17666667, touch INTERNAL, rotation 0, type BUILT_IN, state UNKNOWN, FLAG_DEFAULT_DISPLAY, FLAG_ROTATES_WITH_CONTENT, FLAG_SECURE, FLAG_SUPPORTS_PROTECTED_BUFFERS}
06-04 17:06:17.658  1046  1046 I SystemServer: PowerSaving3LM
06-04 17:06:17.659  1046  1046 I SystemServer: DeviceManager3LM
06-04 17:06:17.665  1046  1046 I SystemServer: Package Manager
06-04 17:06:17.684  1046  1046 W PackageManager: No security bridge jar found, using default
06-04 17:06:17.691  1046  1046 W SystemConfig: No directory /system/etc/sysconfig, skipping
06-04 17:06:17.740  1046  1046 D SELinuxMMAC: Using policy file /system/etc/security/mac_permissions.xml
06-04 17:06:18.138  1046  1046 W PackageManager: Permission group org.simalliance.openmobileapi.permission-group.SMARTCARD from package com.lge.permissions ignored: original from com.lge
06-04 17:06:18.139  1046  1046 I PackageManager: COTAConfigPath: /data/shared/cust/config/custom_apk_list.cfg
06-04 17:06:18.139  1046  1046 I PackageManager: COTAConfig File not found, continuing with CUPPS overlay of custom_apk_list.cfg
06-04 17:06:18.435  1046  1046 W PackageManager: Failed to parse /system/priv-app/CocoPPa_3.0.8: Application package jp.united.app.cocoppa already installed.  Skipping duplicate.
06-04 17:06:18.538  1046  1046 W PackageManager: Failed to parse /system/priv-app/ConditionRecorder_signed_noicon_ANDROID_327800569_20150330: Application package jp.kddilabs.smartnetwork.troubleshooting already installed.  Skipping duplicate.
06-04 17:06:18.619  1046  1046 W PackageManager: Failed to parse /system/priv-app/FamilySmile_2.0_b0257: Application package jp.netstar.familysmile already installed.  Skipping duplicate.
06-04 17:06:18.805  1046  1046 W PackageManager: Failed to parse /system/priv-app/FriendsNote_6_1_14_release: Application package jibe.android.activity already installed.  Skipping duplicate.
06-04 17:06:18.877  1046  1046 W PackageManager: Failed to parse /system/priv-app/GLOBALPASSPORT_20150501_LTE: Application package ait.com.vn.main.plus.lte already installed.  Skipping duplicate.
06-04 17:06:19.259  1046  1046 W PackageParser: No actions in intent filter at /system/priv-app/LGCalendar/LGCalendar.apk Binary XML file line #181
06-04 17:06:19.263  1046  1046 W PackageParser: No actions in intent filter at /system/priv-app/LGCalendar/LGCalendar.apk Binary XML file line #412
06-04 17:06:19.263  1046  1046 W PackageParser: No actions in intent filter at /system/priv-app/LGCalendar/LGCalendar.apk Binary XML file line #423
06-04 17:06:19.263  1046  1046 W PackageParser: No actions in intent filter at /system/priv-app/LGCalendar/LGCalendar.apk Binary XML file line #436
06-04 17:06:19.444  1046  1046 W PackageParser: No actions in intent filter at /system/priv-app/LGContacts/LGContacts.apk Binary XML file line #962
06-04 17:06:19.603  1046  1046 W PackageParser: No actions in intent filter at /system/priv-app/LGEmail/LGEmail.apk Binary XML file line #1113
06-04 17:06:19.658  1046  1046 W PackageParser: No actions in intent filter at /system/priv-app/LGFileManager/LGFileManager.apk Binary XML file line #108
06-04 17:06:19.743  1046  1046 W PackageParser: No actions in intent filter at /system/priv-app/LGHome/LGHome.apk Binary XML file line #239
06-04 17:06:19.826  1046  1046 W PackageParser: Unknown element under <manifest>: meta-data at /system/priv-app/LGJDMB/LGJDMB.apk Binary XML file line #44
06-04 17:06:19.899  1046  1046 W PackageParser: No actions in intent filter at /system/priv-app/LGMusic/LGMusic.apk Binary XML file line #186
06-04 17:06:19.976  1046  1046 W PackageParser: No actions in intent filter at /system/priv-app/LGMyWellness/LGMyWellness.apk Binary XML file line #149
06-04 17:06:19.979  1046  1046 W PackageParser: No actions in intent filter at /system/priv-app/LGMyWellness/LGMyWellness.apk Binary XML file line #328
06-04 17:06:20.102  1046  1046 W PackageParser: No actions in intent filter at /system/priv-app/LGSettings/LGSettings.apk Binary XML file line #922
06-04 17:06:20.103  1046  1046 W PackageParser: No actions in intent filter at /system/priv-app/LGSettings/LGSettings.apk Binary XML file line #934
06-04 17:06:20.103  1046  1046 W PackageParser: No actions in intent filter at /system/priv-app/LGSettings/LGSettings.apk Binary XML file line #951
06-04 17:06:20.140  1046  1046 W PackageParser: No actions in intent filter at /system/priv-app/LGSettings/LGSettings.apk Binary XML file line #3090
06-04 17:06:20.191  1046  1046 W PackageParser: Problem in package /system/priv-app/LGSettings/LGSettings.apk:
06-04 17:06:20.191  1046  1046 W PackageParser: Unknown element under <activity>: action at /system/priv-app/LGSettings/LGSettings.apk Binary XML file line #6356
06-04 17:06:20.191  1046  1046 W PackageParser: Problem in package /system/priv-app/LGSettings/LGSettings.apk:
06-04 17:06:20.191  1046  1046 W PackageParser: Unknown element under <activity>: action at /system/priv-app/LGSettings/LGSettings.apk Binary XML file line #6357
06-04 17:06:20.375  1046  1046 W PackageParser: No actions in intent filter at /system/priv-app/LGStartupwizard/LGStartupwizard.apk Binary XML file line #657
06-04 17:06:20.460  1046  1046 W PackageParser: No actions in intent filter at /system/priv-app/LGTeleService/LGTeleService.apk Binary XML file line #895
06-04 17:06:20.461  1046  1046 W PackageParser: No actions in intent filter at /system/priv-app/LGTeleService/LGTeleService.apk Binary XML file line #971
06-04 17:06:20.462  1046  1046 W PackageParser: No actions in intent filter at /system/priv-app/LGTeleService/LGTeleService.apk Binary XML file line #980
06-04 17:06:20.579  1046  1046 W PackageParser: No actions in intent filter at /system/priv-app/LGVoiceRecorder/LGVoiceRecorder.apk Binary XML file line #130
06-04 17:06:21.009  1046  1046 W PackageManager: Failed to parse /system/priv-app/LISMO_20150423: Application package com.kddi.android.imp already installed.  Skipping duplicate.
06-04 17:06:21.089  1046  1046 W PackageParser: No actions in intent filter at /system/priv-app/SetupWizard/SetupWizard.apk Binary XML file line #168
06-04 17:06:21.091  1046  1046 W PackageParser: No actions in intent filter at /system/priv-app/SetupWizard/SetupWizard.apk Binary XML file line #337
06-04 17:06:21.391  1046  1046 W PackageManager: Failed to parse /system/priv-app/auBackup_5.00.01: Application package com.kddi.android.ausdbackup already installed.  Skipping duplicate.
06-04 17:06:21.577  1046  1046 W PackageManager: Failed to parse /system/priv-app/au_basic_home_01.03.07_00_isaifl_LGE_COM_LG_KEY_LGE_COM_platform: Application package com.kddi.android.auhomelauncherforisaifl already installed.  Skipping duplicate.
06-04 17:06:21.639  1046  1046 W PackageManager: Failed to parse /system/priv-app/au_screen_shot_share_vcode_010306_vname_01.03.06: Application package com.kddi.android.screenshotshare already installed.  Skipping duplicate.
06-04 17:06:21.747  1046  1046 W PackageManager: Failed to parse /system/priv-app/disasterapp_06.00.12_test: Application package com.kddi.disasterapp already installed.  Skipping duplicate.
06-04 17:06:21.920  1046  1046 W PackageManager: Failed to parse /system/app/AndroidGGM-au-14146100_6.1.0-b141423-product-TopPageActivity: Application package com.uievolution.gguide.android already installed.  Skipping duplicate.
06-04 17:06:22.142  1046  1046 W PackageManager: Failed to parse /system/app/BookPass_v03.01.06p: Application package com.kddi.android.lismobookstore already installed.  Skipping duplicate.
06-04 17:06:22.394  1046  1046 W PackageManager: Failed to parse /system/app/EasySettingWizard_050017: Application package com.kddi.android.easysettingwizard already installed.  Skipping duplicate.
06-04 17:06:22.634  1046  1046 W PackageManager: Failed to parse /system/app/GreeMarketGgp.3.4.0: Application package jp.gree.android.pf.greeapp1753 already installed.  Skipping duplicate.
06-04 17:06:22.832  1046  1046 W PackageParser: No actions in intent filter at /system/app/LGBluetooth4/LGBluetooth4.apk Binary XML file line #387
06-04 17:06:22.835  1046  1046 W PackageParser: No actions in intent filter at /system/app/LGBluetooth4/LGBluetooth4.apk Binary XML file line #583
06-04 17:06:23.063  1046  1046 W PackageParser: No actions in intent filter at /system/app/LGWeather/LGWeather.apk Binary XML file line #93
06-04 17:06:23.094  1046  1046 W PackageParser: No actions in intent filter at /system/app/LGWeatherService/LGWeatherService.apk Binary XML file line #26
06-04 17:06:23.720  1046  1046 W PackageManager: Failed to parse /system/app/NFCMenu_2.6.0: Application package com.kddi.nfc.menu already installed.  Skipping duplicate.
06-04 17:06:23.812  1046  1046 W PackageManager: Failed to parse /system/app/NFCTagReader_2.5.0: Application package com.kddi.nfc.tag_reader already installed.  Skipping duplicate.
06-04 17:06:23.904  1046  1046 W PackageManager: Failed to parse /system/app/OptimalRemoteClient-rc78-lp-volte-unsigned-nolib: Application package jp.co.optim.oru already installed.  Skipping duplicate.
06-04 17:06:24.449  1046  1046 W PackageManager: Failed to parse /system/app/auShoppingMall_3.0.5_20150320: Application package com.kddi.auoneshopping already installed.  Skipping duplicate.
06-04 17:06:24.583  1046  1046 W PackageManager: Failed to parse /system/app/aucloud_vcode_240_vname_2.4.0: Application package com.kddi.android.auclouduploader already installed.  Skipping duplicate.
06-04 17:06:24.837  1046  1046 W PackageManager: Failed to parse /system/app/aucs_v520_150403_r: Application package com.kddi.cs.app001 already installed.  Skipping duplicate.
06-04 17:06:26.160  1046  1046 W PackageManager: Failed to parse /system/app/facebook_ver31.0_20150423: Application package com.facebook.katana already installed.  Skipping duplicate.
06-04 17:06:26.395  1046  1046 W PackageManager: Failed to parse /system/app/smapass_3.7.4TAH: Application package com.kddi.pass.launcher already installed.  Skipping duplicate.
06-04 17:06:26.586  1046  1046 W PackageManager: Failed to parse /system/app/utapass_2.4.8_Build_26: Application package com.kddi.android.UtaPass already installed.  Skipping duplicate.
06-04 17:06:26.751  1046  1046 W PackageParser: Unknown element under <manifest>: uses-library at /data/app/jp.gr.java_conf.taketake.KyusokuHouden-1/base.apk Binary XML file line #7
06-04 17:06:26.783  1046  1046 W PackageManager: Package com.android.calculator2 desires unavailable shared library com.lge.app.floating; ignoring!
06-04 17:06:26.827  1046  1046 W PackageManager: Package com.android.providers.downloads.ui desires unavailable shared library com.lge.lgdrm; ignoring!
06-04 17:06:26.894  1046  1046 W PackageManager: Package com.lge.qmemoplus desires unavailable shared library com.lge.emoji; ignoring!
06-04 17:06:26.894  1046  1046 W PackageManager: Package com.lge.qmemoplus desires unavailable shared library com.lge.app.floating; ignoring!
06-04 17:06:26.995  1046  1046 W PackageManager: Package com.lge.qremote desires unavailable shared library com.lge.frameworks; ignoring!
06-04 17:06:27.485  1046  1046 W PackageManager: Package com.lge.qremote desires unavailable shared library com.lge.frameworks; ignoring!
06-04 17:06:27.485  1046  1046 W PackageManager: Package com.android.gallery3d desires unavailable shared library com.lge.lgdrm; ignoring!
06-04 17:06:27.485  1046  1046 W PackageManager: Package com.android.gallery3d desires unavailable shared library com.lge.frameworks; ignoring!
06-04 17:06:27.485  1046  1046 W PackageManager: Package com.android.gallery3d desires unavailable shared library com.lge.systemservice.core; ignoring!
06-04 17:06:27.485  1046  1046 W PackageManager: Package com.android.gallery3d desires unavailable shared library com.lge.app.floating; ignoring!
06-04 17:06:27.485  1046  1046 W PackageManager: Package com.lge.filemanager desires unavailable shared library com.lge.lgdrm; ignoring!
06-04 17:06:27.485  1046  1046 W PackageManager: Package com.lge.filemanager desires unavailable shared library com.lge.app.floating; ignoring!
06-04 17:06:27.485  1046  1046 W PackageManager: Package com.lge.filemanager desires unavailable shared library com.lge.systemservice.core; ignoring!
06-04 17:06:27.485  1046  1046 W PackageManager: Package com.lge.email desires unavailable shared library com.lge.app.floating; ignoring!
06-04 17:06:27.485  1046  1046 W PackageManager: Package com.lge.email desires unavailable shared library com.lge.frameworks; ignoring!
06-04 17:06:27.485  1046  1046 W PackageManager: Package com.lge.email desires unavailable shared library com.lge.systemservice.core; ignoring!
06-04 17:06:27.485  1046  1046 W PackageManager: Package com.android.bluetooth desires unavailable shared library com.mtk.bt; ignoring!
06-04 17:06:27.485  1046  1046 W PackageManager: Package com.android.bluetooth desires unavailable shared library com.qcom.bluetooth; ignoring!
06-04 17:06:27.485  1046  1046 W PackageManager: Package com.android.bluetooth desires unavailable shared library com.broadcom.bt; ignoring!
06-04 17:06:27.485  1046  1046 W PackageManager: Package com.android.bluetooth desires unavailable shared library com.broadcom.fm; ignoring!
06-04 17:06:27.485  1046  1046 W PackageManager: Package com.android.contacts desires unavailable shared library com.android.qualcomm.qcrilhook; ignoring!
06-04 17:06:27.485  1046  1046 W PackageManager: Package com.android.contacts desires unavailable shared library com.lge.systemservice.core; ignoring!
06-04 17:06:27.485  1046  1046 W PackageManager: Package com.android.contacts desires unavailable shared library com.lge.app.floating; ignoring!
06-04 17:06:27.485  1046  1046 W PackageManager: Package jp.kddilabs.smartnetwork.troubleshooting desires unavailable shared library com.kddi.hinkan; ignoring!
06-04 17:06:27.486  1046  1046 W PackageManager: Package com.lge.systemservice desires unavailable shared library com.broadcom.fm; ignoring!
06-04 17:06:27.486  1046  1046 W PackageManager: Package com.lge.systemservice desires unavailable shared library com.lge.wfds; ignoring!
06-04 17:06:27.486  1046  1046 W PackageManager: Package com.android.providers.downloads desires unavailable shared library com.lge.lgdrm; ignoring!
06-04 17:06:27.486  1046  1046 W PackageManager: Package com.lge.lginstallservies desires unavailable shared library com.lge.almond; ignoring!
06-04 17:06:27.486  1046  1046 W PackageManager: Package com.kddi.android.UtaPass desires unavailable shared library com.kddi.android.musicControlExtension; ignoring!
06-04 17:06:27.486  1046  1046 W PackageManager: Package com.android.incallui desires unavailable shared library com.lge.bluetooth; ignoring!
06-04 17:06:27.486  1046  1046 W PackageManager: Package com.google.android.gms desires unavailable shared library com.google.android.ble; ignoring!
06-04 17:06:27.486  1046  1046 W PackageManager: Package com.lge.videoplayer desires unavailable shared library com.lge.media; ignoring!
06-04 17:06:27.486  1046  1046 W PackageManager: Package com.lge.videoplayer desires unavailable shared library com.lge.sound; ignoring!
06-04 17:06:27.486  1046  1046 W PackageManager: Package com.lge.videoplayer desires unavailable shared library com.lge.app.floating; ignoring!
06-04 17:06:27.486  1046  1046 W PackageManager: Package com.kddi.android.auoneidsetting desires unavailable shared library com.nextfp.android.util; ignoring!
06-04 17:06:27.486  1046  1046 E PackageManager: updateAllSharedLibrariesLPw failed: Package com.lge.lgfota.permission requires unavailable shared library com.lge.frameworks; failing!
06-04 17:06:27.486  1046  1046 W PackageManager: Package com.android.calendar desires unavailable shared library com.lge.app.floating; ignoring!
06-04 17:06:27.486  1046  1046 W PackageManager: Package com.android.calendar desires unavailable shared library com.lge.systemservice.core; ignoring!
06-04 17:06:27.486  1046  1046 W PackageManager: Package com.android.providers.downloads.ui desires unavailable shared library com.lge.lgdrm; ignoring!
06-04 17:06:27.486  1046  1046 W PackageManager: Package com.lge.networksettings desires unavailable shared library com.lge.emoji; ignoring!
06-04 17:06:27.486  1046  1046 W PackageManager: Package com.lge.networksettings desires unavailable shared library telephony_RAD; ignoring!
06-04 17:06:27.486  1046  1046 W PackageManager: Package com.lge.networksettings desires unavailable shared library com.lge.app.floating; ignoring!
06-04 17:06:27.486  1046  1046 W PackageManager: Package com.android.calculator2 desires unavailable shared library com.lge.app.floating; ignoring!
06-04 17:06:27.486  1046  1046 W PackageManager: Package com.lge.camera desires unavailable shared library com.lge.systemservice.core; ignoring!
06-04 17:06:27.486  1046  1046 W PackageManager: Package com.lge.qmemoplus desires unavailable shared library com.lge.emoji; ignoring!
06-04 17:06:27.486  1046  1046 W PackageManager: Package com.lge.qmemoplus desires unavailable shared library com.lge.app.floating; ignoring!
06-04 17:06:27.486  1046  1046 W PackageManager: Package com.lge.oneseg desires unavailable shared library com.lge.app.floating; ignoring!
06-04 17:06:27.486  1046  1046 W PackageManager: Package com.lge.music desires unavailable shared library com.lge.systemservice.core; ignoring!
06-04 17:06:27.486  1046  1046 W PackageManager: Package com.lge.music desires unavailable shared library com.lge.sound; ignoring!
06-04 17:06:27.486  1046  1046 W PackageManager: Package com.android.phone desires unavailable shared library com.lge.emoji; ignoring!
06-04 17:06:27.486  1046  1046 W PackageManager: Package com.android.phone desires unavailable shared library telephony_RAD; ignoring!
06-04 17:06:27.486  1046  1046 W PackageManager: Package com.android.phone desires unavailable shared library com.lge.app.floating; ignoring!
06-04 17:06:27.486  1046  1046 W PackageManager: Package com.lge.smartsharepush desires unavailable shared library com.lge.systemservice.core; ignoring!
06-04 17:06:27.486  1046  1046 W PackageManager: Package com.lge.smartsharepush desires unavailable shared library com.lge.frameworks; ignoring!
06-04 17:06:27.486  1046  1046 W PackageManager: Package com.lge.hiddenmenu desires unavailable shared library com.lge.wifi; ignoring!
06-04 17:06:27.487  1046  1046 W PackageManager: Package com.lge.hiddenmenu desires unavailable shared library com.lge.fota; ignoring!
06-04 17:06:27.487  1046  1046 W PackageManager: Package com.android.settings desires unavailable shared library com.lge.bluetooth; ignoring!
06-04 17:06:27.487  1046  1046 W PackageManager: Package com.android.settings desires unavailable shared library com.broadcom.bt; ignoring!
06-04 17:06:27.487  1046  1046 W PackageManager: Package com.android.settings desires unavailable shared library com.lge.nfcaddon; ignoring!
06-04 17:06:27.487  1046  1046 W PackageManager: Package com.android.settings desires unavailable shared library com.lge.broadcast.mmbi; ignoring!
06-04 17:06:27.487  1046  1046 W PackageManager: Package com.android.settings desires unavailable shared library com.lge.wifi; ignoring!
06-04 17:06:27.487  1046  1046 W PackageManager: Package com.kddi.android.emailprov desires unavailable shared library com.nextfp.android.util; ignoring!
06-04 17:06:27.487  1046  1046 W PackageManager: Package com.facebook.katana desires unavailable shared library com.amazon.device.messaging; ignoring!
06-04 17:06:27.487  1046  1046 W PackageManager: Package jp.co.omronsoft.iwnnime.ml desires unavailable shared library com.lge.systemservice.core; ignoring!
06-04 17:06:27.487  1046  1046 W PackageManager: Package com.lge.easyhome desires unavailable shared library com.lge.systemservice.core; ignoring!
06-04 17:06:27.487  1046  1046 W PackageManager: Package com.lge.nfclock desires unavailable shared library com.lge.smartcard; ignoring!
06-04 17:06:27.487  1046  1046 W PackageManager: Package com.lge.nfclock desires unavailable shared library com.lge.nfcaddon; ignoring!
06-04 17:06:27.487  1046  1046 W PackageManager: Package com.android.browser desires unavailable shared library com.lge.lgdrm; ignoring!
06-04 17:06:27.487  1046  1046 I PackageManager: Adjusting ABI for : com.google.android.backuptransport to armeabi-v7a
06-04 17:06:27.488  1046  1046 I PackageManager: Adjusting ABI for : com.google.android.syncadapters.contacts to armeabi-v7a
06-04 17:06:27.488  1046  1046 I PackageManager: Adjusting ABI for : com.google.android.gsf.login to armeabi-v7a
06-04 17:06:27.489  1046  1046 I PackageManager: Adjusting ABI for : com.google.android.gsf to armeabi-v7a
06-04 17:06:27.489  1046  1046 I PackageManager: Adjusting ABI for : com.android.keychain to armeabi-v7a
06-04 17:06:27.490  1046  1046 I PackageManager: Adjusting ABI for : com.lge to armeabi-v7a
06-04 17:06:27.493  1046  1046 I PackageManager: Adjusting ABI for : com.lge.settings.easy to armeabi-v7a
06-04 17:06:27.493  1046  1046 I PackageManager: Adjusting ABI for : com.access.IrFront to armeabi-v7a
06-04 17:06:27.494  1046  1046 I PackageManager: Adjusting ABI for : com.lge.aat to armeabi-v7a
06-04 17:06:27.494  1046  1046 I PackageManager: Adjusting ABI for : com.android.providers.settings to armeabi-v7a
06-04 17:06:27.494  1046  1046 I PackageManager: Adjusting ABI for : com.lge.systemservice to armeabi-v7a
06-04 17:06:27.495  1046  1046 I PackageManager: Adjusting ABI for : com.qualcomm.location to armeabi-v7a
06-04 17:06:27.495  1046  1046 I PackageManager: Adjusting ABI for : com.qti.diagservices to armeabi-v7a
06-04 17:06:27.496  1046  1046 I PackageManager: Adjusting ABI for : com.lge.myplace.engine to armeabi-v7a
06-04 17:06:27.496  1046  1046 I PackageManager: Adjusting ABI for : com.lge.touchcontrol to armeabi-v7a
06-04 17:06:27.496  1046  1046 I PackageManager: Adjusting ABI for : com.lge.mlt to armeabi-v7a
06-04 17:06:27.497  1046  1046 I PackageManager: Adjusting ABI for : com.lge.ckerrorreporterui to armeabi-v7a
06-04 17:06:27.497  1046  1046 I PackageManager: Adjusting ABI for : com.qualcomm.agent to armeabi-v7a
06-04 17:06:27.497  1046  1046 I PackageManager: Adjusting ABI for : com.android.LGSetupWizard to armeabi-v7a
06-04 17:06:27.498  1046  1046 I PackageManager: Adjusting ABI for : com.qualcomm.svi to armeabi-v7a
06-04 17:06:27.498  1046  1046 I PackageManager: Adjusting ABI for : com.qualcomm.qti.services.secureui to armeabi-v7a
06-04 17:06:27.498  1046  1046 I PackageManager: Adjusting ABI for : com.lge.servicemenu to armeabi-v7a
06-04 17:06:27.499  1046  1046 I PackageManager: Adjusting ABI for : com.android.settings to armeabi-v7a
06-04 17:06:27.499  1046  1046 I PackageManager: Adjusting ABI for : com.lge.homeselector to armeabi-v7a
06-04 17:06:27.499  1046  1046 I PackageManager: Adjusting ABI for : com.qualcomm.atfwd to armeabi-v7a
06-04 17:06:27.500  1046  1046 I PackageManager: Adjusting ABI for : com.qapp.quickboot to armeabi-v7a
06-04 17:06:27.500  1046  1046 I PackageManager: Adjusting ABI for : com.android.inputdevices to armeabi-v7a
06-04 17:06:27.500  1046  1046 I PackageManager: Adjusting ABI for : com.android.settingsaccessibility to armeabi-v7a
06-04 17:06:27.501  1046  1046 I PackageManager: Adjusting ABI for : com.qualcomm.wfd.service to armeabi-v7a
06-04 17:06:27.501  1046  1046 I PackageManager: Adjusting ABI for : com.lge.springcleaning to armeabi-v7a
06-04 17:06:27.502  1046  1046 I PackageManager: Adjusting ABI for : com.lge.loggage to armeabi-v7a
06-04 17:06:27.502  1046  1046 I PackageManager: Adjusting ABI for : com.lge.lgfota.permission to armeabi-v7a
06-04 17:06:27.502  1046  1046 I PackageManager: Adjusting ABI for : com.lge.hiddenmenu to armeabi-v7a
06-04 17:06:27.503  1046  1046 I PackageManager: Adjusting ABI for : com.lge.shutdownmonitor to armeabi-v7a
06-04 17:06:27.503  1046  1046 I PackageManager: Adjusting ABI for : com.lge.osfserver to armeabi-v7a
06-04 17:06:27.503  1046  1046 I PackageManager: Adjusting ABI for : com.android.location.fused to armeabi-v7a
06-04 17:06:27.504  1046  1046 I PackageManager: Adjusting ABI for : com.lge.permissions to armeabi-v7a
06-04 17:06:27.504  1046  1046 I PackageManager: Adjusting ABI for : com.lge.eltest to armeabi-v7a
06-04 17:06:27.504  1046  1046 I PackageManager: Adjusting ABI for : com.qualcomm.timeservice to armeabi-v7a
06-04 17:06:27.505  1046  1046 I PackageManager: Adjusting ABI for : com.lge.provider.systemui to armeabi-v7a
06-04 17:06:27.505  1046  1046 I PackageManager: Adjusting ABI for : com.hy.system.fontserver to armeabi-v7a
06-04 17:06:27.505  1046  1046 I PackageManager: Adjusting ABI for : com.lge.gnss.rftest to armeabi-v7a
06-04 17:06:27.506  1046  1046 I PackageManager: Adjusting ABI for : com.android.systemui to armeabi-v7a
06-04 17:06:27.510  1046  1046 I PackageManager: Time to scan packages: 9.648 seconds
06-04 17:06:27.510  1046  1046 W PackageManager: Not granting permission android.permission.WRITE_MEDIA_STORAGE to package com.lge.qremote (protectionLevel=18 flags=0x48be44)
06-04 17:06:27.511  1046  1046 W PackageManager: Unknown permission com.lge.myplace.permission.test.API in package com.lge.myplace
06-04 17:06:27.511  1046  1046 W PackageManager: Unknown permission com.lge.cloudhub.provider.permission.read in package com.android.gallery3d
06-04 17:06:27.511  1046  1046 W PackageManager: Unknown permission com.lge.cloudhub.provider.permission.write in package com.android.gallery3d
06-04 17:06:27.511  1046  1046 W PackageManager: Unknown permission android.permission.LGT_CONTENTS in package com.android.packageinstaller
06-04 17:06:27.512  1046  1046 W PackageManager: Unknown permission com.google.android.voicesearch.SHORTCUTS_ACCESS in package com.google.android.googlequicksearchbox
06-04 17:06:27.512  1046  1046 W PackageManager: Unknown permission com.google.android.voicesearch.ACCESS_SETTINGS in package com.google.android.googlequicksearchbox
06-04 17:06:27.512  1046  1046 W PackageManager: Unknown permission com.android.browser.permission.PRELOAD in package com.google.android.googlequicksearchbox
06-04 17:06:27.512  1046  1046 W PackageManager: Unknown permission com.google.android.ears.permission.WRITE in package com.google.android.googlequicksearchbox
06-04 17:06:27.512  1046  1046 W PackageManager: Unknown permission com.google.android.apps.googlevoice.permission.AUTO_SEND in package com.google.android.googlequicksearchbox
06-04 17:06:27.512  1046  1046 W PackageManager: Unknown permission com.google.android.launcher.permission.CONTENT_REDIRECT in package com.google.android.googlequicksearchbox
06-04 17:06:27.513  1046  1046 W PackageManager: Not granting permission android.permission.MODIFY_PHONE_STATE to package com.android.providers.partnerbookmarks (protectionLevel=18 flags=0x8be45)
06-04 17:06:27.513  1046  1046 W PackageManager: Unknown permission android.permission.WRIGHT_EXTERNAL_STORAGE in package jp.gr.java_conf.taketake.KyusokuHouden
06-04 17:06:27.513  1046  1046 W PackageManager: Unknown permission com.lge.cloudhub.provider.permission.read in package com.lge.filemanager
06-04 17:06:27.513  1046  1046 W PackageManager: Unknown permission com.lge.cloudhub.provider.permission.write in package com.lge.filemanager
06-04 17:06:27.513  1046  1046 W PackageManager: Unknown permission net.gree.platformsample.permission.C2D_MESSAGE in package jp.gree.android.pf.greeapp1753
06-04 17:06:27.514  1046  1046 W PackageManager: Unknown permission com.lge.sns.READ_SN_MANAGER in package com.lge.email
06-04 17:06:27.514  1046  1046 W PackageManager: Unknown permission com.lge.sns.WRITE_SN_MANAGER in package com.lge.email
06-04 17:06:27.514  1046  1046 W PackageManager: Unknown permission android.permission.VIDEO_CALL_PRIVILEGED in package com.lge.email
06-04 17:06:27.514  1046  1046 W PackageManager: Unknown permission com.google.android.gm.perm in package com.lge.email
