02-14 17:05:27.979  1057  1338 D ConnectivityService: sending new Min Network Score(50): NetworkRequest [ id=3, legacyType=11, [ Transports: CELLULAR Capabilities: IMS&NOT_RESTRICTED&TRUSTED&NOT_VPN] ]
02-14 17:05:27.995  1057  1140 D DSQN    : DNSproblemNotiEnabled is disabled ignore DNS fail CB
02-14 17:05:28.008  1057  1135 W ProcessCpuTracker: Skipping unknown process pid 3101
02-14 17:05:28.008  1057  1135 W ProcessCpuTracker: Skipping unknown process pid 3102
02-14 17:05:28.009  1057  1135 W ProcessCpuTracker: Skipping unknown process pid 3133
02-14 17:05:28.041  1057  1140 D DSQN    : DNSproblemNotiEnabled is disabled ignore DNS fail CB
02-14 17:05:28.047  1057  1840 D ConnectivityService: setProvNotificationVisible: E visible=false networkType=0 action=com.android.internal.telephony.PROVISION0
02-14 17:05:28.048  1057  1840 D ConnectivityService: setProvNotificationVisibleIntent: E visible=false networkType=0 extraInfo=null
02-14 17:05:28.109  1057  1338 D ConnectivityService: [LGE_DATA] handleSetPolicyDataEnable !!
02-14 17:05:28.111  3058  3058 W ContextImpl: Calling a method in the system process without a qualified user: android.app.ContextImpl.startService:1757 android.content.ContextWrapper.startService:515 android.content.ContextWrapper.startService:515 com.lguplus.rms.RmsBoradcastReceiver.onReceive:-1 android.app.ActivityThread.handleReceiver:2586 
02-14 17:05:28.135  1057  1843 W InputMethodManagerService: Starting input on non-focused client com.android.internal.view.IInputMethodClient$Stub$Proxy@83d72ef (uid=10028 pid=2092)
02-14 17:05:28.154  1057  1338 D ConnectivityService: [LGE_DATA] handleSetPolicyDataEnable !!
02-14 17:05:28.154  1057  1324 V NetworkPolicy: [LG_RESTRICTED] checkMobilePolicy_type()
02-14 17:05:28.161   375   616 I LGFTMITEM: [GET_FTM][id=12], offset=24576
02-14 17:05:28.162   375   616 I LGFTMITEM: [SET_FTM][id=23], offset=47104
02-14 17:05:28.168   375   616 I LGFTMITEM: [GET_FTM][id=2], offset=4096
02-14 17:05:28.168   375   616 I Atd     : [READ IMEI]: id= 117
02-14 17:05:28.168   375   616 I Atd     : [COMMON_INTERFACE] LGCMD OPCODE: 117
02-14 17:05:28.168   375   616 I Atd     : [COMMON_INTERFACE] Call request_to_modem
02-14 17:05:28.168   375   616 I Atd     : [DMI] request_to_modem:__START!
02-14 17:05:28.168   375   616 I Atd     : [DMI] Request id: 117
02-14 17:05:28.168   375   616 I Atd     : [DMI] Request data length : 0
02-14 17:05:28.168   375   616 I Atd     : [DMI] =====> request_to_modem_via_dmi : qcci_qmi_lge_dmi_send_cmd
02-14 17:05:28.170   375   616 I Atd     : [DMI] Response data valid : 1
02-14 17:05:28.170   375   616 I Atd     : [DMI] Response data length : 15
02-14 17:05:28.170   375   616 I Atd     : [DMI] request_to_modem return value is 0
02-14 17:05:28.170   375   616 I Atd     : Response Status: 0
02-14 17:05:28.170   375   616 I LGFTMITEM: [GET_FTM][id=13], offset=26624
02-14 17:05:28.170   375   616 I LGFTMITEM: [GET_FTM][id=4608], offset=9437184
02-14 17:05:28.171   375   616 I Atd     : [LGE][ATD] Boot Image : OK!
02-14 17:05:28.171   375   616 I LGFTMITEM: [GET_FTM][id=14], offset=28672
02-14 17:05:28.172   375   616 I Atd     : GSM VERSION TYPE
02-14 17:05:28.172   375   616 I Atd     : [LGE][ATD] ro.lge.factoryversion is [LGF400LAT-00-V20g-LGU-KR-JAN-14-2015+0]
02-14 17:05:28.172   375   616 I Atd     : Model Name:LGF400LAT
02-14 17:05:28.172   375   616 I Atd     : model_name : LGF400LAT, token_pointer : LGF400LAT
02-14 17:05:28.172   375   616 I Atd     : Sim LOCK Type Name:00
02-14 17:05:28.172   375   616 I Atd     : sim_lock_type : 00, token_pointer : 00
02-14 17:05:28.172   375   616 I Atd     : Version Name: V20g
02-14 17:05:28.172   375   616 I Atd     : version_name : , token_pointer : V20g
02-14 17:05:28.172   375   616 I Atd     : MCC: LGU
02-14 17:05:28.172   375   616 I Atd     : MCC : LGU, token_pointer : LGU
02-14 17:05:28.172   375   616 I Atd     : MNC: KR
02-14 17:05:28.172   375   616 I Atd     : MNC : KR, token_pointer : KR
02-14 17:05:28.172   375   616 I Atd     : Release Date : JAN-14-2015
02-14 17:05:28.172   375   616 I Atd     : release_date : JAN-14-2015, token_pointer : JAN-14-2015
02-14 17:05:28.172   375   616 I Atd     : Hidden Version NULL
02-14 17:05:28.172   375   616 I Atd     : SW Version is Executed...
02-14 17:05:28.172   375   616 I Atd     : read_lge_sltype
02-14 17:05:28.172   375   616 I Atd     : [COMMON_INTERFACE] LGCMD OPCODE: 125
02-14 17:05:28.172   375   616 I Atd     : [COMMON_INTERFACE] Call request_to_modem
02-14 17:05:28.172   375   616 I Atd     : [DMI] request_to_modem:__START!
02-14 17:05:28.172   375   616 I Atd     : [DMI] Request id: 125
02-14 17:05:28.172   375   616 I Atd     : [DMI] Request data length : 0
02-14 17:05:28.172   375   616 I Atd     : [DMI] =====> request_to_modem_via_dmi : qcci_qmi_lge_dmi_send_cmd
02-14 17:05:28.173   375   616 I Atd     : [DMI] Response data valid : 1
02-14 17:05:28.173   375   616 I Atd     : [DMI] Response data length : 1
02-14 17:05:28.173   375   616 I Atd     : [DMI] request_to_modem return value is 0
02-14 17:05:28.173   375   616 I Atd     : Response Status: 0
02-14 17:05:28.173   375   616 I Atd     : SLTYPE READ OK
02-14 17:05:28.173   375   616 I Atd     : [COMMON_INTERFACE] LGCMD OPCODE: 154
02-14 17:05:28.173   375   616 I Atd     : [COMMON_INTERFACE] Call request_to_modem
02-14 17:05:28.173   375   616 I Atd     : [DMI] request_to_modem:__START!
02-14 17:05:28.173   375   616 I Atd     : [DMI] Request id: 154
02-14 17:05:28.173   375   616 I Atd     : [DMI] Request data length : 0
02-14 17:05:28.173   375   616 I Atd     : [DMI] =====> request_to_modem_via_dmi : qcci_qmi_lge_dmi_send_cmd
02-14 17:05:28.173   375   616 I Atd     : [DMI] Response data valid : 1
02-14 17:05:28.173   375   616 I Atd     : [DMI] Response data length : 0
02-14 17:05:28.173   375   616 I Atd     : [DMI] request_to_modem return value is 0
02-14 17:05:28.174   375   616 I Atd     : Response Status: 0
02-14 17:05:28.174   375   616 I Atd     : [COMMON_INTERFACE] LGCMD OPCODE: 127
02-14 17:05:28.174   375   616 I Atd     : [COMMON_INTERFACE] Call request_to_modem
02-14 17:05:28.174   375   616 I Atd     : [DMI] request_to_modem:__START!
02-14 17:05:28.174   375   616 I Atd     : [DMI] Request id: 127
02-14 17:05:28.174   375   616 I Atd     : [DMI] Request data length : 0
02-14 17:05:28.174   375   616 I Atd     : [DMI] =====> request_to_modem_via_dmi : qcci_qmi_lge_dmi_send_cmd
02-14 17:05:28.174   375   616 I Atd     : [DMI] Response data valid : 1
02-14 17:05:28.174   375   616 I Atd     : [DMI] Response data length : 0
02-14 17:05:28.174   375   616 I Atd     : [DMI] request_to_modem return value is 0
02-14 17:05:28.174   375   616 I Atd     : Response Status: 0
02-14 17:05:28.174   375   616 I Atd     : [COMMON_INTERFACE] LGCMD OPCODE: 156
02-14 17:05:28.174   375   616 I Atd     : [COMMON_INTERFACE] Call request_to_modem
02-14 17:05:28.174   375   616 I Atd     : [DMI] request_to_modem:__START!
02-14 17:05:28.174   375   616 I Atd     : [DMI] Request id: 156
02-14 17:05:28.174   375   616 I Atd     : [DMI] Request data length : 0
02-14 17:05:28.174   375   616 I Atd     : [DMI] =====> request_to_modem_via_dmi : qcci_qmi_lge_dmi_send_cmd
02-14 17:05:28.175   375   616 I Atd     : [DMI] Response data valid : 1
02-14 17:05:28.175   375   616 I Atd     : [DMI] Response data length : 34
02-14 17:05:28.175   375   616 I Atd     : [DMI] request_to_modem return value is 0
02-14 17:05:28.175   375   616 I Atd     : Response Status: 0
02-14 17:05:28.175   375   616 I Atd     : NTCODE READ OK
02-14 17:05:28.175   375   616 I Atd     : FACTORY_DEBUG - output_data : "0","FFF,FFF,FFFFFFFF,FFFFFFFF,FF"
02-14 17:05:28.175   375   616 I Atd     : MCC Temp : FFF
02-14 17:05:28.175   375   616 I Atd     : temp3 : FFF, token_pointer : FFF
02-14 17:05:28.175   375   616 I Atd     : subset : FF, token_pointer : FF
02-14 17:05:28.175   375   616 I Atd     : Default NT Code "FFF,FFF..." is read!
02-14 17:05:28.175   375   616 I LGFTMITEM: [SET_FTM][id=14], offset=28672
02-14 17:05:28.181   375   616 I LGFTMITEM: [GET_FTM][id=15], offset=30720
02-14 17:05:28.183   375   616 I Atd     : GSM VERSION TYPE
02-14 17:05:28.183   375   616 I Atd     : [LGE][ATD] ro.lge.factoryversion is [LGF400LAT-00-V20g-LGU-KR-JAN-14-2015+0]
02-14 17:05:28.183   375   616 I Atd     : [COMMON_INTERFACE] LGCMD OPCODE: 28
02-14 17:05:28.183   375   616 I Atd     : [COMMON_INTERFACE] Call request_to_modem
02-14 17:05:28.183   375   616 I Atd     : [DMI] request_to_modem:__START!
02-14 17:05:28.183   375   616 I Atd     : [DMI] Request id: 28
02-14 17:05:28.183   375   616 I Atd     : [DMI] Request data length : 0
02-14 17:05:28.183   375   616 I Atd     : [DMI] =====> request_to_modem_via_dmi : qcci_qmi_lge_dmi_send_cmd
02-14 17:05:28.184   375   616 I Atd     : [DMI] Response data valid : 1
02-14 17:05:28.184   375   616 I Atd     : [DMI] Response data length : 1
02-14 17:05:28.184   375   616 I Atd     : [DMI] request_to_modem return value is 0
02-14 17:05:28.184   375   616 I Atd     : Response Status: 0
02-14 17:05:28.184   375   616 I Atd     : system_set_caldata_check_prop: 0
02-14 17:05:28.184  1057  1324 V NetworkPolicy: [LG_RESTRICTED] checkMobilePolicy_type() ::false
02-14 17:05:28.184  1057  1324 V NetworkPolicy: [LG_RESTRICTED] :11 type is not inusing
02-14 17:05:28.242  1057  2071 I ActivityManager: Start proc com.uei.lg.quicksetsdk.maxq616 for service com.uei.lg.quicksetsdk.maxq616/com.uei.control.Service: pid=3275 uid=1000 gids={41000, 9997, 1028, 1015, 3003, 3002, 3001, 4002, 1007, 1023, 1021, 3004, 3005, 1000, 3009, 1010, 1004, 2002, 3008, 1026, 1009, 1027, 1003, 1014, 2001, 1002} abi=armeabi-v7a
02-14 17:05:28.261  1057  1338 D ConnectivityService: [LGE_DATA] handleSetPolicyDataEnable !!
02-14 17:05:28.273  1057  1338 D ConnectivityService: [LGE_DATA] handleSetPolicyDataEnable !!
02-14 17:05:28.318  2565  2565 V LGMDMManager: Create singleton instance
02-14 17:05:28.392  1401  1401 W ResourcesManager: Asset path '/system/framework/com.google.android.maps.jar' does not exist or contains no resources.
02-14 17:05:28.517  2053  3301 D AtdConnector: Thread-131, RSP <- {20:atcommand initialize}
02-14 17:05:28.517  2053  3301 D AtdConnector: Thread-131, SND -> {atcommand initialize}
02-14 17:05:28.518   375   615 I Atd     : Command[0] = atcommand
02-14 17:05:28.518   375   615 I Atd     : Command[1] = initialize
02-14 17:05:28.518  2053  3300 D AtdConnector: RCV <- {601 AT Command Start}
02-14 17:05:28.518  2053  3300 D AtdConnector: RCV <- {200 AT Command Start}
02-14 17:05:28.591  1057  2071 I ActivityManager: Start proc com.google.android.gms.wearable for service com.google.android.gms/.wearable.service.WearableService: pid=3302 uid=10005 gids={50005, 9997, 2001, 3003, 1007, 3006, 1028, 1015, 3002, 3001, 1005, 3007} abi=armeabi-v7a
02-14 17:05:28.633  2092  2092 I Timeline: Timeline: Activity_idle id: android.os.BinderProxy@31e3111b time:32063
02-14 17:05:28.704  3302  3302 W ResourcesManager: Asset path '/system/framework/com.android.media.remotedisplay.jar' does not exist or contains no resources.
02-14 17:05:28.705  3302  3302 W ResourcesManager: Asset path '/system/framework/com.android.location.provider.jar' does not exist or contains no resources.
02-14 17:05:28.747  2565  2565 V LGMDMManager: gAIP(NULL) ret:true
02-14 17:05:28.801  1057  1435 I ActivityManager: Start proc com.lgu.app.appbundle for broadcast com.lgu.app.appbundle/.WidgetProvider_5x3: pid=3324 uid=10128 gids={50128, 9997, 3003, 1028, 1015} abi=armeabi-v7a
02-14 17:05:28.925  1057  1441 W AlarmManager: Window length 268431412ms suspiciously long; limiting to 1 hour
02-14 17:05:28.935  1057  1441 W AlarmManager: Window length 268435454ms suspiciously long; limiting to 1 hour
02-14 17:05:28.953  1057  1312 V AlarmManager: ELAPSED_WAKEUP set : Alarm{3dec31d5 type 2 when 32365 com.google.android.gms} when 32365
02-14 17:05:28.960  1057  1312 V AlarmManager: ELAPSED_WAKEUP set : Alarm{347e4dea type 2 when 32382 com.lge.ims} when 32382
02-14 17:05:28.965  1057  1312 V AlarmManager: ELAPSED_WAKEUP set : Alarm{280a8db type 2 when 32388 com.lge.ims} when 32388
02-14 17:05:28.975  1057  2033 D WifiService: acquireWifiLockLocked: WifiLock{NlpWifiLock type=2 binder=android.os.BinderProxy@389ccf78}
02-14 17:05:28.977  1057  1843 D WifiService: startScan pid=3025, uid=10005, packageName=com.google.uid.shared:10005
02-14 17:05:29.009  1057  1842 D WifiService: acquireWifiLockLocked: WifiLock{NlpWifiLock type=2 binder=android.os.BinderProxy@10cb1651}
02-14 17:05:29.009  1057  1840 I ActivityManager: Start proc com.lge.sizechangable.weather.platform for content provider com.lge.sizechangable.weather.platform/com.lge.sizechangable.weather.provider.CLWeatherProvider: pid=3353 uid=10100 gids={50100, 9997, 3003} abi=armeabi-v7a
02-14 17:05:29.053  1057  1074 D WifiService: releaseWifiLockLocked: WifiLock{NlpWifiLock type=2 binder=android.os.BinderProxy@10cb1651}
02-14 17:05:29.066  1057  1416 D WifiService: startScan pid=3025, uid=10005, packageName=com.google.uid.shared:10005
02-14 17:05:29.082  1057  2033 D ConnectivityService: Adding 2001:4430:4:201::7/128 -> fe80::a164:97b5:93d0:4227 rmnet0 for interface rmnet0
02-14 17:05:29.084  1057  2033 D ConnectivityService: requestRouteToHostAddress ok=true
02-14 17:05:29.157  1057  2072 I ActivityManager: Start proc com.lge.lockscreensettings for content provider com.lge.lockscreensettings/.LockSettingsProvider: pid=3379 uid=10092 gids={50092, 9997, 1028, 1015} abi=armeabi-v7a
02-14 17:05:29.167  1401  1401 W ResourcesManager: Asset path '/system/framework/com.lge.mdm.jar' does not exist or contains no resources.
02-14 17:05:29.297  1401  1401 V KeyguardTouchDelegate: Connected to keyguard
02-14 17:05:29.306  1057  1842 D ConnectivityService: Adding 2001:4430:4:201::7/128 -> fe80::a164:97b5:93d0:4227 rmnet0 for interface rmnet0
02-14 17:05:29.308  1057  1842 D ConnectivityService: requestRouteToHostAddress ok=true
02-14 17:05:29.315  1401  1401 V LGMDMManager: gAMU(NULL) ret:true
02-14 17:05:29.317  1057  2033 D PowerManagerServiceEx: updateUserActivitySummaryLocked: mWakefulness=Awake, mUserActivitySummary=0x1, nextTimeout=120000 (in 87253 ms)
02-14 17:05:29.353  1401  1638 W ResourcesManager: Asset path '/system/framework/com.lge.emoji.jar' does not exist or contains no resources.
02-14 17:05:29.353  1401  1638 W ResourcesManager: Asset path '/system/framework/com.lge.mdm.jar' does not exist or contains no resources.
02-14 17:05:29.364  1057  1441 W ActivityManager: Unable to start service Intent { act=com.lge.wmanClients.notification.SideNotificationService pkg=com.lge.wman } U=0: not found
02-14 17:05:29.372  1401  1638 W ResourcesManager: Asset path '/system/framework/com.google.android.maps.jar' does not exist or contains no resources.
02-14 17:05:29.372  1401  1638 W ResourcesManager: Asset path '/system/framework/com.google.android.media.effects.jar' does not exist or contains no resources.
02-14 17:05:29.372  1401  1638 W ResourcesManager: Asset path '/system/framework/com.lge.divx.jar' does not exist or contains no resources.
02-14 17:05:29.373  1401  1638 W ResourcesManager: Asset path '/system/framework/com.lge.zdi.splitwindow.jar' does not exist or contains no resources.
02-14 17:05:29.389  1057  1337 D WifiService: New client listening to asynchronous messages
02-14 17:05:29.730  1057  1149 I ActivityManager: Start proc com.google.android.googlequicksearchbox:search for broadcast com.google.android.googlequicksearchbox/.SearchWidgetProvider: pid=3424 uid=10054 gids={50054, 9997, 3003, 3001, 1028, 3002, 1015, 1005} abi=armeabi-v7a
02-14 17:05:29.780  1057  1324 V NetworkPolicy: [Yunsik]mServiceStateReceiver: serviceState.getState() : 0 ServiceState.STATE_IN_SERVICE : 0 SystemProperties.get persist.radio.isroaming : false
02-14 17:05:29.898  1057  1338 D ConnectivityService: ignoring duplicate network state non-change
02-14 17:05:29.899  1057  1338 D ConnectivityService: Update of LinkProperties for NetworkAgentInfo [MOBILE (LTE) - 100]; created=true
02-14 17:05:29.899  1057  1338 D ConnectivityService:  [lge_data] MTU size from kernel is 1400
02-14 17:05:29.899  1057  1338 D ConnectivityService: Setting MTU size: rmnet0, 1400
02-14 17:05:29.900  1057  1338 D Nat464Xlat: requiresClat: netType=0, connected=true, hasIPv4Address=false, hasInternetCapability=false
02-14 17:05:30.024  1057  1441 I ActivityManager: Killing 2312:com.lguplus.common.wificm.mwlan/1000 (adj 15): empty #17
02-14 17:05:30.141  1057  2034 W libprocessgroup: failed to open /acct/uid_1000/pid_2312/cgroup.procs: No such file or directory
02-14 17:05:30.142  1057  2034 D ActivityManager: resumeTopActivityLocked: Top activity resumed ActivityRecord{9aaa8f0 u0 com.android.settings/.lgesetting.wireless.DataNetworkModePayPopupLGT t33}
02-14 17:05:30.204  1057  1073 I ActivityManager: Start proc com.lge.sizechangable.musicwidget.widget for broadcast com.lge.sizechangable.musicwidget.widget/.MusicAppWidgetProvider4x1: pid=3452 uid=10035 gids={50035, 9997, 3003, 1028, 1015, 4002} abi=armeabi-v7a
02-14 17:05:30.244  2244  2244 W ResourcesManager: Asset path '/system/framework/com.android.media.remotedisplay.jar' does not exist or contains no resources.
02-14 17:05:30.244  2244  2244 W ResourcesManager: Asset path '/system/framework/com.android.location.provider.jar' does not exist or contains no resources.
02-14 17:05:30.275  3275  3275 W ContextImpl: Calling a method in the system process without a qualified user: android.app.ContextImpl.bindService:1821 android.content.ContextWrapper.bindService:538 com.uei.control.Service.b:-1 com.uei.control.Service.a:-1 com.uei.control.Service.onCreate:-1 
02-14 17:05:30.300  1057  1312 V AlarmManager: ELAPSED_WAKEUP set : Alarm{37a8f4aa type 2 when 33722 com.lge.ims} when 33722
02-14 17:05:30.337  1057  2111 I ActivityManager: Start proc com.lge.music for service com.lge.music/.MediaPlaybackService: pid=3475 uid=10034 gids={50034, 9997, 3003, 1028, 1015, 1023, 4002, 3002, 3001} abi=armeabi-v7a
02-14 17:05:30.408  1057  2110 I ActivityManager: Start proc com.lge.clock for broadcast com.lge.clock/.quickcover.QuickCoverProvider: pid=3494 uid=10010 gids={50010, 9997, 3003, 1028, 4002} abi=armeabi-v7a
02-14 17:05:30.421  1057  1840 I ActivityManager: Killing 2421:com.wsandroid.suite.lge/1000 (adj 15): empty #17
02-14 17:05:30.455  3475  3475 W ResourcesManager: Asset path '/system/framework/com.lge.systemui.jar' does not exist or contains no resources.
02-14 17:05:30.455  3475  3475 W ResourcesManager: Asset path '/system/framework/com.lge.sound.jar' does not exist or contains no resources.
02-14 17:05:30.499  1057  1840 I ActivityManager: Killing 2376:com.lge.videoplayer/u0a45 (adj 15): empty #18
02-14 17:05:30.590  1057  1441 W libprocessgroup: failed to open /acct/uid_1000/pid_2421/cgroup.procs: No such file or directory
02-14 17:05:30.591  1057  1441 D ActivityManager: resumeTopActivityLocked: Top activity resumed ActivityRecord{9aaa8f0 u0 com.android.settings/.lgesetting.wireless.DataNetworkModePayPopupLGT t33}
02-14 17:05:30.597  1057  1843 W libprocessgroup: failed to open /acct/uid_10045/pid_2376/cgroup.procs: No such file or directory
02-14 17:05:30.599  1057  1843 D ActivityManager: resumeTopActivityLocked: Top activity resumed ActivityRecord{9aaa8f0 u0 com.android.settings/.lgesetting.wireless.DataNetworkModePayPopupLGT t33}
02-14 17:05:30.859  1057  1074 W ActivityManager: Unable to start service Intent { act=com.lge.appbox.commonservice.update cmp=com.lge.sizechangable.musicwidget.widget/com.lge.appbox.service.AppBoxCommonService (has extras) } U=0: not found
02-14 17:05:30.878  1057  1840 W PackageManager: Failed setComponentEnabledSetting: component class .WidgetProvider_5x3 does not exist in com.lgu.app.appbundle
02-14 17:05:30.936  2565  2565 V LGMDMManager: gAIP(NULL) ret:true
02-14 17:05:30.967  1057  1338 D ConnectivityService: sendStickyBroadcast: action=android.net.conn.CONNECTIVITY_CHANGE
02-14 17:05:30.992  1057  1416 I ActivityManager: Start proc com.wsandroid.suite.lge for broadcast com.wsandroid.suite.lge/com.wavesecure.core.WSAndroidSystemIntentReceiver: pid=3519 uid=1000 gids={41000, 9997, 1028, 1015, 3003, 3002, 3001, 4002, 1007, 1023, 1021, 3004, 3005, 1000, 3009, 1010, 1004, 2002, 3008, 1026, 1009, 1027, 1003, 1014, 2001, 1002} abi=armeabi-v7a
02-14 17:05:31.045  3475  3475 E ActivityThread: Failed to find provider info for com.lge.music.Setting
02-14 17:05:31.068  3519  3519 W ResourcesManager: Asset path '/system/framework/com.lge.mdm.jar' does not exist or contains no resources.
02-14 17:05:31.132  1057  1441 I ActivityManager: Killing 2449:com.google.android.apps.magazines/u0a107 (adj 13): empty #17
02-14 17:05:31.290  1057  1073 W libprocessgroup: failed to open /acct/uid_10107/pid_2449/cgroup.procs: No such file or directory
02-14 17:05:31.291  1057  1073 D ActivityManager: resumeTopActivityLocked: Top activity resumed ActivityRecord{9aaa8f0 u0 com.android.settings/.lgesetting.wireless.DataNetworkModePayPopupLGT t33}
02-14 17:05:31.936  3519  3519 V LGMDMManager: Create singleton instance
02-14 17:05:32.041  3519  3519 V LGMDMManager: getMDMVersion ver:4.0.0
02-14 17:05:32.147  3519  3546 W ContextImpl: Calling a method in the system process without a qualified user: android.app.ContextImpl.sendBroadcast:1392 android.content.ContextWrapper.sendBroadcast:376 android.content.ContextWrapper.sendBroadcast:376 com.mcafee.framework.a.run:-1 java.lang.Thread.run:818 
02-14 17:05:32.191  1057  2287 I ActivityManager: Start proc com.lge.appbox.client:SingleBinaryService for broadcast com.lge.appbox.client/com.lge.appbox.singlebinary.SimChangeReceiver: pid=3549 uid=10011 gids={50011, 9997, 3003, 1028, 1015, 2001} abi=armeabi-v7a
02-14 17:05:32.200  1057  2287 I ActivityManager: Killing 2798:com.lge.bnr/1000 (adj 13): empty #17
02-14 17:05:32.312  1057  1842 W libprocessgroup: failed to open /acct/uid_1000/pid_2798/cgroup.procs: No such file or directory
02-14 17:05:32.316  1057  1842 D ActivityManager: resumeTopActivityLocked: Top activity resumed ActivityRecord{9aaa8f0 u0 com.android.settings/.lgesetting.wireless.DataNetworkModePayPopupLGT t33}
02-14 17:05:32.321  1057  1145 D PowerManagerServiceEx: updateUserActivitySummaryLocked: mWakefulness=Awake, mUserActivitySummary=0x8, nextTimeout=120000 (in 84249 ms)
02-14 17:05:32.395  3519  3545 W ActivityThread: ClassLoader.getResources: The class loader returned by Thread.getContextClassLoader() may fail for processes that host multiple applications. You should explicitly specify a context class loader. For example: Thread.setContextClassLoader(getClass().getClassLoader());
02-14 17:05:32.427  1057  1435 D WifiService: releaseWifiLockLocked: WifiLock{NlpWifiLock type=2 binder=android.os.BinderProxy@389ccf78}
02-14 17:05:32.654  1057  2071 I ActivityManager: Start proc com.lge.appbox.client for content provider com.lge.appbox.client/com.lge.appbox.databases.AppBoxContentProvider: pid=3572 uid=10011 gids={50011, 9997, 3003, 1028, 1015, 2001} abi=armeabi-v7a
02-14 17:05:32.839  1057  1441 I ActivityManager: Killing 1844:com.lge.sync/1000 (adj 13): empty #17
02-14 17:05:32.936  1057  1840 W libprocessgroup: failed to open /acct/uid_1000/pid_1844/cgroup.procs: No such file or directory
02-14 17:05:32.940  1057  1840 D ActivityManager: resumeTopActivityLocked: Top activity resumed ActivityRecord{9aaa8f0 u0 com.android.settings/.lgesetting.wireless.DataNetworkModePayPopupLGT t33}
02-14 17:05:32.993  3519  3545 W ContextImpl: Calling a method in the system process without a qualified user: android.app.ContextImpl.sendBroadcast:1392 android.content.ContextWrapper.sendBroadcast:376 com.mcafee.vsmandroid.gh.h:-1 com.mcafee.vsm.ext.common.a.d.a:-1 com.mcafee.vsm.ext.common.api.ExtUtils.stopApp:-1 
02-14 17:05:33.136  1057  2034 I ActivityManager: Start proc com.android.browser for broadcast com.android.browser/com.lge.browser.settings.BrowserSettingReceiver: pid=3598 uid=10012 gids={50012, 9997, 3003, 1028, 1015, 1023} abi=armeabi-v7a
02-14 17:05:33.139  1057  2111 I ActivityManager: Killing 1897:com.lguplus.appstore/u0a118 (adj 13): empty #17
02-14 17:05:33.171  1057  1337 D WifiService: Client connection lost with reason: 4
02-14 17:05:33.205  1057  1441 W libprocessgroup: failed to open /acct/uid_10118/pid_1897/cgroup.procs: No such file or directory
02-14 17:05:33.206  1057  1441 D ActivityManager: resumeTopActivityLocked: Top activity resumed ActivityRecord{9aaa8f0 u0 com.android.settings/.lgesetting.wireless.DataNetworkModePayPopupLGT t33}
02-14 17:05:33.232  3598  3598 W ResourcesManager: Asset path '/system/framework/com.lge.zdi.splitwindow.jar' does not exist or contains no resources.
02-14 17:05:33.397   287   368 E VoldCmdListener: [LGE][VOLD][CommandListener.cpp][VolumeCmd::runCommand()] argv[0]:volume, argv[1]:mkdirs, argc:3
02-14 17:05:33.397   287   368 E Vold    : Failed to find mounted volume for /storage/external_SD/Android/data/com.android.browser/files/
02-14 17:05:33.397   287   368 W Vold    : Returning OperationFailed - no handler for errno 0
02-14 17:05:33.748  1057  2110 I ActivityManager: Killing 2112:com.android.printspooler/u0a112 (adj 13): empty #17
02-14 17:05:33.782  1057  1840 W libprocessgroup: failed to open /acct/uid_10112/pid_2112/cgroup.procs: No such file or directory
02-14 17:05:33.783  1057  1840 D ActivityManager: resumeTopActivityLocked: Top activity resumed ActivityRecord{9aaa8f0 u0 com.android.settings/.lgesetting.wireless.DataNetworkModePayPopupLGT t33}
02-14 17:05:33.851  1057  1149 I ActivityManager: Start proc com.lge.lgdmsclient for broadcast com.lge.lgdmsclient/.dmclient.agent.DmDeviceActionReceiver: pid=3624 uid=1000 gids={41000, 9997, 1028, 1015, 3003, 3002, 3001, 4002, 1007, 1023, 1021, 3004, 3005, 1000, 3009, 1010, 1004, 2002, 3008, 1026, 1009, 1027, 1003, 1014, 2001, 1002} abi=armeabi-v7a
02-14 17:05:33.986  3624  3624 W ContextImpl: Calling a method in the system process without a qualified user: android.app.ContextImpl.startService:1757 android.content.ContextWrapper.startService:515 com.lge.lgdmsclient.dmclient.agent.DmDeviceActionReceiver.doAction:86 com.lge.lgdmsclient.dmclient.agent.DmDeviceActionReceiver.onReceive:132 android.app.ActivityThread.handleReceiver:2586 
02-14 17:05:34.041  1057  1842 I ActivityManager: Start proc com.lge.email for broadcast com.lge.email/.receiver.EmailBootReceiver: pid=3644 uid=10022 gids={50022, 9997, 3003, 4002, 1023, 1028, 1015, 3001, 3002} abi=armeabi-v7a
02-14 17:05:34.109  3644  3644 W ResourcesManager: Asset path '/system/framework/com.google.android.maps.jar' does not exist or contains no resources.
02-14 17:05:34.109  3644  3644 W ResourcesManager: Asset path '/system/framework/com.lge.mdm.jar' does not exist or contains no resources.
02-14 17:05:34.111  3644  3644 W ResourcesManager: Asset path '/system/framework/qcrilhook.jar' does not exist or contains no resources.
02-14 17:05:34.111  3644  3644 W ResourcesManager: Asset path '/system/framework/com.lge.zdi.splitwindow.jar' does not exist or contains no resources.
02-14 17:05:34.736  1057  2034 I ActivityManager: Start proc com.android.mms for broadcast com.android.mms/.transaction.MmsSystemEventReceiver: pid=3668 uid=10033 gids={50033, 9997, 3003, 1028, 1015, 1023, 4002, 3002} abi=armeabi-v7a
02-14 17:05:34.738  1057  2034 I ActivityManager: Killing 2977:com.google.android.gms.ui/u0a5 (adj 13): empty #17
02-14 17:05:34.822  1057  2111 W libprocessgroup: failed to open /acct/uid_10005/pid_2977/cgroup.procs: No such file or directory
02-14 17:05:34.823  1057  2111 D ActivityManager: resumeTopActivityLocked: Top activity resumed ActivityRecord{9aaa8f0 u0 com.android.settings/.lgesetting.wireless.DataNetworkModePayPopupLGT t33}
02-14 17:05:34.858  3668  3668 W ResourcesManager: Asset path '/system/framework/com.lge.emoji.jar' does not exist or contains no resources.
02-14 17:05:34.858  3668  3668 W ResourcesManager: Asset path '/system/framework/com.google.android.maps.jar' does not exist or contains no resources.
02-14 17:05:34.859  3668  3668 W ResourcesManager: Asset path '/system/framework/com.lge.telephony.sms.jar' does not exist or contains no resources.
02-14 17:05:34.860  3668  3668 W ResourcesManager: Asset path '/system/framework/com.lge.zdi.splitwindow.jar' does not exist or contains no resources.
02-14 17:05:35.050  3668  3668 E ActivityThread: Failed to find provider info for com.lge.ims.rcs
02-14 17:05:35.051  3668  3668 E ActivityThread: Failed to find provider info for com.lge.ims.rcs
02-14 17:05:35.157  1057  2071 I ActivityManager: Killing 2923:com.mnsoft.lgunavi/u0a147 (adj 13): empty #17
02-14 17:05:35.233  1057  1441 W libprocessgroup: failed to open /acct/uid_10147/pid_2923/cgroup.procs: No such file or directory
02-14 17:05:35.233  1057  1441 W ActivityManager: Scheduling restart of crashed service com.mnsoft.lgunavi/com.mnsoft.offboardnavi.OBNRemoteService in 1000ms
02-14 17:05:35.240  1057  1441 D ActivityManager: resumeTopActivityLocked: Top activity resumed ActivityRecord{9aaa8f0 u0 com.android.settings/.lgesetting.wireless.DataNetworkModePayPopupLGT t33}
02-14 17:05:35.306  1057  1416 I ActivityManager: Killing 2880:com.uplus.ipagent/u0a130 (adj 15): empty #17
02-14 17:05:35.396  1057  2034 W libprocessgroup: failed to open /acct/uid_10130/pid_2880/cgroup.procs: No such file or directory
02-14 17:05:35.397  1057  2034 D ActivityManager: resumeTopActivityLocked: Top activity resumed ActivityRecord{9aaa8f0 u0 com.android.settings/.lgesetting.wireless.DataNetworkModePayPopupLGT t33}
02-14 17:05:35.575  1057  1840 W BackupManagerService: dataChanged but no participant pkg='com.android.providers.settings' uid=10033
02-14 17:05:35.585  1057  1843 W BackupManagerService: dataChanged but no participant pkg='com.android.providers.settings' uid=10033
02-14 17:05:35.596  1057  1073 W BackupManagerService: dataChanged but no participant pkg='com.android.providers.settings' uid=10033
02-14 17:05:35.608  1057  2072 W BackupManagerService: dataChanged but no participant pkg='com.android.providers.settings' uid=10033
02-14 17:05:35.639  1057  1073 W BackupManagerService: dataChanged but no participant pkg='com.android.providers.settings' uid=10033
02-14 17:05:35.652  1057  1149 W BackupManagerService: dataChanged but no participant pkg='com.android.providers.settings' uid=10033
02-14 17:05:35.662  1057  1149 W BackupManagerService: dataChanged but no participant pkg='com.android.providers.settings' uid=10033
02-14 17:05:35.672  1057  1840 W BackupManagerService: dataChanged but no participant pkg='com.android.providers.settings' uid=10033
02-14 17:05:35.682  1057  2072 W BackupManagerService: dataChanged but no participant pkg='com.android.providers.settings' uid=10033
02-14 17:05:35.692  1057  2033 W BackupManagerService: dataChanged but no participant pkg='com.android.providers.settings' uid=10033
02-14 17:05:35.713  1057  2034 W BackupManagerService: dataChanged but no participant pkg='com.android.providers.settings' uid=10033
02-14 17:05:35.723  1057  2110 W BackupManagerService: dataChanged but no participant pkg='com.android.providers.settings' uid=10033
02-14 17:05:35.869  1057  1842 D CountryDetector: The first listener is added
02-14 17:05:36.124  1057  1057 I ActivityManager: Start proc com.lge.hiddenmenu for broadcast com.lge.hiddenmenu/.wcdma_only.log_service.FactorySIMReceiver: pid=3719 uid=1000 gids={41000, 9997, 1028, 1015, 3003, 3002, 3001, 4002, 1007, 1023, 1021, 3004, 3005, 1000, 3009, 1010, 1004, 2002, 3008, 1026, 1009, 1027, 1003, 1014, 2001, 1002} abi=armeabi-v7a
02-14 17:05:36.205  3719  3719 W ResourcesManager: Asset path '/system/framework/com.lge.mdm.jar' does not exist or contains no resources.
02-14 17:05:36.404  1057  2110 I ActivityManager: Start proc com.android.providers.partnerbookmarks for broadcast com.android.providers.partnerbookmarks/com.lge.provider.BookmarksProviderReceiver: pid=3748 uid=10094 gids={50094, 9997} abi=armeabi-v7a
02-14 17:05:36.538  1057  2110 I ActivityManager: Start proc com.qualcomm.telephony for service com.qualcomm.atfwd/.AtFwdService: pid=3769 uid=1000 gids={41000, 9997, 1028, 1015, 3003, 3002, 3001, 4002, 1007, 1023, 1021, 3004, 3005, 1000, 3009, 1010, 1004, 2002, 3008, 1026, 1009, 1027, 1003, 1014, 2001, 1002} abi=armeabi-v7a
02-14 17:05:36.645  1057  1073 I ActivityManager: Start proc com.lge.eula for broadcast com.lge.eula/.service.LicenseSIMObserver: pid=3789 uid=1000 gids={41000, 9997, 1028, 1015, 3003, 3002, 3001, 4002, 1007, 1023, 1021, 3004, 3005, 1000, 3009, 1010, 1004, 2002, 3008, 1026, 1009, 1027, 1003, 1014, 2001, 1002} abi=armeabi-v7a
02-14 17:05:36.646  1057  1073 I ActivityManager: Killing 3353:com.lge.sizechangable.weather.platform/u0a100 (adj 15): empty #17
02-14 17:05:36.700  1057  2111 W libprocessgroup: failed to open /acct/uid_10100/pid_3353/cgroup.procs: No such file or directory
02-14 17:05:36.700  1057  2111 D ActivityManager: resumeTopActivityLocked: Top activity resumed ActivityRecord{9aaa8f0 u0 com.android.settings/.lgesetting.wireless.DataNetworkModePayPopupLGT t33}
02-14 17:05:36.854  1057  2033 D PowerManagerServiceEx: releaseWakeLockInternal: lock=346729907 [CancelableTaskScheduler], flags=0x0
02-14 17:05:36.887  1057  2071 I ActivityManager: Killing 3379:com.lge.lockscreensettings/u0a92 (adj 15): empty #17
02-14 17:05:36.950  1057  1840 W libprocessgroup: failed to open /acct/uid_10092/pid_3379/cgroup.procs: No such file or directory
02-14 17:05:36.951  1057  1840 D ActivityManager: resumeTopActivityLocked: Top activity resumed ActivityRecord{9aaa8f0 u0 com.android.settings/.lgesetting.wireless.DataNetworkModePayPopupLGT t33}
02-14 17:05:36.964  1057  1843 V NotificationService: enqueueNotificationInternal: pkg=com.lge.eula id=262082 notification=Notification(pri=0 contentView=null vibrate=null sound=null defaults=0x0 flags=0x10 color=0x00000000 vis=PRIVATE)
02-14 17:05:36.966  1057  1057 V NotificationService: pkg=com.lge.eula canInterrupt=true intercept=false
02-14 17:05:36.966  1057  1057 V NotificationService: Interrupting!
02-14 17:05:36.966  1057  1057 I NotificationServiceEx: LED remove() : mLights=0|com.lge.eula|262082|null|1000
02-14 17:05:36.966  1057  1057 D NotificationServiceEx: updateLightListLocked :r=0|com.lge.eula|262082|null|1000, action=2
02-14 17:05:36.966  1057  1057 D NotificationServiceEx: notification=Notification(pri=0 contentView=null vibrate=null sound=null defaults=0x0 flags=0x10 color=0x00000000 vis=PRIVATE)
02-14 17:05:37.015  1057  2111 I ActivityManager: Start proc com.lguplus.nsrm_client for broadcast com.lguplus.nsrm_client/.Receiver: pid=3814 uid=1000 gids={41000, 9997, 1028, 1015, 3003, 3002, 3001, 4002, 1007, 1023, 1021, 3004, 3005, 1000, 3009, 1010, 1004, 2002, 3008, 1026, 1009, 1027, 1003, 1014, 2001, 1002} abi=armeabi-v7a
02-14 17:05:37.018  1057  2111 I ActivityManager: Killing 2774:com.lge.ia.task.process.shared/u0a3 (adj 15): empty #17
02-14 17:05:37.080  1057  1441 W libprocessgroup: failed to open /acct/uid_10003/pid_2774/cgroup.procs: No such file or directory
02-14 17:05:37.082  1057  1441 D ActivityManager: resumeTopActivityLocked: Top activity resumed ActivityRecord{9aaa8f0 u0 com.android.settings/.lgesetting.wireless.DataNetworkModePayPopupLGT t33}
02-14 17:05:37.089  1057  2071 I ActivityManager: Killing 1432:com.lge.formmanager/u0a25 (adj 15): empty #17
02-14 17:05:37.184  1057  2071 I ActivityManager: Start proc com.lge.sizechangable.weather for broadcast com.lge.sizechangable.weather/.layout.WeatherWidget: pid=3832 uid=10099 gids={50099, 9997, 3003, 1028, 1015} abi=armeabi-v7a
02-14 17:05:37.185  1057  2071 I ActivityManager: Killing 3494:com.lge.clock/u0a10 (adj 15): empty #17
02-14 17:05:37.246  1057  1073 W libprocessgroup: failed to open /acct/uid_10025/pid_1432/cgroup.procs: No such file or directory
02-14 17:05:37.248  1057  1073 D ActivityManager: resumeTopActivityLocked: Top activity resumed ActivityRecord{9aaa8f0 u0 com.android.settings/.lgesetting.wireless.DataNetworkModePayPopupLGT t33}
02-14 17:05:37.251  1057  1840 W libprocessgroup: failed to open /acct/uid_10010/pid_3494/cgroup.procs: No such file or directory
02-14 17:05:37.253  1057  1840 D ActivityManager: resumeTopActivityLocked: Top activity resumed ActivityRecord{9aaa8f0 u0 com.android.settings/.lgesetting.wireless.DataNetworkModePayPopupLGT t33}
02-14 17:05:37.521  1057  1074 I ActivityManager: Start proc com.lge.formmanager for broadcast com.lge.formmanager/.FormServiceReceiver: pid=3853 uid=10025 gids={50025, 9997, 3003, 1028} abi=armeabi-v7a
02-14 17:05:37.523  1057  1074 I ActivityManager: Killing 3424:com.google.android.googlequicksearchbox:search/u0a54 (adj 15): empty #17
02-14 17:05:37.607  1057  2072 W libprocessgroup: failed to open /acct/uid_10054/pid_3424/cgroup.procs: No such file or directory
02-14 17:05:37.608  1057  2072 D ActivityManager: resumeTopActivityLocked: Top activity resumed ActivityRecord{9aaa8f0 u0 com.android.settings/.lgesetting.wireless.DataNetworkModePayPopupLGT t33}
02-14 17:05:37.667  3624  3624 W ContextImpl: Calling a method in the system process without a qualified user: android.app.ContextImpl.startService:1757 android.content.ContextWrapper.startService:515 com.lge.lgdmsclient.dmclient.agent.DmDeviceActionReceiver.doAction:78 com.lge.lgdmsclient.dmclient.agent.DmDeviceActionReceiver.onReceive:132 android.app.ActivityThread.handleReceiver:2586 
02-14 17:05:37.668  1057  1135 W ProcessCpuTracker: Skipping unknown process pid 3850
02-14 17:05:37.671  3624  3624 W ContextImpl: Calling a method in the system process without a qualified user: android.app.ContextImpl.startService:1757 android.content.ContextWrapper.startService:515 com.lge.lgdmsclient.dmclient.agent.DmDeviceActionReceiver.doAction:82 com.lge.lgdmsclient.dmclient.agent.DmDeviceActionReceiver.onReceive:132 android.app.ActivityThread.handleReceiver:2586 
02-14 17:05:37.772  1057  1073 I ActivityManager: Killing 3275:com.uei.lg.quicksetsdk.maxq616/1000 (adj 15): empty #17
02-14 17:05:37.786  1057  1337 D WifiService: Client connection lost with reason: 4
02-14 17:05:38.001  1057  1840 W libprocessgroup: failed to open /acct/uid_1000/pid_3275/cgroup.procs: No such file or directory
02-14 17:05:38.001  1057  1840 W ActivityManager: Scheduling restart of crashed service com.uei.lg.quicksetsdk.maxq616/com.uei.control.Service in 1000ms
02-14 17:05:38.003  1057  1840 D ActivityManager: resumeTopActivityLocked: Top activity resumed ActivityRecord{9aaa8f0 u0 com.android.settings/.lgesetting.wireless.DataNetworkModePayPopupLGT t33}
02-14 17:05:38.069  1057  1843 I ActivityManager: Start proc com.uei.lg.quicksetsdk.maxq616 for service com.uei.lg.quicksetsdk.maxq616/com.uei.control.Service: pid=3895 uid=1000 gids={41000, 9997, 1028, 1015, 3003, 3002, 3001, 4002, 1007, 1023, 1021, 3004, 3005, 1000, 3009, 1010, 1004, 2002, 3008, 1026, 1009, 1027, 1003, 1014, 2001, 1002} abi=armeabi-v7a
02-14 17:05:38.151  2565  2565 V LGMDMManager: gAIP(NULL) ret:true
02-14 17:05:38.219  1057  1312 V AlarmManager: ELAPSED_WAKEUP set : Alarm{ea896f6 type 2 when 41641 com.lge.ims} when 41641
02-14 17:05:38.330  1057  1337 D WifiService: New client listening to asynchronous messages
02-14 17:05:38.394  1057  1312 V AlarmManager: ELAPSED_WAKEUP set : Alarm{220d8794 type 2 when 41816 com.lge.ims} when 41816
02-14 17:05:38.419  1057  1140 D DSQN    : DNSproblemNotiEnabled is disabled ignore DNS fail CB
02-14 17:05:38.612  1057  2071 I ActivityManager: Start proc com.lguplus.usimsvcm for broadcast com.lguplus.usimsvcm/.ui.widgetprovider.SmartwalletWidgetProvider2By2AtLeastHoneycomb: pid=3924 uid=10116 gids={50116, 9997, 3003, 1028} abi=armeabi-v7a
02-14 17:05:38.949  1057  2033 I ActivityManager: Start proc com.uplus.ipagent for broadcast com.uplus.ipagent/.call.DeviceReceiver: pid=3947 uid=10130 gids={50130, 9997, 3003, 1028, 1015, 3002, 3001} abi=armeabi-v7a
02-14 17:05:39.058  3895  3895 W ContextImpl: Calling a method in the system process without a qualified user: android.app.ContextImpl.bindService:1821 android.content.ContextWrapper.bindService:538 com.uei.control.Service.b:-1 com.uei.control.Service.a:-1 com.uei.control.Service.onCreate:-1 
02-14 17:05:39.076  1057  1073 I ActivityManager: Killing 3519:com.wsandroid.suite.lge/1000 (adj 15): empty #17
02-14 17:05:39.185  1057  2110 I ActivityManager: Start proc com.mnsoft.lgunavi for service com.mnsoft.lgunavi/com.mnsoft.offboardnavi.OBNRemoteService: pid=3975 uid=10147 gids={50147, 9997, 3003, 1028, 1015, 3002, 3001} abi=armeabi
02-14 17:05:39.186  1057  2071 W libprocessgroup: failed to open /acct/uid_1000/pid_3519/cgroup.procs: No such file or directory
02-14 17:05:39.188  1057  2071 D ActivityManager: resumeTopActivityLocked: Top activity resumed ActivityRecord{9aaa8f0 u0 com.android.settings/.lgesetting.wireless.DataNetworkModePayPopupLGT t33}
02-14 17:05:39.793  1057  2071 I ActivityManager: Killing 3572:com.lge.appbox.client/u0a11 (adj 15): empty #17
02-14 17:05:39.822  1057  2071 I ActivityManager: Killing 3549:com.lge.appbox.client:SingleBinaryService/u0a11 (adj 15): empty #18
02-14 17:05:39.896  1057  1842 W libprocessgroup: failed to open /acct/uid_10011/pid_3572/cgroup.procs: No such file or directory
02-14 17:05:39.897  1057  1842 D ActivityManager: resumeTopActivityLocked: Top activity resumed ActivityRecord{9aaa8f0 u0 com.android.settings/.lgesetting.wireless.DataNetworkModePayPopupLGT t33}
02-14 17:05:39.898  1057  1843 W libprocessgroup: failed to open /acct/uid_10011/pid_3549/cgroup.procs: No such file or directory
02-14 17:05:39.899  1057  1843 D ActivityManager: resumeTopActivityLocked: Top activity resumed ActivityRecord{9aaa8f0 u0 com.android.settings/.lgesetting.wireless.DataNetworkModePayPopupLGT t33}
02-14 17:05:39.912  1814  1814 W ResourcesManager: Asset path '/system/framework/com.lge.mdm.jar' does not exist or contains no resources.
02-14 17:05:39.980  1057  1074 I ActivityManager: Start proc com.wsandroid.suite.lge for broadcast com.wsandroid.suite.lge/com.wavesecure.core.WSAndroidSystemIntentReceiver: pid=3999 uid=1000 gids={41000, 9997, 1028, 1015, 3003, 3002, 3001, 4002, 1007, 1023, 1021, 3004, 3005, 1000, 3009, 1010, 1004, 2002, 3008, 1026, 1009, 1027, 1003, 1014, 2001, 1002} abi=armeabi-v7a
02-14 17:05:40.043  3999  3999 W ResourcesManager: Asset path '/system/framework/com.lge.mdm.jar' does not exist or contains no resources.
02-14 17:05:40.685  3999  3999 V LGMDMManager: Create singleton instance
02-14 17:05:40.757  3999  3999 V LGMDMManager: getMDMVersion ver:4.0.0
02-14 17:05:40.823  3624  3624 W ContextImpl: Calling a method in the system process without a qualified user: android.app.ContextImpl.startService:1757 android.content.ContextWrapper.startService:515 com.lge.lgdmsclient.dmclient.agent.DmDeviceActionReceiver.doAction:78 com.lge.lgdmsclient.dmclient.agent.DmDeviceActionReceiver.onReceive:132 android.app.ActivityThread.handleReceiver:2586 
02-14 17:05:40.826  3624  3624 W ContextImpl: Calling a method in the system process without a qualified user: android.app.ContextImpl.startService:1757 android.content.ContextWrapper.startService:515 com.lge.lgdmsclient.dmclient.agent.DmDeviceActionReceiver.doAction:82 com.lge.lgdmsclient.dmclient.agent.DmDeviceActionReceiver.onReceive:132 android.app.ActivityThread.handleReceiver:2586 
02-14 17:05:40.838  3999  4019 W ContextImpl: Calling a method in the system process without a qualified user: android.app.ContextImpl.sendBroadcast:1392 android.content.ContextWrapper.sendBroadcast:376 android.content.ContextWrapper.sendBroadcast:376 com.mcafee.framework.a.run:-1 java.lang.Thread.run:818 
02-14 17:05:40.885  1057  1840 I ActivityManager: Start proc com.lge.clock for broadcast com.lge.clock/.alarmclock.ALBootInit: pid=4024 uid=10010 gids={50010, 9997, 3003, 1028, 4002} abi=armeabi-v7a
02-14 17:05:40.897  1057  1073 I ActivityManager: Killing 3598:com.android.browser/u0a12 (adj 15): empty #17
02-14 17:05:41.024  1057  1435 W libprocessgroup: failed to open /acct/uid_10012/pid_3598/cgroup.procs: No such file or directory
02-14 17:05:41.027  1057  1435 D ActivityManager: resumeTopActivityLocked: Top activity resumed ActivityRecord{9aaa8f0 u0 com.android.settings/.lgesetting.wireless.DataNetworkModePayPopupLGT t33}
02-14 17:05:41.041  3999  4018 W ActivityThread: ClassLoader.getResources: The class loader returned by Thread.getContextClassLoader() may fail for processes that host multiple applications. You should explicitly specify a context class loader. For example: Thread.setContextClassLoader(getClass().getClassLoader());
02-14 17:05:41.204  1057  2111 W BackupManagerService: dataChanged but no participant pkg='com.android.providers.settings' uid=10010
02-14 17:05:41.282  1057  1149 I ActivityManager: Start proc com.android.calendar for broadcast com.android.calendar/.widget.CalendarAppWidgetProvider: pid=4066 uid=10013 gids={50013, 9997, 3003, 1028, 1015} abi=armeabi-v7a
02-14 17:05:41.285  1057  1149 I ActivityManager: Killing 2722:com.android.contacts/u0a18 (adj 15): empty #17
02-14 17:05:41.350  1057  2034 W libprocessgroup: failed to open /acct/uid_10018/pid_2722/cgroup.procs: No such file or directory
02-14 17:05:41.351  1057  2034 D ActivityManager: resumeTopActivityLocked: Top activity resumed ActivityRecord{9aaa8f0 u0 com.android.settings/.lgesetting.wireless.DataNetworkModePayPopupLGT t33}
02-14 17:05:41.370  4066  4066 W ResourcesManager: Asset path '/system/framework/com.google.android.maps.jar' does not exist or contains no resources.
02-14 17:05:41.398  3999  4018 W ContextImpl: Calling a method in the system process without a qualified user: android.app.ContextImpl.sendBroadcast:1392 android.content.ContextWrapper.sendBroadcast:376 com.mcafee.vsmandroid.gh.h:-1 com.mcafee.vsm.ext.common.a.d.a:-1 com.mcafee.vsm.ext.common.api.ExtUtils.stopApp:-1 
02-14 17:05:42.112  1057  2072 I ActivityManager: Start proc com.android.providers.calendar for content provider com.android.providers.calendar/.CalendarProvider2: pid=4115 uid=10014 gids={50014, 9997, 3003, 1028, 1015} abi=armeabi-v7a
02-14 17:05:42.162  4115  4115 W ResourcesManager: Asset path '/system/framework/android.test.runner.jar' does not exist or contains no resources.
02-14 17:05:42.200  1057  2110 I ActivityManager: Start proc lg.uplusbox for broadcast lg.uplusbox/.musicalarm.AlarmInitReceiver: pid=4136 uid=10119 gids={50119, 9997, 3003, 1028, 1015} abi=armeabi-v7a
02-14 17:05:42.268  1057  1149 I ActivityManager: Killing 3302:com.google.android.gms.wearable/u0a5 (adj 15): empty #17
02-14 17:05:42.301  1057  1842 W libprocessgroup: failed to open /acct/uid_10005/pid_3302/cgroup.procs: No such file or directory
02-14 17:05:42.302  1057  1842 D ActivityManager: resumeTopActivityLocked: Top activity resumed ActivityRecord{9aaa8f0 u0 com.android.settings/.lgesetting.wireless.DataNetworkModePayPopupLGT t33}
02-14 17:05:42.339  1057  2111 I ActivityManager: Killing 3719:com.lge.hiddenmenu/1000 (adj 15): empty #17
02-14 17:05:42.367  1057  2071 W libprocessgroup: failed to open /acct/uid_1000/pid_3719/cgroup.procs: No such file or directory
02-14 17:05:42.369  1057  2071 D ActivityManager: resumeTopActivityLocked: Top activity resumed ActivityRecord{9aaa8f0 u0 com.android.settings/.lgesetting.wireless.DataNetworkModePayPopupLGT t33}
02-14 17:05:42.567  1057  2072 I ActivityManager: Killing 3748:com.android.providers.partnerbookmarks/u0a94 (adj 15): empty #17
02-14 17:05:42.600  1057  1416 W libprocessgroup: failed to open /acct/uid_10094/pid_3748/cgroup.procs: No such file or directory
02-14 17:05:42.602  1057  1416 D ActivityManager: resumeTopActivityLocked: Top activity resumed ActivityRecord{9aaa8f0 u0 com.android.settings/.lgesetting.wireless.DataNetworkModePayPopupLGT t33}
02-14 17:05:42.839  1057  1435 I ActivityManager: Start proc com.qualcomm.timeservice for broadcast com.qualcomm.timeservice/.TimeServiceBroadcastReceiver: pid=4167 uid=1000 gids={41000, 9997, 1028, 1015, 3003, 3002, 3001, 4002, 1007, 1023, 1021, 3004, 3005, 1000, 3009, 1010, 1004, 2002, 3008, 1026, 1009, 1027, 1003, 1014, 2001, 1002} abi=armeabi-v7a
02-14 17:05:42.969  1057  2111 I ActivityManager: Start proc com.lge.drmservice for broadcast com.lge.drmservice/.DrmBroadcastReceiver: pid=4186 uid=10070 gids={50070, 9997, 4002, 3003, 1028} abi=armeabi-v7a
02-14 17:05:42.970  1057  2111 I ActivityManager: Killing 3789:com.lge.eula/1000 (adj 15): empty #17
02-14 17:05:43.020  1057  2072 W libprocessgroup: failed to open /acct/uid_1000/pid_3789/cgroup.procs: No such file or directory
02-14 17:05:43.022  1057  2072 D ActivityManager: resumeTopActivityLocked: Top activity resumed ActivityRecord{9aaa8f0 u0 com.android.settings/.lgesetting.wireless.DataNetworkModePayPopupLGT t33}
02-14 17:05:43.086  3624  3624 W ContextImpl: Calling a method in the system process without a qualified user: android.app.ContextImpl.startService:1757 android.content.ContextWrapper.startService:515 com.lge.lgdmsclient.dmclient.agent.DmDeviceActionReceiver.doAction:78 com.lge.lgdmsclient.dmclient.agent.DmDeviceActionReceiver.onReceive:132 android.app.ActivityThread.handleReceiver:2586 
02-14 17:05:43.089  3624  3624 W ContextImpl: Calling a method in the system process without a qualified user: android.app.ContextImpl.startService:1757 android.content.ContextWrapper.startService:515 com.lge.lgdmsclient.dmclient.agent.DmDeviceActionReceiver.doAction:82 com.lge.lgdmsclient.dmclient.agent.DmDeviceActionReceiver.onReceive:132 android.app.ActivityThread.handleReceiver:2586 
02-14 17:05:43.105  1057  1416 I ActivityManager: Killing 3814:com.lguplus.nsrm_client/1000 (adj 15): empty #17
02-14 17:05:43.166  1057  2034 W libprocessgroup: failed to open /acct/uid_1000/pid_3814/cgroup.procs: No such file or directory
