02-14 17:06:15.438  6666  6666 W ResourcesManager: Asset path '/system/framework/com.google.android.media.effects.jar' does not exist or contains no resources.
02-14 17:06:15.604  1057  1135 I ActivityManager: Waited long enough for: ServiceRecord{3d3638ff u0 lg.uplusbox/.agent.service.AgentService}
02-14 17:06:15.872  6053  6053 V LGMDMManager: gAIP(NULL) ret:true
02-14 17:06:15.886  6053  6053 V LGMDMManager: gAIP(NULL) ret:true
02-14 17:06:15.893  6110  6138 W ContextImpl: Calling a method in the system process without a qualified user: android.app.ContextImpl.startService:1757 android.content.ContextWrapper.startService:515 com.wavesecure.core.r.run:-1 java.util.concurrent.Executors$RunnableAdapter.call:422 java.util.concurrent.FutureTask.run:237 
02-14 17:06:15.932  1057  2034 W ActivityManager: getRecentTasks: caller 10003 is using old GET_TASKS but privileged; allowing
02-14 17:06:15.963  6053  6053 V LGMDMManager: gAIP(NULL) ret:true
02-14 17:06:16.235  1057  2111 I ActivityManager: Killing 6260:com.lguplus.callHelperClosed/u0a58 (adj 15): empty #17
02-14 17:06:16.332  1057  2034 W libprocessgroup: failed to open /acct/uid_10058/pid_6260/cgroup.procs: No such file or directory
02-14 17:06:16.333  1057  2034 D ActivityManager: resumeTopActivityLocked: Top activity resumed ActivityRecord{9aaa8f0 u0 com.android.settings/.lgesetting.wireless.DataNetworkModePayPopupLGT t33}
02-14 17:06:17.492  1057  1074 I ActivityManager: Killing 6278:com.android.chrome/u0a62 (adj 15): empty #17
02-14 17:06:17.523  1057  2071 W libprocessgroup: failed to open /acct/uid_10062/pid_6278/cgroup.procs: No such file or directory
02-14 17:06:17.525  1057  2071 D ActivityManager: resumeTopActivityLocked: Top activity resumed ActivityRecord{9aaa8f0 u0 com.android.settings/.lgesetting.wireless.DataNetworkModePayPopupLGT t33}
02-14 17:06:17.930  1057  2033 W ActivityManager: getRecentTasks: caller 10003 is using old GET_TASKS but privileged; allowing
02-14 17:06:18.201  1057  1135 I ActivityManager: Waited long enough for: ServiceRecord{29a181cf u0 lg.uplusbox/.ContentsSharing.service.chat.CSChatService}
02-14 17:06:18.868  1057  1312 W ActivityManager: Unable to start service Intent { act=com.lge.contacts.intent.action.BACKUP_DB flg=0x4 cmp=com.android.providers.contacts/com.lge.providers.contacts.backup.DatabaseBackupService (has extras) } U=0: not found
02-14 17:06:18.874  1057  1312 V AlarmManager: RTC_WAKEUP set : Alarm{85b3118 type 0 when 1423469119388 com.android.providers.contacts} when 1423469119388
02-14 17:06:18.878  1057  1312 V AlarmManager: ELAPSED_WAKEUP set : Alarm{28596771 type 2 when 60989 com.google.android.talk} when 60989
02-14 17:06:18.880  1057  1312 V AlarmManager: RTC_WAKEUP set : Alarm{1dfba956 type 0 when 1423901161988 com.lge.ia.task.mrgdblogger} when 1423901161988
02-14 17:06:19.930  1057  1073 W ActivityManager: getRecentTasks: caller 10003 is using old GET_TASKS but privileged; allowing
02-14 17:06:21.067  1057  1135 I ActivityManager: Waited long enough for: ServiceRecord{25f01c u0 com.uplus.ipagent/.call.ScreenService}
02-14 17:06:21.072  1057  1135 I ActivityManager: Waited long enough for: ServiceRecord{30f7f425 u0 com.uplus.ipagent/.service.ContactObserveService}
02-14 17:06:21.930  1057  2110 W ActivityManager: getRecentTasks: caller 10003 is using old GET_TASKS but privileged; allowing
02-14 17:06:23.931  1057  1149 W ActivityManager: getRecentTasks: caller 10003 is using old GET_TASKS but privileged; allowing
02-14 17:06:24.895  1057  1312 V AlarmManager: ELAPSED_WAKEUP set : Alarm{1c4e8d2e type 2 when 88309 com.android.providers.calendar} when 88309
02-14 17:06:25.788  1057  1135 I ActivityManager: Waited long enough for: ServiceRecord{f93d49d u0 com.lguplus.common.wificm.mwlan/.MonitorRootedService}
02-14 17:06:25.930  1057  2287 W ActivityManager: getRecentTasks: caller 10003 is using old GET_TASKS but privileged; allowing
02-14 17:06:26.047  1057  2071 I ActivityManager: Killing 6297:com.lge.drmservice/u0a70 (adj 15): empty #17
02-14 17:06:26.142  1057  2110 W libprocessgroup: failed to open /acct/uid_10070/pid_6297/cgroup.procs: No such file or directory
02-14 17:06:26.155  1057  2110 D ActivityManager: resumeTopActivityLocked: Top activity resumed ActivityRecord{9aaa8f0 u0 com.android.settings/.lgesetting.wireless.DataNetworkModePayPopupLGT t33}
02-14 17:06:27.930  1057  1842 W ActivityManager: getRecentTasks: caller 10003 is using old GET_TASKS but privileged; allowing
02-14 17:06:28.594  1057  1135 I ActivityManager: Waited long enough for: ServiceRecord{2ac16928 u0 com.lge.sync/.obex.ObexService}
02-14 17:06:29.930  1057  1149 W ActivityManager: getRecentTasks: caller 10003 is using old GET_TASKS but privileged; allowing
02-14 17:06:31.930  1057  2072 W ActivityManager: getRecentTasks: caller 10003 is using old GET_TASKS but privileged; allowing
02-14 17:06:33.930  1057  2072 W ActivityManager: getRecentTasks: caller 10003 is using old GET_TASKS but privileged; allowing
02-14 17:06:35.930  1057  1840 W ActivityManager: getRecentTasks: caller 10003 is using old GET_TASKS but privileged; allowing
02-14 17:06:37.930  1057  1435 W ActivityManager: getRecentTasks: caller 10003 is using old GET_TASKS but privileged; allowing
02-14 17:06:39.930  1057  1435 W ActivityManager: getRecentTasks: caller 10003 is using old GET_TASKS but privileged; allowing
02-14 17:06:41.930  1057  1843 W ActivityManager: getRecentTasks: caller 10003 is using old GET_TASKS but privileged; allowing
02-14 17:06:43.930  1057  1073 W ActivityManager: getRecentTasks: caller 10003 is using old GET_TASKS but privileged; allowing
02-14 17:06:45.930  1057  1416 W ActivityManager: getRecentTasks: caller 10003 is using old GET_TASKS but privileged; allowing
02-14 17:06:47.930  1057  2111 W ActivityManager: getRecentTasks: caller 10003 is using old GET_TASKS but privileged; allowing
02-14 17:06:49.930  1057  1074 W ActivityManager: getRecentTasks: caller 10003 is using old GET_TASKS but privileged; allowing
02-14 17:06:51.930  1057  2033 W ActivityManager: getRecentTasks: caller 10003 is using old GET_TASKS but privileged; allowing
02-14 17:06:52.395  1057  1416 I ActivityManager: Killing 6356:com.google.android.apps.magazines/u0a107 (adj 15): empty #17
02-14 17:06:52.506  1057  2111 W libprocessgroup: failed to open /acct/uid_10107/pid_6356/cgroup.procs: No such file or directory
02-14 17:06:52.515  1057  2111 D ActivityManager: resumeTopActivityLocked: Top activity resumed ActivityRecord{9aaa8f0 u0 com.android.settings/.lgesetting.wireless.DataNetworkModePayPopupLGT t33}
02-14 17:06:53.447  5002  6766 W ContextImpl: Calling a method in the system process without a qualified user: android.app.ContextImpl.sendBroadcast:1392 android.content.ContextWrapper.sendBroadcast:376 com.lge.mlt.MptOnLogDumper.run:279 <bottom of call stack> <bottom of call stack> 
02-14 17:06:53.930  1057  1149 W ActivityManager: getRecentTasks: caller 10003 is using old GET_TASKS but privileged; allowing
02-14 17:06:55.930  1057  1843 W ActivityManager: getRecentTasks: caller 10003 is using old GET_TASKS but privileged; allowing
02-14 17:06:57.930  1057  2072 W ActivityManager: getRecentTasks: caller 10003 is using old GET_TASKS but privileged; allowing
02-14 17:06:59.930  1057  1842 W ActivityManager: getRecentTasks: caller 10003 is using old GET_TASKS but privileged; allowing
02-14 17:07:00.002  1057  1312 D PowerManagerServiceEx: acquireWakeLockInternal: lock=605923932, flags=0x40000001, tag="*alarm*", ws=WorkSource{1000}, historyTag=*alarm*:android.intent.action.TIME_TICK, uid=1000, pid=1057
02-14 17:07:00.090  1057  1057 D PowerManagerServiceEx: releaseWakeLockInternal: lock=605923932 [*alarm*], flags=0x0
02-14 17:07:01.930  1057  1843 W ActivityManager: getRecentTasks: caller 10003 is using old GET_TASKS but privileged; allowing
02-14 17:07:03.930  1057  2033 W ActivityManager: getRecentTasks: caller 10003 is using old GET_TASKS but privileged; allowing
02-14 17:07:05.930  1057  1073 W ActivityManager: getRecentTasks: caller 10003 is using old GET_TASKS but privileged; allowing
02-14 17:07:07.930  1057  1073 W ActivityManager: getRecentTasks: caller 10003 is using old GET_TASKS but privileged; allowing
02-14 17:07:09.930  1057  2110 W ActivityManager: getRecentTasks: caller 10003 is using old GET_TASKS but privileged; allowing
02-14 17:07:11.930  1057  2287 W ActivityManager: getRecentTasks: caller 10003 is using old GET_TASKS but privileged; allowing
02-14 17:07:13.930  1057  1842 W ActivityManager: getRecentTasks: caller 10003 is using old GET_TASKS but privileged; allowing
02-14 17:07:15.931  1057  1842 W ActivityManager: getRecentTasks: caller 10003 is using old GET_TASKS but privileged; allowing
02-14 17:07:17.470  1057  1312 V AlarmManager: ELAPSED_WAKEUP set : Alarm{9b1c165 type 2 when 140888 android} when 140888
02-14 17:07:17.930  1057  2034 W ActivityManager: getRecentTasks: caller 10003 is using old GET_TASKS but privileged; allowing
02-14 17:07:19.930  1057  2071 W ActivityManager: getRecentTasks: caller 10003 is using old GET_TASKS but privileged; allowing
02-14 17:07:21.930  1057  1441 W ActivityManager: getRecentTasks: caller 10003 is using old GET_TASKS but privileged; allowing
02-14 17:07:22.321  1057  1145 D PowerManagerServiceEx: updateUserActivitySummaryLocked: mWakefulness=Awake, mUserActivitySummary=0x2, nextTimeout=176664 (in 30913 ms)
02-14 17:07:23.930  1057  1435 W ActivityManager: getRecentTasks: caller 10003 is using old GET_TASKS but privileged; allowing
02-14 17:07:25.930  1057  2111 W ActivityManager: getRecentTasks: caller 10003 is using old GET_TASKS but privileged; allowing
02-14 17:07:27.930  1057  2287 W ActivityManager: getRecentTasks: caller 10003 is using old GET_TASKS but privileged; allowing
02-14 17:07:29.322  1057  1145 D PowerManagerServiceEx: updateUserActivitySummaryLocked: mWakefulness=Awake, mUserActivitySummary=0x2, nextTimeout=176664 (in 23911 ms)
02-14 17:07:29.930  1057  2287 W ActivityManager: getRecentTasks: caller 10003 is using old GET_TASKS but privileged; allowing
02-14 17:07:31.930  1057  1416 W ActivityManager: getRecentTasks: caller 10003 is using old GET_TASKS but privileged; allowing
02-14 17:07:33.930  1057  1435 W ActivityManager: getRecentTasks: caller 10003 is using old GET_TASKS but privileged; allowing
02-14 17:07:35.930  1057  1435 W ActivityManager: getRecentTasks: caller 10003 is using old GET_TASKS but privileged; allowing
02-14 17:07:37.930  1057  2111 W ActivityManager: getRecentTasks: caller 10003 is using old GET_TASKS but privileged; allowing
02-14 17:07:39.930  1057  1149 W ActivityManager: getRecentTasks: caller 10003 is using old GET_TASKS but privileged; allowing
02-14 17:07:41.930  1057  1840 W ActivityManager: getRecentTasks: caller 10003 is using old GET_TASKS but privileged; allowing
02-14 17:07:43.930  1057  1840 W ActivityManager: getRecentTasks: caller 10003 is using old GET_TASKS but privileged; allowing
02-14 17:07:45.930  1057  1843 W ActivityManager: getRecentTasks: caller 10003 is using old GET_TASKS but privileged; allowing
02-14 17:07:47.930  1057  2033 W ActivityManager: getRecentTasks: caller 10003 is using old GET_TASKS but privileged; allowing
02-14 17:07:49.929  1057  1073 W ActivityManager: getRecentTasks: caller 10003 is using old GET_TASKS but privileged; allowing
02-14 17:07:51.930  1057  2110 W ActivityManager: getRecentTasks: caller 10003 is using old GET_TASKS but privileged; allowing
02-14 17:07:53.258  1057  1145 D PowerManagerServiceEx: updateUserActivitySummaryLocked: mWakefulness=Awake, mUserActivitySummary=0x4, nextTimeout=176664 (25 ms ago)
02-14 17:07:53.259  1057  1145 I PowerManagerService: Going to sleep due to screen timeout (uid 1000)...
02-14 17:07:53.260  1057  1145 D KnockOnPowerController: [updateScreenState] screen on = false
02-14 17:07:53.260  1057  1145 D KnockOnPowerController: disable proximity sensor
02-14 17:07:53.260  1057  1145 D KnockOnPowerController: enable proximity sensor
02-14 17:07:53.271  1057  1145 I KnockOnPowerController: [setLPWGmode2] current mode = 1  value = 9 1 0 1 0
02-14 17:07:53.285  1057  1145 D PowerManagerServiceEx: updateUserActivitySummaryLocked: mWakefulness=Dozing, mUserActivitySummary=0x4, nextTimeout=176664 (51 ms ago)
02-14 17:07:53.285  1057  1145 W ContextImpl: Calling a method in the system process without a qualified user: android.app.ContextImpl.sendBroadcast:1392 com.android.server.power.PowerManagerServiceEx$3.run:1223 android.os.Handler.handleCallback:739 android.os.Handler.dispatchMessage:95 android.os.Looper.loop:135 
02-14 17:07:53.293  1057  1145 I PowerManagerService: Sleeping (uid 1000)...
02-14 17:07:53.294  1057  1145 D PowerManagerServiceEx: updateUserActivitySummaryLocked: mWakefulness=Asleep, mUserActivitySummary=0x0, nextTimeout=176664 (61 ms ago)
02-14 17:07:53.298  1057  1057 V ActivityManager: Moving to PAUSING: ActivityRecord{9aaa8f0 u0 com.android.settings/.lgesetting.wireless.DataNetworkModePayPopupLGT t33}
02-14 17:07:53.421  1057  1145 D KnockOnPowerController: proximity onSensorChanged : proximity = 1
02-14 17:07:53.421  1057  1145 D KnockOnPowerController: proximity onSensorChanged : positive = true
02-14 17:07:53.421  1057  1145 I KnockOnPowerController: current mode = 1  value = 1 1
02-14 17:07:53.421  1057  1145 I KnockOnPowerController: [setLPWGmode2] current mode = 1  value = 9 1 0 1 0
02-14 17:07:53.427  1057  1840 V ActivityManager: Moving to PAUSED: ActivityRecord{9aaa8f0 u0 com.android.settings/.lgesetting.wireless.DataNetworkModePayPopupLGT t33} (pause complete)
02-14 17:07:53.429  1057  1135 D ActivityManager: allResumedActivitiesIdle: stack=1 null not idle
02-14 17:07:53.429  1057  1135 V ActivityManager: Moving to STOPPING: ActivityRecord{9aaa8f0 u0 com.android.settings/.lgesetting.wireless.DataNetworkModePayPopupLGT t33} (stop requested)
02-14 17:07:53.434  1057  2071 V ActivityManager: Moving to STOPPED: ActivityRecord{9aaa8f0 u0 com.android.settings/.lgesetting.wireless.DataNetworkModePayPopupLGT t33} (stop complete)
02-14 17:07:53.438  1057  1135 D ActivityManager: allResumedActivitiesIdle: stack=1 null not idle
02-14 17:07:53.491  1997  1997 D LEDService: android.intent.action.SCREEN_ON
02-14 17:07:53.491  1997  2135 I LEDService: getCurrentHighestLGLedRecord() start. size = 2
02-14 17:07:53.491  1997  2135 V LEDService: 1 : LGLedRecord{1a6a0d65 flags=0 patternId=7 color=0 priority=0 recordId=123 pkg=com.android.mms mExceptional=false mNativeNotification=false whichLedPlay=1 patternFilePath=null}
02-14 17:07:53.491  1997  2135 V LEDService: 0 : LGLedRecord{b902858 flags=0 patternId=3 color=0 priority=-1 recordId=0 pkg=batteryinfo mExceptional=false mNativeNotification=false whichLedPlay=1 patternFilePath=null}
02-14 17:07:53.491  1997  2135 D LEDService: getHighestPriorityRecordLocked
02-14 17:07:53.491  1997  2135 D LEDService: findPriorityLevelLocked priority : -2
02-14 17:07:53.491  1997  2135 I LEDService: i : 1 r=com.android.mms, flag=0, priority=0, isValid=false
02-14 17:07:53.491  1997  2135 I LEDService: i : 0 r=batteryinfo, flag=0, priority=-1, isValid=false
02-14 17:07:53.491  1997  2135 W LEDService: result is null
02-14 17:07:53.491  1997  2135 D LEDService: checkToRestartLed() result = true
02-14 17:07:53.492  1997  2135 D LEDService: doRestart()
02-14 17:07:53.494  1997  2135 I LEDService: getCurrentHighestLGLedRecord : size = 2
02-14 17:07:53.494  1997  2135 V LEDService: 1 : LGLedRecord{1a6a0d65 flags=0 patternId=7 color=0 priority=0 recordId=123 pkg=com.android.mms mExceptional=false mNativeNotification=false whichLedPlay=1 patternFilePath=null}
02-14 17:07:53.494  1997  2135 V LEDService: 0 : LGLedRecord{b902858 flags=0 patternId=3 color=0 priority=-1 recordId=0 pkg=batteryinfo mExceptional=false mNativeNotification=false whichLedPlay=1 patternFilePath=null}
02-14 17:07:53.494  1997  2135 D LEDService: getHighestPriorityRecordLocked()
02-14 17:07:53.494  1997  2135 D LEDService: findPriorityLevelLocked priority : -2
02-14 17:07:53.494  1997  2135 D LEDService: getHighestPriorityRecordLocked() : index=1 pkg=com.android.mms, flag=0, priority=0, isValid=false
02-14 17:07:53.494  1997  2135 D LEDService: getHighestPriorityRecordLocked() : index=0 pkg=batteryinfo, flag=0, priority=-1, isValid=false
02-14 17:07:53.494  1997  2135 W LEDService: getHighestPriorityRecordLocked() : result is null
02-14 17:07:53.495  1997  2135 D LEDService: mInCall=false, mLedOnEvenWhenLcdOn=false, mChargingLedEnabled=true, mScreenOn=true, onlyLedOnLighting=false, isForceLighting=false
02-14 17:07:53.496  1997  2135 I LEDService: updateLightsLocked : turn off led
02-14 17:07:53.497  1997  2135 D LEDHandler: RESTART MSG
02-14 17:07:53.659  1057  1337 D WifiController: CMD_SCREEN_OFF 
02-14 17:07:53.659  1057  1337 D WifiController: shouldWifiStayAwake TRUE
02-14 17:07:53.694  1997  1997 D LEDService: android.intent.action.SCREEN_OFF
02-14 17:07:53.694  1997  2135 I LEDService: getCurrentHighestLGLedRecord() start. size = 2
02-14 17:07:53.694  1997  2135 V LEDService: 1 : LGLedRecord{1a6a0d65 flags=0 patternId=7 color=0 priority=0 recordId=123 pkg=com.android.mms mExceptional=false mNativeNotification=false whichLedPlay=1 patternFilePath=null}
02-14 17:07:53.694  1997  2135 V LEDService: 0 : LGLedRecord{b902858 flags=0 patternId=3 color=0 priority=-1 recordId=0 pkg=batteryinfo mExceptional=false mNativeNotification=false whichLedPlay=1 patternFilePath=null}
02-14 17:07:53.694  1997  2135 D LEDService: getHighestPriorityRecordLocked
02-14 17:07:53.694  1997  2135 D LEDService: findPriorityLevelLocked priority : 0
02-14 17:07:53.694  1997  2135 I LEDService: i : 1 r=com.android.mms, flag=0, priority=0, isValid=true
02-14 17:07:53.694  1997  1997 D VolumeVibrator: clear
02-14 17:07:53.694  1997  2135 D LEDService: *result=LGLedRecord{1a6a0d65 flags=0 patternId=7 color=0 priority=0 recordId=123 pkg=com.android.mms mExceptional=false mNativeNotification=false whichLedPlay=1 patternFilePath=null}, mLedArrayPriority=0
02-14 17:07:53.694  1997  2135 D LEDService: checkToRestartLed() result = true
02-14 17:07:53.694  1997  2135 D LEDService: doRestart()
02-14 17:07:53.698  1997  2135 I LEDService: getCurrentHighestLGLedRecord : size = 2
02-14 17:07:53.698  1997  2135 V LEDService: 1 : LGLedRecord{1a6a0d65 flags=0 patternId=7 color=0 priority=0 recordId=123 pkg=com.android.mms mExceptional=false mNativeNotification=false whichLedPlay=1 patternFilePath=null}
02-14 17:07:53.698  1997  2135 V LEDService: 0 : LGLedRecord{b902858 flags=0 patternId=3 color=0 priority=-1 recordId=0 pkg=batteryinfo mExceptional=false mNativeNotification=false whichLedPlay=1 patternFilePath=null}
02-14 17:07:53.698  1997  2135 D LEDService: getHighestPriorityRecordLocked()
02-14 17:07:53.698  1997  2135 D LEDService: findPriorityLevelLocked priority : 0
02-14 17:07:53.698  1997  2135 D LEDService: getHighestPriorityRecordLocked() : index=1 pkg=com.android.mms, flag=0, priority=0, isValid=true
02-14 17:07:53.699  1997  2135 D LEDService: getHighestPriorityRecordLocked() : *result=LGLedRecord{1a6a0d65 flags=0 patternId=7 color=0 priority=0 recordId=123 pkg=com.android.mms mExceptional=false mNativeNotification=false whichLedPlay=1 patternFilePath=null}, mLedArrayPriority=0
02-14 17:07:53.700  1997  2135 D LEDService: mInCall=false, mLedOnEvenWhenLcdOn=false, mChargingLedEnabled=true, mScreenOn=false, onlyLedOnLighting=false, isForceLighting=false
02-14 17:07:53.702  1997  2135 I LEDService: updateLightsLocked : turn on led
02-14 17:07:53.702  1997  2135 D LEDService: play predefined patterns patternId = 7, whichLed = 1
02-14 17:07:53.702  1997  2135 D LEDService: play sram pattern
02-14 17:07:53.705  1997  2135 D LEDHandler: RESTART MSG
02-14 17:07:53.712  1057  1074 W ActivityManager: getTasks: caller 10028 is using old GET_TASKS but privileged; allowing
02-14 17:07:53.841  1057  1143 I DisplayManagerService: Display device changed: DisplayDeviceInfo{"기본으로 제공되는 화면": 1440 x 2560, 60.0 fps, supportedRefreshRates [60.0], density 640, 537.882 x 541.866 dpi, appVsyncOff 0, presDeadline 17666667, touch INTERNAL, rotation 0, type BUILT_IN, state OFF, FLAG_DEFAULT_DISPLAY, FLAG_ROTATES_WITH_CONTENT, FLAG_SECURE, FLAG_SUPPORTS_PROTECTED_BUFFERS}
02-14 17:07:53.842  1057  1057 V ActivityManager: Display changed displayId=0
02-14 17:07:58.326  1057  1312 V AlarmManager: ELAPSED_WAKEUP set : Alarm{32ef1406 type 2 when 181727 com.android.systemui} when 181727
02-14 17:08:03.455  1057  1316 D PhoneWindowManagerEx: interceptKeyTq keycode=26 down=true interactive=false policyFlags=2000000 injected=false keyguardActive=false
02-14 17:08:03.461  1057  1316 I LGKeyException: KeyException privateFlags: 0x80810008, Current Input bit: 0x40000000
02-14 17:08:03.462  1057  1316 I PhoneWindowManagerEx: Power key -> [endCall()] : mIncallPowerBehavior is hangup = false interactive = false mCoverType = 1 mSmartCoverClosed = false
02-14 17:08:03.464  1057  1316 I PowerManagerServiceEx: wakeUp by PID 1057
02-14 17:08:03.464  1057  1316 I PowerManagerService: Waking up from sleep (uid 1000)...
02-14 17:08:03.476  1057  1057 V ActivityManager: Moving to RESUMED: ActivityRecord{9aaa8f0 u0 com.android.settings/.lgesetting.wireless.DataNetworkModePayPopupLGT t33} (in existing)
02-14 17:08:03.479  1057  1316 D KnockOnPowerController: [updateScreenState] screen on = true
02-14 17:08:03.479  1057  1316 D KnockOnPowerController: disable proximity sensor
02-14 17:08:03.481  1057  1316 I KnockOnPowerController: [setLPWGmode2] current mode = 1  value = 9 1 1 1 0
02-14 17:08:03.500  1057  1057 D ActivityManager: resumeTopActivityLocked: Resumed ActivityRecord{9aaa8f0 u0 com.android.settings/.lgesetting.wireless.DataNetworkModePayPopupLGT t33}
02-14 17:08:03.512  1057  1316 D PowerManagerServiceEx: updateUserActivitySummaryLocked: mWakefulness=Awake, mUserActivitySummary=0x1, nextTimeout=176664 (10279 ms ago)
02-14 17:08:03.513  1057  1145 I DisplayPowerController: Blocking screen on until initial contents have been drawn.
02-14 17:08:03.519  1057  1141 D SensorUtil: HW_SENSOR : LightSensor = mLightSensor lux : 71.0, mLightCovered = false
02-14 17:08:03.549  1057  1143 I DisplayManagerService: Display device changed: DisplayDeviceInfo{"기본으로 제공되는 화면": 1440 x 2560, 60.0 fps, supportedRefreshRates [60.0], density 640, 537.882 x 541.866 dpi, appVsyncOff 0, presDeadline 17666667, touch INTERNAL, rotation 0, type BUILT_IN, state ON, FLAG_DEFAULT_DISPLAY, FLAG_ROTATES_WITH_CONTENT, FLAG_SECURE, FLAG_SUPPORTS_PROTECTED_BUFFERS}
02-14 17:08:03.572  1057  1057 V ActivityManager: Display changed displayId=0
02-14 17:08:03.572  1057  1057 V ActivityManager: Display changed displayId=0
02-14 17:08:03.589  1057  1141 D SensorUtil: HW_SENSOR : Proximity Near = false
02-14 17:08:03.607  1057  1057 D PowerManagerServiceEx: acquireWakeLockInternal: lock=605923932, flags=0x40000001, tag="*alarm*", ws=WorkSource{1000}, historyTag=*alarm*:android.intent.action.TIME_TICK, uid=1000, pid=1057
02-14 17:08:03.608  1401  1401 V LGMDMManager: gAMU(NULL) ret:true
02-14 17:08:03.617  1057  1316 D PhoneWindowManagerEx: interceptKeyTq keycode=26 down=false interactive=true policyFlags=22000000 injected=false keyguardActive=false
02-14 17:08:03.617  1057  1316 I LGKeyException: KeyException privateFlags: 0x80810008, Current Input bit: 0x40000000
02-14 17:08:03.673  1869  1869 I Timeline: Timeline: Activity_idle id: android.os.BinderProxy@2f68e3 time:187104
02-14 17:08:03.681  1401  1401 V LGMDMManager: gAMU(NULL) ret:true
02-14 17:08:03.724  1057  1141 V WindowOrientationListener: Proposed rotation changed! : currentRotation=0, proposedRotation=0, oldProposedRotation=-1, predictedRotation=0, timeDeltaMS=66.65039, isAccelerating=false, isFlat=false, isSwinging=false, isOverhead=false, timeUntilSettledMS=0.0, timeUntilAccelerationDelayExpiredMS=0.0, timeUntilFlatDelayExpiredMS=0.0, timeUntilSwingDelayExpiredMS=0.0
02-14 17:08:03.766  1057  1145 I DisplayPowerController: Unblocked screen on after 252 ms
02-14 17:08:03.798  1997  1997 D LEDService: android.intent.action.SCREEN_ON
02-14 17:08:03.798  1997  2135 I LEDService: getCurrentHighestLGLedRecord() start. size = 2
02-14 17:08:03.798  1997  2135 V LEDService: 1 : LGLedRecord{1a6a0d65 flags=0 patternId=7 color=0 priority=0 recordId=123 pkg=com.android.mms mExceptional=false mNativeNotification=false whichLedPlay=1 patternFilePath=null}
02-14 17:08:03.798  1997  2135 V LEDService: 0 : LGLedRecord{b902858 flags=0 patternId=3 color=0 priority=-1 recordId=0 pkg=batteryinfo mExceptional=false mNativeNotification=false whichLedPlay=1 patternFilePath=null}
02-14 17:08:03.798  1997  2135 D LEDService: getHighestPriorityRecordLocked
02-14 17:08:03.798  1997  2135 D LEDService: findPriorityLevelLocked priority : -2
02-14 17:08:03.798  1997  2135 I LEDService: i : 1 r=com.android.mms, flag=0, priority=0, isValid=false
02-14 17:08:03.798  1997  2135 I LEDService: i : 0 r=batteryinfo, flag=0, priority=-1, isValid=false
02-14 17:08:03.798  1997  2135 W LEDService: result is null
02-14 17:08:03.798  1997  2135 D LEDService: checkToRestartLed() result = true
02-14 17:08:03.798  1997  2135 D LEDService: doRestart()
02-14 17:08:03.803  1997  2135 I LEDService: getCurrentHighestLGLedRecord : size = 2
02-14 17:08:03.803  1997  2135 V LEDService: 1 : LGLedRecord{1a6a0d65 flags=0 patternId=7 color=0 priority=0 recordId=123 pkg=com.android.mms mExceptional=false mNativeNotification=false whichLedPlay=1 patternFilePath=null}
02-14 17:08:03.803  1997  2135 V LEDService: 0 : LGLedRecord{b902858 flags=0 patternId=3 color=0 priority=-1 recordId=0 pkg=batteryinfo mExceptional=false mNativeNotification=false whichLedPlay=1 patternFilePath=null}
02-14 17:08:03.803  1997  2135 D LEDService: getHighestPriorityRecordLocked()
02-14 17:08:03.803  1997  2135 D LEDService: findPriorityLevelLocked priority : -2
02-14 17:08:03.803  1997  2135 D LEDService: getHighestPriorityRecordLocked() : index=1 pkg=com.android.mms, flag=0, priority=0, isValid=false
02-14 17:08:03.803  1997  2135 D LEDService: getHighestPriorityRecordLocked() : index=0 pkg=batteryinfo, flag=0, priority=-1, isValid=false
02-14 17:08:03.803  1997  2135 W LEDService: getHighestPriorityRecordLocked() : result is null
02-14 17:08:03.804  1997  2135 D LEDService: mInCall=false, mLedOnEvenWhenLcdOn=false, mChargingLedEnabled=true, mScreenOn=true, onlyLedOnLighting=false, isForceLighting=false
02-14 17:08:03.804  1997  2135 I LEDService: updateLightsLocked : turn off led
02-14 17:08:03.806  1997  2135 D LEDHandler: RESTART MSG
02-14 17:08:03.880  1057  2111 W ActivityManager: getRecentTasks: caller 10003 is using old GET_TASKS but privileged; allowing
02-14 17:08:03.880  1057  1141 D SensorUtil: HW_SENSOR : LightSensor = mLightSensor lux : 225.0, mLightCovered = false
02-14 17:08:03.881  1057  2072 W ActivityManager: getRecentTasks: caller 10003 is using old GET_TASKS but privileged; allowing
02-14 17:08:03.915  1057  1057 D PowerManagerServiceEx: releaseWakeLockInternal: lock=605923932 [*alarm*], flags=0x0
02-14 17:08:04.025  1057  1141 D SensorUtil: HW_SENSOR : LightSensor = mLightSensor lux : 245.0, mLightCovered = false
02-14 17:08:04.138  1057  1141 D SensorUtil: HW_SENSOR : LightSensor = mLightSensor lux : 234.0, mLightCovered = false
02-14 17:08:04.275  1057  1141 D SensorUtil: HW_SENSOR : LightSensor = mLightSensor lux : 214.0, mLightCovered = false
02-14 17:08:04.374  1057  1141 D SensorUtil: HW_SENSOR : LightSensor = mLightSensor lux : 266.0, mLightCovered = false
02-14 17:08:04.723  1057  1315 D PowerManagerServiceEx: updateUserActivitySummaryLocked: mWakefulness=Awake, mUserActivitySummary=0x1, nextTimeout=176664 (11490 ms ago)
02-14 17:08:04.726  1869  1869 I ViewRootImpl: ViewRoot's MotionEvent { action=ACTION_DOWN, id[0]=0, x[0]=960.3081, y[0]=825.3827, toolType[0]=TOOL_TYPE_FINGER, buttonState=0, metaState=0, flags=0x0, edgeFlags=0x0, pointerCount=1, historySize=0, eventTime=188148, downTime=188148, deviceId=2, source=0x1002 } to com.android.internal.policy.impl.PhoneWindow$DecorView{8be2b09 V.E..... R.....I. 0,0-1368,981}
02-14 17:08:04.817  1869  1869 I ViewRootImpl: ViewRoot's MotionEvent { action=ACTION_UP, id[0]=0, x[0]=960.3081, y[0]=825.3827, toolType[0]=TOOL_TYPE_FINGER, buttonState=0, metaState=0, flags=0x0, edgeFlags=0x0, pointerCount=1, historySize=0, eventTime=188243, downTime=188148, deviceId=2, source=0x1002 } to com.android.internal.policy.impl.PhoneWindow$DecorView{8be2b09 V.E..... R....... 0,0-1368,981}
02-14 17:08:04.929  1869  1869 W ContextImpl: Calling a method in the system process without a qualified user: android.app.ContextImpl.sendBroadcast:1392 android.content.ContextWrapper.sendBroadcast:376 android.telephony.TelephonyManager.setDataEnabledUsingSubId:3676 android.telephony.TelephonyManager.setDataEnabled:3641 com.android.settings.lgesetting.wireless.DataNetworkModePayPopupLGT$3.onClick:152 
02-14 17:08:04.944  1057  2033 I NotificationService: enqueueToast pkg=com.android.settings callback=android.app.ITransientNotification$Stub$Proxy@269b7251 duration=0
02-14 17:08:04.953  1057  2033 D NotificationService: Show pkg=com.android.settings callback=android.app.ITransientNotification$Stub$Proxy@269b7251
02-14 17:08:04.956  1057  1441 W BackupManagerService: dataChanged but no participant pkg='com.android.providers.settings' uid=1001
02-14 17:08:04.999  1057  1843 D InputMethodManagerService: setImestate : 0
02-14 17:08:05.007  1057  2033 V ActivityManager: Finishing activity token=Token{36c33e69 ActivityRecord{9aaa8f0 u0 com.android.settings/.lgesetting.wireless.DataNetworkModePayPopupLGT t33}} r=, result=0, data=null, reason=app-request
02-14 17:08:05.013  1057  1141 W PhoneWindowManagerEx: Call!!!getLGSystemUiVisibility. =0x0
02-14 17:08:05.013  1057  1141 D StatusBarManagerServiceEx: setLGSystemUiVisibility(0x0)
02-14 17:08:05.014  1057  1141 D StatusBarManagerServiceEx: manageNaviBtnDisableList userId=0 what=0x0 pkg=WindowManager.LayoutParams
02-14 17:08:05.015  1057  2033 V ActivityManager: Moving to PAUSING: ActivityRecord{9aaa8f0 u0 com.android.settings/.lgesetting.wireless.DataNetworkModePayPopupLGT t33 f}
02-14 17:08:05.018  1057  1435 W BackupManagerService: dataChanged but no participant pkg='com.android.providers.settings' uid=1001
02-14 17:08:05.018  1057  1141 V WindowOrientationListener: Proposed rotation changed! : currentRotation=0, proposedRotation=0, oldProposedRotation=-1, predictedRotation=0, timeDeltaMS=222.16797, isAccelerating=false, isFlat=false, isSwinging=false, isOverhead=false, timeUntilSettledMS=0.0, timeUntilAccelerationDelayExpiredMS=0.0, timeUntilFlatDelayExpiredMS=0.0, timeUntilSwingDelayExpiredMS=0.0
02-14 17:08:05.026  1057  2034 W BackupManagerService: dataChanged but no participant pkg='com.android.providers.settings' uid=1001
02-14 17:08:05.055  1057  1338 D ConnectivityService: ignoring duplicate network state non-change
02-14 17:08:05.056  1057  1338 D ConnectivityService: Update of LinkProperties for NetworkAgentInfo [MOBILE (LTE) - 100]; created=true
02-14 17:08:05.057  1057  1338 D ConnectivityService:  [lge_data] MTU size from kernel is 1400
02-14 17:08:05.057  1057  1338 D ConnectivityService: Setting MTU size: rmnet0, 1400
02-14 17:08:05.057  1057  1338 D Nat464Xlat: requiresClat: netType=0, connected=true, hasIPv4Address=false, hasInternetCapability=false
02-14 17:08:05.082  1057  1843 D PowerManagerServiceEx: acquireWakeLockInternal: lock=16766533, flags=0x2000000a, tag="WindowManager", ws=WorkSource{1000}, historyTag=null, uid=1000, pid=1057
02-14 17:08:05.106  1057  1416 V ActivityManager: Moving to PAUSED: ActivityRecord{9aaa8f0 u0 com.android.settings/.lgesetting.wireless.DataNetworkModePayPopupLGT t33 f} (pause complete)
02-14 17:08:05.106  1057  1416 V ActivityManager: Moving to STOPPING: ActivityRecord{9aaa8f0 u0 com.android.settings/.lgesetting.wireless.DataNetworkModePayPopupLGT t33 f} (finish requested)
02-14 17:08:05.107  1057  1416 V ActivityManager: Moving to RESUMED: ActivityRecord{26ae51c3 u0 com.lge.launcher2/.Launcher t32} (in existing)
02-14 17:08:05.107  1057  2111 D InputMethodManagerService: setImestate : 0
02-14 17:08:05.108  1057  1057 V ActivityManager: Display changed displayId=0
02-14 17:08:05.110  1057  1416 D ActivityManager: resumeTopActivityLocked: Resumed ActivityRecord{26ae51c3 u0 com.lge.launcher2/.Launcher t32}
02-14 17:08:05.307  1057  1140 D NetworkManagementService: onDataConnectionRealTimeInfoChanged: mTime=188729345349 mDcPowerState=3
02-14 17:08:05.556  1057  1315 D PowerManagerServiceEx: updateUserActivitySummaryLocked: mWakefulness=Awake, mUserActivitySummary=0x1, nextTimeout=176664 (12322 ms ago)
02-14 17:08:05.571  2092  2092 I ViewRootImpl: ViewRoot's MotionEvent { action=ACTION_DOWN, id[0]=0, x[0]=756.4747, y[0]=1469.426, toolType[0]=TOOL_TYPE_FINGER, buttonState=0, metaState=0, flags=0x0, edgeFlags=0x0, pointerCount=1, historySize=0, eventTime=188985, downTime=188985, deviceId=2, source=0x1002 } to com.android.internal.policy.impl.PhoneWindow$DecorView{30cfd6bb V.E..... R......D 0,0-1440,2560}
02-14 17:08:05.639  1997  4467 D LGPowerManagerHelper: boost (1002)
02-14 17:08:05.698  2092  2092 I ViewRootImpl: ViewRoot's MotionEvent { action=ACTION_UP, id[0]=0, x[0]=39.97224, y[0]=994.6115, toolType[0]=TOOL_TYPE_FINGER, buttonState=0, metaState=0, flags=0x0, edgeFlags=0x0, pointerCount=1, historySize=0, eventTime=189082, downTime=188985, deviceId=2, source=0x1002 } to com.android.internal.policy.impl.PhoneWindow$DecorView{30cfd6bb V.E..... R......D 0,0-1440,2560}
02-14 17:08:05.699  1997  2014 D LGPowerManagerHelper: boost (14)
02-14 17:08:05.785  1057  1441 D ConnectivityService: setProvNotificationVisible: E visible=false networkType=0 action=com.android.internal.telephony.PROVISION0
02-14 17:08:05.785  1057  1441 D ConnectivityService: setProvNotificationVisibleIntent: E visible=false networkType=0 extraInfo=null
02-14 17:08:05.807  1057  2110 D ConnectivityService: registerNetworkAgent NetworkAgentInfo{ ni{[type: MOBILE[LTE], state: CONNECTED/CONNECTED, reason: connected, extra: sinternet.lguplus.co.kr, roaming: false, failover: false, isAvailable: true, isConnectedToProvisioningNetwork: false]}  network{null}  lp{{InterfaceName: rmnet1 LinkAddresses: [10.89.174.214/30,]  Routes: [10.89.174.212/30 -> 0.0.0.0 rmnet1,0.0.0.0/0 -> 10.89.174.213 rmnet1,] DnsAddresses: [211.40.215.10,117.111.29.132,] Domains: null MTU: 1428 TcpBufferSizes: 524288,1048576,2560000,524288,1048576,2560000}}  nc{[ Transports: CELLULAR Capabilities: MMS&SUPL&DUN&FOTA&CBS&INTERNET&NOT_RESTRICTED&TRUSTED&NOT_VPN LinkUpBandwidth>=51200Kbps LinkDnBandwidth>=102400Kbps Specifier: <1>]}  Score{10} validated{false} created{false} explicitlySelected{false} }
02-14 17:08:05.807  1057  1338 D ConnectivityService: Got NetworkAgent Messenger
02-14 17:08:05.807  1057  1338 D ConnectivityService: NetworkAgentInfo [MOBILE (LTE) - 101] EVENT_NETWORK_INFO_CHANGED, going from null to CONNECTED
02-14 17:08:05.807  1057  1338 D ConnectivityService: Adding iface rmnet1 to network 101
02-14 17:08:05.826  1057  1338 D ConnectivityService: Setting MTU size: rmnet1, 1428
02-14 17:08:05.829  1057  1338 D ConnectivityService: Adding Route [10.89.174.212/30 -> 0.0.0.0 rmnet1] to network 101
02-14 17:08:05.830  1057  1338 D ConnectivityService: Adding Route [0.0.0.0/0 -> 10.89.174.213 rmnet1] to network 101
02-14 17:08:05.830  1057  1338 D ConnectivityService: Setting Dns servers for network 101 to [/211.40.215.10, /117.111.29.132]
02-14 17:08:05.834  1057  1338 D Nat464Xlat: requiresClat: netType=0, connected=true, hasIPv4Address=true, hasInternetCapability=true
02-14 17:08:05.834  1057  1338 D ConnectivityService: notifyType IP_CHANGED for NetworkAgentInfo [MOBILE (LTE) - 101]
02-14 17:08:05.834  1057  1338 D ConnectivityService: notifyType PRECHECK for NetworkAgentInfo [MOBILE (LTE) - 101]
02-14 17:08:05.835  1057  1338 D ConnectivityService: rematching NetworkAgentInfo [MOBILE (LTE) - 101]
02-14 17:08:05.835  1057  1338 D ConnectivityService:  network has: [ Transports: CELLULAR Capabilities: MMS&SUPL&DUN&FOTA&CBS&INTERNET&NOT_RESTRICTED&TRUSTED&NOT_VPN LinkUpBandwidth>=51200Kbps LinkDnBandwidth>=102400Kbps Specifier: <1>]
02-14 17:08:05.835  1057  1338 D ConnectivityService:   checking if request is satisfied: NetworkRequest [ id=3, legacyType=11, [ Transports: CELLULAR Capabilities: IMS&NOT_RESTRICTED&TRUSTED&NOT_VPN] ]
02-14 17:08:05.835  1057  1338 D ConnectivityService:   checking if request is satisfied: NetworkRequest [ id=2, legacyType=-1, [] ]
02-14 17:08:05.835  1057  1338 D ConnectivityService:     satisfied: NetworkRequest [ id=2, legacyType=-1, [] ], isRequest:false
02-14 17:08:05.835  1057  1338 D ConnectivityService:   checking if request is satisfied: NetworkRequest [ id=1, legacyType=-1, [ Capabilities: INTERNET&NOT_RESTRICTED&TRUSTED&NOT_VPN] ]
02-14 17:08:05.835  1057  1338 D ConnectivityService:     satisfied: NetworkRequest [ id=1, legacyType=-1, [ Capabilities: INTERNET&NOT_RESTRICTED&TRUSTED&NOT_VPN] ], isRequest:true
02-14 17:08:05.835  1057  1338 D ConnectivityService: currentScore = 0, newScore = 10
02-14 17:08:05.835  1057  1338 D ConnectivityService:    accepting network in place of null
02-14 17:08:05.835  1057  1338 D ConnectivityService: sending new Min Network Score(10): NetworkRequest [ id=1, legacyType=-1, [ Capabilities: INTERNET&NOT_RESTRICTED&TRUSTED&NOT_VPN] ]
02-14 17:08:05.838  1057  1338 D ConnectivityService: Setting tx/rx TCP buffers to 524288,1048576,2560000,524288,1048576,2560000
02-14 17:08:05.845  1057  1338 E ConnectivityService: [lg_data] Adding agent NetworkAgentInfo{ ni{[type: MOBILE[LTE], state: CONNECTED/CONNECTED, reason: connected, extra: sinternet.lguplus.co.kr, roaming: false, failover: false, isAvailable: true, isConnectedToProvisioningNetwork: false]}  network{101}  lp{{InterfaceName: rmnet1 LinkAddresses: [10.89.174.214/30,]  Routes: [10.89.174.212/30 -> 0.0.0.0 rmnet1,0.0.0.0/0 -> 10.89.174.213 rmnet1,] DnsAddresses: [211.40.215.10,117.111.29.132,] Domains: null MTU: 1428 TcpBufferSizes: 524288,1048576,2560000,524288,1048576,2560000}}  nc{[ Transports: CELLULAR Capabilities: MMS&SUPL&DUN&FOTA&CBS&INTERNET&NOT_RESTRICTED&TRUSTED&NOT_VPN LinkUpBandwidth>=51200Kbps LinkDnBandwidth>=102400Kbps Specifier: <1>]}  Score{10} validated{false} created{true} explicitlySelected{false} } for legacy network type 0
02-14 17:08:05.845  1057  1338 D CSLegacyTypeTracker: Sending connected broadcast for type 0 NetworkAgentInfo [MOBILE (LTE) - 101] isDefaultNetwork=true
02-14 17:08:05.845  1057  1338 D ConnectivityService: sendStickyBroadcast: action=android.net.conn.CONNECTIVITY_CHANGE_IMMEDIATE
02-14 17:08:05.849  1057  1338 D ConnectivityService: sendStickyBroadcastDelayed: delayMs=3000, action=android.net.conn.CONNECTIVITY_CHANGE
02-14 17:08:05.849  1057  1338 D CSLegacyTypeTracker: [e] list.add(nai) empty : false size: 1
02-14 17:08:05.849  1057  1140 D DSQN    : DNSproblemNotiEnabled is disabled ignore DNS fail CB
02-14 17:08:05.850  1057  1338 D ConnectivityService: Switching to new default network: NetworkAgentInfo{ ni{[type: MOBILE[LTE], state: CONNECTED/CONNECTED, reason: connected, extra: sinternet.lguplus.co.kr, roaming: false, failover: false, isAvailable: true, isConnectedToProvisioningNetwork: false]}  network{101}  lp{{InterfaceName: rmnet1 LinkAddresses: [10.89.174.214/30,]  Routes: [10.89.174.212/30 -> 0.0.0.0 rmnet1,0.0.0.0/0 -> 10.89.174.213 rmnet1,] DnsAddresses: [211.40.215.10,117.111.29.132,] Domains: null MTU: 1428 TcpBufferSizes: 524288,1048576,2560000,524288,1048576,2560000}}  nc{[ Transports: CELLULAR Capabilities: MMS&SUPL&DUN&FOTA&CBS&INTERNET&NOT_RESTRICTED&TRUSTED&NOT_VPN LinkUpBandwidth>=51200Kbps LinkDnBandwidth>=102400Kbps Specifier: <1>]}  Score{10} validated{false} created{true} explicitlySelected{false} }
02-14 17:08:05.850  1057  1338 D NetworkManagementService: Adding idletimer
02-14 17:08:05.877  1057  1074 W ActivityManager: getRecentTasks: caller 10003 is using old GET_TASKS but privileged; allowing
02-14 17:08:05.885  1057  1324 V NetworkPolicy: [LG_RESTRICTED] checkMobilePolicy_type()
02-14 17:08:05.894  1057  1338 D ConnectivityService: validation of new default Network = false
02-14 17:08:05.894  1057  1338 D ConnectivityService: notifyType AVAILABLE for NetworkAgentInfo [MOBILE (LTE) - 101]
02-14 17:08:05.894  1057  1338 D ConnectivityService:  sending notification for NetworkRequest [ id=1, legacyType=-1, [ Capabilities: INTERNET&NOT_RESTRICTED&TRUSTED&NOT_VPN] ]
02-14 17:08:05.894  1057  1338 D ConnectivityService:  sending notification for NetworkRequest [ id=2, legacyType=-1, [] ]
02-14 17:08:05.894  1057  1338 D ConnectivityService: sending notification AVAILABLE for NetworkRequest [ id=2, legacyType=-1, [] ]
02-14 17:08:05.894  1057  1338 D ConnectivityService: NetworkAgent connected
02-14 17:08:05.895  1057  1338 D ConnectivityService: Validated NetworkAgentInfo [MOBILE (LTE) - 101]
02-14 17:08:05.895  1057  1338 D ConnectivityService: rematching NetworkAgentInfo [MOBILE (LTE) - 101]
02-14 17:08:05.895  1057  1338 D ConnectivityService:  network has: [ Transports: CELLULAR Capabilities: MMS&SUPL&DUN&FOTA&CBS&INTERNET&NOT_RESTRICTED&TRUSTED&NOT_VPN LinkUpBandwidth>=51200Kbps LinkDnBandwidth>=102400Kbps Specifier: <1>]
02-14 17:08:05.895  1057  1338 D ConnectivityService:   checking if request is satisfied: NetworkRequest [ id=3, legacyType=11, [ Transports: CELLULAR Capabilities: IMS&NOT_RESTRICTED&TRUSTED&NOT_VPN] ]
02-14 17:08:05.895  1057  1338 D ConnectivityService:   checking if request is satisfied: NetworkRequest [ id=2, legacyType=-1, [] ]
02-14 17:08:05.895  1057  1338 D ConnectivityService:     satisfied: NetworkRequest [ id=2, legacyType=-1, [] ], isRequest:false
02-14 17:08:05.895  1057  1338 D ConnectivityService: Network NetworkAgentInfo [MOBILE (LTE) - 101] was already satisfying request 1. No change.
02-14 17:08:05.895  1057  1338 D ConnectivityService: notifyType AVAILABLE for NetworkAgentInfo [MOBILE (LTE) - 101]
02-14 17:08:05.895  1057  1338 D ConnectivityService:  sending notification for NetworkRequest [ id=1, legacyType=-1, [ Capabilities: INTERNET&NOT_RESTRICTED&TRUSTED&NOT_VPN] ]
02-14 17:08:05.895  1057  1338 D ConnectivityService:  sending notification for NetworkRequest [ id=2, legacyType=-1, [] ]
02-14 17:08:05.895  1057  1338 D ConnectivityService: sending notification AVAILABLE for NetworkRequest [ id=2, legacyType=-1, [] ]
02-14 17:08:05.895  1057  1338 D ConnectivityService: sending new Min Network Score(50): NetworkRequest [ id=1, legacyType=-1, [ Capabilities: INTERNET&NOT_RESTRICTED&TRUSTED&NOT_VPN] ]
02-14 17:08:05.895  1057  1324 V NetworkPolicy: [LG_RESTRICTED] checkMobilePolicy_type() ::true
02-14 17:08:05.896  1057  1338 D ConnectivityService: sendStickyBroadcast: action=android.net.conn.INET_CONDITION_ACTION
02-14 17:08:05.898  1057  1338 D ConnectivityService: [LGE_DATA] handleSetPolicyDataEnable !!
02-14 17:08:05.900  1057  1338 D ConnectivityService: [LGE_DATA] handleSetPolicyDataEnable !!
02-14 17:08:05.902  1057  1324 V NetworkPolicy: [LG_RESTRICTED] checkMobilePolicy_type()
02-14 17:08:05.902  1057  2071 W ActivityManager: getRecentTasks: caller 10003 is using old GET_TASKS but privileged; allowing
02-14 17:08:05.914  1057  1324 V NetworkPolicy: [LG_RESTRICTED] checkMobilePolicy_type() ::false
02-14 17:08:05.914  1057  1324 V NetworkPolicy: [LG_RESTRICTED] :11 type is not inusing
02-14 17:08:06.042  1057  1338 D ConnectivityService: [LGE_DATA] handleSetPolicyDataEnable !!
02-14 17:08:06.044  1057  1338 D ConnectivityService: [LGE_DATA] handleSetPolicyDataEnable !!
02-14 17:08:06.115  2092  2092 I Timeline: Timeline: Activity_idle id: android.os.BinderProxy@31e3111b time:189546
02-14 17:08:06.117  1057  1073 V ActivityManager: Moving to FINISHING: ActivityRecord{9aaa8f0 u0 com.android.settings/.lgesetting.wireless.DataNetworkModePayPopupLGT t33 f}
02-14 17:08:06.118  1057  1073 V ActivityManager: Moving to DESTROYING: ActivityRecord{9aaa8f0 u0 com.android.settings/.lgesetting.wireless.DataNetworkModePayPopupLGT t33 f} (destroy requested)
02-14 17:08:06.127  1057  2110 V ActivityManager: Moving to DESTROYED: ActivityRecord{9aaa8f0 u0 com.android.settings/.lgesetting.wireless.DataNetworkModePayPopupLGT t33 f} (removed from history)
02-14 17:08:06.128  1057  2110 D ActivityManager: resumeTopActivityLocked: Top activity resumed ActivityRecord{26ae51c3 u0 com.lge.launcher2/.Launcher t32}
02-14 17:08:06.132  1057  1337 D WifiService: New client listening to asynchronous messages
02-14 17:08:06.160  1057  1135 I ActivityManager: Start proc com.lge.formmanager for broadcast com.lge.formmanager/.FormServiceReceiver: pid=6976 uid=10025 gids={50025, 9997, 3003, 1028} abi=armeabi-v7a
02-14 17:08:06.254  1057  2033 I ActivityManager: Start proc com.lge.lifetracker for broadcast com.lge.lifetracker/.core.receiver.CoreEventReceiver: pid=6998 uid=10037 gids={50037, 9997, 3003, 3002, 3001, 1028, 1015} abi=armeabi-v7a
02-14 17:08:06.264  1057  1141 V WindowOrientationListener: Proposed rotation changed! : currentRotation=0, proposedRotation=0, oldProposedRotation=-1, predictedRotation=0, timeDeltaMS=66.65039, isAccelerating=false, isFlat=false, isSwinging=false, isOverhead=false, timeUntilSettledMS=0.0, timeUntilAccelerationDelayExpiredMS=0.0, timeUntilFlatDelayExpiredMS=0.0, timeUntilSwingDelayExpiredMS=0.0
02-14 17:08:06.317  1057  2111 I ActivityManager: Killing 6458:com.lguplus.appstore/u0a118 (adj 15): empty #17
02-14 17:08:06.327  1057  1337 D WifiService: Client connection lost with reason: 4
02-14 17:08:06.372  1057  1842 W libprocessgroup: failed to open /acct/uid_10118/pid_6458/cgroup.procs: No such file or directory
02-14 17:08:06.373  1057  1842 D ActivityManager: resumeTopActivityLocked: Top activity resumed ActivityRecord{26ae51c3 u0 com.lge.launcher2/.Launcher t32}
02-14 17:08:06.410  1057  1441 I ActivityManager: Start proc com.lge.lgaccount for content provider com.lge.lgaccount/.provider.LGAccountProvider: pid=7020 uid=10084 gids={50084, 9997, 3003} abi=armeabi-v7a
02-14 17:08:06.438  1057  1416 I ActivityManager: Start proc com.google.android.gms.unstable for service com.google.android.gms/.droidguard.DroidGuardService: pid=7037 uid=10005 gids={50005, 9997, 2001, 3003, 1007, 3006, 1028, 1015, 3002, 3001, 1005, 3007} abi=armeabi-v7a
02-14 17:08:06.487  7037  7037 W ResourcesManager: Asset path '/system/framework/com.android.media.remotedisplay.jar' does not exist or contains no resources.
02-14 17:08:06.487  7037  7037 W ResourcesManager: Asset path '/system/framework/com.android.location.provider.jar' does not exist or contains no resources.
02-14 17:08:06.491  1401  1401 I ViewRootImpl: ViewRoot's MotionEvent { action=ACTION_DOWN, id[0]=0, x[0]=809.43787, y[0]=40.98399, toolType[0]=TOOL_TYPE_FINGER, buttonState=0, metaState=0, flags=0x0, edgeFlags=0x0, pointerCount=1, historySize=0, eventTime=189921, downTime=189921, deviceId=2, source=0x1002 } to com.android.systemui.statusbar.phone.StatusBarWindowView{25ad1a3c VFED.... ........ 0,0-1440,100}
02-14 17:08:06.494  1057  1315 D PowerManagerServiceEx: updateUserActivitySummaryLocked: mWakefulness=Awake, mUserActivitySummary=0x1, nextTimeout=176664 (13260 ms ago)
02-14 17:08:06.502  1997  2192 D VolumeVibrator: clear
02-14 17:08:06.502  1057  2072 I NotificationServiceEx: LED clear()
02-14 17:08:06.502  1997  2014 D LEDService: updateLightListInternal() : action=1 pkg=native.notifications
02-14 17:08:06.502  1997  2014 D LEDService: clearLedListLocked() : mLedList :[LGLedRecord{b902858 flags=0 patternId=3 color=0 priority=-1 recordId=0 pkg=batteryinfo mExceptional=false mNativeNotification=false whichLedPlay=1 patternFilePath=null}, LGLedRecord{1a6a0d65 flags=0 patternId=7 color=0 priority=0 recordId=123 pkg=com.android.mms mExceptional=false mNativeNotification=false whichLedPlay=1 patternFilePath=null}]
02-14 17:08:06.516  1057  1141 W PhoneWindowManagerEx: Call!!!getLGSystemUiVisibility. =0x0
02-14 17:08:06.516  1057  1141 D StatusBarManagerServiceEx: setLGSystemUiVisibility(0x0)
02-14 17:08:06.516  1057  1141 D StatusBarManagerServiceEx: manageNaviBtnDisableList userId=0 what=0x0 pkg=WindowManager.LayoutParams
02-14 17:08:06.528  1057  2072 I ActivityManager: Killing 6485:com.lguplus.nsrm_client/1000 (adj 15): empty #17
02-14 17:08:06.590  1057  2072 I ActivityManager: Killing 6420:com.google.android.apps.plus/u0a111 (adj 15): empty #18
02-14 17:08:06.692  1057  2111 W libprocessgroup: failed to open /acct/uid_10111/pid_6420/cgroup.procs: No such file or directory
02-14 17:08:06.693  1057  2111 D ActivityManager: resumeTopActivityLocked: Top activity resumed ActivityRecord{26ae51c3 u0 com.lge.launcher2/.Launcher t32}
02-14 17:08:06.696  1057  2071 W libprocessgroup: failed to open /acct/uid_1000/pid_6485/cgroup.procs: No such file or directory
02-14 17:08:06.696  1057  2071 D ActivityManager: resumeTopActivityLocked: Top activity resumed ActivityRecord{26ae51c3 u0 com.lge.launcher2/.Launcher t32}
02-14 17:08:06.707  1401  1401 V LGMDMManager: gAMU(NULL) ret:true
02-14 17:08:06.708  1401  1401 I ViewRootImpl: ViewRoot's MotionEvent { action=ACTION_UP, id[0]=0, x[0]=989.313, y[0]=1391.4564, toolType[0]=TOOL_TYPE_FINGER, buttonState=0, metaState=0, flags=0x0, edgeFlags=0x0, pointerCount=1, historySize=0, eventTime=190116, downTime=189921, deviceId=2, source=0x1002 } to com.android.systemui.statusbar.phone.StatusBarWindowView{25ad1a3c VFED.... ......ID 0,0-1440,2560}
02-14 17:08:06.884  1997  4467 D LEDService: clearAllLeds:[LGLedRecord{b902858 flags=0 patternId=3 color=0 priority=-1 recordId=0 pkg=batteryinfo mExceptional=false mNativeNotification=false whichLedPlay=1 patternFilePath=null}]
02-14 17:08:06.884  1997  4467 I LEDService: getCurrentHighestLGLedRecord : size = 1
