02-14 17:05:43.168  1057  2034 D ActivityManager: resumeTopActivityLocked: Top activity resumed ActivityRecord{9aaa8f0 u0 com.android.settings/.lgesetting.wireless.DataNetworkModePayPopupLGT t33}
02-14 17:05:43.304  1057  2287 I ActivityManager: Start proc com.lge.lifetracker for broadcast com.lge.lifetracker/.core.receiver.CoreEventReceiver: pid=4210 uid=10037 gids={50037, 9997, 3003, 3002, 3001, 1028, 1015} abi=armeabi-v7a
02-14 17:05:43.562  1057  1135 W ProcessCpuTracker: Skipping unknown process pid 4102
02-14 17:05:43.563  1057  1135 W ProcessCpuTracker: Skipping unknown process pid 4105
02-14 17:05:43.634  1057  1441 I ActivityManager: Start proc com.lge.lgaccount for content provider com.lge.lgaccount/.provider.LGAccountProvider: pid=4233 uid=10084 gids={50084, 9997, 3003} abi=armeabi-v7a
02-14 17:05:43.835  1057  1074 I ActivityManager: Start proc com.lge.ia.task.process.shared for broadcast com.lge.ia.task.informant/.ActivationEventReceiver: pid=4253 uid=10003 gids={50003, 9997, 1028, 1015, 3003, 1007} abi=armeabi-v7a
02-14 17:05:43.842  1057  1074 I ActivityManager: Killing 2565:com.lge.qremote/u0a137 (adj 15): empty #17
02-14 17:05:43.949  1057  1074 I ActivityManager: Killing 3895:com.uei.lg.quicksetsdk.maxq616/1000 (adj 15): empty #18
02-14 17:05:43.969  1057  1337 D WifiService: Client connection lost with reason: 4
02-14 17:05:44.068  1057  2033 W libprocessgroup: failed to open /acct/uid_10137/pid_2565/cgroup.procs: No such file or directory
02-14 17:05:44.071  1057  2033 D ActivityManager: resumeTopActivityLocked: Top activity resumed ActivityRecord{9aaa8f0 u0 com.android.settings/.lgesetting.wireless.DataNetworkModePayPopupLGT t33}
02-14 17:05:44.073  1057  1441 W libprocessgroup: failed to open /acct/uid_1000/pid_3895/cgroup.procs: No such file or directory
02-14 17:05:44.074  1057  1441 D ActivityManager: resumeTopActivityLocked: Top activity resumed ActivityRecord{9aaa8f0 u0 com.android.settings/.lgesetting.wireless.DataNetworkModePayPopupLGT t33}
02-14 17:05:44.077  1057  1140 D NetworkManagementService: onDataConnectionRealTimeInfoChanged: mTime=47480073632 mDcPowerState=1
02-14 17:05:44.347  1057  1135 I ActivityManager: Waited long enough for: ServiceRecord{be059a u0 com.lgu.app.appbundle/.WidgetService}
02-14 17:05:45.117  1057  1435 I ActivityManager: Start proc com.google.android.talk for broadcast com.google.android.talk/com.google.android.apps.hangouts.phone.PhoneStateReceiver: pid=4303 uid=10082 gids={50082, 9997, 3003, 1028, 1015, 3002} abi=armeabi-v7a
02-14 17:05:45.182  4303  4303 W ResourcesManager: Asset path '/system/framework/com.google.android.media.effects.jar' does not exist or contains no resources.
02-14 17:05:45.302  1057  1135 I ActivityManager: Waited long enough for: ServiceRecord{12f8289b u0 com.lge.sizechangable.musicwidget.widget/.service.MusicWidgetUpdater}
02-14 17:05:45.719  3058  3058 W ContextImpl: Calling a method in the system process without a qualified user: android.app.ContextImpl.startService:1757 android.content.ContextWrapper.startService:515 android.content.ContextWrapper.startService:515 com.lguplus.rms.RmsBoradcastReceiver.onReceive:-1 android.app.ActivityThread.handleReceiver:2586 
02-14 17:05:45.764  3058  3058 W ContextImpl: Calling a method in the system process without a qualified user: android.app.ContextImpl.startService:1757 android.content.ContextWrapper.startService:515 android.content.ContextWrapper.startService:515 com.lguplus.rms.RmsBoradcastReceiver.onReceive:-1 android.app.ActivityThread.handleReceiver:2586 
02-14 17:05:45.781  1057  2033 I ActivityManager: Killing 4115:com.android.providers.calendar/u0a14 (adj 15): empty #17
02-14 17:05:45.841  1057  1842 W libprocessgroup: failed to open /acct/uid_10014/pid_4115/cgroup.procs: No such file or directory
02-14 17:05:45.843  1057  1842 D ActivityManager: resumeTopActivityLocked: Top activity resumed ActivityRecord{9aaa8f0 u0 com.android.settings/.lgesetting.wireless.DataNetworkModePayPopupLGT t33}
02-14 17:05:45.917  1057  4352 I ActivityManager: Start proc com.android.keychain for service com.android.keychain/.KeyChainService: pid=4354 uid=1000 gids={41000, 9997, 1028, 1015, 3003, 3002, 3001, 4002, 1007, 1023, 1021, 3004, 3005, 1000, 3009, 1010, 1004, 2002, 3008, 1026, 1009, 1027, 1003, 1014, 2001, 1002} abi=armeabi-v7a
02-14 17:05:45.920  1057  1057 D UsbDeviceManager: boot completed
02-14 17:05:45.979  1057  4376 I BootReceiver: Copying /proc/last_kmsg to DropBox (SYSTEM_LAST_KMSG)
02-14 17:05:45.994  1057  2111 I ActivityManager: Start proc com.android.contacts for broadcast com.android.contacts/com.lge.contacts.util.LauncherStateReceiver2: pid=4383 uid=10018 gids={50018, 9997, 3003, 1028, 1015, 1023, 4002} abi=armeabi-v7a
02-14 17:05:46.081  1057  4376 I BootReceiver: Copying audit failures to DropBox
02-14 17:05:46.095  1057  4376 I BootReceiver: Copied 0 worth of audits to DropBox
02-14 17:05:46.101  1057  4376 I BootReceiver: Checking for fsck errors
02-14 17:05:46.178  1057  4353 W ResourcesManager: Asset path '/system/framework/com.google.android.maps.jar' does not exist or contains no resources.
02-14 17:05:46.248  4383  4383 W ResourcesManager: Asset path '/system/framework/com.google.android.maps.jar' does not exist or contains no resources.
02-14 17:05:46.249  4383  4383 W ResourcesManager: Asset path '/system/framework/com.lge.mdm.jar' does not exist or contains no resources.
02-14 17:05:46.249  4383  4383 W ResourcesManager: Asset path '/system/framework/com.lge.telephony.sms.jar' does not exist or contains no resources.
02-14 17:05:46.251  4383  4383 W ResourcesManager: Asset path '/system/framework/lghiddenlibs.jar' does not exist or contains no resources.
02-14 17:05:46.251  4383  4383 W ResourcesManager: Asset path '/system/framework/qcrilhook.jar' does not exist or contains no resources.
02-14 17:05:46.268  1057  2072 I ActivityManager: Killing 4024:com.lge.clock/u0a10 (adj 15): empty #17
02-14 17:05:46.360  1057  1074 W libprocessgroup: failed to open /acct/uid_10010/pid_4024/cgroup.procs: No such file or directory
02-14 17:05:46.362  1057  1074 D ActivityManager: resumeTopActivityLocked: Top activity resumed ActivityRecord{9aaa8f0 u0 com.android.settings/.lgesetting.wireless.DataNetworkModePayPopupLGT t33}
02-14 17:05:46.530  1057  2111 I ActivityManager: Start proc com.qti.diagservices for broadcast com.qti.diagservices/.Diag_OnBoot: pid=4429 uid=1000 gids={41000, 9997, 1028, 1015, 3003, 3002, 3001, 4002, 1007, 1023, 1021, 3004, 3005, 1000, 3009, 1010, 1004, 2002, 3008, 1026, 1009, 1027, 1003, 1014, 2001, 1002} abi=armeabi-v7a
02-14 17:05:46.570  1057  2072 I ActivityManager: Killing 4066:com.android.calendar/u0a13 (adj 15): empty #17
02-14 17:05:46.654  1057  2111 W libprocessgroup: failed to open /acct/uid_10013/pid_4066/cgroup.procs: No such file or directory
02-14 17:05:46.654  1057  2111 D ActivityManager: resumeTopActivityLocked: Top activity resumed ActivityRecord{9aaa8f0 u0 com.android.settings/.lgesetting.wireless.DataNetworkModePayPopupLGT t33}
02-14 17:05:46.689  4429  4429 W ContextImpl: Calling a method in the system process without a qualified user: android.app.ContextImpl.startService:1757 android.content.ContextWrapper.startService:515 android.content.ContextWrapper.startService:515 com.qti.diagservices.Diag_OnBoot.onReceive:44 android.app.ActivityThread.handleReceiver:2586 
02-14 17:05:46.709  1057  1057 W ContextImpl: Calling a method in the system process without a qualified user: android.app.ContextImpl.bindService:1821 com.lge.android.atservice.client.LGATCMDClient.bindService:92 com.lge.mdm.controller.LGMDMATClientConnector.connectATService:42 com.lge.mdm.controller.LGMDMAudioPortController.connectATService:65 com.lge.mdm.controller.LGMDMDevicePolicyManagerService$1.onReceive:168 
02-14 17:05:46.710  1057  1057 W ContextImpl: Calling a method in the system process without a qualified user: android.app.ContextImpl.bindService:1821 com.lge.android.atservice.client.LGATCMDClient.bindService:92 com.lge.mdm.controller.LGMDMATClientConnector.connectATService:42 com.lge.mdm.controller.LGMDMDeviceWipeController.connectATService:37 com.lge.mdm.controller.LGMDMDevicePolicyManagerService$1.onReceive:169 
02-14 17:05:46.711  1057  1057 W ContextImpl: Calling a method in the system process without a qualified user: android.app.ContextImpl.bindService:1821 com.lge.android.atservice.client.LGATCMDClient.bindService:92 com.lge.mdm.controller.LGMDMATClientConnector.connectATService:42 com.lge.mdm.controller.LGMDMDownloadModeController.connectATService:36 com.lge.mdm.controller.LGMDMDevicePolicyManagerService$1.onReceive:170 
02-14 17:05:46.731  1057  1057 D MDM     : pw expired cId : 0, uId : 0, day : 365
02-14 17:05:46.735  1057  1338 D ConnectivityService: Got NetworkFactory Messenger for WIFI
02-14 17:05:46.735  1057  1338 D ConnectivityService: NetworkFactory connected
02-14 17:05:46.737  1057  1325 D LGWifiP2pService: P2pDisabledState{ when=-3ms what=143376 obj=KR target=com.android.internal.util.StateMachine$SmHandler }
02-14 17:05:46.737  1057  1325 D LGWifiP2pService: DefaultState{ when=-3ms what=143376 obj=KR target=com.android.internal.util.StateMachine$SmHandler }
02-14 17:05:46.752  1057  1325 D LGWifiP2pService: P2pDisabledState{ when=-1ms what=143376 obj=KR target=com.android.internal.util.StateMachine$SmHandler }
02-14 17:05:46.752  1057  1325 D LGWifiP2pService: DefaultState{ when=-1ms what=143376 obj=KR target=com.android.internal.util.StateMachine$SmHandler }
02-14 17:05:46.793  1997  1997 D LGSDEncService: action=android.intent.action.BOOT_COMPLETED
02-14 17:05:46.803  1997  4468 I LGSDEncService: MediaExceptionType=BDMB/MID/EC3/OGV/JPEG/WEBM/QCP/JPS/RA/MXMF/JPG/WAV/RV/PNG/M3U8/WPL/3GP/3GPP/OTA/SMF/AMR/MP4/BMP/OGG/MKV/TP/DCI/M4V/WMV/WEBP/3GPP2/DTS/ADTS/MPO/OGA/RMVB/OGM/3G2/3GA/MKA/MPD/TS/MP2/FLAC/MPGA/JPE/RM/M2TS/PLS/MIDI/WBMP/RAM/ASF/MPG/RTX/K3G/IMY/AWB/MPEG/AC3/F4V/DIVX/XMF/FLV/MP3/RTTTL/AVI/GIF/AAC/M3U/M4A/SKM/WMA/MTS/DMB/
02-14 17:05:46.803  1997  4468 D         : android_net_LGSDEnc_sysCallMediaExt:33:: propertyVal = (379), extList = (BDMB/MID/EC3/OGV/JPEG/WEBM/QCP/JPS/RA/MXMF/JPG/WAV/RV/PNG/M3U8/WPL/3GP/3GPP/OTA/SMF/AMR/MP4/BMP/OGG/MKV/TP/DCI/M4V/WMV/WEBP/3GPP2/DTS/ADTS/MPO/OGA/RMVB/OGM/3G2/3GA/MKA/MPD/TS/MP2/FLAC/MPGA/JPE/RM/M2TS/PLS/MIDI/WBMP/RAM/ASF/MPG/RTX/K3G/IMY/AWB/MPEG/AC3/F4V/DIVX/XMF/FLV/MP3/RTTTL/AVI/GIF/AAC/M3U/M4A/SKM/WMA/MTS/DMB/) 
02-14 17:05:46.825  1997  1997 V WifiSapService: WifiSapService [ACTION_BOOT_COMPLETED]
02-14 17:05:46.826  1997  4468 I LGSDEncService: BOOT_BroadcastReceiver Media SystemCall :: getMediaProperty = 0
02-14 17:05:46.826  1997  4468 D LGSDEncService: Initializing Encryption start
02-14 17:05:46.837  3999  3999 W ContextImpl: Calling a method in the system process without a qualified user: android.app.ContextImpl.startService:1757 android.content.ContextWrapper.startService:515 com.wavesecure.core.WSAndroidSystemIntentReceiver.a:-1 com.mcafee.app.u.onReceive:-1 android.app.ActivityThread.handleReceiver:2586 
02-14 17:05:46.892  1057  1074 I ActivityManager: Start proc com.lge.hiddenmenu for broadcast com.lge.hiddenmenu/.wcdma_only.log_service.StorageStatusReceiver: pid=4479 uid=1000 gids={41000, 9997, 1028, 1015, 3003, 3002, 3001, 4002, 1007, 1023, 1021, 3004, 3005, 1000, 3009, 1010, 1004, 2002, 3008, 1026, 1009, 1027, 1003, 1014, 2001, 1002} abi=armeabi-v7a
02-14 17:05:46.963  4479  4479 W ResourcesManager: Asset path '/system/framework/com.lge.mdm.jar' does not exist or contains no resources.
02-14 17:05:46.986  1057  2034 I ActivityManager: Killing 3644:com.lge.email/u0a22 (adj 15): empty #17
02-14 17:05:47.051  1057  1843 W libprocessgroup: failed to open /acct/uid_10022/pid_3644/cgroup.procs: No such file or directory
02-14 17:05:47.054  1057  1843 D ActivityManager: resumeTopActivityLocked: Top activity resumed ActivityRecord{9aaa8f0 u0 com.android.settings/.lgesetting.wireless.DataNetworkModePayPopupLGT t33}
02-14 17:05:47.325  1057  1074 I ActivityManager: Start proc com.google.android.onetimeinitializer for broadcast com.google.android.onetimeinitializer/.OneTimeInitializerReceiver: pid=4520 uid=10007 gids={50007, 9997} abi=armeabi-v7a
02-14 17:05:47.487  1057  1840 I ActivityManager: Start proc com.google.android.partnersetup for broadcast com.google.android.partnersetup/.GooglePartnerSetup: pid=4543 uid=10008 gids={50008, 9997, 3003} abi=armeabi-v7a
02-14 17:05:47.494  1057  2110 I ActivityManager: Killing 3924:com.lguplus.usimsvcm/u0a116 (adj 15): empty #17
02-14 17:05:47.530  1057  1149 W libprocessgroup: failed to open /acct/uid_10116/pid_3924/cgroup.procs: No such file or directory
02-14 17:05:47.531  1057  1149 D ActivityManager: resumeTopActivityLocked: Top activity resumed ActivityRecord{9aaa8f0 u0 com.android.settings/.lgesetting.wireless.DataNetworkModePayPopupLGT t33}
02-14 17:05:47.651  1057  1073 I ActivityManager: Start proc com.lge.clock for broadcast com.lge.clock/.alarmclock.ALBootInit: pid=4566 uid=10010 gids={50010, 9997, 3003, 1028, 4002} abi=armeabi-v7a
02-14 17:05:47.715  1057  1842 D WifiService: acquireWifiLockLocked: WifiLock{NlpWifiLock type=2 binder=android.os.BinderProxy@92861ae}
02-14 17:05:47.719  1057  1149 D WifiService: startScan pid=3025, uid=10005, packageName=com.google.uid.shared:10005
02-14 17:05:47.788  1057  2072 D WifiService: startScan pid=3025, uid=10005, packageName=com.google.uid.shared:10005
02-14 17:05:47.831  1057  1073 I ActivityManager: Killing 4167:com.qualcomm.timeservice/1000 (adj 15): empty #17
02-14 17:05:47.841  1057  1441 D WifiService: startScan pid=3025, uid=10005, packageName=com.google.uid.shared:10005
02-14 17:05:47.880  1057  1842 W libprocessgroup: failed to open /acct/uid_1000/pid_4167/cgroup.procs: No such file or directory
02-14 17:05:47.882  1057  1842 D ActivityManager: resumeTopActivityLocked: Top activity resumed ActivityRecord{9aaa8f0 u0 com.android.settings/.lgesetting.wireless.DataNetworkModePayPopupLGT t33}
02-14 17:05:47.932  1057  2034 D WifiService: startScan pid=3025, uid=10005, packageName=com.google.uid.shared:10005
02-14 17:05:47.984  1057  1435 D WifiService: startScan pid=3025, uid=10005, packageName=com.google.uid.shared:10005
02-14 17:05:48.063  1057  2071 I ActivityManager: Start proc com.lge.appbox.client:SingleBinaryService for broadcast com.lge.appbox.client/com.lge.appbox.singlebinary.SimChangeReceiver: pid=4594 uid=10011 gids={50011, 9997, 3003, 1028, 1015, 2001} abi=armeabi-v7a
02-14 17:05:48.066  1057  2071 I ActivityManager: Killing 4136:lg.uplusbox/u0a119 (adj 15): empty #17
02-14 17:05:48.130  1057  2072 W libprocessgroup: failed to open /acct/uid_10119/pid_4136/cgroup.procs: No such file or directory
02-14 17:05:48.137  1057  2072 D ActivityManager: resumeTopActivityLocked: Top activity resumed ActivityRecord{9aaa8f0 u0 com.android.settings/.lgesetting.wireless.DataNetworkModePayPopupLGT t33}
02-14 17:05:48.305  1057  1840 D WifiService: startScan pid=3025, uid=10005, packageName=com.google.uid.shared:10005
02-14 17:05:48.366  1057  1435 D WifiService: startScan pid=3025, uid=10005, packageName=com.google.uid.shared:10005
02-14 17:05:48.448  1057  1441 I ActivityManager: Start proc com.lge.appbox.client for content provider com.lge.appbox.client/com.lge.appbox.databases.AppBoxContentProvider: pid=4620 uid=10011 gids={50011, 9997, 3003, 1028, 1015, 2001} abi=armeabi-v7a
02-14 17:05:48.594  1057  2110 I ActivityManager: Killing 4186:com.lge.drmservice/u0a70 (adj 15): empty #17
02-14 17:05:48.648  1057  1074 W libprocessgroup: failed to open /acct/uid_10070/pid_4186/cgroup.procs: No such file or directory
02-14 17:05:48.651  1057  1074 D ActivityManager: resumeTopActivityLocked: Top activity resumed ActivityRecord{9aaa8f0 u0 com.android.settings/.lgesetting.wireless.DataNetworkModePayPopupLGT t33}
02-14 17:05:48.759  1057  1073 I ActivityManager: Start proc com.lge.bnr for broadcast com.lge.bnr/.service.BNRViaWifiReceiver: pid=4648 uid=1000 gids={41000, 9997, 1028, 1015, 3003, 3002, 3001, 4002, 1007, 1023, 1021, 3004, 3005, 1000, 3009, 1010, 1004, 2002, 3008, 1026, 1009, 1027, 1003, 1014, 2001, 1002} abi=armeabi-v7a
02-14 17:05:48.761  1057  1073 I ActivityManager: Killing 3624:com.lge.lgdmsclient/1000 (adj 15): empty #17
02-14 17:05:48.842  1057  2034 W libprocessgroup: failed to open /acct/uid_1000/pid_3624/cgroup.procs: No such file or directory
02-14 17:05:48.842  1057  2034 D ActivityManager: resumeTopActivityLocked: Top activity resumed ActivityRecord{9aaa8f0 u0 com.android.settings/.lgesetting.wireless.DataNetworkModePayPopupLGT t33}
02-14 17:05:49.099  1057  1441 I ActivityManager: Start proc com.android.browser for broadcast com.android.browser/com.lge.browser.settings.BrowserBootCompleteReceiver: pid=4678 uid=10012 gids={50012, 9997, 3003, 1028, 1015, 1023} abi=armeabi-v7a
02-14 17:05:49.105  1057  1441 I ActivityManager: Killing 3832:com.lge.sizechangable.weather/u0a99 (adj 15): empty #17
02-14 17:05:49.175  1057  2071 W libprocessgroup: failed to open /acct/uid_10099/pid_3832/cgroup.procs: No such file or directory
02-14 17:05:49.177  1057  2071 D ActivityManager: resumeTopActivityLocked: Top activity resumed ActivityRecord{9aaa8f0 u0 com.android.settings/.lgesetting.wireless.DataNetworkModePayPopupLGT t33}
02-14 17:05:49.206  4678  4678 W ResourcesManager: Asset path '/system/framework/com.lge.zdi.splitwindow.jar' does not exist or contains no resources.
02-14 17:05:49.248   287   368 E VoldCmdListener: [LGE][VOLD][CommandListener.cpp][VolumeCmd::runCommand()] argv[0]:volume, argv[1]:mkdirs, argc:3
02-14 17:05:49.248   287   368 E Vold    : Failed to find mounted volume for /storage/external_SD/Android/data/com.android.browser/files/
02-14 17:05:49.249   287   368 W Vold    : Returning OperationFailed - no handler for errno 0
02-14 17:05:49.350  1057  2111 I ActivityManager: Start proc com.android.calendar for broadcast com.android.calendar/.alerts.AlertReceiver: pid=4702 uid=10013 gids={50013, 9997, 3003, 1028, 1015} abi=armeabi-v7a
02-14 17:05:49.351  1057  2111 I ActivityManager: Killing 4233:com.lge.lgaccount/u0a84 (adj 15): empty #17
02-14 17:05:49.451  1057  1842 W libprocessgroup: failed to open /acct/uid_10084/pid_4233/cgroup.procs: No such file or directory
02-14 17:05:49.453  1057  1842 D ActivityManager: resumeTopActivityLocked: Top activity resumed ActivityRecord{9aaa8f0 u0 com.android.settings/.lgesetting.wireless.DataNetworkModePayPopupLGT t33}
02-14 17:05:49.481  4702  4702 W ResourcesManager: Asset path '/system/framework/com.google.android.maps.jar' does not exist or contains no resources.
02-14 17:05:49.846  1057  2071 I ActivityManager: Start proc com.android.providers.calendar for broadcast com.android.providers.calendar/.CalendarReceiver: pid=4740 uid=10014 gids={50014, 9997, 3003, 1028, 1015} abi=armeabi-v7a
02-14 17:05:49.927  4740  4740 W ResourcesManager: Asset path '/system/framework/android.test.runner.jar' does not exist or contains no resources.
02-14 17:05:50.071  1057  1843 I ActivityManager: Start proc com.lge.lgdmsclient for broadcast com.lge.lgdmsclient/.receiver.DmReceiver: pid=4770 uid=1000 gids={41000, 9997, 1028, 1015, 3003, 3002, 3001, 4002, 1007, 1023, 1021, 3004, 3005, 1000, 3009, 1010, 1004, 2002, 3008, 1026, 1009, 1027, 1003, 1014, 2001, 1002} abi=armeabi-v7a
02-14 17:05:50.158  4770  4770 W ContextImpl: Calling a method in the system process without a qualified user: android.app.ContextImpl.startService:1757 android.content.ContextWrapper.startService:515 android.content.ContextWrapper.startService:515 com.lge.lgdmsclient.service.DmNotiService.bootCompleted:529 com.lge.lgdmsclient.receiver.DmReceiver.onReceive:92 
02-14 17:05:50.209  4770  4770 W ContextImpl: Calling a method in the system process without a qualified user: android.app.ContextImpl.startService:1757 android.content.ContextWrapper.startService:515 com.lge.lgdmsclient.dmclient.controller.DmClientController.startService:403 com.lge.lgdmsclient.dmclient.controller.DmClientController.getInstance:344 com.lge.lgdmsclient.service.DmNotiService.actionSystemBootComplete:442 
02-14 17:05:50.226  1057  2111 I ActivityManager: Start proc com.lge.email for broadcast com.lge.email/.receiver.EmailBootReceiver: pid=4796 uid=10022 gids={50022, 9997, 3003, 4002, 1023, 1028, 1015, 3001, 3002} abi=armeabi-v7a
02-14 17:05:50.298  4796  4796 W ResourcesManager: Asset path '/system/framework/com.google.android.maps.jar' does not exist or contains no resources.
02-14 17:05:50.298  4796  4796 W ResourcesManager: Asset path '/system/framework/com.lge.mdm.jar' does not exist or contains no resources.
02-14 17:05:50.300  4796  4796 W ResourcesManager: Asset path '/system/framework/qcrilhook.jar' does not exist or contains no resources.
02-14 17:05:50.300  4796  4796 W ResourcesManager: Asset path '/system/framework/com.lge.zdi.splitwindow.jar' does not exist or contains no resources.
02-14 17:05:50.698  1057  2110 W BroadcastQueue: Permission Denial: receiving Intent { act=android.intent.action.BOOT_COMPLETED flg=0x8000010 (has extras) } to com.lge.launcher2/.LGMenuReceiver requires android.permission.RECEIVE_BOOT_COMPLETED due to sender null (uid 1000)
02-14 17:05:50.751  1057  1135 I ActivityManager: Start proc com.lge.killswitchagent for broadcast com.lge.killswitchagent/.BootUpReceiver: pid=4825 uid=10029 gids={50029, 9997, 3003, 1028} abi=armeabi-v7a
02-14 17:05:50.791  1057  1149 I ActivityManager: Killing 4210:com.lge.lifetracker/u0a37 (adj 15): empty #17
02-14 17:05:50.852  1057  1416 W libprocessgroup: failed to open /acct/uid_10037/pid_4210/cgroup.procs: No such file or directory
02-14 17:05:50.853  1057  1416 D ActivityManager: resumeTopActivityLocked: Top activity resumed ActivityRecord{9aaa8f0 u0 com.android.settings/.lgesetting.wireless.DataNetworkModePayPopupLGT t33}
02-14 17:05:50.939  1057  2110 I ActivityManager: Killing 4303:com.google.android.talk/u0a82 (adj 15): empty #17
02-14 17:05:50.973  1057  1840 W libprocessgroup: failed to open /acct/uid_10082/pid_4303/cgroup.procs: No such file or directory
02-14 17:05:50.974  1057  1840 D ActivityManager: resumeTopActivityLocked: Top activity resumed ActivityRecord{9aaa8f0 u0 com.android.settings/.lgesetting.wireless.DataNetworkModePayPopupLGT t33}
02-14 17:05:50.993  1057  1135 I ActivityManager: Waited long enough for: ServiceRecord{27ec12ed u0 com.android.mms/.service.SwitchedService}
02-14 17:05:51.036  1057  1842 D WifiService: releaseWifiLockLocked: WifiLock{NlpWifiLock type=2 binder=android.os.BinderProxy@92861ae}
02-14 17:05:51.042  1057  2071 I ActivityManager: Killing 3975:com.mnsoft.lgunavi/u0a147 (adj 15): empty #17
02-14 17:05:51.114  1057  2110 W libprocessgroup: failed to open /acct/uid_10147/pid_3975/cgroup.procs: No such file or directory
02-14 17:05:51.114  1057  2110 W ActivityManager: Scheduling restart of crashed service com.mnsoft.lgunavi/com.mnsoft.offboardnavi.OBNRemoteService in 1000ms
02-14 17:05:51.121  1057  2110 D ActivityManager: resumeTopActivityLocked: Top activity resumed ActivityRecord{9aaa8f0 u0 com.android.settings/.lgesetting.wireless.DataNetworkModePayPopupLGT t33}
02-14 17:05:51.172  3668  3668 W ResourcesManager: Asset path '/system/framework/com.google.android.media.effects.jar' does not exist or contains no resources.
02-14 17:05:51.281  1057  1842 I ActivityManager: Start proc com.lge.lifetracker for broadcast com.lge.lifetracker/.receiver.BootReceiver: pid=4859 uid=10037 gids={50037, 9997, 3003, 3002, 3001, 1028, 1015} abi=armeabi-v7a
02-14 17:05:51.371  1057  1435 I ActivityManager: Start proc com.lge.ia.task.textlink for service com.lge.ia.task.textlink/.TextLinkService: pid=4880 uid=10144 gids={50144, 9997} abi=armeabi
02-14 17:05:51.479  1997  2013 V LEDService: stopInternal(), pkg=com.android.mms, id=947
02-14 17:05:51.528  1057  1073 I ActivityManager: Start proc com.lge.lgaccount for content provider com.lge.lgaccount/.provider.LGAccountProvider: pid=4900 uid=10084 gids={50084, 9997, 3003} abi=armeabi-v7a
02-14 17:05:51.599  1057  1843 D PowerManagerServiceEx: acquireWakeLockInternal: lock=1039973276, flags=0x3000001a, tag="MMS Noti", ws=null, historyTag=null, uid=10033, pid=3668
02-14 17:05:51.600  1057  2287 D PowerManagerServiceEx: releaseWakeLockInternal: lock=1039973276 [MMS Noti], flags=0x0
02-14 17:05:51.602  1057  2287 D PowerManagerServiceEx: updateUserActivitySummaryLocked: mWakefulness=Awake, mUserActivitySummary=0x8, nextTimeout=175032 (in 120000 ms)
02-14 17:05:51.609  1997  2014 V LEDService: startInternal : pkg=com.android.mms, recordId=123 : LGLedRecord{1697a65c flags=0 patternId=7 color=0 priority=0 recordId=0 pkg=null mExceptional=false mNativeNotification=false whichLedPlay=1 patternFilePath=null}
02-14 17:05:51.609  1997  2014 D LEDService: mLedList.add : pkgName=com.android.mms
02-14 17:05:51.609  1997  2014 I LEDService: getCurrentHighestLGLedRecord : size = 2
02-14 17:05:51.610  1997  2014 V LEDService: 1 : LGLedRecord{1697a65c flags=0 patternId=7 color=0 priority=0 recordId=123 pkg=com.android.mms mExceptional=false mNativeNotification=false whichLedPlay=1 patternFilePath=null}
02-14 17:05:51.610  1997  2014 V LEDService: 0 : LGLedRecord{b902858 flags=0 patternId=3 color=0 priority=-1 recordId=0 pkg=batteryinfo mExceptional=false mNativeNotification=false whichLedPlay=1 patternFilePath=null}
02-14 17:05:51.610  1997  2014 D LEDService: getHighestPriorityRecordLocked()
02-14 17:05:51.610  1997  2014 D LEDService: findPriorityLevelLocked priority : -2
02-14 17:05:51.610  1997  2014 D LEDService: getHighestPriorityRecordLocked() : index=1 pkg=com.android.mms, flag=0, priority=0, isValid=false
02-14 17:05:51.610  1997  2014 D LEDService: getHighestPriorityRecordLocked() : index=0 pkg=batteryinfo, flag=0, priority=-1, isValid=false
02-14 17:05:51.610  1997  2014 W LEDService: getHighestPriorityRecordLocked() : result is null
02-14 17:05:51.612  1997  2014 D LEDService: mInCall=false, mLedOnEvenWhenLcdOn=false, mChargingLedEnabled=true, mScreenOn=true, onlyLedOnLighting=false, isForceLighting=false
02-14 17:05:51.612  1997  2014 I LEDService: updateLightsLocked : turn off led
02-14 17:05:51.613  1997  2014 V LEDService: mLedList.size()=2
02-14 17:05:51.624  1057  1441 V NotificationService: enqueueNotificationInternal: pkg=com.android.mms id=123 notification=Notification(pri=0 contentView=null vibrate=null sound=null defaults=0x0 flags=0x200 color=0x00000000 groupKey=group_key_msg_wear vis=PRIVATE)
02-14 17:05:51.625  1057  1057 V NotificationService: pkg=com.android.mms canInterrupt=true intercept=false
02-14 17:05:51.626  1057  1057 V NotificationService: Interrupting!
02-14 17:05:51.626  1057  1057 I NotificationServiceEx: LED remove() : mLights=0|com.android.mms|123|null|10033
02-14 17:05:51.626  1057  1057 D NotificationServiceEx: updateLightListLocked :r=0|com.android.mms|123|null|10033, action=2
02-14 17:05:51.626  1057  1057 D NotificationServiceEx: notification=Notification(pri=0 contentView=null vibrate=null sound=null defaults=0x0 flags=0x200 color=0x00000000 groupKey=group_key_msg_wear vis=PRIVATE)
02-14 17:05:51.730  1057  1441 I ActivityManager: Killing 3947:com.uplus.ipagent/u0a130 (adj 15): empty #17
02-14 17:05:51.782  1057  2034 W libprocessgroup: failed to open /acct/uid_10130/pid_3947/cgroup.procs: No such file or directory
02-14 17:05:51.783  1057  2034 D ActivityManager: resumeTopActivityLocked: Top activity resumed ActivityRecord{9aaa8f0 u0 com.android.settings/.lgesetting.wireless.DataNetworkModePayPopupLGT t33}
02-14 17:05:51.845  1057  1843 I ActivityManager: Killing 4354:com.android.keychain/1000 (adj 15): empty #17
02-14 17:05:51.873  1814  1814 W ResourcesManager: Asset path '/system/framework/com.lge.emoji.jar' does not exist or contains no resources.
02-14 17:05:51.874  1814  1814 W ResourcesManager: Asset path '/system/framework/dpmapi.jar' does not exist or contains no resources.
02-14 17:05:51.874  1814  1814 W ResourcesManager: Asset path '/system/framework/cneapiclient.jar' does not exist or contains no resources.
02-14 17:05:51.874  1814  1814 W ResourcesManager: Asset path '/system/framework/com.lge.mdm.jar' does not exist or contains no resources.
02-14 17:05:51.924  1057  2071 W libprocessgroup: failed to open /acct/uid_1000/pid_4354/cgroup.procs: No such file or directory
02-14 17:05:51.925  1057  2071 D ActivityManager: resumeTopActivityLocked: Top activity resumed ActivityRecord{9aaa8f0 u0 com.android.settings/.lgesetting.wireless.DataNetworkModePayPopupLGT t33}
02-14 17:05:51.935  1057  1441 W ActivityManager: getRecentTasks: caller 10003 is using old GET_TASKS but privileged; allowing
02-14 17:05:51.963  1057  2033 V NotificationService: enqueueNotificationInternal: pkg=com.android.mms id=1 notification=Notification(pri=0 contentView=null vibrate=[0,0] sound=null defaults=0x0 flags=0x0 color=0x00000000 groupKey=group_key_msg_wear sortKey=9223370612958335807 vis=PRIVATE)
02-14 17:05:51.969  1057  1057 V NotificationService: pkg=com.android.mms canInterrupt=true intercept=false
02-14 17:05:51.969  1057  1057 V NotificationService: Interrupting!
02-14 17:05:51.975  1057  1057 I NotificationServiceEx: LED remove() : mLights=0|com.android.mms|1|null|10033
02-14 17:05:51.975  1057  1057 D NotificationServiceEx: updateLightListLocked :r=0|com.android.mms|1|null|10033, action=2
02-14 17:05:51.975  1057  1057 D NotificationServiceEx: notification=Notification(pri=0 contentView=null vibrate=[0,0] sound=null defaults=0x0 flags=0x0 color=0x00000000 groupKey=group_key_msg_wear sortKey=9223370612958335807 vis=PRIVATE)
02-14 17:05:51.986  1057  2072 W ActivityManager: getRecentTasks: caller 10003 is using old GET_TASKS but privileged; allowing
02-14 17:05:51.999  1057  2033 W BroadcastQueue: Permission Denial: receiving Intent { act=android.intent.action.BOOT_COMPLETED flg=0x8000010 (has extras) } to com.lge.privacylock/com.lge.cic.maf.core.setting.AuthSettingServiceBRrcv requires android.permission.RECEIVE_BOOT_COMPLETED due to sender null (uid 1000)
02-14 17:05:52.133  1057  1416 I ActivityManager: Killing 4383:com.android.contacts/u0a18 (adj 15): empty #17
02-14 17:05:52.217  1057  1416 I ActivityManager: Start proc com.lguplus.downloader for broadcast com.lguplus.downloader/.receiver.IncompleteDownloadReceiver: pid=4950 uid=10040 gids={50040, 9997, 3003, 6001, 1028, 1015, 1023, 2001} abi=armeabi-v7a
02-14 17:05:52.221  1057  2033 W libprocessgroup: failed to open /acct/uid_10018/pid_4383/cgroup.procs: No such file or directory
02-14 17:05:52.222  1057  2033 D ActivityManager: resumeTopActivityLocked: Top activity resumed ActivityRecord{9aaa8f0 u0 com.android.settings/.lgesetting.wireless.DataNetworkModePayPopupLGT t33}
02-14 17:05:52.245  1057  2033 V NotificationService: enqueueNotificationInternal: pkg=com.android.mms id=2 notification=Notification(pri=0 contentView=null vibrate=[0,0] sound=null defaults=0x0 flags=0x0 color=0x00000000 groupKey=group_key_msg_wear sortKey=9223370613064683807 vis=PRIVATE)
02-14 17:05:52.246  1057  1057 V NotificationService: pkg=com.android.mms canInterrupt=true intercept=false
02-14 17:05:52.246  1057  1057 V NotificationService: Interrupting!
02-14 17:05:52.247  1057  1057 I NotificationServiceEx: LED remove() : mLights=0|com.android.mms|2|null|10033
02-14 17:05:52.247  1057  1057 D NotificationServiceEx: updateLightListLocked :r=0|com.android.mms|2|null|10033, action=2
02-14 17:05:52.248  1057  1057 D NotificationServiceEx: notification=Notification(pri=0 contentView=null vibrate=[0,0] sound=null defaults=0x0 flags=0x0 color=0x00000000 groupKey=group_key_msg_wear sortKey=9223370613064683807 vis=PRIVATE)
02-14 17:05:52.354  1057  1435 V NotificationService: enqueueNotificationInternal: pkg=com.android.mms id=3 notification=Notification(pri=0 contentView=null vibrate=[0,0] sound=null defaults=0x0 flags=0x0 color=0x00000000 groupKey=group_key_msg_wear sortKey=9223370613223535807 vis=PRIVATE)
02-14 17:05:52.358  1057  1057 V NotificationService: pkg=com.android.mms canInterrupt=true intercept=false
02-14 17:05:52.358  1057  1057 V NotificationService: Interrupting!
02-14 17:05:52.361  1057  1057 I NotificationServiceEx: LED remove() : mLights=0|com.android.mms|3|null|10033
02-14 17:05:52.361  1057  1057 D NotificationServiceEx: updateLightListLocked :r=0|com.android.mms|3|null|10033, action=2
02-14 17:05:52.361  1057  1057 D NotificationServiceEx: notification=Notification(pri=0 contentView=null vibrate=[0,0] sound=null defaults=0x0 flags=0x0 color=0x00000000 groupKey=group_key_msg_wear sortKey=9223370613223535807 vis=PRIVATE)
02-14 17:05:52.475  1057  1843 I ActivityManager: Start proc com.lge.voicerecorder for broadcast com.lge.voicerecorder/.bookmarkdb.BootCompletedReceiver: pid=4979 uid=10046 gids={50046, 9997, 1028, 1015, 1023, 3002, 3001} abi=armeabi-v7a
02-14 17:05:52.476  1057  1843 I ActivityManager: Killing 4479:com.lge.hiddenmenu/1000 (adj 15): empty #17
02-14 17:05:52.571  1057  1441 W libprocessgroup: failed to open /acct/uid_1000/pid_4479/cgroup.procs: No such file or directory
02-14 17:05:52.572  1057  1441 D ActivityManager: resumeTopActivityLocked: Top activity resumed ActivityRecord{9aaa8f0 u0 com.android.settings/.lgesetting.wireless.DataNetworkModePayPopupLGT t33}
02-14 17:05:52.605  1057  1140 D DSQN    : DNSproblemNotiEnabled is disabled ignore DNS fail CB
02-14 17:05:52.742  1057  1840 I ActivityManager: Start proc com.lge.mlt for broadcast com.lge.mlt/.MptOnBootReceiver: pid=5002 uid=1000 gids={41000, 9997, 1028, 1015, 3003, 3002, 3001, 4002, 1007, 1023, 1021, 3004, 3005, 1000, 3009, 1010, 1004, 2002, 3008, 1026, 1009, 1027, 1003, 1014, 2001, 1002} abi=armeabi-v7a
02-14 17:05:52.743  1057  1840 I ActivityManager: Killing 4520:com.google.android.onetimeinitializer/u0a7 (adj 15): empty #17
02-14 17:05:52.780  1057  2287 W libprocessgroup: failed to open /acct/uid_10007/pid_4520/cgroup.procs: No such file or directory
02-14 17:05:52.781  1057  2287 D ActivityManager: resumeTopActivityLocked: Top activity resumed ActivityRecord{9aaa8f0 u0 com.android.settings/.lgesetting.wireless.DataNetworkModePayPopupLGT t33}
02-14 17:05:52.842  1057  2072 I ActivityManager: Start proc com.lge.lockscreensettings for content provider com.lge.lockscreensettings/.LockSettingsProvider: pid=5020 uid=10092 gids={50092, 9997, 1028, 1015} abi=armeabi-v7a
02-14 17:05:53.036  1057  1435 I ActivityManager: Start proc com.lge.sizechangable.weather.platform for content provider com.lge.sizechangable.weather.platform/com.lge.sizechangable.weather.provider.CLWeatherProvider: pid=5047 uid=10100 gids={50100, 9997, 3003} abi=armeabi-v7a
02-14 17:05:53.058  5002  5002 W ContextImpl: Calling a method in the system process without a qualified user: android.app.ContextImpl.startService:1757 android.content.ContextWrapper.startService:515 android.content.ContextWrapper.startService:515 com.lge.mlt.MptOnBootReceiver.onReceive:107 android.app.ActivityThread.handleReceiver:2586 
02-14 17:05:53.101  1997  2014 V LEDService: stopInternal(), pkg=com.android.mms, id=234
02-14 17:05:53.117  1057  2034 I ActivityManager: Start proc com.android.managedprovisioning for broadcast com.android.managedprovisioning/.BootReminder: pid=5065 uid=10047 gids={50047, 9997, 1028, 3003} abi=armeabi-v7a
02-14 17:05:53.195  1997  4467 V LEDService: stopInternal(), pkg=com.android.mms, id=947
02-14 17:05:53.232  1057  2071 D PowerManagerServiceEx: acquireWakeLockInternal: lock=933248842, flags=0x3000001a, tag="MMS Noti", ws=null, historyTag=null, uid=10033, pid=3668
02-14 17:05:53.233  1057  1441 D PowerManagerServiceEx: releaseWakeLockInternal: lock=933248842 [MMS Noti], flags=0x0
02-14 17:05:53.234  1057  1441 D PowerManagerServiceEx: updateUserActivitySummaryLocked: mWakefulness=Awake, mUserActivitySummary=0x8, nextTimeout=176664 (in 120000 ms)
02-14 17:05:53.239  1997  2013 V LEDService: startInternal : pkg=com.android.mms, recordId=123 : LGLedRecord{1a6a0d65 flags=0 patternId=7 color=0 priority=0 recordId=0 pkg=null mExceptional=false mNativeNotification=false whichLedPlay=1 patternFilePath=null}
02-14 17:05:53.239  1997  2013 D LEDService: mLedList.add : pkgName=com.android.mms
02-14 17:05:53.239  1997  2013 I LEDService: getCurrentHighestLGLedRecord : size = 2
02-14 17:05:53.239  1997  2013 V LEDService: 1 : LGLedRecord{1a6a0d65 flags=0 patternId=7 color=0 priority=0 recordId=123 pkg=com.android.mms mExceptional=false mNativeNotification=false whichLedPlay=1 patternFilePath=null}
02-14 17:05:53.239  1997  2013 V LEDService: 0 : LGLedRecord{b902858 flags=0 patternId=3 color=0 priority=-1 recordId=0 pkg=batteryinfo mExceptional=false mNativeNotification=false whichLedPlay=1 patternFilePath=null}
02-14 17:05:53.239  1997  2013 D LEDService: getHighestPriorityRecordLocked()
02-14 17:05:53.239  1997  2013 D LEDService: findPriorityLevelLocked priority : -2
02-14 17:05:53.239  1997  2013 D LEDService: getHighestPriorityRecordLocked() : index=1 pkg=com.android.mms, flag=0, priority=0, isValid=false
02-14 17:05:53.239  1997  2013 D LEDService: getHighestPriorityRecordLocked() : index=0 pkg=batteryinfo, flag=0, priority=-1, isValid=false
02-14 17:05:53.239  1997  2013 W LEDService: getHighestPriorityRecordLocked() : result is null
02-14 17:05:53.241  1997  2013 D LEDService: mInCall=false, mLedOnEvenWhenLcdOn=false, mChargingLedEnabled=true, mScreenOn=true, onlyLedOnLighting=false, isForceLighting=false
02-14 17:05:53.241  1997  2013 I LEDService: updateLightsLocked : turn off led
02-14 17:05:53.245  1997  2013 V LEDService: mLedList.size()=2
02-14 17:05:53.250  1057  2287 V NotificationService: enqueueNotificationInternal: pkg=com.android.mms id=123 notification=Notification(pri=0 contentView=null vibrate=null sound=null defaults=0x0 flags=0x200 color=0x00000000 groupKey=group_key_msg_wear vis=PRIVATE)
02-14 17:05:53.252  1057  1057 V NotificationService: pkg=com.android.mms canInterrupt=true intercept=false
02-14 17:05:53.282  1057  1149 I ActivityManager: Start proc com.android.vending for broadcast com.android.vending/com.google.android.finsky.receivers.BootCompletedReceiver: pid=5089 uid=10048 gids={50048, 9997, 3003, 1028, 1015} abi=armeabi-v7a
02-14 17:05:53.283  1057  1149 I ActivityManager: Killing 4543:com.google.android.partnersetup/u0a8 (adj 15): empty #17
02-14 17:05:53.360  1057  1057 V NotificationService: Interrupting!
02-14 17:05:53.360  1057  1057 I NotificationServiceEx: LED remove() : mLights=0|com.android.mms|123|null|10033
02-14 17:05:53.360  1057  1057 D NotificationServiceEx: updateLightListLocked :r=0|com.android.mms|123|null|10033, action=2
02-14 17:05:53.360  1057  1057 D NotificationServiceEx: notification=Notification(pri=0 contentView=null vibrate=null sound=null defaults=0x0 flags=0x200 color=0x00000000 groupKey=group_key_msg_wear vis=PRIVATE)
02-14 17:05:53.361  1057  1843 W libprocessgroup: failed to open /acct/uid_10008/pid_4543/cgroup.procs: No such file or directory
02-14 17:05:53.364  1057  1843 D ActivityManager: resumeTopActivityLocked: Top activity resumed ActivityRecord{9aaa8f0 u0 com.android.settings/.lgesetting.wireless.DataNetworkModePayPopupLGT t33}
02-14 17:05:53.434  1057  1416 V NotificationService: enqueueNotificationInternal: pkg=com.android.mms id=1 notification=Notification(pri=0 contentView=null vibrate=[0,0] sound=null defaults=0x0 flags=0x0 color=0x00000000 groupKey=group_key_msg_wear sortKey=9223370612958335807 vis=PRIVATE)
02-14 17:05:53.436  1057  1057 V NotificationService: pkg=com.android.mms canInterrupt=true intercept=false
02-14 17:05:53.436  1057  1057 V NotificationService: Interrupting!
02-14 17:05:53.439  1057  1057 I NotificationServiceEx: LED remove() : mLights=0|com.android.mms|1|null|10033
02-14 17:05:53.439  1057  1057 D NotificationServiceEx: updateLightListLocked :r=0|com.android.mms|1|null|10033, action=2
02-14 17:05:53.439  1057  1057 D NotificationServiceEx: notification=Notification(pri=0 contentView=null vibrate=[0,0] sound=null defaults=0x0 flags=0x0 color=0x00000000 groupKey=group_key_msg_wear sortKey=9223370612958335807 vis=PRIVATE)
02-14 17:05:53.444  1057  1337 D WifiService: New client listening to asynchronous messages
02-14 17:05:53.476  1057  1073 V NotificationService: enqueueNotificationInternal: pkg=com.android.mms id=2 notification=Notification(pri=0 contentView=null vibrate=[0,0] sound=null defaults=0x0 flags=0x0 color=0x00000000 groupKey=group_key_msg_wear sortKey=9223370613064683807 vis=PRIVATE)
02-14 17:05:53.479  1057  1057 V NotificationService: pkg=com.android.mms canInterrupt=true intercept=false
02-14 17:05:53.479  1057  1057 V NotificationService: Interrupting!
02-14 17:05:53.481  1057  1057 I NotificationServiceEx: LED remove() : mLights=0|com.android.mms|2|null|10033
02-14 17:05:53.481  1057  1057 D NotificationServiceEx: updateLightListLocked :r=0|com.android.mms|2|null|10033, action=2
02-14 17:05:53.482  1057  1057 D NotificationServiceEx: notification=Notification(pri=0 contentView=null vibrate=[0,0] sound=null defaults=0x0 flags=0x0 color=0x00000000 groupKey=group_key_msg_wear sortKey=9223370613064683807 vis=PRIVATE)
02-14 17:05:53.516  1057  1843 V NotificationService: enqueueNotificationInternal: pkg=com.android.mms id=3 notification=Notification(pri=0 contentView=null vibrate=[0,0] sound=null defaults=0x0 flags=0x0 color=0x00000000 groupKey=group_key_msg_wear sortKey=9223370613223535807 vis=PRIVATE)
02-14 17:05:53.518  1057  1057 V NotificationService: pkg=com.android.mms canInterrupt=true intercept=false
02-14 17:05:53.518  1057  1057 V NotificationService: Interrupting!
02-14 17:05:53.523  1057  1057 I NotificationServiceEx: LED remove() : mLights=0|com.android.mms|3|null|10033
02-14 17:05:53.523  1057  1057 D NotificationServiceEx: updateLightListLocked :r=0|com.android.mms|3|null|10033, action=2
02-14 17:05:53.523  1057  1057 D NotificationServiceEx: notification=Notification(pri=0 contentView=null vibrate=[0,0] sound=null defaults=0x0 flags=0x0 color=0x00000000 groupKey=group_key_msg_wear sortKey=9223370613223535807 vis=PRIVATE)
02-14 17:05:53.773  3025  3111 W ActivityThread: ClassLoader.loadClass: The class loader returned by Thread.getContextClassLoader() may fail for processes that host multiple applications. You should explicitly specify a context class loader. For example: Thread.setContextClassLoader(getClass().getClassLoader());
02-14 17:05:53.779  1057  1140 D DSQN    : DNSproblemNotiEnabled is disabled ignore DNS fail CB
02-14 17:05:53.908  1057  2287 I ActivityManager: Start proc com.google.android.googlequicksearchbox:search for broadcast com.google.android.googlequicksearchbox/com.google.android.search.core.StartUpReceiver: pid=5137 uid=10054 gids={50054, 9997, 3003, 3001, 1028, 3002, 1015, 1005} abi=armeabi-v7a
02-14 17:05:53.909  1057  2287 I ActivityManager: Killing 4566:com.lge.clock/u0a10 (adj 15): empty #17
02-14 17:05:53.951  1057  2072 W libprocessgroup: failed to open /acct/uid_10010/pid_4566/cgroup.procs: No such file or directory
02-14 17:05:53.954  1057  2072 D ActivityManager: resumeTopActivityLocked: Top activity resumed ActivityRecord{9aaa8f0 u0 com.android.settings/.lgesetting.wireless.DataNetworkModePayPopupLGT t33}
02-14 17:05:53.961  1057  1840 W ActivityManager: getRecentTasks: caller 10003 is using old GET_TASKS but privileged; allowing
02-14 17:05:54.188  1057  1073 I ActivityManager: Start proc com.google.android.partnersetup for content provider com.google.android.partnersetup/.RlzAppProvider: pid=5166 uid=10008 gids={50008, 9997, 3003} abi=armeabi-v7a
02-14 17:05:54.374  1057  1337 D WifiService: New client listening to asynchronous messages
02-14 17:05:54.697  1057  1073 I ActivityManager: Killing 4594:com.lge.appbox.client:SingleBinaryService/u0a11 (adj 15): empty #17
02-14 17:05:54.794  1057  1441 W libprocessgroup: failed to open /acct/uid_10011/pid_4594/cgroup.procs: No such file or directory
02-14 17:05:54.800  1057  1441 D ActivityManager: resumeTopActivityLocked: Top activity resumed ActivityRecord{9aaa8f0 u0 com.android.settings/.lgesetting.wireless.DataNetworkModePayPopupLGT t33}
02-14 17:05:54.810  2035  2035 W ContextImpl: Calling a method in the system process without a qualified user: android.app.ContextImpl.stopService:1763 android.content.ContextWrapper.stopService:520 android.content.ContextWrapper.stopService:520 com.lge.keepscreenon.OnBootReceiver.onReceive:36 android.app.ActivityThread.handleReceiver:2586 
02-14 17:05:54.836  1057  1057 W ContextImpl: Calling a method in the system process without a qualified user: android.app.ContextImpl.startService:1757 android.content.ContextWrapper.startService:515 android.content.ContextWrapper.startService:515 com.dsi.ant.server.AntService.startService:129 com.dsi.ant.server.startup.BootCompletedReceiver.onReceive:41 
02-14 17:05:54.887  1057  1057 I ActivityManager: Start proc com.lge.cloudhub for broadcast com.lge.cloudhub/.service.CloudHubReceiver: pid=5201 uid=10063 gids={50063, 9997, 3003, 1028, 1015} abi=armeabi-v7a
02-14 17:05:55.013  1057  1312 V AlarmManager: ELAPSED_WAKEUP set : Alarm{6729eb0 type 2 when 58434 com.android.providers.calendar} when 58434
02-14 17:05:55.195  1057  1149 I ActivityManager: Start proc com.google.android.configupdater for broadcast com.google.android.configupdater/.CertPin.CertPinUpdateRequestReceiver: pid=5219 uid=10066 gids={50066, 9997, 3003} abi=armeabi-v7a
02-14 17:05:55.196  1057  1149 I ActivityManager: Killing 4620:com.lge.appbox.client/u0a11 (adj 15): empty #17
02-14 17:05:55.255  1057  1842 W libprocessgroup: failed to open /acct/uid_10011/pid_4620/cgroup.procs: No such file or directory
02-14 17:05:55.257  1057  1842 D ActivityManager: resumeTopActivityLocked: Top activity resumed ActivityRecord{9aaa8f0 u0 com.android.settings/.lgesetting.wireless.DataNetworkModePayPopupLGT t33}
02-14 17:05:55.526  1057  2110 I ActivityManager: Start proc com.lge.drmservice for broadcast com.lge.drmservice/.DrmBroadcastReceiver: pid=5249 uid=10070 gids={50070, 9997, 4002, 3003, 1028} abi=armeabi-v7a
02-14 17:05:55.530  1057  2110 I ActivityManager: Killing 4648:com.lge.bnr/1000 (adj 15): empty #17
02-14 17:05:55.585  1057  1416 W libprocessgroup: failed to open /acct/uid_1000/pid_4648/cgroup.procs: No such file or directory
02-14 17:05:55.586  1057  1416 D ActivityManager: resumeTopActivityLocked: Top activity resumed ActivityRecord{9aaa8f0 u0 com.android.settings/.lgesetting.wireless.DataNetworkModePayPopupLGT t33}
02-14 17:05:55.685  1057  2110 I ActivityManager: Start proc com.lguplus.easyRoamingServiceClosed for broadcast com.lguplus.easyRoamingServiceClosed/com.pineone.easyRoamingService.OnBootReceiver: pid=5267 uid=10071 gids={50071, 9997, 3003, 1028, 1015} abi=armeabi-v7a
02-14 17:05:55.692  1057  2287 I ActivityManager: Killing 4678:com.android.browser/u0a12 (adj 15): empty #17
02-14 17:05:55.774  1057  1074 W libprocessgroup: failed to open /acct/uid_10012/pid_4678/cgroup.procs: No such file or directory
02-14 17:05:55.776  1057  1074 D ActivityManager: resumeTopActivityLocked: Top activity resumed ActivityRecord{9aaa8f0 u0 com.android.settings/.lgesetting.wireless.DataNetworkModePayPopupLGT t33}
02-14 17:05:55.803  1057  1140 D DSQN    : DNSproblemNotiEnabled is disabled ignore DNS fail CB
02-14 17:05:55.930  1057  1149 W ActivityManager: getRecentTasks: caller 10003 is using old GET_TASKS but privileged; allowing
02-14 17:05:56.011  1057  1842 I ActivityManager: Start proc com.lguplus.easyRoamingServiceClosed:remote for service com.lguplus.easyRoamingServiceClosed/com.pineone.easyRoamingService.CheckRoamingService: pid=5286 uid=10071 gids={50071, 9997, 3003, 1028, 1015} abi=armeabi-v7a
02-14 17:05:56.070  1057  2111 I ActivityManager: Start proc com.google.android.gm for broadcast com.google.android.gm/.GoogleMailDeviceStartupReceiver: pid=5304 uid=10074 gids={50074, 9997, 3003, 1028, 1015} abi=armeabi-v7a
02-14 17:05:56.075  1057  2111 I ActivityManager: Killing 4740:com.android.providers.calendar/u0a14 (adj 15): empty #17
02-14 17:05:56.180  1057  1074 W libprocessgroup: failed to open /acct/uid_10014/pid_4740/cgroup.procs: No such file or directory
02-14 17:05:56.191  1057  1074 D ActivityManager: resumeTopActivityLocked: Top activity resumed ActivityRecord{9aaa8f0 u0 com.android.settings/.lgesetting.wireless.DataNetworkModePayPopupLGT t33}
02-14 17:05:56.285  1057  2071 I ActivityManager: Start proc com.lge.clock for content provider com.lge.clock/.alarmclock.ALProvider: pid=5324 uid=10010 gids={50010, 9997, 3003, 1028, 4002} abi=armeabi-v7a
02-14 17:05:56.416  1057  2072 I ActivityManager: Killing 4796:com.lge.email/u0a22 (adj 15): empty #17
02-14 17:05:56.522  1057  1073 W libprocessgroup: failed to open /acct/uid_10022/pid_4796/cgroup.procs: No such file or directory
02-14 17:05:56.524  1057  1073 D ActivityManager: resumeTopActivityLocked: Top activity resumed ActivityRecord{9aaa8f0 u0 com.android.settings/.lgesetting.wireless.DataNetworkModePayPopupLGT t33}
02-14 17:05:56.531  1057  2033 W ActivityManager: Unable to start service Intent { act=com.google.android.gm.email.EXCHANGE_INTENT pkg=com.google.android.gm.exchange } U=0: not found
02-14 17:05:56.534  1057  2287 I ActivityManager: Killing 4825:com.lge.killswitchagent/u0a29 (adj 15): empty #17
02-14 17:05:56.613  5304  5352 D ActivityThread: Loading provider com.google.android.gmail.provider;com.android.mail.notifier;com.google.android.gm.email.provider;com.google.android.gm.email.notifier: com.android.email.provider.EmailProvider
02-14 17:05:56.614  1057  1842 W libprocessgroup: failed to open /acct/uid_10029/pid_4825/cgroup.procs: No such file or directory
02-14 17:05:56.614  5304  5354 D ActivityThread: Loading provider com.google.android.gmail.provider;com.android.mail.notifier;com.google.android.gm.email.provider;com.google.android.gm.email.notifier: com.android.email.provider.EmailProvider
