06-04 17:06:39.202  1046  1063 I WindowStateAnimator: commitFinishDrawingLocked: mDrawState= 1,  com.android.server.wm.WindowManagerService.performLayoutAndPlaceSurfacesLockedInner:10157 com.android.server.wm.WindowManagerService.performLayoutAndPlaceSurfacesLockedLoop:9127 com.android.server.wm.WindowManagerService.performLayoutAndPlaceSurfacesLocked:9069 com.android.server.wm.WindowManagerService.relayoutWindow:3415 com.android.server.wm.WindowManagerServiceEx.relayoutWindow:714 com.android.server.wm.Session.relayout:205 android.view.IWindowSession$Stub.onTransact:237 com.android.server.wm.Session.onTransact:139 
06-04 17:06:39.202  1046  1063 I WindowStateAnimator: commitFinishDrawingLocked: mDrawState= 1,  com.android.server.wm.WindowManagerService.performLayoutAndPlaceSurfacesLockedInner:10157 com.android.server.wm.WindowManagerService.performLayoutAndPlaceSurfacesLockedLoop:9127 com.android.server.wm.WindowManagerService.performLayoutAndPlaceSurfacesLocked:9069 com.android.server.wm.WindowManagerService.relayoutWindow:3415 com.android.server.wm.WindowManagerServiceEx.relayoutWindow:714 com.android.server.wm.Session.relayout:205 android.view.IWindowSession$Stub.onTransact:237 com.android.server.wm.Session.onTransact:139 
06-04 17:06:39.203  1046  1063 I WindowStateAnimator: commitFinishDrawingLocked: mDrawState= 1,  com.android.server.wm.WindowManagerService.performLayoutAndPlaceSurfacesLockedInner:10157 com.android.server.wm.WindowManagerService.performLayoutAndPlaceSurfacesLockedLoop:9127 com.android.server.wm.WindowManagerService.performLayoutAndPlaceSurfacesLocked:9069 com.android.server.wm.WindowManagerService.relayoutWindow:3415 com.android.server.wm.WindowManagerServiceEx.relayoutWindow:714 com.android.server.wm.Session.relayout:205 android.view.IWindowSession$Stub.onTransact:237 com.android.server.wm.Session.onTransact:139 
06-04 17:06:39.204  1046  1369 D LGWifiP2pService: InactiveState{ when=0 what=139287 arg2=1 target=com.android.internal.util.StateMachine$SmHandler }
06-04 17:06:39.204  1046  1369 D LGWifiP2pService: P2pEnabledState{ when=0 what=139287 arg2=1 target=com.android.internal.util.StateMachine$SmHandler }
06-04 17:06:39.204  1046  1369 D LGWifiP2pService: DefaultState{ when=0 what=139287 arg2=1 target=com.android.internal.util.StateMachine$SmHandler }
06-04 17:06:39.206  1046  1369 D LGWifiP2pService: InactiveState{ when=0 what=139283 arg2=2 target=com.android.internal.util.StateMachine$SmHandler }
06-04 17:06:39.206  1046  1369 D LGWifiP2pService: P2pEnabledState{ when=-2ms what=139283 arg2=2 target=com.android.internal.util.StateMachine$SmHandler }
06-04 17:06:39.206  1046  1369 D LGWifiP2pService: DefaultState{ when=-2ms what=139283 arg2=2 target=com.android.internal.util.StateMachine$SmHandler }
06-04 17:06:39.207  1046  1369 D LGWifiP2pService: InactiveState{ when=-2ms what=139287 arg2=1 target=com.android.internal.util.StateMachine$SmHandler }
06-04 17:06:39.207  1046  1369 D LGWifiP2pService: P2pEnabledState{ when=-3ms what=139287 arg2=1 target=com.android.internal.util.StateMachine$SmHandler }
06-04 17:06:39.207  1046  1369 D LGWifiP2pService: DefaultState{ when=-3ms what=139287 arg2=1 target=com.android.internal.util.StateMachine$SmHandler }
06-04 17:06:39.207  1046  1369 D LGWifiP2pService: InactiveState{ when=-3ms what=139285 arg2=2 target=com.android.internal.util.StateMachine$SmHandler }
06-04 17:06:39.207  1046  1369 D LGWifiP2pService: P2pEnabledState{ when=-3ms what=139285 arg2=2 target=com.android.internal.util.StateMachine$SmHandler }
06-04 17:06:39.207  1046  1369 D LGWifiP2pService: DefaultState{ when=-3ms what=139285 arg2=2 target=com.android.internal.util.StateMachine$SmHandler }
06-04 17:06:39.221  1046  1117 I WindowStateAnimator: commitFinishDrawingLocked: mDrawState= 1,  com.android.server.wm.WindowManagerService.performLayoutAndPlaceSurfacesLockedInner:10157 com.android.server.wm.WindowManagerService.performLayoutAndPlaceSurfacesLockedLoop:9127 com.android.server.wm.WindowManagerService.performLayoutAndPlaceSurfacesLocked:9069 com.android.server.wm.WindowManagerService$H.handleMessage:8013 android.os.Handler.dispatchMessage:102 android.os.Looper.loop:135 android.os.HandlerThread.run:61 com.android.server.ServiceThread.run:46 
06-04 17:06:39.221  1046  1117 I WindowStateAnimator: commitFinishDrawingLocked: mDrawState= 1,  com.android.server.wm.WindowManagerService.performLayoutAndPlaceSurfacesLockedInner:10157 com.android.server.wm.WindowManagerService.performLayoutAndPlaceSurfacesLockedLoop:9127 com.android.server.wm.WindowManagerService.performLayoutAndPlaceSurfacesLocked:9069 com.android.server.wm.WindowManagerService$H.handleMessage:8013 android.os.Handler.dispatchMessage:102 android.os.Looper.loop:135 android.os.HandlerThread.run:61 com.android.server.ServiceThread.run:46 
06-04 17:06:39.222  1046  1117 I WindowStateAnimator: commitFinishDrawingLocked: mDrawState= 1,  com.android.server.wm.WindowManagerService.performLayoutAndPlaceSurfacesLockedInner:10157 com.android.server.wm.WindowManagerService.performLayoutAndPlaceSurfacesLockedLoop:9127 com.android.server.wm.WindowManagerService.performLayoutAndPlaceSurfacesLocked:9069 com.android.server.wm.WindowManagerService$H.handleMessage:8013 android.os.Handler.dispatchMessage:102 android.os.Looper.loop:135 android.os.HandlerThread.run:61 com.android.server.ServiceThread.run:46 
06-04 17:06:39.226  3571  3571 W ResourcesManager: Asset path '/system/framework/org.simalliance.openmobileapi.jar' does not exist or contains no resources.
06-04 17:06:39.233  1046  2058 D ConnectivityService: registerNetworkAgent NetworkAgentInfo{ ni{[type: MOBILE[LTE], state: CONNECTED/CONNECTED, reason: connected, extra: uno.au-net.ne.jp, roaming: true, failover: false, isAvailable: true, isConnectedToProvisioningNetwork: false]}  network{null}  lp{{InterfaceName: rmnet0 LinkAddresses: [10.252.27.90/30,]  Routes: [10.252.27.88/30 -> 0.0.0.0 rmnet0,0.0.0.0/0 -> 10.252.27.89 rmnet0,] DnsAddresses: [111.87.221.145,111.87.221.129,] Domains: null MTU: 1420 TcpBufferSizes: 524288,1048576,2097600,262200,524400,2560000}}  nc{[ Transports: CELLULAR Capabilities: MMS&SUPL&DUN&INTERNET&NOT_RESTRICTED&TRUSTED&NOT_VPN LinkUpBandwidth>=51200Kbps LinkDnBandwidth>=102400Kbps Specifier: <1>]}  Score{10} validated{false} created{false} explicitlySelected{false} }
06-04 17:06:39.236  1046  1376 D ConnectivityService: Got NetworkAgent Messenger
06-04 17:06:39.237  1046  1376 D ConnectivityService: NetworkAgentInfo [MOBILE (LTE) - 100] EVENT_NETWORK_INFO_CHANGED, going from null to CONNECTED
06-04 17:06:39.238  1046  1376 D ConnectivityService: Adding iface rmnet0 to network 100
06-04 17:06:39.246  1046  1114 D NetworkManagementService: onDataConnectionRealTimeInfoChanged: mTime=31796807596 mDcPowerState=3
06-04 17:06:39.272  1046  1376 D ConnectivityService: Setting MTU size: rmnet0, 1420
06-04 17:06:39.272  1046  1376 D ConnectivityService: Adding Route [10.252.27.88/30 -> 0.0.0.0 rmnet0] to network 100
06-04 17:06:39.273  1046  1376 D ConnectivityService: Adding Route [0.0.0.0/0 -> 10.252.27.89 rmnet0] to network 100
06-04 17:06:39.274  1046  1376 D ConnectivityService: Setting Dns servers for network 100 to [/111.87.221.145, /111.87.221.129]
06-04 17:06:39.276  1046  1376 D Nat464Xlat: requiresClat: netType=0, connected=true, hasIPv4Address=true
06-04 17:06:39.276  1046  1376 D ConnectivityService: notifyType IP_CHANGED for NetworkAgentInfo [MOBILE (LTE) - 100]
06-04 17:06:39.276  1046  1376 D ConnectivityService: notifyType PRECHECK for NetworkAgentInfo [MOBILE (LTE) - 100]
06-04 17:06:39.276  1046  1376 D ConnectivityService: rematching NetworkAgentInfo [MOBILE (LTE) - 100]
06-04 17:06:39.277  1046  1376 D ConnectivityService:  network has: [ Transports: CELLULAR Capabilities: MMS&SUPL&DUN&INTERNET&NOT_RESTRICTED&TRUSTED&NOT_VPN LinkUpBandwidth>=51200Kbps LinkDnBandwidth>=102400Kbps Specifier: <1>]
06-04 17:06:39.277  1046  1376 D ConnectivityService:   checking if request is satisfied: NetworkRequest [ id=2, legacyType=-1, [] ]
06-04 17:06:39.280  1046  1376 D ConnectivityService:     satisfied: NetworkRequest [ id=2, legacyType=-1, [] ], isRequest:false
06-04 17:06:39.280  1046  1376 D ConnectivityService:   checking if request is satisfied: NetworkRequest [ id=1, legacyType=-1, [ Capabilities: INTERNET&NOT_RESTRICTED&TRUSTED&NOT_VPN] ]
06-04 17:06:39.281  1046  1376 D ConnectivityService:     satisfied: NetworkRequest [ id=1, legacyType=-1, [ Capabilities: INTERNET&NOT_RESTRICTED&TRUSTED&NOT_VPN] ], isRequest:true
06-04 17:06:39.281  1046  1376 D ConnectivityService: currentScore = 0, newScore = 10
06-04 17:06:39.282  1046  1376 D ConnectivityService:    accepting network in place of null
06-04 17:06:39.282  1046  1376 D ConnectivityService: sending new Min Network Score(10): NetworkRequest [ id=1, legacyType=-1, [ Capabilities: INTERNET&NOT_RESTRICTED&TRUSTED&NOT_VPN] ]
06-04 17:06:39.283  1046  1376 D ConnectivityService: Setting tx/rx TCP buffers to 524288,1048576,2097600,262200,524400,2560000
06-04 17:06:39.289  1046  1376 E ConnectivityService: [lg_data] Adding agent NetworkAgentInfo{ ni{[type: MOBILE[LTE], state: CONNECTED/CONNECTED, reason: connected, extra: uno.au-net.ne.jp, roaming: true, failover: false, isAvailable: true, isConnectedToProvisioningNetwork: false]}  network{100}  lp{{InterfaceName: rmnet0 LinkAddresses: [10.252.27.90/30,]  Routes: [10.252.27.88/30 -> 0.0.0.0 rmnet0,0.0.0.0/0 -> 10.252.27.89 rmnet0,] DnsAddresses: [111.87.221.145,111.87.221.129,] Domains: null MTU: 1420 TcpBufferSizes: 524288,1048576,2097600,262200,524400,2560000}}  nc{[ Transports: CELLULAR Capabilities: MMS&SUPL&DUN&INTERNET&NOT_RESTRICTED&TRUSTED&NOT_VPN LinkUpBandwidth>=51200Kbps LinkDnBandwidth>=102400Kbps Specifier: <1>]}  Score{10} validated{false} created{true} explicitlySelected{false} } for legacy network type 0
06-04 17:06:39.289  1046  1376 D CSLegacyTypeTracker: Sending connected broadcast for type 0 NetworkAgentInfo [MOBILE (LTE) - 100] isDefaultNetwork=true
06-04 17:06:39.289  1046  1376 D ConnectivityService: sendStickyBroadcast: action=android.net.conn.CONNECTIVITY_CHANGE_IMMEDIATE
06-04 17:06:39.291  1046  1376 D ConnectivityService: sendStickyBroadcastDelayed: delayMs=3000, action=android.net.conn.CONNECTIVITY_CHANGE
06-04 17:06:39.291  1046  1376 D CSLegacyTypeTracker: [e] list.add(nai) empty : false size: 1
06-04 17:06:39.291  1046  1376 D ConnectivityService: Switching to new default network: NetworkAgentInfo{ ni{[type: MOBILE[LTE], state: CONNECTED/CONNECTED, reason: connected, extra: uno.au-net.ne.jp, roaming: true, failover: false, isAvailable: true, isConnectedToProvisioningNetwork: false]}  network{100}  lp{{InterfaceName: rmnet0 LinkAddresses: [10.252.27.90/30,]  Routes: [10.252.27.88/30 -> 0.0.0.0 rmnet0,0.0.0.0/0 -> 10.252.27.89 rmnet0,] DnsAddresses: [111.87.221.145,111.87.221.129,] Domains: null MTU: 1420 TcpBufferSizes: 524288,1048576,2097600,262200,524400,2560000}}  nc{[ Transports: CELLULAR Capabilities: MMS&SUPL&DUN&INTERNET&NOT_RESTRICTED&TRUSTED&NOT_VPN LinkUpBandwidth>=51200Kbps LinkDnBandwidth>=102400Kbps Specifier: <1>]}  Score{10} validated{false} created{true} explicitlySelected{false} }
06-04 17:06:39.292  1046  1376 D NetworkManagementService: Adding idletimer
06-04 17:06:39.295  1046  1114 D DSQN    : DNSproblemNotiEnabled is disabled ignore DNS fail CB
06-04 17:06:39.301  1046  1368 V NetworkPolicy: [LG_RESTRICTED] checkMobilePolicy_type()
06-04 17:06:39.317  1046  1368 V NetworkPolicy: [LG_RESTRICTED] checkMobilePolicy_type() ::true
06-04 17:06:39.400  1046  2001 I ActivityManager: Killing 2796:com.kddi.cs.app001/u0a144 (adj 15): empty #17
06-04 17:06:39.446  1046  1376 D ConnectivityService: validation of new default Network = false
06-04 17:06:39.446  1046  1376 D ConnectivityService: Default network is not Wi-Fi. stop DSQN
06-04 17:06:39.447  1046  1376 D DSQN    : disableDataServiceNotify
06-04 17:06:39.447  1046  1376 D DSQN    : stop dsqn bin
06-04 17:06:39.473  1046  2058 W libprocessgroup: failed to open /acct/uid_10144/pid_2796/cgroup.procs: No such file or directory
06-04 17:06:39.474  1046  1376 D ConnectivityService: notifyType AVAILABLE for NetworkAgentInfo [MOBILE (LTE) - 100]
06-04 17:06:39.474  1046  2058 W WindowManager: Execute app transition: mNextAppTransition=0xffffffff
06-04 17:06:39.474  1046  2058 W WindowManager: java.lang.RuntimeException: here
06-04 17:06:39.474  1046  2058 W WindowManager: 	at com.android.server.wm.WindowManagerService.executeAppTransition(WindowManagerService.java:4314)
06-04 17:06:39.474  1046  2058 W WindowManager: 	at com.android.server.am.ActivityStack.resumeTopActivityInnerLocked(ActivityStack.java:1730)
06-04 17:06:39.474  1046  2058 W WindowManager: 	at com.android.server.am.ActivityStack.resumeTopActivityLocked(ActivityStack.java:1663)
06-04 17:06:39.474  1046  2058 W WindowManager: 	at com.android.server.am.ActivityStackEx.resumeTopActivityLocked(ActivityStackEx.java:40)
06-04 17:06:39.474  1046  2058 W WindowManager: 	at com.android.server.am.ActivityStackSupervisor.resumeTopActivitiesLocked(ActivityStackSupervisor.java:2650)
06-04 17:06:39.474  1046  2058 W WindowManager: 	at com.android.server.am.ActivityStackSupervisor.resumeTopActivitiesLocked(ActivityStackSupervisor.java:2639)
06-04 17:06:39.474  1046  2058 W WindowManager: 	at com.android.server.am.ActivityManagerService.handleAppDiedLocked(ActivityManagerService.java:5102)
06-04 17:06:39.474  1046  2058 W WindowManager: 	at com.android.server.am.ActivityManagerService.appDiedLocked(ActivityManagerService.java:5244)
06-04 17:06:39.474  1046  2058 W WindowManager: 	at com.android.server.am.ActivityManagerService$AppDeathRecipient.binderDied(ActivityManagerService.java:1234)
06-04 17:06:39.474  1046  2058 W WindowManager: 	at android.os.BinderProxy.sendDeathNotice(Binder.java:553)
06-04 17:06:39.474  1046  1376 D ConnectivityService:  sending notification for NetworkRequest [ id=1, legacyType=-1, [ Capabilities: INTERNET&NOT_RESTRICTED&TRUSTED&NOT_VPN] ]
06-04 17:06:39.474  1046  2058 D ActivityManager: resumeTopActivityLocked: Top activity resumed ActivityRecord{2d8e660a u0 com.lge.launcher2/.Launcher t5}
06-04 17:06:39.474  1046  1376 D ConnectivityService:  sending notification for NetworkRequest [ id=2, legacyType=-1, [] ]
06-04 17:06:39.474  1046  1376 D ConnectivityService: sending notification AVAILABLE for NetworkRequest [ id=2, legacyType=-1, [] ]
06-04 17:06:39.475  1046  1376 D ConnectivityService: sending network info update for type = 0
06-04 17:06:39.475  1046  1376 D ConnectivityService: sendNetworkInfoUpdateBroadcast type = 0 netid = 100
06-04 17:06:39.475  1046  1376 W ContextImpl: Calling a method in the system process without a qualified user: android.app.ContextImpl.sendBroadcast:1433 com.android.server.ConnectivityService.sendNetworkInfoUpdateBroadcast:6497 com.android.server.ConnectivityService.updateNetworkInfo:6645 com.android.server.ConnectivityService.handleRegisterNetworkAgent:5580 com.android.server.ConnectivityService.access$5500:282 
06-04 17:06:39.479  1944  1961 V LEDService: stopInternal(), pkg=com.android.phone, id=102
06-04 17:06:39.482  1046  1376 D ConnectivityService: NetworkAgent connected
06-04 17:06:39.483  1046  1376 D ConnectivityService: Validated NetworkAgentInfo [MOBILE (LTE) - 100]
06-04 17:06:39.484  1046  1376 D ConnectivityService: rematching NetworkAgentInfo [MOBILE (LTE) - 100]
06-04 17:06:39.484  1046  1376 D ConnectivityService:  network has: [ Transports: CELLULAR Capabilities: MMS&SUPL&DUN&INTERNET&NOT_RESTRICTED&TRUSTED&NOT_VPN LinkUpBandwidth>=51200Kbps LinkDnBandwidth>=102400Kbps Specifier: <1>]
06-04 17:06:39.484  1046  1376 D ConnectivityService:   checking if request is satisfied: NetworkRequest [ id=2, legacyType=-1, [] ]
06-04 17:06:39.484  1046  1376 D ConnectivityService:     satisfied: NetworkRequest [ id=2, legacyType=-1, [] ], isRequest:false
06-04 17:06:39.484  1046  1376 D ConnectivityService: Network NetworkAgentInfo [MOBILE (LTE) - 100] was already satisfying request 1. No change.
06-04 17:06:39.484  1046  1376 D ConnectivityService: notifyType AVAILABLE for NetworkAgentInfo [MOBILE (LTE) - 100]
06-04 17:06:39.485  1046  1376 D ConnectivityService:  sending notification for NetworkRequest [ id=1, legacyType=-1, [ Capabilities: INTERNET&NOT_RESTRICTED&TRUSTED&NOT_VPN] ]
06-04 17:06:39.485  1046  1376 D ConnectivityService:  sending notification for NetworkRequest [ id=2, legacyType=-1, [] ]
06-04 17:06:39.485  1046  1376 D ConnectivityService: sending notification AVAILABLE for NetworkRequest [ id=2, legacyType=-1, [] ]
06-04 17:06:39.485  1046  1376 D ConnectivityService: sending new Min Network Score(50): NetworkRequest [ id=1, legacyType=-1, [ Capabilities: INTERNET&NOT_RESTRICTED&TRUSTED&NOT_VPN] ]
06-04 17:06:39.486  1046  1376 D ConnectivityService: sendStickyBroadcast: action=android.net.conn.INET_CONDITION_ACTION
06-04 17:06:39.487  1046  1112 W ProcessCpuTracker: Skipping unknown process pid 3608
06-04 17:06:39.548  1046  1963 D ConnectivityService: setProvNotificationVisible: E visible=false networkType=0 action=com.android.internal.telephony.PROVISION0
06-04 17:06:39.548  1046  1963 D ConnectivityService: setProvNotificationVisibleIntent: E visible=false networkType=0 extraInfo=null
06-04 17:06:39.617  1046  1062 I ActivityManager: Start proc jp.auone.wallet for broadcast jp.auone.wallet/.widget.WalletWidget: pid=3644 uid=10142 gids={50142, 9997, 3003} abi=armeabi-v7a
06-04 17:06:39.760  1046  1962 I WindowStateAnimator: commitFinishDrawingLocked: mDrawState= 1,  com.android.server.wm.WindowManagerService.performLayoutAndPlaceSurfacesLockedInner:10157 com.android.server.wm.WindowManagerService.performLayoutAndPlaceSurfacesLockedLoop:9127 com.android.server.wm.WindowManagerService.performLayoutAndPlaceSurfacesLocked:9069 com.android.server.wm.WindowManagerService.relayoutWindow:3415 com.android.server.wm.WindowManagerServiceEx.relayoutWindow:714 com.android.server.wm.Session.relayout:205 android.view.IWindowSession$Stub.onTransact:237 com.android.server.wm.Session.onTransact:139 
06-04 17:06:39.763  1046  1962 I WindowStateAnimator: commitFinishDrawingLocked: mDrawState= 1,  com.android.server.wm.WindowManagerService.performLayoutAndPlaceSurfacesLockedInner:10157 com.android.server.wm.WindowManagerService.performLayoutAndPlaceSurfacesLockedLoop:9127 com.android.server.wm.WindowManagerService.performLayoutAndPlaceSurfacesLocked:9069 com.android.server.wm.WindowManagerService.relayoutWindow:3415 com.android.server.wm.WindowManagerServiceEx.relayoutWindow:714 com.android.server.wm.Session.relayout:205 android.view.IWindowSession$Stub.onTransact:237 com.android.server.wm.Session.onTransact:139 
06-04 17:06:39.770  1046  1117 I WindowStateAnimator: commitFinishDrawingLocked: mDrawState= 1,  com.android.server.wm.WindowManagerService.performLayoutAndPlaceSurfacesLockedInner:10157 com.android.server.wm.WindowManagerService.performLayoutAndPlaceSurfacesLockedLoop:9127 com.android.server.wm.WindowManagerService.performLayoutAndPlaceSurfacesLocked:9069 com.android.server.wm.WindowManagerService$H.handleMessage:8013 android.os.Handler.dispatchMessage:102 android.os.Looper.loop:135 android.os.HandlerThread.run:61 com.android.server.ServiceThread.run:46 
06-04 17:06:39.770  1046  1117 I WindowStateAnimator: commitFinishDrawingLocked: mDrawState= 2,  com.android.server.wm.WindowManagerService.performLayoutAndPlaceSurfacesLockedInner:10157 com.android.server.wm.WindowManagerService.performLayoutAndPlaceSurfacesLockedLoop:9127 com.android.server.wm.WindowManagerService.performLayoutAndPlaceSurfacesLocked:9069 com.android.server.wm.WindowManagerService$H.handleMessage:8013 android.os.Handler.dispatchMessage:102 android.os.Looper.loop:135 android.os.HandlerThread.run:61 com.android.server.ServiceThread.run:46 
06-04 17:06:39.789  1046  1117 I WindowStateAnimator: commitFinishDrawingLocked: mDrawState= 1,  com.android.server.wm.WindowManagerService.performLayoutAndPlaceSurfacesLockedInner:10157 com.android.server.wm.WindowManagerService.performLayoutAndPlaceSurfacesLockedLoop:9127 com.android.server.wm.WindowManagerService.performLayoutAndPlaceSurfacesLocked:9069 com.android.server.wm.WindowManagerService$H.handleMessage:8013 android.os.Handler.dispatchMessage:102 android.os.Looper.loop:135 android.os.HandlerThread.run:61 com.android.server.ServiceThread.run:46 
06-04 17:06:39.804  1859  1875 V LGMDMManager: gACIA(NULL) ret:0
06-04 17:06:39.944  1452  1452 V LGMDMManager: gPRE(NULL) ret:false
06-04 17:06:39.944  1452  1452 V LGMDMManager: gPRE(NULL) ret:false
06-04 17:06:39.995  1452  1452 V LGMDMManager: gPRE(NULL) ret:false
06-04 17:06:39.995  1452  1452 V LGMDMManager: gPRE(NULL) ret:false
06-04 17:06:40.067  1046  1117 I WindowStateAnimator: commitFinishDrawingLocked: mDrawState= 2,  com.android.server.wm.WindowManagerService.performLayoutAndPlaceSurfacesLockedInner:10157 com.android.server.wm.WindowManagerService.performLayoutAndPlaceSurfacesLockedLoop:9127 com.android.server.wm.WindowManagerService.performLayoutAndPlaceSurfacesLocked:9069 com.android.server.wm.WindowManagerService$H.handleMessage:8013 android.os.Handler.dispatchMessage:102 android.os.Looper.loop:135 android.os.HandlerThread.run:61 com.android.server.ServiceThread.run:46 
06-04 17:06:40.138  1046  1963 I ActivityManager: Killing 2847:com.lge.myplace.engine:MyplaceWifiReceiver/1000 (adj 15): empty #17
06-04 17:06:40.219  1046  1419 W libprocessgroup: failed to open /acct/uid_1000/pid_2847/cgroup.procs: No such file or directory
06-04 17:06:40.220  1046  1419 W WindowManager: Execute app transition: mNextAppTransition=0xffffffff
06-04 17:06:40.220  1046  1419 W WindowManager: java.lang.RuntimeException: here
06-04 17:06:40.220  1046  1419 W WindowManager: 	at com.android.server.wm.WindowManagerService.executeAppTransition(WindowManagerService.java:4314)
06-04 17:06:40.220  1046  1419 W WindowManager: 	at com.android.server.am.ActivityStack.resumeTopActivityInnerLocked(ActivityStack.java:1730)
06-04 17:06:40.220  1046  1419 W WindowManager: 	at com.android.server.am.ActivityStack.resumeTopActivityLocked(ActivityStack.java:1663)
06-04 17:06:40.220  1046  1419 W WindowManager: 	at com.android.server.am.ActivityStackEx.resumeTopActivityLocked(ActivityStackEx.java:40)
06-04 17:06:40.220  1046  1419 W WindowManager: 	at com.android.server.am.ActivityStackSupervisor.resumeTopActivitiesLocked(ActivityStackSupervisor.java:2650)
06-04 17:06:40.220  1046  1419 W WindowManager: 	at com.android.server.am.ActivityStackSupervisor.resumeTopActivitiesLocked(ActivityStackSupervisor.java:2639)
06-04 17:06:40.220  1046  1419 W WindowManager: 	at com.android.server.am.ActivityManagerService.handleAppDiedLocked(ActivityManagerService.java:5102)
06-04 17:06:40.220  1046  1419 W WindowManager: 	at com.android.server.am.ActivityManagerService.appDiedLocked(ActivityManagerService.java:5244)
06-04 17:06:40.220  1046  1419 W WindowManager: 	at com.android.server.am.ActivityManagerService$AppDeathRecipient.binderDied(ActivityManagerService.java:1234)
06-04 17:06:40.220  1046  1419 W WindowManager: 	at android.os.BinderProxy.sendDeathNotice(Binder.java:553)
06-04 17:06:40.221  1046  1419 D ActivityManager: resumeTopActivityLocked: Top activity resumed ActivityRecord{2d8e660a u0 com.lge.launcher2/.Launcher t5}
06-04 17:06:40.252  1046  2095 I ActivityManager: Start proc com.uei.lg.quicksetsdk.lite for service com.uei.lg.quicksetsdk.lite/com.uei.control.Service: pid=3674 uid=10127 gids={50127, 9997, 3003, 1028, 1015} abi=armeabi-v7a
06-04 17:06:40.280  2467  2467 V LGMDMManager: Create singleton instance
06-04 17:06:41.898  1944  2315 V LGPowerManagerHelper: [ThermalDataMonitor] mThermalType=battery, mCurrentThermalValue=34.2, mPreviousThermalValue=33.7
06-04 17:06:41.904  1944  2317 V LGPowerManagerHelper: [ThermalDataMonitor] mThermalType=xo, mCurrentThermalValue=39.0, mPreviousThermalValue=37.0
06-04 17:06:41.904  1944  2317 V LGPowerManagerHelper: [com.android.systemui.exit_sync_call] observer detects updated data : thresholdMin=55.0, thresholdMax=100.0, currentValue=39.0
06-04 17:06:42.812  1046  1376 D ConnectivityService: sendStickyBroadcast: action=android.net.conn.CONNECTIVITY_CHANGE
06-04 17:06:42.812  1046  1119 D PowerManagerServiceEx: updateUserActivitySummaryLocked: mWakefulness=Awake, mUserActivitySummary=0x2, nextTimeout=10000 (25373 ms ago)
06-04 17:06:42.845  1046  1338 V AlarmManager: ELAPSED_WAKEUP set : Alarm{ac810e2 type 2 when 33282 com.lge.ims} when 33282
06-04 17:06:42.865  2467  2467 V LGMDMManager: gAIP(NULL) ret:true
06-04 17:06:42.907  1046  1943 I ActivityManager: Start proc com.qualcomm.telephony for service com.qualcomm.atfwd/.AtFwdService: pid=3735 uid=1000 gids={41000, 9997, 3003, 1028, 1015, 3002, 1023, 1004, 2002, 3001, 3008, 1007, 1026, 3005, 1009, 1027, 1003, 2510, 1014, 1010, 4002, 2001, 1000, 1002, 1021, 3004, 3009} abi=armeabi-v7a
06-04 17:06:42.908  1046  1338 V AlarmManager: ELAPSED_WAKEUP set : Alarm{31380fa9 type 2 when 33681 com.lge.ims} when 33681
06-04 17:06:42.908  1046  1338 V AlarmManager: ELAPSED_WAKEUP set : Alarm{f5a592e type 2 when 35280 com.google.android.gms} when 35280
06-04 17:06:42.941  1046  1046 D WifiHS20: hidePasspointNotification off =false
06-04 17:06:42.963  1452  1452 V LGMDMManager: gPRE(NULL) ret:false
06-04 17:06:42.964  1452  1452 V LGMDMManager: gPRE(NULL) ret:false
06-04 17:06:42.967  1452  1452 V LGMDMManager: gPRE(NULL) ret:false
06-04 17:06:42.968  1452  1452 V LGMDMManager: gPRE(NULL) ret:false
06-04 17:06:42.971  1452  1452 V LGMDMManager: gPRE(NULL) ret:false
06-04 17:06:42.972  1452  1452 V LGMDMManager: gPRE(NULL) ret:false
06-04 17:06:42.973  1452  1452 V LGMDMManager: gPRE(NULL) ret:false
06-04 17:06:42.974  1452  1452 V LGMDMManager: gPRE(NULL) ret:false
06-04 17:06:42.975  1452  1452 V LGMDMManager: gPRE(NULL) ret:false
06-04 17:06:42.976  1452  1452 V LGMDMManager: gPRE(NULL) ret:false
06-04 17:06:42.991  1046  1063 W ActivityManager: Unable to start service Intent { act=com.lge.wmanClients.notification.SideNotificationService pkg=com.lge.wman } U=0: not found
06-04 17:06:43.036  1046  1063 I ActivityManager: Start proc com.lge.sizechangable.weather for broadcast com.lge.sizechangable.weather/.layout.WeatherWidget: pid=3759 uid=10114 gids={50114, 9997, 3003, 1028, 1015} abi=armeabi-v7a
06-04 17:06:43.206  1046  2050 D WifiServiceImplEx: releaseWifiLock pid=2896, uid=10012, packageName=com.google.uid.shared:10012
06-04 17:06:43.271  1046  1943 I ActivityManager: Killing 2176:com.lge.lockscreensettings/u0a111 (adj 15): empty #17
06-04 17:06:43.295  1046  1963 D WifiServiceImplEx: acquireWifiLock pid=2896, uid=10012, packageName=com.google.uid.shared:10012, tag=NlpWifiLock
06-04 17:06:43.360  1046  1063 W libprocessgroup: failed to open /acct/uid_10111/pid_2176/cgroup.procs: No such file or directory
06-04 17:06:43.360  1046  1063 W WindowManager: Execute app transition: mNextAppTransition=0xffffffff
06-04 17:06:43.360  1046  1063 W WindowManager: java.lang.RuntimeException: here
06-04 17:06:43.360  1046  1063 W WindowManager: 	at com.android.server.wm.WindowManagerService.executeAppTransition(WindowManagerService.java:4314)
06-04 17:06:43.360  1046  1063 W WindowManager: 	at com.android.server.am.ActivityStack.resumeTopActivityInnerLocked(ActivityStack.java:1730)
06-04 17:06:43.360  1046  1063 W WindowManager: 	at com.android.server.am.ActivityStack.resumeTopActivityLocked(ActivityStack.java:1663)
06-04 17:06:43.360  1046  1063 W WindowManager: 	at com.android.server.am.ActivityStackEx.resumeTopActivityLocked(ActivityStackEx.java:40)
06-04 17:06:43.360  1046  1063 W WindowManager: 	at com.android.server.am.ActivityStackSupervisor.resumeTopActivitiesLocked(ActivityStackSupervisor.java:2650)
06-04 17:06:43.360  1046  1063 W WindowManager: 	at com.android.server.am.ActivityStackSupervisor.resumeTopActivitiesLocked(ActivityStackSupervisor.java:2639)
06-04 17:06:43.360  1046  1063 W WindowManager: 	at com.android.server.am.ActivityManagerService.handleAppDiedLocked(ActivityManagerService.java:5102)
06-04 17:06:43.360  1046  1063 W WindowManager: 	at com.android.server.am.ActivityManagerService.appDiedLocked(ActivityManagerService.java:5244)
06-04 17:06:43.360  1046  1063 W WindowManager: 	at com.android.server.am.ActivityManagerService$AppDeathRecipient.binderDied(ActivityManagerService.java:1234)
06-04 17:06:43.360  1046  1063 W WindowManager: 	at android.os.BinderProxy.sendDeathNotice(Binder.java:553)
06-04 17:06:43.360  1046  1063 D ActivityManager: resumeTopActivityLocked: Top activity resumed ActivityRecord{2d8e660a u0 com.lge.launcher2/.Launcher t5}
06-04 17:06:43.365  2896  3275 I SensorManager: requestTriggerSensorImpl() [Sensor: LGE Significant Motion Detector Sensor, SensorEventListener: com.google.android.location.activity.ac@20f466e6] by com.google.android.location.activity.ab.a():91
06-04 17:06:43.367  2467  2467 V LGMDMManager: gAIP(NULL) ret:true
06-04 17:06:43.374  1046  1799 D WifiServiceImplEx: releaseWifiLock pid=2896, uid=10012, packageName=com.google.uid.shared:10012
06-04 17:06:43.379  2467  2467 V LGMDMManager: gAIP(NULL) ret:true
06-04 17:06:43.412  1046  1983 I ActivityManager: Start proc com.lge.appbox.client:SingleBinaryService for broadcast com.lge.appbox.client/com.lge.appbox.singlebinary.SimChangeReceiver: pid=3791 uid=10019 gids={50019, 9997, 3003, 1028, 1015, 2001} abi=armeabi-v7a
06-04 17:06:43.564  1046  1419 I ActivityManager: Start proc com.lge.appbox.client for content provider com.lge.appbox.client/com.lge.appbox.databases.AppBoxContentProvider: pid=3810 uid=10019 gids={50019, 9997, 3003, 1028, 1015, 2001} abi=armeabi-v7a
06-04 17:06:43.696  1046  1962 I ActivityManager: Killing 3145:jp.kddilabs.smartnetwork.troubleshooting/u0a6 (adj 15): empty #17
06-04 17:06:43.791  1046  2001 W libprocessgroup: failed to open /acct/uid_10006/pid_3145/cgroup.procs: No such file or directory
06-04 17:06:43.792  1046  2001 W WindowManager: Execute app transition: mNextAppTransition=0xffffffff
06-04 17:06:43.792  1046  2001 W WindowManager: java.lang.RuntimeException: here
06-04 17:06:43.792  1046  2001 W WindowManager: 	at com.android.server.wm.WindowManagerService.executeAppTransition(WindowManagerService.java:4314)
06-04 17:06:43.792  1046  2001 W WindowManager: 	at com.android.server.am.ActivityStack.resumeTopActivityInnerLocked(ActivityStack.java:1730)
06-04 17:06:43.792  1046  2001 W WindowManager: 	at com.android.server.am.ActivityStack.resumeTopActivityLocked(ActivityStack.java:1663)
06-04 17:06:43.792  1046  2001 W WindowManager: 	at com.android.server.am.ActivityStackEx.resumeTopActivityLocked(ActivityStackEx.java:40)
06-04 17:06:43.792  1046  2001 W WindowManager: 	at com.android.server.am.ActivityStackSupervisor.resumeTopActivitiesLocked(ActivityStackSupervisor.java:2650)
06-04 17:06:43.792  1046  2001 W WindowManager: 	at com.android.server.am.ActivityStackSupervisor.resumeTopActivitiesLocked(ActivityStackSupervisor.java:2639)
06-04 17:06:43.792  1046  2001 W WindowManager: 	at com.android.server.am.ActivityManagerService.handleAppDiedLocked(ActivityManagerService.java:5102)
06-04 17:06:43.792  1046  2001 W WindowManager: 	at com.android.server.am.ActivityManagerService.appDiedLocked(ActivityManagerService.java:5244)
06-04 17:06:43.792  1046  2001 W WindowManager: 	at com.android.server.am.ActivityManagerService$AppDeathRecipient.binderDied(ActivityManagerService.java:1234)
06-04 17:06:43.792  1046  2001 W WindowManager: 	at android.os.BinderProxy.sendDeathNotice(Binder.java:553)
06-04 17:06:43.792  1046  2001 D ActivityManager: resumeTopActivityLocked: Top activity resumed ActivityRecord{2d8e660a u0 com.lge.launcher2/.Launcher t5}
06-04 17:06:43.813  1046  1799 I ActivityManager: Killing 3239:com.lge.myplace/u0a167 (adj 15): empty #17
06-04 17:06:43.889  1046  1799 I ActivityManager: Killing 3168:com.google.android.gms.ui/u0a12 (adj 15): empty #18
06-04 17:06:43.955  1046  1983 W libprocessgroup: failed to open /acct/uid_10167/pid_3239/cgroup.procs: No such file or directory
06-04 17:06:43.956  1046  1983 W WindowManager: Execute app transition: mNextAppTransition=0xffffffff
06-04 17:06:43.956  1046  1983 W WindowManager: java.lang.RuntimeException: here
06-04 17:06:43.956  1046  1983 W WindowManager: 	at com.android.server.wm.WindowManagerService.executeAppTransition(WindowManagerService.java:4314)
06-04 17:06:43.956  1046  1983 W WindowManager: 	at com.android.server.am.ActivityStack.resumeTopActivityInnerLocked(ActivityStack.java:1730)
06-04 17:06:43.956  1046  1983 W WindowManager: 	at com.android.server.am.ActivityStack.resumeTopActivityLocked(ActivityStack.java:1663)
06-04 17:06:43.956  1046  1983 W WindowManager: 	at com.android.server.am.ActivityStackEx.resumeTopActivityLocked(ActivityStackEx.java:40)
06-04 17:06:43.956  1046  1983 W WindowManager: 	at com.android.server.am.ActivityStackSupervisor.resumeTopActivitiesLocked(ActivityStackSupervisor.java:2650)
06-04 17:06:43.956  1046  1983 W WindowManager: 	at com.android.server.am.ActivityStackSupervisor.resumeTopActivitiesLocked(ActivityStackSupervisor.java:2639)
06-04 17:06:43.956  1046  1983 W WindowManager: 	at com.android.server.am.ActivityManagerService.handleAppDiedLocked(ActivityManagerService.java:5102)
06-04 17:06:43.956  1046  1983 W WindowManager: 	at com.android.server.am.ActivityManagerService.appDiedLocked(ActivityManagerService.java:5244)
06-04 17:06:43.956  1046  1983 W WindowManager: 	at com.android.server.am.ActivityManagerService$AppDeathRecipient.binderDied(ActivityManagerService.java:1234)
06-04 17:06:43.956  1046  1983 W WindowManager: 	at android.os.BinderProxy.sendDeathNotice(Binder.java:553)
06-04 17:06:43.956  1046  1983 D ActivityManager: resumeTopActivityLocked: Top activity resumed ActivityRecord{2d8e660a u0 com.lge.launcher2/.Launcher t5}
06-04 17:06:43.958  1046  1063 W libprocessgroup: failed to open /acct/uid_10012/pid_3168/cgroup.procs: No such file or directory
06-04 17:06:43.959  1046  1063 W WindowManager: Execute app transition: mNextAppTransition=0xffffffff
06-04 17:06:43.959  1046  1063 W WindowManager: java.lang.RuntimeException: here
06-04 17:06:43.959  1046  1063 W WindowManager: 	at com.android.server.wm.WindowManagerService.executeAppTransition(WindowManagerService.java:4314)
06-04 17:06:43.959  1046  1063 W WindowManager: 	at com.android.server.am.ActivityStack.resumeTopActivityInnerLocked(ActivityStack.java:1730)
06-04 17:06:43.959  1046  1063 W WindowManager: 	at com.android.server.am.ActivityStack.resumeTopActivityLocked(ActivityStack.java:1663)
06-04 17:06:43.959  1046  1063 W WindowManager: 	at com.android.server.am.ActivityStackEx.resumeTopActivityLocked(ActivityStackEx.java:40)
06-04 17:06:43.959  1046  1063 W WindowManager: 	at com.android.server.am.ActivityStackSupervisor.resumeTopActivitiesLocked(ActivityStackSupervisor.java:2650)
06-04 17:06:43.959  1046  1063 W WindowManager: 	at com.android.server.am.ActivityStackSupervisor.resumeTopActivitiesLocked(ActivityStackSupervisor.java:2639)
06-04 17:06:43.959  1046  1063 W WindowManager: 	at com.android.server.am.ActivityManagerService.handleAppDiedLocked(ActivityManagerService.java:5102)
06-04 17:06:43.959  1046  1063 W WindowManager: 	at com.android.server.am.ActivityManagerService.appDiedLocked(ActivityManagerService.java:5244)
06-04 17:06:43.959  1046  1063 W WindowManager: 	at com.android.server.am.ActivityManagerService$AppDeathRecipient.binderDied(ActivityManagerService.java:1234)
06-04 17:06:43.959  1046  1063 W WindowManager: 	at android.os.BinderProxy.sendDeathNotice(Binder.java:553)
06-04 17:06:43.959  1046  1063 D ActivityManager: resumeTopActivityLocked: Top activity resumed ActivityRecord{2d8e660a u0 com.lge.launcher2/.Launcher t5}
06-04 17:06:43.982  1046  1062 I ActivityManager: Start proc com.android.browser for broadcast com.android.browser/com.lge.browser.settings.BrowserSettingReceiver: pid=3835 uid=10020 gids={50020, 9997, 3003, 1028, 1015, 1023} abi=armeabi-v7a
06-04 17:06:43.984  1046  1943 I ActivityManager: Killing 2509:android.process.media/u0a28 (adj 15): empty #17
06-04 17:06:44.047  1046  2058 W libprocessgroup: failed to open /acct/uid_10028/pid_2509/cgroup.procs: No such file or directory
06-04 17:06:44.047  1046  2058 W WindowManager: Execute app transition: mNextAppTransition=0xffffffff
06-04 17:06:44.047  1046  2058 W WindowManager: java.lang.RuntimeException: here
06-04 17:06:44.047  1046  2058 W WindowManager: 	at com.android.server.wm.WindowManagerService.executeAppTransition(WindowManagerService.java:4314)
06-04 17:06:44.047  1046  2058 W WindowManager: 	at com.android.server.am.ActivityStack.resumeTopActivityInnerLocked(ActivityStack.java:1730)
06-04 17:06:44.047  1046  2058 W WindowManager: 	at com.android.server.am.ActivityStack.resumeTopActivityLocked(ActivityStack.java:1663)
06-04 17:06:44.047  1046  2058 W WindowManager: 	at com.android.server.am.ActivityStackEx.resumeTopActivityLocked(ActivityStackEx.java:40)
06-04 17:06:44.047  1046  2058 W WindowManager: 	at com.android.server.am.ActivityStackSupervisor.resumeTopActivitiesLocked(ActivityStackSupervisor.java:2650)
06-04 17:06:44.047  1046  2058 W WindowManager: 	at com.android.server.am.ActivityStackSupervisor.resumeTopActivitiesLocked(ActivityStackSupervisor.java:2639)
06-04 17:06:44.047  1046  2058 W WindowManager: 	at com.android.server.am.ActivityManagerService.handleAppDiedLocked(ActivityManagerService.java:5102)
06-04 17:06:44.047  1046  2058 W WindowManager: 	at com.android.server.am.ActivityManagerService.appDiedLocked(ActivityManagerService.java:5244)
06-04 17:06:44.047  1046  2058 W WindowManager: 	at com.android.server.am.ActivityManagerService$AppDeathRecipient.binderDied(ActivityManagerService.java:1234)
06-04 17:06:44.047  1046  2058 W WindowManager: 	at android.os.BinderProxy.sendDeathNotice(Binder.java:553)
06-04 17:06:44.047  1046  2058 D ActivityManager: resumeTopActivityLocked: Top activity resumed ActivityRecord{2d8e660a u0 com.lge.launcher2/.Launcher t5}
06-04 17:06:44.060  3835  3835 W ResourcesManager: Asset path '/system/framework/com.lge.mdm.jar' does not exist or contains no resources.
06-04 17:06:44.060  3835  3835 W ResourcesManager: Asset path '/system/framework/com.lge.zdi.splitwindow.jar' does not exist or contains no resources.
06-04 17:06:44.258  1046  1119 D PowerManagerServiceEx: updateUserActivitySummaryLocked: mWakefulness=Awake, mUserActivitySummary=0x4, nextTimeout=10000 (26819 ms ago)
06-04 17:06:44.258  1046  1119 I PowerManagerService: Nap time (uid 1000)...
06-04 17:06:44.258  1046  1119 D PowerManagerServiceEx: updateUserActivitySummaryLocked: mWakefulness=Dreaming, mUserActivitySummary=0x4, nextTimeout=10000 (26819 ms ago)
06-04 17:06:44.259  1046  1119 I PowerManagerService: Going to sleep due to screen timeout (uid 1000)...
06-04 17:06:44.259  1046  1119 D PowerManagerServiceEx: setQuickCharging Mode : 2
06-04 17:06:44.260  1046  1119 D PowerManagerServiceEx: updateUserActivitySummaryLocked: mWakefulness=Dozing, mUserActivitySummary=0x4, nextTimeout=10000 (26820 ms ago)
06-04 17:06:44.260  1046  1119 W ContextImpl: Calling a method in the system process without a qualified user: android.app.ContextImpl.sendBroadcast:1433 com.android.server.power.PowerManagerServiceEx$3.run:1638 android.os.Handler.handleCallback:739 android.os.Handler.dispatchMessage:95 android.os.Looper.loop:135 
06-04 17:06:44.261  1046  1119 I PowerManagerService: Sleeping (uid 1000)...
06-04 17:06:44.261  1046  1119 D LPWGController: [updateScreenState] screen on = false
06-04 17:06:44.261  1046  1119 D LPWGController: disable proximity sensor
06-04 17:06:44.261  1046  1119 D LPWGController: enable proximity sensor
06-04 17:06:44.262  1046  1119 I SensorManager: registerListenerImpl() [Sensor: LGE Proximity, Rate: 200000, SensorEventListener: com.android.server.power.ProximitySensorListener@1e9a45ea] by com.android.server.power.ProximitySensorListener.enable():120
06-04 17:06:44.262  1046  1119 D PowerManagerServiceEx: updateUserActivitySummaryLocked: mWakefulness=Asleep, mUserActivitySummary=0x0, nextTimeout=10000 (26823 ms ago)
06-04 17:06:44.263  1046  1119 D LPWGController: proximity onSensorChanged : proximity = 1, mSensorCovered=false, isFar=true
06-04 17:06:44.263  1046  1119 I LPWGController: current mode = 1  value = 1 1
06-04 17:06:44.263  1046  1046 V ActivityManager: Moving to PAUSING: ActivityRecord{2d8e660a u0 com.lge.launcher2/.Launcher t5}
06-04 17:06:44.263  1046  1119 I LPWGController: [setLPWGmode2] current mode = 1  value = 9 1 1 1 0
06-04 17:06:44.271  1046  1112 D ActivityManager: enqueue in ForegroundQueue #6 Intent=Intent { act=android.intent.action.SCREEN_ON flg=0x50000010 }
06-04 17:06:44.283  1452  1452 I SensorManager: removeAllSensors() [Sensor: LGE Proximity] by com.lge.lockscreen.model.ScreenTurnOffBySensor.unregisterProximitySensor():66
06-04 17:06:44.314  1046  2058 V ActivityManager: Moving to PAUSED: ActivityRecord{2d8e660a u0 com.lge.launcher2/.Launcher t5} (pause complete)
06-04 17:06:44.315  1046  1112 D ActivityManager: allResumedActivitiesIdle: stack=0 null not idle
06-04 17:06:44.315  1046  1112 V ActivityManager: Moving to STOPPING: ActivityRecord{2d8e660a u0 com.lge.launcher2/.Launcher t5} (stop requested)
06-04 17:06:44.317  1046  1112 D ActivityManager: allResumedActivitiesIdle: stack=0 null not idle
06-04 17:06:44.320  1046  1776 V ActivityManager: Moving to STOPPED: ActivityRecord{2d8e660a u0 com.lge.launcher2/.Launcher t5} (stop complete)
06-04 17:06:44.498  1046  1943 I ActivityManager: Start proc com.android.contacts for broadcast com.android.contacts/com.lge.contacts.sim.SimPhonebookStateReceiver: pid=3860 uid=10026 gids={50026, 9997, 3003, 1028, 1015, 1023, 4002} abi=armeabi-v7a
06-04 17:06:44.498  1046  1943 I ActivityManager: Killing 3281:com.android.calendar/u0a21 (adj 15): empty #17
06-04 17:06:44.579  1046  2001 W libprocessgroup: failed to open /acct/uid_10021/pid_3281/cgroup.procs: No such file or directory
06-04 17:06:44.580  1046  2001 W WindowManager: Execute app transition: mNextAppTransition=0xffffffff
06-04 17:06:44.580  1046  2001 W WindowManager: java.lang.RuntimeException: here
06-04 17:06:44.580  1046  2001 W WindowManager: 	at com.android.server.wm.WindowManagerService.executeAppTransition(WindowManagerService.java:4314)
06-04 17:06:44.580  1046  2001 W WindowManager: 	at com.android.server.am.ActivityStack.resumeTopActivityInnerLocked(ActivityStack.java:1794)
06-04 17:06:44.580  1046  2001 W WindowManager: 	at com.android.server.am.ActivityStack.resumeTopActivityLocked(ActivityStack.java:1663)
06-04 17:06:44.580  1046  2001 W WindowManager: 	at com.android.server.am.ActivityStackEx.resumeTopActivityLocked(ActivityStackEx.java:40)
06-04 17:06:44.580  1046  2001 W WindowManager: 	at com.android.server.am.ActivityStackSupervisor.resumeTopActivitiesLocked(ActivityStackSupervisor.java:2650)
06-04 17:06:44.580  1046  2001 W WindowManager: 	at com.android.server.am.ActivityStackSupervisor.resumeTopActivitiesLocked(ActivityStackSupervisor.java:2639)
06-04 17:06:44.580  1046  2001 W WindowManager: 	at com.android.server.am.ActivityManagerService.handleAppDiedLocked(ActivityManagerService.java:5102)
06-04 17:06:44.580  1046  2001 W WindowManager: 	at com.android.server.am.ActivityManagerService.appDiedLocked(ActivityManagerService.java:5244)
06-04 17:06:44.580  1046  2001 W WindowManager: 	at com.android.server.am.ActivityManagerService$AppDeathRecipient.binderDied(ActivityManagerService.java:1234)
06-04 17:06:44.580  1046  2001 W WindowManager: 	at android.os.BinderProxy.sendDeathNotice(Binder.java:553)
06-04 17:06:44.580  1046  2001 D ActivityManager: resumeTopActivityLocked: Going to sleep and all paused
06-04 17:06:44.592  3860  3860 W ResourcesManager: Asset path '/system/framework/com.google.android.maps.jar' does not exist or contains no resources.
06-04 17:06:44.593  3860  3860 W ResourcesManager: Asset path '/system/framework/com.lge.mdm.jar' does not exist or contains no resources.
06-04 17:06:44.593  3860  3860 W ResourcesManager: Asset path '/system/framework/com.lge.telephony.sms.jar' does not exist or contains no resources.
06-04 17:06:44.593  3860  3860 W ResourcesManager: Asset path '/system/framework/lgsvcitems.jar' does not exist or contains no resources.
06-04 17:06:44.593  1046  1119 I LPWGController: [setLPWGmode2] current mode = 1  value = 9 1 0 1 0
06-04 17:06:44.594  3860  3860 W ResourcesManager: Asset path '/system/framework/lghiddenlibs.jar' does not exist or contains no resources.
06-04 17:06:44.594  3860  3860 W ResourcesManager: Asset path '/system/framework/qcrilhook.jar' does not exist or contains no resources.
06-04 17:06:44.768  1046  1117 I DisplayManagerService: Display device changed: DisplayDeviceInfo{"기본으로 제공되는 화면": 1440 x 2560, 60.0 fps, supportedRefreshRates [60.0], density 640, 537.882 x 541.866 dpi, appVsyncOff 0, presDeadline 17666667, touch INTERNAL, rotation 0, type BUILT_IN, state OFF, FLAG_DEFAULT_DISPLAY, FLAG_ROTATES_WITH_CONTENT, FLAG_SECURE, FLAG_SUPPORTS_PROTECTED_BUFFERS}
06-04 17:06:44.768  1046  1046 V ActivityManager: Display changed displayId=0
06-04 17:06:44.775  1046  1963 I ActivityManager: Start proc com.lge.lgdmsclient for broadcast com.lge.lgdmsclient/.dmclient.agent.DmDeviceActionReceiver: pid=3881 uid=1000 gids={41000, 9997, 3003, 1028, 1015, 3002, 1023, 1004, 2002, 3001, 3008, 1007, 1026, 3005, 1009, 1027, 1003, 2510, 1014, 1010, 4002, 2001, 1000, 1002, 1021, 3004, 3009} abi=armeabi-v7a
06-04 17:06:44.782  1859  1876 V LGMDMManager: gACIA(NULL) ret:0
06-04 17:06:44.794  1859  1876 V LGMDMManager: gACIA(NULL) ret:0
06-04 17:06:44.843  3881  3881 W ContextImpl: Calling a method in the system process without a qualified user: android.app.ContextImpl.startService:1798 android.content.ContextWrapper.startService:515 com.lge.lgdmsclient.dmclient.agent.DmDeviceActionReceiver.doAction:86 com.lge.lgdmsclient.dmclient.agent.DmDeviceActionReceiver.onReceive:128 android.app.ActivityThread.handleReceiver:2663 
06-04 17:06:44.905  1046  1963 I ActivityManager: Killing 3338:com.android.providers.calendar/u0a22 (adj 15): empty #17
06-04 17:06:44.960  1046  2001 W libprocessgroup: failed to open /acct/uid_10022/pid_3338/cgroup.procs: No such file or directory
06-04 17:06:44.960  1046  2001 W WindowManager: Execute app transition: mNextAppTransition=0xffffffff
06-04 17:06:44.960  1046  2001 W WindowManager: java.lang.RuntimeException: here
06-04 17:06:44.960  1046  2001 W WindowManager: 	at com.android.server.wm.WindowManagerService.executeAppTransition(WindowManagerService.java:4314)
06-04 17:06:44.960  1046  2001 W WindowManager: 	at com.android.server.am.ActivityStack.resumeTopActivityInnerLocked(ActivityStack.java:1794)
06-04 17:06:44.960  1046  2001 W WindowManager: 	at com.android.server.am.ActivityStack.resumeTopActivityLocked(ActivityStack.java:1663)
06-04 17:06:44.960  1046  2001 W WindowManager: 	at com.android.server.am.ActivityStackEx.resumeTopActivityLocked(ActivityStackEx.java:40)
06-04 17:06:44.960  1046  2001 W WindowManager: 	at com.android.server.am.ActivityStackSupervisor.resumeTopActivitiesLocked(ActivityStackSupervisor.java:2650)
06-04 17:06:44.960  1046  2001 W WindowManager: 	at com.android.server.am.ActivityStackSupervisor.resumeTopActivitiesLocked(ActivityStackSupervisor.java:2639)
06-04 17:06:44.960  1046  2001 W WindowManager: 	at com.android.server.am.ActivityManagerService.handleAppDiedLocked(ActivityManagerService.java:5102)
06-04 17:06:44.960  1046  2001 W WindowManager: 	at com.android.server.am.ActivityManagerService.appDiedLocked(ActivityManagerService.java:5244)
06-04 17:06:44.960  1046  2001 W WindowManager: 	at com.android.server.am.ActivityManagerService$AppDeathRecipient.binderDied(ActivityManagerService.java:1234)
06-04 17:06:44.960  1046  2001 W WindowManager: 	at android.os.BinderProxy.sendDeathNotice(Binder.java:553)
06-04 17:06:44.960  1046  2001 D ActivityManager: resumeTopActivityLocked: Going to sleep and all paused
06-04 17:06:45.023  1046  1046 I ActivityManager: Start proc com.kddi.android.au_wifi_connect:jp.co.kddi.checker_android for broadcast com.kddi.android.au_wifi_connect/jp.co.kddi.checker_android.receiver.StartReceiver: pid=3904 uid=10061 gids={50061, 9997, 3003, 1028, 1015, 1007} abi=armeabi-v7a
06-04 17:06:45.057  3904  3904 W ResourcesManager: Asset path '/system/framework/com.google.android.maps.jar' does not exist or contains no resources.
06-04 17:06:45.142  1046  1449 I ActivityManager: Killing 3198:com.lge.clock/u0a18 (adj 15): empty #17
06-04 17:06:45.210  1046  1063 W libprocessgroup: failed to open /acct/uid_10018/pid_3198/cgroup.procs: No such file or directory
06-04 17:06:45.211  1046  1063 W WindowManager: Execute app transition: mNextAppTransition=0xffffffff
06-04 17:06:45.211  1046  1063 W WindowManager: java.lang.RuntimeException: here
06-04 17:06:45.211  1046  1063 W WindowManager: 	at com.android.server.wm.WindowManagerService.executeAppTransition(WindowManagerService.java:4314)
06-04 17:06:45.211  1046  1063 W WindowManager: 	at com.android.server.am.ActivityStack.resumeTopActivityInnerLocked(ActivityStack.java:1794)
06-04 17:06:45.211  1046  1063 W WindowManager: 	at com.android.server.am.ActivityStack.resumeTopActivityLocked(ActivityStack.java:1663)
06-04 17:06:45.211  1046  1063 W WindowManager: 	at com.android.server.am.ActivityStackEx.resumeTopActivityLocked(ActivityStackEx.java:40)
06-04 17:06:45.211  1046  1063 W WindowManager: 	at com.android.server.am.ActivityStackSupervisor.resumeTopActivitiesLocked(ActivityStackSupervisor.java:2650)
06-04 17:06:45.211  1046  1063 W WindowManager: 	at com.android.server.am.ActivityStackSupervisor.resumeTopActivitiesLocked(ActivityStackSupervisor.java:2639)
