06-04 17:06:50.658  1046  1962 W WindowManager: 	at com.android.server.am.ActivityManagerService$AppDeathRecipient.binderDied(ActivityManagerService.java:1234)
06-04 17:06:50.658  1046  1962 W WindowManager: 	at android.os.BinderProxy.sendDeathNotice(Binder.java:553)
06-04 17:06:50.658  1046  1962 D ActivityManager: resumeTopActivityLocked: Going to sleep and all paused
06-04 17:06:50.690  4435  4435 W ResourcesManager: Asset path '/system/framework/com.lge.mdm.jar' does not exist or contains no resources.
06-04 17:06:50.690  4435  4435 W ResourcesManager: Asset path '/system/framework/lgsvcitems.jar' does not exist or contains no resources.
06-04 17:06:50.690  4435  4435 W ResourcesManager: Asset path '/system/framework/qcrilhook.jar' does not exist or contains no resources.
06-04 17:06:50.700  1046  2001 I ActivityManager: Start proc com.uei.lg.quicksetsdk.lite for service com.uei.lg.quicksetsdk.lite/com.uei.control.Service: pid=4455 uid=10127 gids={50127, 9997, 3003, 1028, 1015} abi=armeabi-v7a
06-04 17:06:50.738  1046  2095 I ActivityManager: Start proc jp.co.optim.oru for broadcast jp.co.optim.oru/.OruReceiver: pid=4473 uid=10121 gids={50121, 9997, 3003} abi=armeabi-v7a
06-04 17:06:50.739  1046  2095 I ActivityManager: Killing 3982:com.lge.eula/1000 (adj 15): empty #17
06-04 17:06:50.811  1046  1799 W libprocessgroup: failed to open /acct/uid_1000/pid_3982/cgroup.procs: No such file or directory
06-04 17:06:50.812  1046  1799 W WindowManager: Execute app transition: mNextAppTransition=0xffffffff
06-04 17:06:50.812  1046  1799 W WindowManager: java.lang.RuntimeException: here
06-04 17:06:50.812  1046  1799 W WindowManager: 	at com.android.server.wm.WindowManagerService.executeAppTransition(WindowManagerService.java:4314)
06-04 17:06:50.812  1046  1799 W WindowManager: 	at com.android.server.am.ActivityStack.resumeTopActivityInnerLocked(ActivityStack.java:1794)
06-04 17:06:50.812  1046  1799 W WindowManager: 	at com.android.server.am.ActivityStack.resumeTopActivityLocked(ActivityStack.java:1663)
06-04 17:06:50.812  1046  1799 W WindowManager: 	at com.android.server.am.ActivityStackEx.resumeTopActivityLocked(ActivityStackEx.java:40)
06-04 17:06:50.812  1046  1799 W WindowManager: 	at com.android.server.am.ActivityStackSupervisor.resumeTopActivitiesLocked(ActivityStackSupervisor.java:2650)
06-04 17:06:50.812  1046  1799 W WindowManager: 	at com.android.server.am.ActivityStackSupervisor.resumeTopActivitiesLocked(ActivityStackSupervisor.java:2639)
06-04 17:06:50.812  1046  1799 W WindowManager: 	at com.android.server.am.ActivityManagerService.handleAppDiedLocked(ActivityManagerService.java:5102)
06-04 17:06:50.812  1046  1799 W WindowManager: 	at com.android.server.am.ActivityManagerService.appDiedLocked(ActivityManagerService.java:5244)
06-04 17:06:50.812  1046  1799 W WindowManager: 	at com.android.server.am.ActivityManagerService$AppDeathRecipient.binderDied(ActivityManagerService.java:1234)
06-04 17:06:50.812  1046  1799 W WindowManager: 	at android.os.BinderProxy.sendDeathNotice(Binder.java:553)
06-04 17:06:50.812  1046  1799 D ActivityManager: resumeTopActivityLocked: Going to sleep and all paused
06-04 17:06:50.899  1046  1983 I ActivityManager: Start proc com.gemalto.tsmproxy for broadcast com.gemalto.tsmproxy/.debug.LowMemoryChecker: pid=4493 uid=10132 gids={50132, 9997, 3003, 1028, 1015} abi=armeabi-v7a
06-04 17:06:50.900  1046  1983 I ActivityManager: Killing 2467:com.lge.qremote/u0a158 (adj 15): empty #17
06-04 17:06:50.928  3047  4111 W ActivityThread: ClassLoader.loadClass: The class loader returned by Thread.getContextClassLoader() may fail for processes that host multiple applications. You should explicitly specify a context class loader. For example: Thread.setContextClassLoader(getClass().getClassLoader());
06-04 17:06:50.990  1046  2036 W libprocessgroup: failed to open /acct/uid_10158/pid_2467/cgroup.procs: No such file or directory
06-04 17:06:50.993  1046  2036 W WindowManager: Execute app transition: mNextAppTransition=0xffffffff
06-04 17:06:50.993  1046  2036 W WindowManager: java.lang.RuntimeException: here
06-04 17:06:50.993  1046  2036 W WindowManager: 	at com.android.server.wm.WindowManagerService.executeAppTransition(WindowManagerService.java:4314)
06-04 17:06:50.993  1046  2036 W WindowManager: 	at com.android.server.am.ActivityStack.resumeTopActivityInnerLocked(ActivityStack.java:1794)
06-04 17:06:50.993  1046  2036 W WindowManager: 	at com.android.server.am.ActivityStack.resumeTopActivityLocked(ActivityStack.java:1663)
06-04 17:06:50.993  1046  2036 W WindowManager: 	at com.android.server.am.ActivityStackEx.resumeTopActivityLocked(ActivityStackEx.java:40)
06-04 17:06:50.993  1046  2036 W WindowManager: 	at com.android.server.am.ActivityStackSupervisor.resumeTopActivitiesLocked(ActivityStackSupervisor.java:2650)
06-04 17:06:50.993  1046  2036 W WindowManager: 	at com.android.server.am.ActivityStackSupervisor.resumeTopActivitiesLocked(ActivityStackSupervisor.java:2639)
06-04 17:06:50.993  1046  2036 W WindowManager: 	at com.android.server.am.ActivityManagerService.handleAppDiedLocked(ActivityManagerService.java:5102)
06-04 17:06:50.993  1046  2036 W WindowManager: 	at com.android.server.am.ActivityManagerService.appDiedLocked(ActivityManagerService.java:5244)
06-04 17:06:50.993  1046  2036 W WindowManager: 	at com.android.server.am.ActivityManagerService$AppDeathRecipient.binderDied(ActivityManagerService.java:1234)
06-04 17:06:50.993  1046  2036 W WindowManager: 	at android.os.BinderProxy.sendDeathNotice(Binder.java:553)
06-04 17:06:50.993  1046  2036 D ActivityManager: resumeTopActivityLocked: Going to sleep and all paused
06-04 17:06:51.007  4493  4493 W ResourcesManager: Asset path '/system/framework/org.simalliance.openmobileapi.jar' does not exist or contains no resources.
06-04 17:06:51.018  1046  1449 W BroadcastQueue: Permission Denial: receiving Intent { act=android.intent.action.BOOT_COMPLETED flg=0x8000010 (has extras) } to com.kddi.auoneshopping/.content.BootReceiver requires android.permission.RECEIVE_BOOT_COMPLETED due to sender null (uid 1000)
06-04 17:06:51.019  1046  1449 I ActivityManager: Killing 3881:com.lge.lgdmsclient/1000 (adj 15): empty #17
06-04 17:06:51.081  1046  1063 W libprocessgroup: failed to open /acct/uid_1000/pid_3881/cgroup.procs: No such file or directory
06-04 17:06:51.081  1046  1063 W WindowManager: Execute app transition: mNextAppTransition=0xffffffff
06-04 17:06:51.081  1046  1063 W WindowManager: java.lang.RuntimeException: here
06-04 17:06:51.081  1046  1063 W WindowManager: 	at com.android.server.wm.WindowManagerService.executeAppTransition(WindowManagerService.java:4314)
06-04 17:06:51.081  1046  1063 W WindowManager: 	at com.android.server.am.ActivityStack.resumeTopActivityInnerLocked(ActivityStack.java:1794)
06-04 17:06:51.081  1046  1063 W WindowManager: 	at com.android.server.am.ActivityStack.resumeTopActivityLocked(ActivityStack.java:1663)
06-04 17:06:51.081  1046  1063 W WindowManager: 	at com.android.server.am.ActivityStackEx.resumeTopActivityLocked(ActivityStackEx.java:40)
06-04 17:06:51.081  1046  1063 W WindowManager: 	at com.android.server.am.ActivityStackSupervisor.resumeTopActivitiesLocked(ActivityStackSupervisor.java:2650)
06-04 17:06:51.081  1046  1063 W WindowManager: 	at com.android.server.am.ActivityStackSupervisor.resumeTopActivitiesLocked(ActivityStackSupervisor.java:2639)
06-04 17:06:51.081  1046  1063 W WindowManager: 	at com.android.server.am.ActivityManagerService.handleAppDiedLocked(ActivityManagerService.java:5102)
06-04 17:06:51.081  1046  1063 W WindowManager: 	at com.android.server.am.ActivityManagerService.appDiedLocked(ActivityManagerService.java:5244)
06-04 17:06:51.081  1046  1063 W WindowManager: 	at com.android.server.am.ActivityManagerService$AppDeathRecipient.binderDied(ActivityManagerService.java:1234)
06-04 17:06:51.081  1046  1063 W WindowManager: 	at android.os.BinderProxy.sendDeathNotice(Binder.java:553)
06-04 17:06:51.081  1046  1063 D ActivityManager: resumeTopActivityLocked: Going to sleep and all paused
06-04 17:06:51.246  1046  1046 I AlarmManagerService: Screen On
06-04 17:06:51.281  1046  2036 I ActivityManager: Start proc jp.kddilabs.smartnetwork.troubleshooting for broadcast jp.kddilabs.smartnetwork.troubleshooting/.common.receiver.ActionReceiver: pid=4537 uid=10006 gids={50006, 9997, 3001, 3002, 3003, 1007, 1028, 1015} abi=armeabi-v7a
06-04 17:06:51.316  1046  2050 D PowerManagerServiceEx: acquireWakeLockInternal: lock=711184200, flags=0x20000001, tag="CancelableTaskScheduler", ws=null, historyTag=null, uid=10026, pid=3860
06-04 17:06:51.345  1046  1063 I ActivityManager: Killing 4045:com.android.keychain/1000 (adj 15): empty #17
06-04 17:06:51.412  1046  1799 W libprocessgroup: failed to open /acct/uid_1000/pid_4045/cgroup.procs: No such file or directory
06-04 17:06:51.412  1046  1799 W WindowManager: Execute app transition: mNextAppTransition=0xffffffff
06-04 17:06:51.412  1046  1799 W WindowManager: java.lang.RuntimeException: here
06-04 17:06:51.412  1046  1799 W WindowManager: 	at com.android.server.wm.WindowManagerService.executeAppTransition(WindowManagerService.java:4314)
06-04 17:06:51.412  1046  1799 W WindowManager: 	at com.android.server.am.ActivityStack.resumeTopActivityInnerLocked(ActivityStack.java:1794)
06-04 17:06:51.412  1046  1799 W WindowManager: 	at com.android.server.am.ActivityStack.resumeTopActivityLocked(ActivityStack.java:1663)
06-04 17:06:51.412  1046  1799 W WindowManager: 	at com.android.server.am.ActivityStackEx.resumeTopActivityLocked(ActivityStackEx.java:40)
06-04 17:06:51.412  1046  1799 W WindowManager: 	at com.android.server.am.ActivityStackSupervisor.resumeTopActivitiesLocked(ActivityStackSupervisor.java:2650)
06-04 17:06:51.412  1046  1799 W WindowManager: 	at com.android.server.am.ActivityStackSupervisor.resumeTopActivitiesLocked(ActivityStackSupervisor.java:2639)
06-04 17:06:51.412  1046  1799 W WindowManager: 	at com.android.server.am.ActivityManagerService.handleAppDiedLocked(ActivityManagerService.java:5102)
06-04 17:06:51.412  1046  1799 W WindowManager: 	at com.android.server.am.ActivityManagerService.appDiedLocked(ActivityManagerService.java:5244)
06-04 17:06:51.412  1046  1799 W WindowManager: 	at com.android.server.am.ActivityManagerService$AppDeathRecipient.binderDied(ActivityManagerService.java:1234)
06-04 17:06:51.412  1046  1799 W WindowManager: 	at android.os.BinderProxy.sendDeathNotice(Binder.java:553)
06-04 17:06:51.412  1046  1799 D ActivityManager: resumeTopActivityLocked: Going to sleep and all paused
06-04 17:06:51.439  1944  1944 D LEDService: android.intent.action.SCREEN_ON
06-04 17:06:51.439  1944  2192 I LEDService: getCurrentHighestLGLedRecord() start. size = 1
06-04 17:06:51.439  1944  2192 V LEDService: 0 : LGLedRecord{38649be4 flags=2 patternId=4 color=0 priority=-1 recordId=0 pkg=batteryinfo infinite=true mExceptional=false mNativeNotification=false whichLedPlay=1 patternFilePath=null}
06-04 17:06:51.439  1944  2192 D LEDService: getHighestPriorityRecordLocked
06-04 17:06:51.440  1944  2192 D LEDService: findPriorityLevelLocked priority : -1
06-04 17:06:51.440  1944  2192 I LEDService: i : 0 r=batteryinfo, flag=2, priority=-1, isValid=true
06-04 17:06:51.440  1944  2192 D LEDService: *result=LGLedRecord{38649be4 flags=2 patternId=4 color=0 priority=-1 recordId=0 pkg=batteryinfo infinite=true mExceptional=false mNativeNotification=false whichLedPlay=1 patternFilePath=null}, mLedArrayPriority=-1
06-04 17:06:51.440  1944  2192 D LEDService: *mCurrentLed = LGLedRecord{38649be4 flags=2 patternId=4 color=0 priority=-1 recordId=0 pkg=batteryinfo infinite=true mExceptional=false mNativeNotification=false whichLedPlay=1 patternFilePath=null}
06-04 17:06:51.441  1944  2192 D LEDService: checkToRestartLed() result = false
06-04 17:06:51.593  1046  1046 W BroadcastQueue: Failure sending broadcast Intent { act=android.intent.action.SCREEN_ON flg=0x50000010 }
06-04 17:06:51.593  1046  1046 W BroadcastQueue: android.os.RemoteException: app.thread must not be null
06-04 17:06:51.593  1046  1046 W BroadcastQueue: 	at com.android.server.am.BroadcastQueue.performReceiveLocked(BroadcastQueue.java:480)
06-04 17:06:51.593  1046  1046 W BroadcastQueue: 	at com.android.server.am.BroadcastQueue.deliverToRegisteredReceiverLocked(BroadcastQueue.java:571)
06-04 17:06:51.593  1046  1046 W BroadcastQueue: 	at com.android.server.am.BroadcastQueue.processNextBroadcast(BroadcastQueue.java:815)
06-04 17:06:51.593  1046  1046 W BroadcastQueue: 	at com.android.server.am.ActivityManagerService.finishReceiver(ActivityManagerService.java:16837)
06-04 17:06:51.593  1046  1046 W BroadcastQueue: 	at android.content.BroadcastReceiver$PendingResult.sendFinished(BroadcastReceiver.java:421)
06-04 17:06:51.593  1046  1046 W BroadcastQueue: 	at android.content.BroadcastReceiver$PendingResult.finish(BroadcastReceiver.java:397)
06-04 17:06:51.593  1046  1046 W BroadcastQueue: 	at android.app.LoadedApk$ReceiverDispatcher$Args.run(LoadedApk.java:1060)
06-04 17:06:51.593  1046  1046 W BroadcastQueue: 	at android.os.Handler.handleCallback(Handler.java:739)
06-04 17:06:51.593  1046  1046 W BroadcastQueue: 	at android.os.Handler.dispatchMessage(Handler.java:95)
06-04 17:06:51.593  1046  1046 W BroadcastQueue: 	at android.os.Looper.loop(Looper.java:135)
06-04 17:06:51.593  1046  1046 W BroadcastQueue: 	at com.android.server.SystemServer.run(SystemServer.java:302)
06-04 17:06:51.593  1046  1046 W BroadcastQueue: 	at com.android.server.SystemServer.main(SystemServer.java:203)
06-04 17:06:51.593  1046  1046 W BroadcastQueue: 	at java.lang.reflect.Method.invoke(Native Method)
06-04 17:06:51.593  1046  1046 W BroadcastQueue: 	at java.lang.reflect.Method.invoke(Method.java:372)
06-04 17:06:51.593  1046  1046 W BroadcastQueue: 	at com.android.internal.os.ZygoteInit$MethodAndArgsCaller.run(ZygoteInit.java:908)
06-04 17:06:51.593  1046  1046 W BroadcastQueue: 	at com.android.internal.os.ZygoteInit.main(ZygoteInit.java:703)
06-04 17:06:51.599  1046  1046 I AlarmManagerService: Screen Off
06-04 17:06:51.600  1046  1046 V AlarmManagerService: Adding alarm PendingIntent{38e37945: PendingIntentRecord{182bd89a com.kddi.pass.launcher startService}}, at 0, alarms: 1, type: 1
06-04 17:06:51.600  1046  1046 V AlarmManagerService: Adding alarm PendingIntent{7c655cb: PendingIntentRecord{239891a8 android broadcastIntent}}, at 0, alarms: 2, type: 1
06-04 17:06:51.600  1046  1046 V AlarmManagerService: Adding alarm PendingIntent{344764c1: PendingIntentRecord{315ee466 android broadcastIntent}}, at 0, alarms: 3, type: 3
06-04 17:06:51.600  1046  1046 V AlarmManagerService: Adding alarm PendingIntent{3be283a7: PendingIntentRecord{3db92054 com.kddi.pass.launcher startService}}, at 1, alarms: 4, type: 1
06-04 17:06:51.600  1046  1046 V AlarmManagerService: Adding alarm PendingIntent{4a48bfd: PendingIntentRecord{1f64e0f2 com.lge.launcher2 broadcastIntent}}, at 1, alarms: 5, type: 1
06-04 17:06:51.600  1046  1046 V AlarmManagerService: Adding alarm PendingIntent{7a9b343: PendingIntentRecord{20b1edc0 com.android.phone broadcastIntent}}, at 0, alarms: 6, type: 3
06-04 17:06:51.600  1046  1046 V AlarmManagerService: Adding alarm PendingIntent{4b2eaf9: PendingIntentRecord{395c1a3e android broadcastIntent}}, at 2, alarms: 7, type: 1
06-04 17:06:51.600  1046  1046 V AlarmManagerService: Adding alarm PendingIntent{62a409f: PendingIntentRecord{19a825ec com.lge.sizechangable.weather broadcastIntent}}, at 2, alarms: 8, type: 1
06-04 17:06:51.600  1046  1046 V AlarmManagerService: Adding alarm PendingIntent{28ae3db5: PendingIntentRecord{17fb9c4a jp.auone.wallet startService}}, at 2, alarms: 9, type: 1
06-04 17:06:51.600  1046  1046 V AlarmManagerService: Adding alarm PendingIntent{afc47bb: PendingIntentRecord{e7b4d8 android broadcastIntent}}, at 0, alarms: 10, type: 3
06-04 17:06:51.601  1046  1046 V AlarmManagerService: Adding alarm PendingIntent{32d20031: PendingIntentRecord{365f3316 com.lge.clock broadcastIntent}}, at 3, alarms: 11, type: 1
06-04 17:06:51.601  1046  1046 V AlarmManagerService: Adding alarm PendingIntent{11da497: PendingIntentRecord{258f4684 com.android.phone broadcastIntent}}, at 0, alarms: 12, type: 3
06-04 17:06:51.601  1046  1046 V AlarmManagerService: Adding alarm PendingIntent{33956e6d: PendingIntentRecord{13936aa2 android broadcastIntent}}, at 0, alarms: 13, type: 3
06-04 17:06:51.601  1046  1046 V AlarmManagerService: Adding alarm PendingIntent{1b8df333: PendingIntentRecord{7fc46f0 android broadcastIntent}}, at 0, alarms: 14, type: 3
06-04 17:06:51.601  1046  1046 V AlarmManagerService: Adding alarm PendingIntent{11a78469: PendingIntentRecord{20e18eee jp.netstar.familysmile startService}}, at 0, alarms: 15, type: 3
06-04 17:06:51.601  1046  1046 V AlarmManagerService: Adding alarm PendingIntent{33aa8f8f: PendingIntentRecord{ef6e21c jp.netstar.familysmile startService}}, at 0, alarms: 16, type: 3
06-04 17:06:51.627  1046  1375 D WifiController: CMD_SCREEN_OFF 
06-04 17:06:51.627  1046  1375 D WifiController: shouldWifiStayAwake TRUE
06-04 17:06:51.684  1944  1944 D LEDService: android.intent.action.SCREEN_OFF
06-04 17:06:51.684  1944  2192 I LEDService: getCurrentHighestLGLedRecord() start. size = 1
06-04 17:06:51.684  1944  2192 V LEDService: 0 : LGLedRecord{38649be4 flags=2 patternId=4 color=0 priority=-1 recordId=0 pkg=batteryinfo infinite=true mExceptional=false mNativeNotification=false whichLedPlay=1 patternFilePath=null}
06-04 17:06:51.684  1944  2192 D LEDService: getHighestPriorityRecordLocked
06-04 17:06:51.684  1944  2192 D LEDService: findPriorityLevelLocked priority : -1
06-04 17:06:51.684  1944  2192 I LEDService: i : 0 r=batteryinfo, flag=2, priority=-1, isValid=true
06-04 17:06:51.684  1944  1944 D VolumeVibrator: clear
06-04 17:06:51.685  1944  2192 D LEDService: *result=LGLedRecord{38649be4 flags=2 patternId=4 color=0 priority=-1 recordId=0 pkg=batteryinfo infinite=true mExceptional=false mNativeNotification=false whichLedPlay=1 patternFilePath=null}, mLedArrayPriority=-1
06-04 17:06:51.685  1944  2192 D LEDService: *mCurrentLed = LGLedRecord{38649be4 flags=2 patternId=4 color=0 priority=-1 recordId=0 pkg=batteryinfo infinite=true mExceptional=false mNativeNotification=false whichLedPlay=1 patternFilePath=null}
06-04 17:06:51.685  1944  2192 D LEDService: checkToRestartLed() result = false
06-04 17:06:51.704  1046  2001 I AlarmManagerService: setImpl is called during Screen Off, nonWakeup Alarm will be saved
06-04 17:06:51.704  1046  2001 V AlarmManagerService: Adding alarm PendingIntent{290fc052: PendingIntentRecord{19ba0f23 com.google.android.gms broadcastIntent}}, at 16, alarms: 17, type: 1
06-04 17:06:51.709  1046  2095 I AlarmManagerService: setImpl is called during Screen Off, nonWakeup Alarm will be saved
06-04 17:06:51.709  1046  2095 V AlarmManagerService: Adding alarm PendingIntent{3ce74c20: PendingIntentRecord{258f4684 com.android.phone broadcastIntent}}, at 4, alarms: 17, type: 3
06-04 17:06:51.723  1046  1943 W ActivityManager: getTasks: caller 10036 is using old GET_TASKS but privileged; allowing
06-04 17:06:51.738  3429  3429 D SensorManager: found sensor: LGE Accelerometer, handle=0
06-04 17:06:51.738  3429  3429 D SensorManager: found sensor: LGE Magnetic Field, handle=10
06-04 17:06:51.738  3429  3429 D SensorManager: found sensor: LGE Magnetic Field Uncalibrated, handle=11
06-04 17:06:51.738  3429  3429 D SensorManager: found sensor: LGE Gyroscope, handle=2
06-04 17:06:51.738  3429  3429 D SensorManager: found sensor: LGE Gyroscope Uncalibrated, handle=8
06-04 17:06:51.738  3429  3429 D SensorManager: found sensor: LGE Proximity, handle=48
06-04 17:06:51.738  3429  3429 D SensorManager: found sensor: LGE Virtual Proximity Sensor, handle=71
06-04 17:06:51.738  3429  3429 D SensorManager: found sensor: LGE Gravity Sensor, handle=29
06-04 17:06:51.738  3429  3429 D SensorManager: found sensor: LGE Linear Acceleration Sensor, handle=30
06-04 17:06:51.738  3429  3429 D SensorManager: found sensor: LGE Rotation Vector Sensor, handle=36
06-04 17:06:51.738  3429  3429 D SensorManager: found sensor: LGE Step Detector Sensor, handle=43
06-04 17:06:51.738  3429  3429 D SensorManager: found sensor: LGE Step Counter Sensor, handle=44
06-04 17:06:51.738  3429  3429 D SensorManager: found sensor: LGE Significant Motion Detector Sensor, handle=47
06-04 17:06:51.738  3429  3429 D SensorManager: found sensor: LGE Game Rotation Vector Sensor, handle=50
06-04 17:06:51.738  3429  3429 D SensorManager: found sensor: LGE GeoMagnetic Rotation Vector Sensor, handle=53
06-04 17:06:51.738  3429  3429 D SensorManager: found sensor: LGE Orientation Sensor, handle=49
06-04 17:06:51.738  3429  3429 D SensorManager: found sensor: LGE Tilt Detector Sensor, handle=55
06-04 17:06:51.738  3429  3429 D SensorManager: found sensor: LGE Absolute Motion Detector Sensor, handle=33
06-04 17:06:51.738  3429  3429 D SensorManager: found sensor: LGE Relative Motion Detector Sensor, handle=34
06-04 17:06:51.738  3429  3429 D SensorManager: found sensor: LGE Basic Gestures Sensor, handle=37
06-04 17:06:51.738  3429  3429 D SensorManager: found sensor: Motion Accel, handle=46
06-04 17:06:51.739  3429  3429 I SensorManager: registerListenerImpl() [Sensor: LGE Accelerometer, Rate: 66667, SensorEventListener: jp.kddilabs.lib.android.shaka.service.AbstractServiceEstimate$2@24dd880c] by jp.kddilabs.lib.android.shaka.service.AbstractServiceEstimate.startAcc():-1
06-04 17:06:51.785  1046  2036 I ActivityManager: Start proc com.google.android.onetimeinitializer for broadcast com.google.android.onetimeinitializer/.OneTimeInitializerReceiver: pid=4613 uid=10014 gids={50014, 9997} abi=armeabi-v7a
06-04 17:06:51.793  1859  1875 V LGMDMManager: gACIA(NULL) ret:0
06-04 17:06:51.858  1046  1799 D PowerManagerServiceEx: releaseWakeLockInternal: lock=711184200 [CancelableTaskScheduler], flags=0x0
06-04 17:06:51.870  3429  3429 I SensorManager: removeAllSensors() [Sensor: LGE Accelerometer] by jp.kddilabs.lib.android.shaka.service.AbstractServiceEstimate.stopAcc():-1
06-04 17:06:51.873  1046  2036 I ActivityManager: Killing 4089:android.process.media/u0a28 (adj 15): empty #17
06-04 17:06:51.910  1944  2315 V LGPowerManagerHelper: [ThermalDataMonitor] mThermalType=battery, mCurrentThermalValue=34.5, mPreviousThermalValue=33.7
06-04 17:06:51.915  1944  2317 V LGPowerManagerHelper: [ThermalDataMonitor] mThermalType=xo, mCurrentThermalValue=40.0, mPreviousThermalValue=39.0
06-04 17:06:51.915  1944  2317 V LGPowerManagerHelper: [com.android.systemui.exit_sync_call] observer detects updated data : thresholdMin=55.0, thresholdMax=100.0, currentValue=40.0
06-04 17:06:51.951  1046  1419 W libprocessgroup: failed to open /acct/uid_10028/pid_4089/cgroup.procs: No such file or directory
06-04 17:06:51.953  1046  1419 W WindowManager: Execute app transition: mNextAppTransition=0xffffffff
06-04 17:06:51.953  1046  1419 W WindowManager: java.lang.RuntimeException: here
06-04 17:06:51.953  1046  1419 W WindowManager: 	at com.android.server.wm.WindowManagerService.executeAppTransition(WindowManagerService.java:4314)
06-04 17:06:51.953  1046  1419 W WindowManager: 	at com.android.server.am.ActivityStack.resumeTopActivityInnerLocked(ActivityStack.java:1794)
06-04 17:06:51.953  1046  1419 W WindowManager: 	at com.android.server.am.ActivityStack.resumeTopActivityLocked(ActivityStack.java:1663)
06-04 17:06:51.953  1046  1419 W WindowManager: 	at com.android.server.am.ActivityStackEx.resumeTopActivityLocked(ActivityStackEx.java:40)
06-04 17:06:51.953  1046  1419 W WindowManager: 	at com.android.server.am.ActivityStackSupervisor.resumeTopActivitiesLocked(ActivityStackSupervisor.java:2650)
06-04 17:06:51.953  1046  1419 W WindowManager: 	at com.android.server.am.ActivityStackSupervisor.resumeTopActivitiesLocked(ActivityStackSupervisor.java:2639)
06-04 17:06:51.953  1046  1419 W WindowManager: 	at com.android.server.am.ActivityManagerService.handleAppDiedLocked(ActivityManagerService.java:5102)
06-04 17:06:51.953  1046  1419 W WindowManager: 	at com.android.server.am.ActivityManagerService.appDiedLocked(ActivityManagerService.java:5244)
06-04 17:06:51.953  1046  1419 W WindowManager: 	at com.android.server.am.ActivityManagerService$AppDeathRecipient.binderDied(ActivityManagerService.java:1234)
06-04 17:06:51.953  1046  1419 W WindowManager: 	at android.os.BinderProxy.sendDeathNotice(Binder.java:553)
06-04 17:06:51.953  1046  1419 D ActivityManager: resumeTopActivityLocked: Going to sleep and all paused
06-04 17:06:51.986  1046  2095 I ActivityManager: Start proc com.google.android.partnersetup for broadcast com.google.android.partnersetup/.GooglePartnerSetup: pid=4638 uid=10015 gids={50015, 9997, 3003} abi=armeabi-v7a
06-04 17:06:51.988  4455  4455 E ActivityThread: Service com.uei.control.Service has leaked ServiceConnection com.uei.control.j@1faffca7 that was originally bound here
06-04 17:06:51.988  4455  4455 E ActivityThread: android.app.ServiceConnectionLeaked: Service com.uei.control.Service has leaked ServiceConnection com.uei.control.j@1faffca7 that was originally bound here
06-04 17:06:51.988  4455  4455 E ActivityThread: 	at android.app.LoadedApk$ServiceDispatcher.<init>(LoadedApk.java:1254)
06-04 17:06:51.988  4455  4455 E ActivityThread: 	at android.app.LoadedApk.getServiceDispatcher(LoadedApk.java:1148)
06-04 17:06:51.988  4455  4455 E ActivityThread: 	at android.app.ContextImpl.bindServiceCommon(ContextImpl.java:1882)
06-04 17:06:51.988  4455  4455 E ActivityThread: 	at android.app.ContextImpl.bindService(ContextImpl.java:1865)
06-04 17:06:51.988  4455  4455 E ActivityThread: 	at android.content.ContextWrapper.bindService(ContextWrapper.java:538)
06-04 17:06:51.988  4455  4455 E ActivityThread: 	at com.uei.control.Service.b(Unknown Source)
06-04 17:06:51.988  4455  4455 E ActivityThread: 	at com.uei.control.Service.a(Unknown Source)
06-04 17:06:51.988  4455  4455 E ActivityThread: 	at com.uei.control.Service.onCreate(Unknown Source)
06-04 17:06:51.988  4455  4455 E ActivityThread: 	at android.app.ActivityThread.handleCreateService(ActivityThread.java:2820)
06-04 17:06:51.988  4455  4455 E ActivityThread: 	at android.app.ActivityThread.access$1800(ActivityThread.java:155)
06-04 17:06:51.988  4455  4455 E ActivityThread: 	at android.app.ActivityThread$H.handleMessage(ActivityThread.java:1406)
06-04 17:06:51.988  4455  4455 E ActivityThread: 	at android.os.Handler.dispatchMessage(Handler.java:102)
06-04 17:06:51.988  4455  4455 E ActivityThread: 	at android.os.Looper.loop(Looper.java:135)
06-04 17:06:51.988  4455  4455 E ActivityThread: 	at android.app.ActivityThread.main(ActivityThread.java:5376)
06-04 17:06:51.988  4455  4455 E ActivityThread: 	at java.lang.reflect.Method.invoke(Native Method)
06-04 17:06:51.988  4455  4455 E ActivityThread: 	at java.lang.reflect.Method.invoke(Method.java:372)
06-04 17:06:51.988  4455  4455 E ActivityThread: 	at com.android.internal.os.ZygoteInit$MethodAndArgsCaller.run(ZygoteInit.java:908)
06-04 17:06:51.988  4455  4455 E ActivityThread: 	at com.android.internal.os.ZygoteInit.main(ZygoteInit.java:703)
06-04 17:06:51.988  1046  2095 I ActivityManager: Killing 4015:com.kddi.android.email/u0a65 (adj 15): empty #17
06-04 17:06:52.050  1046  2095 I ActivityManager: Killing 4119:jp.united.app.cocoppa/u0a5 (adj 15): empty #17
06-04 17:06:52.104  1046  1799 W libprocessgroup: failed to open /acct/uid_10065/pid_4015/cgroup.procs: No such file or directory
06-04 17:06:52.105  1046  1799 W WindowManager: Execute app transition: mNextAppTransition=0xffffffff
06-04 17:06:52.105  1046  1799 W WindowManager: java.lang.RuntimeException: here
06-04 17:06:52.105  1046  1799 W WindowManager: 	at com.android.server.wm.WindowManagerService.executeAppTransition(WindowManagerService.java:4314)
06-04 17:06:52.105  1046  1799 W WindowManager: 	at com.android.server.am.ActivityStack.resumeTopActivityInnerLocked(ActivityStack.java:1794)
06-04 17:06:52.105  1046  1799 W WindowManager: 	at com.android.server.am.ActivityStack.resumeTopActivityLocked(ActivityStack.java:1663)
06-04 17:06:52.105  1046  1799 W WindowManager: 	at com.android.server.am.ActivityStackEx.resumeTopActivityLocked(ActivityStackEx.java:40)
06-04 17:06:52.105  1046  1799 W WindowManager: 	at com.android.server.am.ActivityStackSupervisor.resumeTopActivitiesLocked(ActivityStackSupervisor.java:2650)
06-04 17:06:52.105  1046  1799 W WindowManager: 	at com.android.server.am.ActivityStackSupervisor.resumeTopActivitiesLocked(ActivityStackSupervisor.java:2639)
06-04 17:06:52.105  1046  1799 W WindowManager: 	at com.android.server.am.ActivityManagerService.handleAppDiedLocked(ActivityManagerService.java:5102)
06-04 17:06:52.105  1046  1799 W WindowManager: 	at com.android.server.am.ActivityManagerService.appDiedLocked(ActivityManagerService.java:5244)
06-04 17:06:52.105  1046  1799 W WindowManager: 	at com.android.server.am.ActivityManagerService$AppDeathRecipient.binderDied(ActivityManagerService.java:1234)
06-04 17:06:52.105  1046  1799 W WindowManager: 	at android.os.BinderProxy.sendDeathNotice(Binder.java:553)
06-04 17:06:52.105  1046  1799 D ActivityManager: resumeTopActivityLocked: Going to sleep and all paused
06-04 17:06:52.109  1046  2050 W libprocessgroup: failed to open /acct/uid_10005/pid_4119/cgroup.procs: No such file or directory
06-04 17:06:52.110  1046  2050 W WindowManager: Execute app transition: mNextAppTransition=0xffffffff
06-04 17:06:52.110  1046  2050 W WindowManager: java.lang.RuntimeException: here
06-04 17:06:52.110  1046  2050 W WindowManager: 	at com.android.server.wm.WindowManagerService.executeAppTransition(WindowManagerService.java:4314)
06-04 17:06:52.110  1046  2050 W WindowManager: 	at com.android.server.am.ActivityStack.resumeTopActivityInnerLocked(ActivityStack.java:1794)
06-04 17:06:52.110  1046  2050 W WindowManager: 	at com.android.server.am.ActivityStack.resumeTopActivityLocked(ActivityStack.java:1663)
06-04 17:06:52.110  1046  2050 W WindowManager: 	at com.android.server.am.ActivityStackEx.resumeTopActivityLocked(ActivityStackEx.java:40)
06-04 17:06:52.110  1046  2050 W WindowManager: 	at com.android.server.am.ActivityStackSupervisor.resumeTopActivitiesLocked(ActivityStackSupervisor.java:2650)
06-04 17:06:52.110  1046  2050 W WindowManager: 	at com.android.server.am.ActivityStackSupervisor.resumeTopActivitiesLocked(ActivityStackSupervisor.java:2639)
06-04 17:06:52.110  1046  2050 W WindowManager: 	at com.android.server.am.ActivityManagerService.handleAppDiedLocked(ActivityManagerService.java:5102)
06-04 17:06:52.110  1046  2050 W WindowManager: 	at com.android.server.am.ActivityManagerService.appDiedLocked(ActivityManagerService.java:5244)
06-04 17:06:52.110  1046  2050 W WindowManager: 	at com.android.server.am.ActivityManagerService$AppDeathRecipient.binderDied(ActivityManagerService.java:1234)
06-04 17:06:52.110  1046  2050 W WindowManager: 	at android.os.BinderProxy.sendDeathNotice(Binder.java:553)
06-04 17:06:52.110  1046  2050 D ActivityManager: resumeTopActivityLocked: Going to sleep and all paused
06-04 17:06:52.178  1046  1983 I ActivityManager: Start proc com.lge.clock for broadcast com.lge.clock/.alarmclock.ALBootInit: pid=4661 uid=10018 gids={50018, 9997, 3003, 1028, 4002} abi=armeabi-v7a
06-04 17:06:52.286  1046  1962 I ActivityManager: Killing 4148:jp.gree.android.pf.greeapp1753/u0a97 (adj 15): empty #17
06-04 17:06:52.440  1046  2095 W libprocessgroup: failed to open /acct/uid_10097/pid_4148/cgroup.procs: No such file or directory
06-04 17:06:52.440  1046  2095 W WindowManager: Execute app transition: mNextAppTransition=0xffffffff
06-04 17:06:52.440  1046  2095 W WindowManager: java.lang.RuntimeException: here
06-04 17:06:52.440  1046  2095 W WindowManager: 	at com.android.server.wm.WindowManagerService.executeAppTransition(WindowManagerService.java:4314)
06-04 17:06:52.440  1046  2095 W WindowManager: 	at com.android.server.am.ActivityStack.resumeTopActivityInnerLocked(ActivityStack.java:1794)
06-04 17:06:52.440  1046  2095 W WindowManager: 	at com.android.server.am.ActivityStack.resumeTopActivityLocked(ActivityStack.java:1663)
06-04 17:06:52.440  1046  2095 W WindowManager: 	at com.android.server.am.ActivityStackEx.resumeTopActivityLocked(ActivityStackEx.java:40)
06-04 17:06:52.440  1046  2095 W WindowManager: 	at com.android.server.am.ActivityStackSupervisor.resumeTopActivitiesLocked(ActivityStackSupervisor.java:2650)
06-04 17:06:52.440  1046  2095 W WindowManager: 	at com.android.server.am.ActivityStackSupervisor.resumeTopActivitiesLocked(ActivityStackSupervisor.java:2639)
06-04 17:06:52.440  1046  2095 W WindowManager: 	at com.android.server.am.ActivityManagerService.handleAppDiedLocked(ActivityManagerService.java:5102)
06-04 17:06:52.440  1046  2095 W WindowManager: 	at com.android.server.am.ActivityManagerService.appDiedLocked(ActivityManagerService.java:5244)
06-04 17:06:52.440  1046  2095 W WindowManager: 	at com.android.server.am.ActivityManagerService$AppDeathRecipient.binderDied(ActivityManagerService.java:1234)
06-04 17:06:52.440  1046  2095 W WindowManager: 	at android.os.BinderProxy.sendDeathNotice(Binder.java:553)
06-04 17:06:52.440  1046  2095 D ActivityManager: resumeTopActivityLocked: Going to sleep and all paused
06-04 17:06:52.501  1046  2058 I ActivityManager: Start proc com.lge.appbox.client:SingleBinaryService for broadcast com.lge.appbox.client/com.lge.appbox.singlebinary.SimChangeReceiver: pid=4694 uid=10019 gids={50019, 9997, 3003, 1028, 1015, 2001} abi=armeabi-v7a
06-04 17:06:52.502  1046  2058 I ActivityManager: Killing 4229:com.lge.sizechangable.weather/u0a114 (adj 15): empty #17
06-04 17:06:52.540  1046  1063 W libprocessgroup: failed to open /acct/uid_10114/pid_4229/cgroup.procs: No such file or directory
06-04 17:06:52.541  1046  1063 W WindowManager: Execute app transition: mNextAppTransition=0xffffffff
06-04 17:06:52.541  1046  1063 W WindowManager: java.lang.RuntimeException: here
06-04 17:06:52.541  1046  1063 W WindowManager: 	at com.android.server.wm.WindowManagerService.executeAppTransition(WindowManagerService.java:4314)
06-04 17:06:52.541  1046  1063 W WindowManager: 	at com.android.server.am.ActivityStack.resumeTopActivityInnerLocked(ActivityStack.java:1794)
06-04 17:06:52.541  1046  1063 W WindowManager: 	at com.android.server.am.ActivityStack.resumeTopActivityLocked(ActivityStack.java:1663)
06-04 17:06:52.541  1046  1063 W WindowManager: 	at com.android.server.am.ActivityStackEx.resumeTopActivityLocked(ActivityStackEx.java:40)
06-04 17:06:52.541  1046  1063 W WindowManager: 	at com.android.server.am.ActivityStackSupervisor.resumeTopActivitiesLocked(ActivityStackSupervisor.java:2650)
06-04 17:06:52.541  1046  1063 W WindowManager: 	at com.android.server.am.ActivityStackSupervisor.resumeTopActivitiesLocked(ActivityStackSupervisor.java:2639)
06-04 17:06:52.541  1046  1063 W WindowManager: 	at com.android.server.am.ActivityManagerService.handleAppDiedLocked(ActivityManagerService.java:5102)
06-04 17:06:52.541  1046  1063 W WindowManager: 	at com.android.server.am.ActivityManagerService.appDiedLocked(ActivityManagerService.java:5244)
06-04 17:06:52.541  1046  1063 W WindowManager: 	at com.android.server.am.ActivityManagerService$AppDeathRecipient.binderDied(ActivityManagerService.java:1234)
06-04 17:06:52.541  1046  1063 W WindowManager: 	at android.os.BinderProxy.sendDeathNotice(Binder.java:553)
06-04 17:06:52.541  1046  1063 D ActivityManager: resumeTopActivityLocked: Going to sleep and all paused
06-04 17:06:52.593  1046  1799 I ActivityManager: Start proc com.lge.appbox.client for content provider com.lge.appbox.client/com.lge.appbox.databases.AppBoxContentProvider: pid=4712 uid=10019 gids={50019, 9997, 3003, 1028, 1015, 2001} abi=armeabi-v7a
06-04 17:06:52.730  1046  2095 I ActivityManager: Killing 4253:jibe.android.activity/u0a10 (adj 15): empty #17
06-04 17:06:52.745  2270  4600 W ActivityThread: ClassLoader.loadClass: The class loader returned by Thread.getContextClassLoader() may fail for processes that host multiple applications. You should explicitly specify a context class loader. For example: Thread.setContextClassLoader(getClass().getClassLoader());
06-04 17:06:52.823  1046  1062 W libprocessgroup: failed to open /acct/uid_10010/pid_4253/cgroup.procs: No such file or directory
06-04 17:06:52.826  1046  1062 W WindowManager: Execute app transition: mNextAppTransition=0xffffffff
06-04 17:06:52.826  1046  1062 W WindowManager: java.lang.RuntimeException: here
06-04 17:06:52.826  1046  1062 W WindowManager: 	at com.android.server.wm.WindowManagerService.executeAppTransition(WindowManagerService.java:4314)
06-04 17:06:52.826  1046  1062 W WindowManager: 	at com.android.server.am.ActivityStack.resumeTopActivityInnerLocked(ActivityStack.java:1794)
06-04 17:06:52.826  1046  1062 W WindowManager: 	at com.android.server.am.ActivityStack.resumeTopActivityLocked(ActivityStack.java:1663)
06-04 17:06:52.826  1046  1062 W WindowManager: 	at com.android.server.am.ActivityStackEx.resumeTopActivityLocked(ActivityStackEx.java:40)
06-04 17:06:52.826  1046  1062 W WindowManager: 	at com.android.server.am.ActivityStackSupervisor.resumeTopActivitiesLocked(ActivityStackSupervisor.java:2650)
06-04 17:06:52.826  1046  1062 W WindowManager: 	at com.android.server.am.ActivityStackSupervisor.resumeTopActivitiesLocked(ActivityStackSupervisor.java:2639)
06-04 17:06:52.826  1046  1062 W WindowManager: 	at com.android.server.am.ActivityManagerService.handleAppDiedLocked(ActivityManagerService.java:5102)
06-04 17:06:52.826  1046  1062 W WindowManager: 	at com.android.server.am.ActivityManagerService.appDiedLocked(ActivityManagerService.java:5244)
06-04 17:06:52.826  1046  1062 W WindowManager: 	at com.android.server.am.ActivityManagerService$AppDeathRecipient.binderDied(ActivityManagerService.java:1234)
06-04 17:06:52.826  1046  1062 W WindowManager: 	at android.os.BinderProxy.sendDeathNotice(Binder.java:553)
06-04 17:06:52.826  1046  1062 D ActivityManager: resumeTopActivityLocked: Going to sleep and all paused
06-04 17:06:52.935  1046  2036 I ActivityManager: Start proc com.android.calendar for broadcast com.android.calendar/.alerts.AlertReceiver: pid=4736 uid=10021 gids={50021, 9997, 3003, 1028, 1015} abi=armeabi-v7a
06-04 17:06:52.936  1046  2036 I ActivityManager: Killing 4298:com.qualcomm.timeservice/1000 (adj 15): empty #17
06-04 17:06:52.990  1046  1943 W libprocessgroup: failed to open /acct/uid_1000/pid_4298/cgroup.procs: No such file or directory
06-04 17:06:52.993  1046  1943 W WindowManager: Execute app transition: mNextAppTransition=0xffffffff
06-04 17:06:52.993  1046  1943 W WindowManager: java.lang.RuntimeException: here
06-04 17:06:52.993  1046  1943 W WindowManager: 	at com.android.server.wm.WindowManagerService.executeAppTransition(WindowManagerService.java:4314)
06-04 17:06:52.993  1046  1943 W WindowManager: 	at com.android.server.am.ActivityStack.resumeTopActivityInnerLocked(ActivityStack.java:1794)
06-04 17:06:52.993  1046  1943 W WindowManager: 	at com.android.server.am.ActivityStack.resumeTopActivityLocked(ActivityStack.java:1663)
06-04 17:06:52.993  1046  1943 W WindowManager: 	at com.android.server.am.ActivityStackEx.resumeTopActivityLocked(ActivityStackEx.java:40)
06-04 17:06:52.993  1046  1943 W WindowManager: 	at com.android.server.am.ActivityStackSupervisor.resumeTopActivitiesLocked(ActivityStackSupervisor.java:2650)
06-04 17:06:52.993  1046  1943 W WindowManager: 	at com.android.server.am.ActivityStackSupervisor.resumeTopActivitiesLocked(ActivityStackSupervisor.java:2639)
06-04 17:06:52.993  1046  1943 W WindowManager: 	at com.android.server.am.ActivityManagerService.handleAppDiedLocked(ActivityManagerService.java:5102)
06-04 17:06:52.993  1046  1943 W WindowManager: 	at com.android.server.am.ActivityManagerService.appDiedLocked(ActivityManagerService.java:5244)
06-04 17:06:52.993  1046  1943 W WindowManager: 	at com.android.server.am.ActivityManagerService$AppDeathRecipient.binderDied(ActivityManagerService.java:1234)
06-04 17:06:52.993  1046  1943 W WindowManager: 	at android.os.BinderProxy.sendDeathNotice(Binder.java:553)
06-04 17:06:52.993  1046  1943 D ActivityManager: resumeTopActivityLocked: Going to sleep and all paused
06-04 17:06:53.017  4736  4736 W ResourcesManager: Asset path '/system/framework/com.google.android.maps.jar' does not exist or contains no resources.
06-04 17:06:53.141  1046  2058 I AlarmManagerService: setImpl is called during Screen Off, nonWakeup Alarm will be saved
06-04 17:06:53.142  1046  2058 V AlarmManagerService: Adding alarm PendingIntent{2938af5a: PendingIntentRecord{c2c458b com.kddi.cs.app001 broadcastIntent}}, at 9, alarms: 18, type: 1
06-04 17:06:53.209  1046  1776 I ActivityManager: Start proc com.android.providers.calendar for broadcast com.android.providers.calendar/.CalendarReceiver: pid=4761 uid=10022 gids={50022, 9997, 3003, 1028, 1015} abi=armeabi-v7a
06-04 17:06:53.263  1046  1449 I ActivityManager: Start proc android.process.media for content provider com.android.providers.media/.MediaProvider: pid=4783 uid=10028 gids={50028, 9997, 2001, 3003, 1028, 1015, 3007, 4002, 1024, 1023} abi=armeabi-v7a
06-04 17:06:53.285  1046  1338 I AlarmManagerService: triggerAlarm is called, triggerList size : 1
06-04 17:06:53.297  4761  4761 W ResourcesManager: Asset path '/system/framework/android.test.runner.jar' does not exist or contains no resources.
06-04 17:06:53.525  1046  1419 I ActivityManager: Start proc com.lge.lgdmsclient for broadcast com.lge.lgdmsclient/.receiver.DmReceiver: pid=4818 uid=1000 gids={41000, 9997, 3003, 1028, 1015, 3002, 1023, 1004, 2002, 3001, 3008, 1007, 1026, 3005, 1009, 1027, 1003, 2510, 1014, 1010, 4002, 2001, 1000, 1002, 1021, 3004, 3009} abi=armeabi-v7a
06-04 17:06:53.615  4818  4818 W ContextImpl: Calling a method in the system process without a qualified user: android.app.ContextImpl.startService:1798 android.content.ContextWrapper.startService:515 android.content.ContextWrapper.startService:515 com.lge.lgdmsclient.service.DmNotiService.bootCompleted:575 com.lge.lgdmsclient.receiver.DmReceiver.onReceive:94 
06-04 17:06:53.655  4818  4818 W ContextImpl: Calling a method in the system process without a qualified user: android.app.ContextImpl.startService:1798 android.content.ContextWrapper.startService:515 com.lge.lgdmsclient.dmclient.controller.DmClientController.startService:405 com.lge.lgdmsclient.dmclient.controller.DmClientController.getInstance:346 com.lge.lgdmsclient.service.DmNotiService.actionSystemBootComplete:474 
06-04 17:06:53.722  1046  1062 I ActivityManager: Start proc com.lge.email for broadcast com.lge.email/.ui.widget.EmailWidgetProvider: pid=4849 uid=10030 gids={50030, 9997, 3003, 4002, 1023, 1028, 1015, 3001, 3002} abi=armeabi-v7a
06-04 17:06:53.760  1046  1449 I ActivityManager: Killing 4327:com.kddi.android.auclouduploader/u0a143 (adj 15): empty #17
06-04 17:06:53.770  4849  4849 W ResourcesManager: Asset path '/system/framework/com.google.android.maps.jar' does not exist or contains no resources.
06-04 17:06:53.770  4849  4849 W ResourcesManager: Asset path '/system/framework/com.lge.mdm.jar' does not exist or contains no resources.
06-04 17:06:53.770  4849  4849 W ResourcesManager: Asset path '/system/framework/lgsvcitems.jar' does not exist or contains no resources.
06-04 17:06:53.771  4849  4849 W ResourcesManager: Asset path '/system/framework/qcrilhook.jar' does not exist or contains no resources.
06-04 17:06:53.772  4849  4849 W ResourcesManager: Asset path '/system/framework/com.lge.zdi.splitwindow.jar' does not exist or contains no resources.
06-04 17:06:53.812  1046  1062 W libprocessgroup: failed to open /acct/uid_10143/pid_4327/cgroup.procs: No such file or directory
06-04 17:06:53.817  1046  1062 W WindowManager: Execute app transition: mNextAppTransition=0xffffffff
06-04 17:06:53.817  1046  1062 W WindowManager: java.lang.RuntimeException: here
06-04 17:06:53.817  1046  1062 W WindowManager: 	at com.android.server.wm.WindowManagerService.executeAppTransition(WindowManagerService.java:4314)
06-04 17:06:53.817  1046  1062 W WindowManager: 	at com.android.server.am.ActivityStack.resumeTopActivityInnerLocked(ActivityStack.java:1794)
06-04 17:06:53.817  1046  1062 W WindowManager: 	at com.android.server.am.ActivityStack.resumeTopActivityLocked(ActivityStack.java:1663)
06-04 17:06:53.817  1046  1062 W WindowManager: 	at com.android.server.am.ActivityStackEx.resumeTopActivityLocked(ActivityStackEx.java:40)
06-04 17:06:53.817  1046  1062 W WindowManager: 	at com.android.server.am.ActivityStackSupervisor.resumeTopActivitiesLocked(ActivityStackSupervisor.java:2650)
06-04 17:06:53.817  1046  1062 W WindowManager: 	at com.android.server.am.ActivityStackSupervisor.resumeTopActivitiesLocked(ActivityStackSupervisor.java:2639)
06-04 17:06:53.817  1046  1062 W WindowManager: 	at com.android.server.am.ActivityManagerService.handleAppDiedLocked(ActivityManagerService.java:5102)
06-04 17:06:53.817  1046  1062 W WindowManager: 	at com.android.server.am.ActivityManagerService.appDiedLocked(ActivityManagerService.java:5244)
06-04 17:06:53.817  1046  1062 W WindowManager: 	at com.android.server.am.ActivityManagerService$AppDeathRecipient.binderDied(ActivityManagerService.java:1234)
06-04 17:06:53.817  1046  1062 W WindowManager: 	at android.os.BinderProxy.sendDeathNotice(Binder.java:553)
06-04 17:06:53.817  1046  1062 D ActivityManager: resumeTopActivityLocked: Going to sleep and all paused
06-04 17:06:53.844  4818  4847 W ContextImpl: Calling a method in the system process without a qualified user: android.app.ContextImpl.stopService:1804 android.content.ContextWrapper.stopService:520 com.lge.lgdmsclient.dmclient.controller.DmClientController.stopService:413 com.lge.lgdmsclient.dmclient.controller.DmClientController.clearController:384 com.lge.lgdmsclient.dmclient.controller.DmClientController.access$200:68 
06-04 17:06:53.846  1046  1449 I ActivityManager: Killing 4354:com.lge.isaimotion/u0a73 (adj 15): empty #17
06-04 17:06:53.921  1046  1112 I ActivityManager: Waited long enough for: ServiceRecord{2a8d3b14 u0 com.kddi.android.au_wifi_connect/jp.co.netvision.WifiConnect.WifiConnectService}
06-04 17:06:53.921  1046  1983 W libprocessgroup: failed to open /acct/uid_10073/pid_4354/cgroup.procs: No such file or directory
06-04 17:06:53.922  1046  1983 W WindowManager: Execute app transition: mNextAppTransition=0xffffffff
06-04 17:06:53.922  1046  1983 W WindowManager: java.lang.RuntimeException: here
06-04 17:06:53.922  1046  1983 W WindowManager: 	at com.android.server.wm.WindowManagerService.executeAppTransition(WindowManagerService.java:4314)
06-04 17:06:53.922  1046  1983 W WindowManager: 	at com.android.server.am.ActivityStack.resumeTopActivityInnerLocked(ActivityStack.java:1794)
06-04 17:06:53.922  1046  1983 W WindowManager: 	at com.android.server.am.ActivityStack.resumeTopActivityLocked(ActivityStack.java:1663)
06-04 17:06:53.922  1046  1983 W WindowManager: 	at com.android.server.am.ActivityStackEx.resumeTopActivityLocked(ActivityStackEx.java:40)
06-04 17:06:53.922  1046  1983 W WindowManager: 	at com.android.server.am.ActivityStackSupervisor.resumeTopActivitiesLocked(ActivityStackSupervisor.java:2650)
06-04 17:06:53.922  1046  1983 W WindowManager: 	at com.android.server.am.ActivityStackSupervisor.resumeTopActivitiesLocked(ActivityStackSupervisor.java:2639)
06-04 17:06:53.922  1046  1983 W WindowManager: 	at com.android.server.am.ActivityManagerService.handleAppDiedLocked(ActivityManagerService.java:5102)
06-04 17:06:53.922  1046  1983 W WindowManager: 	at com.android.server.am.ActivityManagerService.appDiedLocked(ActivityManagerService.java:5244)
06-04 17:06:53.922  1046  1983 W WindowManager: 	at com.android.server.am.ActivityManagerService$AppDeathRecipient.binderDied(ActivityManagerService.java:1234)
06-04 17:06:53.922  1046  1983 W WindowManager: 	at android.os.BinderProxy.sendDeathNotice(Binder.java:553)
06-04 17:06:53.922  1046  1983 D ActivityManager: resumeTopActivityLocked: Going to sleep and all paused
06-04 17:06:54.113  1046  1449 I ActivityManager: Start proc com.lge.formmanager for broadcast com.lge.formmanager/.FormServiceReceiver: pid=4877 uid=10033 gids={50033, 9997, 3003, 1028} abi=armeabi-v7a
06-04 17:06:54.114  1046  1449 I ActivityManager: Killing 4374:com.kddi.cs.app001/u0a144 (adj 15): empty #17
06-04 17:06:54.212  1046  1983 W libprocessgroup: failed to open /acct/uid_10144/pid_4374/cgroup.procs: No such file or directory
06-04 17:06:54.214  1046  1983 W WindowManager: Execute app transition: mNextAppTransition=0xffffffff
06-04 17:06:54.214  1046  1983 W WindowManager: java.lang.RuntimeException: here
06-04 17:06:54.214  1046  1983 W WindowManager: 	at com.android.server.wm.WindowManagerService.executeAppTransition(WindowManagerService.java:4314)
06-04 17:06:54.214  1046  1983 W WindowManager: 	at com.android.server.am.ActivityStack.resumeTopActivityInnerLocked(ActivityStack.java:1794)
06-04 17:06:54.214  1046  1983 W WindowManager: 	at com.android.server.am.ActivityStack.resumeTopActivityLocked(ActivityStack.java:1663)
06-04 17:06:54.214  1046  1983 W WindowManager: 	at com.android.server.am.ActivityStackEx.resumeTopActivityLocked(ActivityStackEx.java:40)
06-04 17:06:54.214  1046  1983 W WindowManager: 	at com.android.server.am.ActivityStackSupervisor.resumeTopActivitiesLocked(ActivityStackSupervisor.java:2650)
06-04 17:06:54.214  1046  1983 W WindowManager: 	at com.android.server.am.ActivityStackSupervisor.resumeTopActivitiesLocked(ActivityStackSupervisor.java:2639)
06-04 17:06:54.214  1046  1983 W WindowManager: 	at com.android.server.am.ActivityManagerService.handleAppDiedLocked(ActivityManagerService.java:5102)
06-04 17:06:54.214  1046  1983 W WindowManager: 	at com.android.server.am.ActivityManagerService.appDiedLocked(ActivityManagerService.java:5244)
